8 rnbqkbnr
7 pppppppp
6  _ _ _ _
5 _ _ _ _ 
4  _ P _ _
3 _ _ _ _ 
2 PPP_PPPP
1 RNBQKBNR

  abcdefgh
8 rnbqkb r
7 pppppppp
6  _ _ n _
5 _ _ _ _ 
4  _ P _ _
3 _ _ _ _ 
2 PPP_PPPP
1 RNBQKBNR

  abcdefgh
8 rnbqkb r
7 pppppppp
6  _ _ n _
5 _ _ _ _ 
4  _PP _ _
3 _ _ _ _ 
2 PP _PPPP
1 RNBQKBNR

  abcdefgh
8 rnbqkb r
7 pppp_ppp
6  _ _pn _
5 _ _ _ _ 
4  _PP _ _
3 _ _ _ _ 
2 PP _PPPP
1 RNBQKBNR

  abcdefgh
8 rnbqkb r
7 pppp_ppp
6  _ _pn _
5 _ _ _ _ 
4  _PP _ _
3 _ _ P _ 
2 PP _ PPP
1 RNBQKBNR

  abcdefgh
8 rnbqkb r
7 ppp _ppp
6  _ _pn _
5 _ _p_ _ 
4  _PP _ _
3 _ _ P _ 
2 PP _ PPP
1 RNBQKBNR

  abcdefgh
8 rnbqkb r
7 ppp _ppp
6  _ _pn _
5 _ _p_ _ 
4  _PP _ _
3 _ _ PN_ 
2 PP _ PPP
1 RNBQKB_R

  abcdefgh
8 rnbqk_ r
7 ppp bppp
6  _ _pn _
5 _ _p_ _ 
4  _PP _ _
3 _ _ PN_ 
2 PP _ PPP
1 RNBQKB_R

  abcdefgh
8 rnbqk_ r
7 ppp bppp
6  _ _pn _
5 _ _p_ _ 
4  _PP _ _
3 _ _ PN_ 
2 PPQ_ PPP
1 RNB KB_R

  abcdefgh
was here
8 rnbq rk_
7 ppp bppp
6  _ _pn _
5 _ _p_ _ 
4  _PP _ _
3 _ _ PN_ 
2 PPQ_ PPP
1 RNB KB_R

  abcdefgh
8 rnbq rk_
7 ppp bppp
6  _ _pn _
5 _ _p_ _ 
4  _PP _ _
3 _ _ PN_ 
2 PPQ_BPPP
1 RNB K _R

  abcdefgh
8 rnbq rk_
7 pp_ bppp
6  _ _pn _
5 _ pp_ _ 
4  _PP _ _
3 _ _ PN_ 
2 PPQ_BPPP
1 RNB K _R

  abcdefgh
8 rnbq rk_
7 pp_ bppp
6  _ _pn _
5 _ pP_ _ 
4  _ P _ _
3 _ _ PN_ 
2 PPQ_BPPP
1 RNB K _R

  abcdefgh
8 rnbq rk_
7 pp_ bppp
6  _ _ n _
5 _ pp_ _ 
4  _ P _ _
3 _ _ PN_ 
2 PPQ_BPPP
1 RNB K _R

  abcdefgh
8 rnbq rk_
7 pp_ bppp
6  _ _ n _
5 _ Pp_ _ 
4  _ _ _ _
3 _ _ PN_ 
2 PPQ_BPPP
1 RNB K _R

  abcdefgh
8 r_bq rk_
7 pp_ bppp
6 n_ _ n _
5 _ Pp_ _ 
4  _ _ _ _
3 _ _ PN_ 
2 PPQ_BPPP
1 RNB K _R

  abcdefgh
8 r_bq rk_
7 pp_ bppp
6 B_ _ n _
5 _ Pp_ _ 
4  _ _ _ _
3 _ _ PN_ 
2 PPQ_ PPP
1 RNB K _R

  abcdefgh
8 r_b_ rk_
7 pp_ bppp
6 B_ _ n _
5 q Pp_ _ 
4  _ _ _ _
3 _ _ PN_ 
2 PPQ_ PPP
1 RNB K _R

  abcdefgh
8 r_b_ rk_
7 pp_ bppp
6 B_ _ n _
5 q Pp_ _ 
4  P _ _ _
3 _ _ PN_ 
2 P_Q_ PPP
1 RNB K _R

  abcdefgh
8 r_b_ rk_
7 pp_ bppp
6 q_ _ n _
5 _ Pp_ _ 
4  P _ _ _
3 _ _ PN_ 
2 P_Q_ PPP
1 RNB K _R

  abcdefgh
8 r_b_ rk_
7 pp_ bppp
6 q_ _ n _
5 _ Pp_ _ 
4  P _ _ _
3 P _ PN_ 
2  _Q_ PPP
1 RNB K _R

  abcdefgh
8 r_ _ rk_
7 pp_bbppp
6 q_ _ n _
5 _ Pp_ _ 
4  P _ _ _
3 P _ PN_ 
2  _Q_ PPP
1 RNB K _R

  abcdefgh
8 r_ _ rk_
7 pp_bbppp
6 q_ _ n _
5 _ Pp_ _ 
4  P _ _ _
3 P N PN_ 
2  _Q_ PPP
1 R B K _R

  abcdefgh
8 r_ _ rk_
7 p _bbppp
6 qp _ n _
5 _ Pp_ _ 
4  P _ _ _
3 P N PN_ 
2  _Q_ PPP
1 R B K _R

  abcdefgh
8 r_ _ rk_
7 p _bbppp
6 qp _ n _
5 _ PpN _ 
4  P _ _ _
3 P N P _ 
2  _Q_ PPP
1 R B K _R

  abcdefgh
8 r_ _ rk_
7 pq_bbppp
6  p _ n _
5 _ PpN _ 
4  P _ _ _
3 P N P _ 
2  _Q_ PPP
1 R B K _R

  abcdefgh
8 r_ _ rk_
7 pq_Nbppp
6  p _ n _
5 _ Pp_ _ 
4  P _ _ _
3 P N P _ 
2  _Q_ PPP
1 R B K _R

  abcdefgh
8 r_ _ rk_
7 pq_nbppp
6  p _ _ _
5 _ Pp_ _ 
4  P _ _ _
3 P N P _ 
2  _Q_ PPP
1 R B K _R

  abcdefgh
was here
8 r_ _ rk_
7 pq_nbppp
6  p _ _ _
5 _ Pp_ _ 
4  P _ _ _
3 P N P _ 
2  _Q_ PPP
1 R B _RK 

  abcdefgh
8 r_ _ rk_
7 pq_nbppp
6  _ _ _ _
5 _ pp_ _ 
4  P _ _ _
3 P N P _ 
2  _Q_ PPP
1 R B _RK 

  abcdefgh
8 r_ _ rk_
7 pq_nbppp
6  _ _ _ _
5 _ Pp_ _ 
4  _ _ _ _
3 P N P _ 
2  _Q_ PPP
1 R B _RK 

  abcdefgh
8  _r_ rk_
7 pq_nbppp
6  _ _ _ _
5 _ Pp_ _ 
4  _ _ _ _
3 P N P _ 
2  _Q_ PPP
1 R B _RK 

  abcdefgh
8  _r_ rk_
7 pq_nbppp
6  _ _ _ _
5 _ Pp_ _ 
4  _ _ _ _
3 P N P _ 
2  _Q_ PPP
1 _RB _RK 

  abcdefgh
8 q_r_ rk_
7 p _nbppp
6  _ _ _ _
5 _ Pp_ _ 
4  _ _ _ _
3 P N P _ 
2  _Q_ PPP
1 _RB _RK 

  abcdefgh
8 q_r_ rk_
7 p _nbppp
6  _ _ _ _
5 _ Pp_Q_ 
4  _ _ _ _
3 P N P _ 
2  _ _ PPP
1 _RB _RK 

  abcdefgh
8 q_r_ rk_
7 p _ bppp
6  _ _ n _
5 _ Pp_Q_ 
4  _ _ _ _
3 P N P _ 
2  _ _ PPP
1 _RB _RK 

  abcdefgh
8 q_r_ rk_
7 p _ bppp
6  _ _ n _
5 _ Pp_ _ 
4  _ _ _ _
3 P NQP _ 
2  _ _ PPP
1 _RB _RK 

  abcdefgh
8 q_ _ rk_
7 p _ bppp
6  _ _ n _
5 _ rp_ _ 
4  _ _ _ _
3 P NQP _ 
2  _ _ PPP
1 _RB _RK 

  abcdefgh
8 q_ _ rk_
7 p _ bppp
6  _ _ n _
5 _ rp_ _ 
4  _ _ _ _
3 P NQP _ 
2  B _ PPP
1 _R_ _RK 

  abcdefgh
8 qr _ _k_
7 p _ bppp
6  _ _ n _
5 _ rp_ _ 
4  _ _ _ _
3 P NQP _ 
2  B _ PPP
1 _R_ _RK 

  abcdefgh
8 qr _ _k_
7 p _ bppp
6  _ _ n _
5 _ rp_ _ 
4  _ _ _ _
3 P _QP _ 
2  B _NPPP
1 _R_ _RK 

  abcdefgh
8 qr _ _k_
7 p _ bppp
6  _ _ _ _
5 _ rp_ _ 
4  _ _n_ _
3 P _QP _ 
2  B _NPPP
1 _R_ _RK 

  abcdefgh
8 qr _ _k_
7 p _ bppp
6  _ _ _ _
5 _ rp_ _ 
4  _ _n_ _
3 P _QPP_ 
2  B _N_PP
1 _R_ _RK 

  abcdefgh
8 qr _ _k_
7 p _ bppp
6  _ _ _ _
5 _r_p_ _ 
4  _ _n_ _
3 P _QPP_ 
2  B _N_PP
1 _R_ _RK 

  abcdefgh
8 qr _ _k_
7 p _ bppp
6  _ _ _ _
5 _r_p_ _ 
4  _ _P_ _
3 P _QP _ 
2  B _N_PP
1 _R_ _RK 

  abcdefgh
8 qr _ _k_
7 p _ bppp
6  _ _ _ _
5 _ _p_ _ 
4  _ _P_ _
3 P _QP _ 
2  r _N_PP
1 _R_ _RK 

  abcdefgh
8 qr _ _k_
7 p _ bppp
6  _ _ _ _
5 _ _p_ _ 
4  _ _P_ _
3 P _QP _ 
2  R _N_PP
1 _ _ _RK 

  abcdefgh
8 q_ _ _k_
7 p _ bppp
6  _ _ _ _
5 _ _p_ _ 
4  _ _P_ _
3 P _QP _ 
2  r _N_PP
1 _ _ _RK 

  abcdefgh
8 q_ _ _k_
7 p _ bppp
6  _ _ _ _
5 _ _P_ _ 
4  _ _ _ _
3 P _QP _ 
2  r _N_PP
1 _ _ _RK 

  abcdefgh
8 q_ _ _k_
7 p _ bp_p
6  _ _ _p_
5 _ _P_ _ 
4  _ _ _ _
3 P _QP _ 
2  r _N_PP
1 _ _ _RK 

  abcdefgh
8 q_ _ _k_
7 p _ bp_p
6  _ _ _p_
5 _ _P_ _ 
4  _ _P_ _
3 P _Q_ _ 
2  r _N_PP
1 _ _ _RK 

  abcdefgh
8  _ _q_k_
7 p _ bp_p
6  _ _ _p_
5 _ _P_ _ 
4  _ _P_ _
3 P _Q_ _ 
2  r _N_PP
1 _ _ _RK 

  abcdefgh
8  _ _q_k_
7 p _ bp_p
6  _ _ _p_
5 _ _P_ _ 
4  _ NP_ _
3 P _Q_ _ 
2  r _ _PP
1 _ _ _RK 

  abcdefgh
8  _ _q_k_
7 p _ _p_p
6  _ _ _p_
5 _ bP_ _ 
4  _ NP_ _
3 P _Q_ _ 
2  r _ _PP
1 _ _ _RK 

  abcdefgh
8  _ _q_k_
7 p _ _p_p
6  _ _ _p_
5 _ bP_ _ 
4  _ NP_ _
3 P _Q_ _ 
2  r _ _PP
1 _ _ _R_K

  abcdefgh
8  _ _ _k_
7 p _ _p_p
6  _ _ _p_
5 _ bP_ _ 
4 q_ NP_ _
3 P _Q_ _ 
2  r _ _PP
1 _ _ _R_K

  abcdefgh
8  _ _ _k_
7 p _ _p_p
6  _N_ _p_
5 _ bP_ _ 
4 q_ _P_ _
3 P _Q_ _ 
2  r _ _PP
1 _ _ _R_K

  abcdefgh
8  _ _ _k_
7 p _ _p_p
6  _N_ _p_
5 _ bP_ _ 
4 q_ _P_ _
3 P _Q_ _ 
2  _ _ rPP
1 _ _ _R_K

  abcdefgh
8  _ _ _k_
7 p _ _p_p
6  _N_ _p_
5 _ bP_ _ 
4 q_ _P_ _
3 P _Q_ _ 
2  _ _ rPP
1 _R_ _ _K

  abcdefgh
8  _ _ _k_
7 p _ _ _p
6  _N_ pp_
5 _ bP_ _ 
4 q_ _P_ _
3 P _Q_ _ 
2  _ _ rPP
1 _R_ _ _K

  abcdefgh
8  _ _ _k_
7 p _ _ _p
6  _N_ pp_
5 _ bP_ _ 
4 q_ _P_ _
3 P _Q_ _P
2  _ _ rP_
1 _R_ _ _K

  abcdefgh
8  _ _ _k_
7 p _ _ _p
6  _N_ pp_
5 _ bP_ _ 
4  _ _P_ _
3 q _Q_ _P
2  _ _ rP_
1 _R_ _ _K

  abcdefgh
8  _ _ _k_
7 p _ _ _p
6  _N_ pp_
5 _ bP_ _ 
4  _ _P_ _
3 Q _ _ _P
2  _ _ rP_
1 _R_ _ _K

  abcdefgh
8  _ _ _k_
7 p _ _ _p
6  _N_ pp_
5 _ _P_ _ 
4  _ _P_ _
3 b _ _ _P
2  _ _ rP_
1 _R_ _ _K

  abcdefgh
8  _ _ _k_
7 N _ _ _p
6  _ _ pp_
5 _ _P_ _ 
4  _ _P_ _
3 b _ _ _P
2  _ _ rP_
1 _R_ _ _K

  abcdefgh
8  _ _ _k_
7 N _ _ _p
6  _ b pp_
5 _ _P_ _ 
4  _ _P_ _
3 _ _ _ _P
2  _ _ rP_
1 _R_ _ _K

  abcdefgh
8  _N_ _k_
7 _ _ _ _p
6  _ b pp_
5 _ _P_ _ 
4  _ _P_ _
3 _ _ _ _P
2  _ _ rP_
1 _R_ _ _K

  abcdefgh
8  _N_ _k_
7 _ _ _ _p
6  _ _ pp_
5 _ _P_ _ 
4  _ _Pb _
3 _ _ _ _P
2  _ _ rP_
1 _R_ _ _K

  abcdefgh
8  _N_ _k_
7 _ _ _ _p
6  _ _ pp_
5 _ _P_ _ 
4  _ _Pb _
3 _ _ _ _P
2  _ _ rP_
1 _ _R_ _K

  abcdefgh
8  _N_ k _
7 _ _ _ _p
6  _ _ pp_
5 _ _P_ _ 
4  _ _Pb _
3 _ _ _ _P
2  _ _ rP_
1 _ _R_ _K

  abcdefgh
8  _N_ k _
7 _ _ _ _p
6  _ P pp_
5 _ _ _ _ 
4  _ _Pb _
3 _ _ _ _P
2  _ _ rP_
1 _ _R_ _K

  abcdefgh
8  _N_k_ _
7 _ _ _ _p
6  _ P pp_
5 _ _ _ _ 
4  _ _Pb _
3 _ _ _ _P
2  _ _ rP_
1 _ _R_ _K

  abcdefgh
8  _ _k_ _
7 _ _ _ _p
6  N P pp_
5 _ _ _ _ 
4  _ _Pb _
3 _ _ _ _P
2  _ _ rP_
1 _ _R_ _K

  abcdefgh
8  _ k _ _
7 _ _ _ _p
6  N P pp_
5 _ _ _ _ 
4  _ _Pb _
3 _ _ _ _P
2  _ _ rP_
1 _ _R_ _K

  abcdefgh
8  _ k _ _
7 _ _ _ _p
6  _ P pp_
5 _ _N_ _ 
4  _ _Pb _
3 _ _ _ _P
2  _ _ rP_
1 _ _R_ _K

  abcdefgh
8  _ k _ _
7 _ _ _ _p
6  _ P pp_
5 _ _Nb _ 
4  _ _P_ _
3 _ _ _ _P
2  _ _ rP_
1 _ _R_ _K

  abcdefgh
8  _ k _ _
7 _ _ _ _p
6  _ P pp_
5 _ _Nb _ 
4  _ _P_ _
3 _ _ _ _P
2  _ _ rP_
1 _ _R_ K 

  abcdefgh
8  _ k _ _
7 _ _ _ _p
6  _ P pp_
5 _ _Nb _ 
4  _ _P_ _
3 _ _ _ _P
2 r_ _ _P_
1 _ _R_ K 

  abcdefgh
8  _ k _ _
7 _ _ _ _p
6  _ P pp_
5 _ _ b _ 
4  N _P_ _
3 _ _ _ _P
2 r_ _ _P_
1 _ _R_ K 

  abcdefgh
8  _ k _ _
7 _ _ _ _p
6  _ P pp_
5 _ _ b _ 
4 rN _P_ _
3 _ _ _ _P
2  _ _ _P_
1 _ _R_ K 

  abcdefgh
8  _ k _ _
7 _ _ _ _p
6  _NP pp_
5 _ _ b _ 
4 r_ _P_ _
3 _ _ _ _P
2  _ _ _P_
1 _ _R_ K 

  abcdefgh
8  _ _ _ _
7 _ _k_ _p
6  _NP pp_
5 _ _ b _ 
4 r_ _P_ _
3 _ _ _ _P
2  _ _ _P_
1 _ _R_ K 

  abcdefgh
8  N _ _ _
7 _ _k_ _p
6  _ P pp_
5 _ _ b _ 
4 r_ _P_ _
3 _ _ _ _P
2  _ _ _P_
1 _ _R_ K 

  abcdefgh
8  N k _ _
7 _ _ _ _p
6  _ P pp_
5 _ _ b _ 
4 r_ _P_ _
3 _ _ _ _P
2  _ _ _P_
1 _ _R_ K 

  abcdefgh
8  _ k _ _
7 _ _ _ _p
6  _NP pp_
5 _ _ b _ 
4 r_ _P_ _
3 _ _ _ _P
2  _ _ _P_
1 _ _R_ K 

  abcdefgh
8  _ _ _ _
7 _ _k_ _p
6  _NP pp_
5 _ _ b _ 
4 r_ _P_ _
3 _ _ _ _P
2  _ _ _P_
1 _ _R_ K 

  abcdefgh
8  _ _ _ _
7 _ _k_ _p
6  _ P pp_
5 _ _ N _ 
4 r_ _P_ _
3 _ _ _ _P
2  _ _ _P_
1 _ _R_ K 

  abcdefgh
8  _ _ _ _
7 _ _k_ _p
6  _ P _p_
5 _ _ p _ 
4 r_ _P_ _
3 _ _ _ _P
2  _ _ _P_
1 _ _R_ K 

  abcdefgh
8  _ _ _ _
7 _ _k_ _p
6  _ P _p_
5 _ _Rp _ 
4 r_ _P_ _
3 _ _ _ _P
2  _ _ _P_
1 _ _ _ K 

  abcdefgh
8  _ _ _ _
7 _ _k_ _p
6  _ P _p_
5 _ _Rp _ 
4  _ _r_ _
3 _ _ _ _P
2  _ _ _P_
1 _ _ _ K 

  abcdefgh
8  _ _ _ _
7 _ _k_ _p
6  _ P _p_
5 _ _Rp _ 
4  _ _r_ _
3 _ _ _ _P
2  _ _ KP_
1 _ _ _ _ 

  abcdefgh
8  _ _ _ _
7 _ _k_ _p
6  _ P _p_
5 _ _Rp _ 
4  _ _ r _
3 _ _ _ _P
2  _ _ KP_
1 _ _ _ _ 

  abcdefgh
8  _ _ _ _
7 _ _k_ _p
6  _ P _p_
5 _ _Rp _ 
4  _ _ r _
3 _ _ K _P
2  _ _ _P_
1 _ _ _ _ 

  abcdefgh
8  _ _ r _
7 _ _k_ _p
6  _ P _p_
5 _ _Rp _ 
4  _ _ _ _
3 _ _ K _P
2  _ _ _P_
1 _ _ _ _ 

  abcdefgh
8  _ _ r _
7 _ _k_ _p
6  _ P _p_
5 _ _ R _ 
4  _ _ _ _
3 _ _ K _P
2  _ _ _P_
1 _ _ _ _ 

  abcdefgh
8  _ _ r _
7 _ _ _ _p
6  _ k _p_
5 _ _ R _ 
4  _ _ _ _
3 _ _ K _P
2  _ _ _P_
1 _ _ _ _ 

  abcdefgh
8  _ _ r _
7 _ _ _ _p
6  _ k _p_
5 _ _ _ _ 
4  _ _R_ _
3 _ _ K _P
2  _ _ _P_
1 _ _ _ _ 

  abcdefgh
8  _ _ _ _
7 _ _ _r_p
6  _ k _p_
5 _ _ _ _ 
4  _ _R_ _
3 _ _ K _P
2  _ _ _P_
1 _ _ _ _ 

  abcdefgh
8  _ _ _ _
7 _ _ _r_p
6  _ k _p_
5 _ _ _ _ 
4  _ _ R _
3 _ _ K _P
2  _ _ _P_
1 _ _ _ _ 

  abcdefgh
8  _ _ _ _
7 r _ _ _p
6  _ k _p_
5 _ _ _ _ 
4  _ _ R _
3 _ _ K _P
2  _ _ _P_
1 _ _ _ _ 

  abcdefgh
8  _ _ _ _
7 r _ _ _p
6  _ k _p_
5 _ _ _ _ 
4  _ _ R _
3 _ _ _K_P
2  _ _ _P_
1 _ _ _ _ 

  abcdefgh
8  _ _ _ _
7 r _ _ _p
6  _ _ _p_
5 _ _ k _ 
4  _ _ R _
3 _ _ _K_P
2  _ _ _P_
1 _ _ _ _ 

  abcdefgh
8  _ _ R _
7 r _ _ _p
6  _ _ _p_
5 _ _ k _ 
4  _ _ _ _
3 _ _ _K_P
2  _ _ _P_
1 _ _ _ _ 

  abcdefgh
8  _ _ R _
7 _ _ _ _p
6  _ _ _p_
5 _ _ k _ 
4 r_ _ _ _
3 _ _ _K_P
2  _ _ _P_
1 _ _ _ _ 

  abcdefgh
8  _ _ R _
7 _ _ _ _p
6  _ _ _p_
5 _ _ k _ 
4 r_ _ _ _
3 _ _ _KPP
2  _ _ _ _
1 _ _ _ _ 

  abcdefgh
8  _ _ R _
7 _ _ _ _p
6  _ _ _p_
5 _ _ k _ 
4  _ r _ _
3 _ _ _KPP
2  _ _ _ _
1 _ _ _ _ 

  abcdefgh
8  _ _ R _
7 _ _ _ _p
6  _ _ _p_
5 _ _ k _ 
4  _ r _ P
3 _ _ _KP 
2  _ _ _ _
1 _ _ _ _ 

  abcdefgh
8  _ _ R _
7 _ _ _ _ 
6  _ _ _p_
5 _ _ k _p
4  _ r _ P
3 _ _ _KP 
2  _ _ _ _
1 _ _ _ _ 

  abcdefgh
8  _ _ R _
7 _ _ _ _ 
6  _ _ _p_
5 _ _ k _p
4  _ r _ P
3 _ _ _ P 
2  _ _ K _
1 _ _ _ _ 

  abcdefgh
8  _ _ R _
7 _ _ _ _ 
6  _ _ _p_
5 _ _ k _p
4  _ _ _ P
3 _ _ _ P 
2  _ _ K _
1 _ _r_ _ 

  abcdefgh
8  _ _ _ _
7 _ _ _ _ 
6  _ _ _p_
5 _ _ k _p
4  _ _ _ P
3 _ _ _RP 
2  _ _ K _
1 _ _r_ _ 

  abcdefgh
8  _ _ _ _
7 _ _ _ _ 
6  _ _k_p_
5 _ _ _ _p
4  _ _ _ P
3 _ _ _RP 
2  _ _ K _
1 _ _r_ _ 

  abcdefgh
8  _ _ _ _
7 _ _ _ _ 
6  _ _k_p_
5 _ _ _ _p
4  _ _ _ P
3 _ _ _RP 
2  _ _ _K_
1 _ _r_ _ 

  abcdefgh
8  _ _ _ _
7 _ _ _ _ 
6  _ _k_p_
5 _ _ _ _p
4  _ _ _ P
3 _ _ _RP 
2  _ r _K_
1 _ _ _ _ 

  abcdefgh
8  _ _ _ _
7 _ _ _ _ 
6  _ _k_p_
5 _ _ _ _p
4  _ _ _ P
3 _ _ _RPK
2  _ r _ _
1 _ _ _ _ 

  abcdefgh
8  _ _ _ _
7 _ _ _ _ 
6  _ _k_p_
5 _ _ _ _p
4  _ _ _ P
3 _ _ _RPK
2  _ _r_ _
1 _ _ _ _ 

  abcdefgh
8  _ _ _ _
7 _ _ _ _ 
6  _ _k_p_
5 _ _ _ _p
4  _ _ _PP
3 _ _ _R_K
2  _ _r_ _
1 _ _ _ _ 

  abcdefgh
8  _ _ _ _
7 _ _ _ _ 
6  _ _k_p_
5 _ _ _ _ 
4  _ _ _pP
3 _ _ _R_K
2  _ _r_ _
1 _ _ _ _ 

  abcdefgh
8  _ _ _ _
7 _ _ _ _ 
6  _ _k_p_
5 _ _ _ _ 
4  _ _ _KP
3 _ _ _R_ 
2  _ _r_ _
1 _ _ _ _ 

  abcdefgh
8  _ _ _ _
7 _ _ _ _ 
6  _ _k_p_
5 _ _ r _ 
4  _ _ _KP
3 _ _ _R_ 
2  _ _ _ _
1 _ _ _ _ 

  abcdefgh
8  _ _ _ _
7 _ _ _ _ 
6  _ _k_p_
5 _ _ r _P
4  _ _ _K_
3 _ _ _R_ 
2  _ _ _ _
1 _ _ _ _ 

  abcdefgh
8  _ _ _ _
7 _ _ _ _ 
6  _ _k_p_
5 _ _ _ _r
4  _ _ _K_
3 _ _ _R_ 
2  _ _ _ _
1 _ _ _ _ 

  abcdefgh
8  _ _ _ _
7 _ _ _ _ 
6  _ _k_p_
5 _ _ _ _r
4  _ _ RK_
3 _ _ _ _ 
2  _ _ _ _
1 _ _ _ _ 

  abcdefgh
8  _ _ _ _
7 _ _ _ _ 
6  _ _k_p_
5 _ _ _ _ 
4  _ _ RK_
3 _ _ _ _ 
2  _ _ _ _
1 _ _ _ _r

  abcdefgh
8  _ _ _ _
7 _ _ _ _ 
6  _ _k_p_
5 _ _ _ _ 
4 R_ _ _K_
3 _ _ _ _ 
2  _ _ _ _
1 _ _ _ _r

  abcdefgh
8  _ _ _ _
7 _ _ _ _ 
6  _ _k_p_
5 _ _ _ _ 
4 R_ _ _K_
3 _ _ _ _ 
2  _ _ _ _
1 _ _ _ r 

  abcdefgh
8  _ _ _ _
7 _ _ _ _ 
6  _ _k_p_
5 _ _ _ _ 
4 R_ _ _ _
3 _ _ _K_ 
2  _ _ _ _
1 _ _ _ r 

  abcdefgh
8  _ _ _ _
7 _ _ _ _ 
6  _ _k_p_
5 _ _ _ r 
4 R_ _ _ _
3 _ _ _K_ 
2  _ _ _ _
1 _ _ _ _ 

  abcdefgh
8  _ _ _ _
7 _ _ _ _ 
6  _ _k_p_
5 _ _ _ r 
4  _ _ _ _
3 _ _ _K_ 
2  _ _ _ _
1 R _ _ _ 

  abcdefgh
8  _ _ _ _
7 _ _ _ _ 
6  _ _k_p_
5 _ _ _r_ 
4  _ _ _ _
3 _ _ _K_ 
2  _ _ _ _
1 R _ _ _ 

  abcdefgh
8  _ _ _ _
7 _ _ _ _ 
6  _ _k_p_
5 _ _ _r_ 
4  _ _ _K_
3 _ _ _ _ 
2  _ _ _ _
1 R _ _ _ 

  abcdefgh
8  _ _ _ _
7 _ _ _k_ 
6  _ _ _p_
5 _ _ _r_ 
4  _ _ _K_
3 _ _ _ _ 
2  _ _ _ _
1 R _ _ _ 

  abcdefgh
8  _ _ _ _
7 R _ _k_ 
6  _ _ _p_
5 _ _ _r_ 
4  _ _ _K_
3 _ _ _ _ 
2  _ _ _ _
1 _ _ _ _ 

  abcdefgh
8  _ _ k _
7 R _ _ _ 
6  _ _ _p_
5 _ _ _r_ 
4  _ _ _K_
3 _ _ _ _ 
2  _ _ _ _
1 _ _ _ _ 

  abcdefgh
8  _ _ k _
7 R _ _ _ 
6  _ _ _p_
5 _ _ _r_ 
4  _ _ _ _
3 _ _ _ K 
2  _ _ _ _
1 _ _ _ _ 

  abcdefgh
8  _ _ k _
7 R _ _ _ 
6  _ _ _p_
5 _ _ _ r 
4  _ _ _ _
3 _ _ _ K 
2  _ _ _ _
1 _ _ _ _ 

  abcdefgh
8  _ _ k _
7 R _ _ _ 
6  _ _ _p_
5 _ _ _ r 
4  _ _ _ K
3 _ _ _ _ 
2  _ _ _ _
1 _ _ _ _ 

  abcdefgh
8  _ _ k _
7 R _ _ _ 
6  _ _ _p_
5 _ _ _r_ 
4  _ _ _ K
3 _ _ _ _ 
2  _ _ _ _
1 _ _ _ _ 

  abcdefgh
8  _ _ k _
7 _ _ _ _ 
6  _ _ _p_
5 _ _ _r_ 
4  _ _ _ K
3 _ _ _ _ 
2  _ _ _ _
1 R _ _ _ 

  abcdefgh
8  _ _ k _
7 _ _ _ _ 
6  _ _ _p_
5 _ _ _ _r
4  _ _ _ K
3 _ _ _ _ 
2  _ _ _ _
1 R _ _ _ 

  abcdefgh
8  _ _ k _
7 _ _ _ _ 
6  _ _ _p_
5 _ _ _ _r
4  _ _ _ _
3 _ _ _ K 
2  _ _ _ _
1 R _ _ _ 

  abcdefgh
8  _ _ _ _
7 _ _ _ k 
6  _ _ _p_
5 _ _ _ _r
4  _ _ _ _
3 _ _ _ K 
2  _ _ _ _
1 R _ _ _ 

  abcdefgh
8 R_ _ _ _
7 _ _ _ k 
6  _ _ _p_
5 _ _ _ _r
4  _ _ _ _
3 _ _ _ K 
2  _ _ _ _
1 _ _ _ _ 

  abcdefgh
8 R_ _ _ _
7 _ _ _ _ 
6  _ _ _pk
5 _ _ _ _r
4  _ _ _ _
3 _ _ _ K 
2  _ _ _ _
1 _ _ _ _ 

  abcdefgh
8  _ _ _ _
7 _ _ _ _ 
6  _ _ _pk
5 _ _ _ _r
4  _ _ _ _
3 R _ _ K 
2  _ _ _ _
1 _ _ _ _ 

  abcdefgh
8  _ _ _ _
7 _ _ _ _ 
6  _ _ _pk
5 _ _ _ r 
4  _ _ _ _
3 R _ _ K 
2  _ _ _ _
1 _ _ _ _ 

  abcdefgh
8  _ _ _ _
7 _ _ _ _ 
6  _ _ _pk
5 _ _ _ r 
4  _ _ _ _
3 R _ _ _ 
2  _ _ _ K
1 _ _ _ _ 

  abcdefgh
8  _ _ _ _
7 _ _ _ _ 
6  _ _ _pk
5 _ _ _ _r
4  _ _ _ _
3 R _ _ _ 
2  _ _ _ K
1 _ _ _ _ 

  abcdefgh
8  _ _ _ _
7 _ _ _ _ 
6  _ _ _pk
5 _ _ _ _r
4  _ _ _ _
3 R _ _ _ 
2  _ _ _K_
1 _ _ _ _ 

  abcdefgh
8  _ _ _ _
7 _ _ _ _ 
6  _ _ _pk
5 _ _ _ r 
4  _ _ _ _
3 R _ _ _ 
2  _ _ _K_
1 _ _ _ _ 

  abcdefgh
8  _ _ _ _
7 _ _ _ _ 
6  _ _ _pk
5 _ _ _ r 
4  _ _ _ _
3 R _ _ _K
2  _ _ _ _
1 _ _ _ _ 

  abcdefgh
8  _ _ _ _
7 _ _ _ _ 
6  _ _ _pk
5 _ _ _ _r
4  _ _ _ _
3 R _ _ _K
2  _ _ _ _
1 _ _ _ _ 

  abcdefgh
8  _ _ _ _
7 _ _ _ _ 
6  _ _ _pk
5 _ _ _ _r
4  _ _ _K_
3 R _ _ _ 
2  _ _ _ _
1 _ _ _ _ 

  abcdefgh
8  _ _ _ _
7 _ _ _ _ 
6  _ _ _pk
5 _ _ _ r 
4  _ _ _K_
3 R _ _ _ 
2  _ _ _ _
1 _ _ _ _ 

  abcdefgh
8  _ _ _ _
7 _ _ _ _ 
6  _ _ _pk
5 _ _ _ r 
4  _ _ _ K
3 R _ _ _ 
2  _ _ _ _
1 _ _ _ _ 

  abcdefgh
8  _ _ _ _
7 _ _ _ _ 
6  _ _ _pk
5 _ _ _ _r
4  _ _ _ K
3 R _ _ _ 
2  _ _ _ _
1 _ _ _ _ 

  abcdefgh
8  _ _ _ _
7 _ _ _ _ 
6  _ _ _pk
5 _ _ _ _r
4  _ _ _K_
3 R _ _ _ 
2  _ _ _ _
1 _ _ _ _ 

  abcdefgh
8  _ _ _ _
7 _ _ _ _ 
6  _ _ _pk
5 _ _ _ r 
4  _ _ _K_
3 R _ _ _ 
2  _ _ _ _
1 _ _ _ _ 

  abcdefgh
8  _ _ _ _
7 _ _ _ _ 
6  _ _ _pk
5 _ _ _ r 
4  _ _ _ _
3 R _ _ _K
2  _ _ _ _
1 _ _ _ _ 

  abcdefgh
8  _ _ _ _
7 _ _ _ _ 
6  _ _ _pk
5 _ _ _ _r
4  _ _ _ _
3 R _ _ _K
2  _ _ _ _
1 _ _ _ _ 

  abcdefgh
8  _ _ _ _
7 _ _ _ _ 
6  _ _ _pk
5 _ _ _ _r
4  _ _ _ _
3 R _ _ K 
2  _ _ _ _
1 _ _ _ _ 

  abcdefgh
8  _ _ _ _
7 _ _ _ _ 
6  _ _ _pk
5 _ _ _ r 
4  _ _ _ _
3 R _ _ K 
2  _ _ _ _
1 _ _ _ _ 

  abcdefgh
8  _ _ _ _
7 _ _ _ _ 
6  _ _ _pk
5 _ _ _ r 
4  _ _ _ _
3 R _ _ _ 
2  _ _ _ K
1 _ _ _ _ 

  abcdefgh
8  _ _ _ _
7 _ _ _ _ 
6  _ _ _pk
5 _ _ _ _r
4  _ _ _ _
3 R _ _ _ 
2  _ _ _ K
1 _ _ _ _ 

  abcdefgh
8  _ _ _ _
7 _ _ _ _ 
6  _ _ _pk
5 _ _ _ _r
4  _ _ _ _
3 R _ _ _ 
2  _ _ _ _
1 _ _ _ K 

  abcdefgh
8  _ _ _ _
7 _ _ _ _ 
6  _ _ _pk
5 _ _ _ r 
4  _ _ _ _
3 R _ _ _ 
2  _ _ _ _
1 _ _ _ K 

  abcdefgh
8  _ _ _ _
7 _ _ _ _ 
6  _ _ _pk
5 _ _ _ r 
4  _ _ _ _
3 R _ _ _ 
2  _ _ _ _
1 _ _ _ _K

  abcdefgh
8  _ _ _ _
7 _ _ _ _ 
6  _ _ _pk
5 _ _ _ _r
4  _ _ _ _
3 R _ _ _ 
2  _ _ _ _
1 _ _ _ _K

  abcdefgh
8  _ _ _ _
7 _ _ _ _ 
6  _ _ _pk
5 _ _ _ _r
4  _ _ _ _
3 R _ _ _ 
2  _ _ _K_
1 _ _ _ _ 

  abcdefgh
8  _ _ _ _
7 _ _ _ _ 
6  _ _ _pk
5 _ _ _ r 
4  _ _ _ _
3 R _ _ _ 
2  _ _ _K_
1 _ _ _ _ 

  abcdefgh
8  _ _ _ _
7 _ _ _ _ 
6  _ _ _pk
5 _ _ _ r 
4  _ _ _ _
3 R _ _ _ 
2  _ _ K _
1 _ _ _ _ 

  abcdefgh
8  _ _ _ _
7 _ _ _ _ 
6  _ _ _pk
5 _ _ _r_ 
4  _ _ _ _
3 R _ _ _ 
2  _ _ K _
1 _ _ _ _ 

  abcdefgh
8  _ _ _ _
7 _ _ _ _ 
6  _ _ _pk
5 _ _ _r_ 
4  _ _ _ _
3 R _ _ _ 
2  _ _ _ _
1 _ _ _ K 

  abcdefgh
8  _ _ _ _
7 _ _ _ _ 
6  _ _ _pk
5 _ _ _ r 
4  _ _ _ _
3 R _ _ _ 
2  _ _ _ _
1 _ _ _ K 

  abcdefgh
8  _ _ _ _
7 _ _ _ _ 
6  _ _ _pk
5 _ _ _ r 
4  _ _ _ _
3 R _ _ _ 
2  _ _ _ K
1 _ _ _ _ 

  abcdefgh
8  _ _ _ _
7 _ _ _ _ 
6  _ _ _pk
5 _ _ _ _r
4  _ _ _ _
3 R _ _ _ 
2  _ _ _ K
1 _ _ _ _ 

  abcdefgh
8  _ _ _ _
7 _ _ _ _ 
6  _ _ _pk
5 _ _ _ _r
4  _ _ _ _
3 R _ _ K 
2  _ _ _ _
1 _ _ _ _ 

  abcdefgh
8  _ _ _ _
7 _ _ _ _ 
6  _ _ _pk
5 _ _ _ r 
4  _ _ _ _
3 R _ _ K 
2  _ _ _ _
1 _ _ _ _ 

  abcdefgh
8  _ _ _ _
7 _ _ _ _ 
6  _ _ _pk
5 _ _ _ r 
4  _ _ _ _
3 R _ _ _K
2  _ _ _ _
1 _ _ _ _ 

  abcdefgh
8  _ _ _ _
7 _ _ _ _ 
6  _ _ _pk
5 _ _ _ _r
4  _ _ _ _
3 R _ _ _K
2  _ _ _ _
1 _ _ _ _ 

  abcdefgh
8  _ _ _ _
7 _ _ _ _ 
6  _ _ _pk
5 _ _ _ _r
4  _ _ _K_
3 R _ _ _ 
2  _ _ _ _
1 _ _ _ _ 

  abcdefgh
8  _ _ _ _
7 _ _ _ _ 
6  _ _ _pk
5 _ _ _ r 
4  _ _ _K_
3 R _ _ _ 
2  _ _ _ _
1 _ _ _ _ 

  abcdefgh
8  _ _ _ _
7 _ _ _ _ 
6  _ _ _pk
5 _ _ _ r 
4  _ _ _ _
3 R _ _K_ 
2  _ _ _ _
1 _ _ _ _ 

  abcdefgh
8  _ _ _ _
7 _ _ _ _ 
6  _ _ _pk
5 _ _ _r_ 
4  _ _ _ _
3 R _ _K_ 
2  _ _ _ _
1 _ _ _ _ 

  abcdefgh
8  _ _ _ _
7 _ _ _ _ 
6  _ _ _pk
5 _ _ _r_ 
4  _ _ _ _
3 R _ _ _ 
2  _ _ _K_
1 _ _ _ _ 

  abcdefgh
8  _ _ _ _
7 _ _ _ _ 
6  _ _ _pk
5 _ _ _ r 
4  _ _ _ _
3 R _ _ _ 
2  _ _ _K_
1 _ _ _ _ 

  abcdefgh
8  _ _ _ _
7 _ _ _ _ 
6  _ _ _pk
5 _ _ _ r 
4  _ _ _ _
3 R _ _ _K
2  _ _ _ _
1 _ _ _ _ 

  abcdefgh
8  _ _ _ _
7 _ _ _ _ 
6  _ _ _pk
5 _ _ _ _r
4  _ _ _ _
3 R _ _ _K
2  _ _ _ _
1 _ _ _ _ 

  abcdefgh
8  _ _ _ _
7 _ _ _ _ 
6  _ _ _pk
5 _ _ _ _r
4  _ _ _ _
3 R _ _ K 
2  _ _ _ _
1 _ _ _ _ 

  abcdefgh
8  _ _ _ _
7 _ _ _ _ 
6  _ _ _pk
5 _ _ _ r 
4  _ _ _ _
3 R _ _ K 
2  _ _ _ _
1 _ _ _ _ 

  abcdefgh
8  _ _ _ _
7 _ _ _ _ 
6  _ _ _pk
5 _ _ _ r 
4  _ _ _ K
3 R _ _ _ 
2  _ _ _ _
1 _ _ _ _ 

  abcdefgh
8  _ _ _ _
7 _ _ _ _ 
6  _ _ _pk
5 _ _ _ _r
4  _ _ _ K
3 R _ _ _ 
2  _ _ _ _
1 _ _ _ _ 

  abcdefgh
8  _ _ _ _
7 _ _ _ _ 
6  _ _ _pk
5 _ _ _ _r
4  _ _ _ _
3 R _ _ K 
2  _ _ _ _
1 _ _ _ _ 

  abcdefgh
CTRL-D detected
