8 rnbqkbnr
7 pppppppp
6  _ _ _ _
5 _ _ _ _ 
4  _ _ _ _
3 _ _ _N_ 
2 PPPPPPPP
1 RNBQKB_R

  abcdefgh
8 rnbqkb r
7 pppppppp
6  _ _ n _
5 _ _ _ _ 
4  _ _ _ _
3 _ _ _N_ 
2 PPPPPPPP
1 RNBQKB_R

  abcdefgh
8 rnbqkb r
7 pppppppp
6  _ _ n _
5 _ _ _ _ 
4  _P_ _ _
3 _ _ _N_ 
2 PP PPPPP
1 RNBQKB_R

  abcdefgh
8 rnbqkb r
7 pppp_ppp
6  _ _pn _
5 _ _ _ _ 
4  _P_ _ _
3 _ _ _N_ 
2 PP PPPPP
1 RNBQKB_R

  abcdefgh
8 rnbqkb r
7 pppp_ppp
6  _ _pn _
5 _ _ _ _ 
4  _P_ _ _
3 _ _ PN_ 
2 PP P PPP
1 RNBQKB_R

  abcdefgh
8 rnbqkb r
7 pp_p_ppp
6  _ _pn _
5 _ p _ _ 
4  _P_ _ _
3 _ _ PN_ 
2 PP P PPP
1 RNBQKB_R

  abcdefgh
8 rnbqkb r
7 pp_p_ppp
6  _ _pn _
5 _ p _ _ 
4  _PP _ _
3 _ _ PN_ 
2 PP _ PPP
1 RNBQKB_R

  abcdefgh
8 rnbqkb r
7 pp_ _ppp
6  _ _pn _
5 _ pp_ _ 
4  _PP _ _
3 _ _ PN_ 
2 PP _ PPP
1 RNBQKB_R

  abcdefgh
8 rnbqkb r
7 pp_ _ppp
6  _ _pn _
5 _ pP_ _ 
4  _ P _ _
3 _ _ PN_ 
2 PP _ PPP
1 RNBQKB_R

  abcdefgh
8 rnbqkb r
7 pp_ _ppp
6  _ _ n _
5 _ pp_ _ 
4  _ P _ _
3 _ _ PN_ 
2 PP _ PPP
1 RNBQKB_R

  abcdefgh
8 rnbqkb r
7 pp_ _ppp
6  _ _ n _
5 _Bpp_ _ 
4  _ P _ _
3 _ _ PN_ 
2 PP _ PPP
1 RNBQK _R

  abcdefgh
8 r_bqkb r
7 pp_ _ppp
6  _n_ n _
5 _Bpp_ _ 
4  _ P _ _
3 _ _ PN_ 
2 PP _ PPP
1 RNBQK _R

  abcdefgh
was here
8 r_bqkb r
7 pp_ _ppp
6  _n_ n _
5 _Bpp_ _ 
4  _ P _ _
3 _ _ PN_ 
2 PP _ PPP
1 RNBQ_RK 

  abcdefgh
8 r_bqk_ r
7 pp_ bppp
6  _n_ n _
5 _Bpp_ _ 
4  _ P _ _
3 _ _ PN_ 
2 PP _ PPP
1 RNBQ_RK 

  abcdefgh
8 r_bqk_ r
7 pp_ bppp
6  _n_ n _
5 _Bpp_ _ 
4  _ P _ _
3 _ _ PN_ 
2 PPQ_ PPP
1 RNB _RK 

  abcdefgh
8 r_b_k_ r
7 pp_ bppp
6  qn_ n _
5 _Bpp_ _ 
4  _ P _ _
3 _ _ PN_ 
2 PPQ_ PPP
1 RNB _RK 

  abcdefgh
8 r_b_k_ r
7 pp_ bppp
6  qB_ n _
5 _ pp_ _ 
4  _ P _ _
3 _ _ PN_ 
2 PPQ_ PPP
1 RNB _RK 

  abcdefgh
8 r_b_k_ r
7 pp_ bppp
6  _q_ n _
5 _ pp_ _ 
4  _ P _ _
3 _ _ PN_ 
2 PPQ_ PPP
1 RNB _RK 

  abcdefgh
8 r_b_k_ r
7 pp_ bppp
6  _q_ n _
5 _ Pp_ _ 
4  _ _ _ _
3 _ _ PN_ 
2 PPQ_ PPP
1 RNB _RK 

  abcdefgh
8 r_b_k_ r
7 pp_ _ppp
6  _q_ n _
5 _ bp_ _ 
4  _ _ _ _
3 _ _ PN_ 
2 PPQ_ PPP
1 RNB _RK 

  abcdefgh
8 r_b_k_ r
7 pp_ _ppp
6  _q_ n _
5 _ bp_ _ 
4  _ _ _ _
3 _ _ PN_ 
2 PPQB PPP
1 RN_ _RK 

  abcdefgh
was here
8 r_b_ rk_
7 pp_ _ppp
6  _q_ n _
5 _ bp_ _ 
4  _ _ _ _
3 _ _ PN_ 
2 PPQB PPP
1 RN_ _RK 

  abcdefgh
8 r_b_ rk_
7 pp_ _ppp
6  _q_ n _
5 _ bp_ _ 
4  _ _ _ _
3 _ _ PN_ 
2 PPQB PPP
1 RNR _ K 

  abcdefgh
8 r_b_ rk_
7 pp_ _ppp
6  _q_ _ _
5 _ bp_ _ 
4  _ _n_ _
3 _ _ PN_ 
2 PPQB PPP
1 RNR _ K 

  abcdefgh
8 r_b_ rk_
7 pp_ _ppp
6  _q_ _ _
5 _ bp_ _ 
4  _ _n_ _
3 _ N PN_ 
2 PPQB PPP
1 R R _ K 

  abcdefgh
8 r_b_r_k_
7 pp_ _ppp
6  _q_ _ _
5 _ bp_ _ 
4  _ _n_ _
3 _ N PN_ 
2 PPQB PPP
1 R R _ K 

  abcdefgh
8 r_b_r_k_
7 pp_ _ppp
6  _q_ _ _
5 _ bp_ _ 
4  _ _N_ _
3 _ _ PN_ 
2 PPQB PPP
1 R R _ K 

  abcdefgh
8 r_b_r_k_
7 pp_ _ppp
6  _q_ _ _
5 _ b _ _ 
4  _ _p_ _
3 _ _ PN_ 
2 PPQB PPP
1 R R _ K 

  abcdefgh
8 r_b_r_k_
7 pp_ _ppp
6  _q_ _ _
5 _ b _ _ 
4  _ Np_ _
3 _ _ P _ 
2 PPQB PPP
1 R R _ K 

  abcdefgh
8 r_b_r_k_
7 pp_ _ppp
6  _q_ _ _
5 _ _ _ _ 
4  _ bp_ _
3 _ _ P _ 
2 PPQB PPP
1 R R _ K 

  abcdefgh
8 r_b_r_k_
7 pp_ _ppp
6  _Q_ _ _
5 _ _ _ _ 
4  _ bp_ _
3 _ _ P _ 
2 PP B PPP
1 R R _ K 

  abcdefgh
8 r_b_r_k_
7 p _ _ppp
6  _p_ _ _
5 _ _ _ _ 
4  _ bp_ _
3 _ _ P _ 
2 PP B PPP
1 R R _ K 

  abcdefgh
8 r_b_r_k_
7 p _ _ppp
6  _p_ _ _
5 _ _ _ _ 
4  _ Pp_ _
3 _ _ _ _ 
2 PP B PPP
1 R R _ K 

  abcdefgh
8 r_b_ _k_
7 p _ _ppp
6  _p_r_ _
5 _ _ _ _ 
4  _ Pp_ _
3 _ _ _ _ 
2 PP B PPP
1 R R _ K 

  abcdefgh
8 r_b_ _k_
7 p _ _ppp
6  _p_r_ _
5 _ _ _ _ 
4  _RPp_ _
3 _ _ _ _ 
2 PP B PPP
1 R _ _ K 

  abcdefgh
8 r_ _ _k_
7 p _ _ppp
6 b_p_r_ _
5 _ _ _ _ 
4  _RPp_ _
3 _ _ _ _ 
2 PP B PPP
1 R _ _ K 

  abcdefgh
8 r_ _ _k_
7 p _ _ppp
6 b_p_r_ _
5 _ R _ _ 
4  _ Pp_ _
3 _ _ _ _ 
2 PP B PPP
1 R _ _ K 

  abcdefgh
8 r_ _ _k_
7 p _ _ppp
6 b_pr _ _
5 _ R _ _ 
4  _ Pp_ _
3 _ _ _ _ 
2 PP B PPP
1 R _ _ K 

  abcdefgh
8 r_ _ _k_
7 p _ _ppp
6 b_pr _ _
5 _ R _ _ 
4  _ Pp_ P
3 _ _ _ _ 
2 PP B PP_
1 R _ _ K 

  abcdefgh
8 r_ _ _k_
7 p _ _ppp
6 b_p_ _ _
5 _ R _ _ 
4  _ rp_ P
3 _ _ _ _ 
2 PP B PP_
1 R _ _ K 

  abcdefgh
8 r_ _ _k_
7 p _ _ppp
6 b_p_ _ _
5 _ R _ _ 
4  _ rp_ P
3 _ _ B _ 
2 PP _ PP_
1 R _ _ K 

  abcdefgh
8 r_ _ _k_
7 p _ _ppp
6 b_pr _ _
5 _ R _ _ 
4  _ _p_ P
3 _ _ B _ 
2 PP _ PP_
1 R _ _ K 

  abcdefgh
8 r_ _ _k_
7 p _ _ppp
6 b_pr _ _
5 _ R _ _ 
4  P _p_ P
3 _ _ B _ 
2 P_ _ PP_
1 R _ _ K 

  abcdefgh
8 r_b_ _k_
7 p _ _ppp
6  _pr _ _
5 _ R _ _ 
4  P _p_ P
3 _ _ B _ 
2 P_ _ PP_
1 R _ _ K 

  abcdefgh
8 r_b_ _k_
7 p _ _ppp
6  _pr _ _
5 _ R _ _ 
4  P _p_ P
3 _ _ B _ 
2 P_ _ PP_
1 _ R _ K 

  abcdefgh
8 r_ _ _k_
7 p _ _ppp
6  _prb_ _
5 _ R _ _ 
4  P _p_ P
3 _ _ B _ 
2 P_ _ PP_
1 _ R _ K 

  abcdefgh
8 r_ _ _k_
7 p _ _ppp
6  _prb_ _
5 _ R _ _ 
4 PP _p_ P
3 _ _ B _ 
2  _ _ PP_
1 _ R _ K 

  abcdefgh
8 r_ _ _k_
7 _ _ _ppp
6 p_prb_ _
5 _ R _ _ 
4 PP _p_ P
3 _ _ B _ 
2  _ _ PP_
1 _ R _ K 

  abcdefgh
8 r_ _ _k_
7 _ _ _ppp
6 p_prb_ _
5 _ _ R _ 
4 PP _p_ P
3 _ _ B _ 
2  _ _ PP_
1 _ R _ K 

  abcdefgh
8 r_ _ _k_
7 _ _ _ppp
6 p_p_b_ _
5 _ _rR _ 
4 PP _p_ P
3 _ _ B _ 
2  _ _ PP_
1 _ R _ K 

  abcdefgh
8 r_ _ _k_
7 _ _ _ppp
6 p_p_b_ _
5 _ _r_ _ 
4 PP _R_ P
3 _ _ B _ 
2  _ _ PP_
1 _ R _ K 

  abcdefgh
8 r_ _ _k_
7 _ _r_ppp
6 p_p_b_ _
5 _ _ _ _ 
4 PP _R_ P
3 _ _ B _ 
2  _ _ PP_
1 _ R _ K 

  abcdefgh
8 r_ _ _k_
7 _ _r_ppp
6 p_p_b_ _
5 P _ _ _ 
4  P _R_ P
3 _ _ B _ 
2  _ _ PP_
1 _ R _ K 

  abcdefgh
8  _ r _k_
7 _ _r_ppp
6 p_p_b_ _
5 P _ _ _ 
4  P _R_ P
3 _ _ B _ 
2  _ _ PP_
1 _ R _ K 

  abcdefgh
8  _ r _k_
7 _ _r_ppp
6 p_p_b_ _
5 P _ _ _ 
4  P _R_ P
3 _ _ B _ 
2  _ _ PP_
1 _ R _K_ 

  abcdefgh
8  _ r _k_
7 _ _r_pp 
6 p_p_b_ _
5 P _ _ _p
4  P _R_ P
3 _ _ B _ 
2  _ _ PP_
1 _ R _K_ 

  abcdefgh
8  _ r _k_
7 _ _r_pp 
6 p_p_b_ _
5 P _ _ _p
4  P _R_ P
3 _ _ B _ 
2  _ _ PP_
1 _ _ RK_ 

  abcdefgh
8  _ r _k_
7 _ _r_pp 
6 p_p_ _ _
5 P _b_ _p
4  P _R_ P
3 _ _ B _ 
2  _ _ PP_
1 _ _ RK_ 

  abcdefgh
8  _ r _k_
7 _ _r_pp 
6 p_p_ _ _
5 P _b_ _p
4  P _ R P
3 _ _ B _ 
2  _ _ PP_
1 _ _ RK_ 

  abcdefgh
8  _ _r_k_
7 _ _r_pp 
6 p_p_ _ _
5 P _b_ _p
4  P _ R P
3 _ _ B _ 
2  _ _ PP_
1 _ _ RK_ 

  abcdefgh
8  _ _r_k_
7 _ _r_pp 
6 p_p_ _ _
5 P _b_ _p
4  P _ R P
3 _ _ BP_ 
2  _ _ _P_
1 _ _ RK_ 

  abcdefgh
8  _ _r_k_
7 _ _ rpp 
6 p_p_ _ _
5 P _b_ _p
4  P _ R P
3 _ _ BP_ 
2  _ _ _P_
1 _ _ RK_ 

  abcdefgh
8  _ _r_k_
7 _ _ rpp 
6 p_p_ _ _
5 P _b_ _p
4  P _ R P
3 _ _ BP_ 
2  _ _ KP_
1 _ _ R _ 

  abcdefgh
8  _ _r_k_
7 _ _ r p 
6 p_p_ p _
5 P _b_ _p
4  P _ R P
3 _ _ BP_ 
2  _ _ KP_
1 _ _ R _ 

  abcdefgh
8  _ _r_k_
7 _ _ r p 
6 p_p_ p _
5 P _b_R_p
4  P _ _ P
3 _ _ BP_ 
2  _ _ KP_
1 _ _ R _ 

  abcdefgh
8  _ _r_k_
7 _ _ rbp 
6 p_p_ p _
5 P _ _R_p
4  P _ _ P
3 _ _ BP_ 
2  _ _ KP_
1 _ _ R _ 

  abcdefgh
8  _ _r_k_
7 _ _ rbp 
6 p_p_ p _
5 P R _ _p
4  P _ _ P
3 _ _ BP_ 
2  _ _ KP_
1 _ _ R _ 

  abcdefgh
8  _ _r_k_
7 _ _ r p 
6 p_p_ p _
5 P Rb_ _p
4  P _ _ P
3 _ _ BP_ 
2  _ _ KP_
1 _ _ R _ 

  abcdefgh
8  _ _r_k_
7 _ _ r p 
6 p_p_ p _
5 P _b_ _p
4  P _ _ P
3 _ R BP_ 
2  _ _ KP_
1 _ _ R _ 

  abcdefgh
8  _ _r_k_
7 _ _ _ p 
6 p_p_ p _
5 P _br _p
4  P _ _ P
3 _ R BP_ 
2  _ _ KP_
1 _ _ R _ 

  abcdefgh
8  _ _r_k_
7 _ _ _ p 
6 p_p_ p _
5 P _br _p
4  P _ _ P
3 _ R BP_ 
2  _ _ KP_
1 _ R _ _ 

  abcdefgh
8  _ _r_k_
7 _ _ _ _ 
6 p_p_ p _
5 P _br pp
4  P _ _ P
3 _ R BP_ 
2  _ _ KP_
1 _ R _ _ 

  abcdefgh
8  _ _r_k_
7 _ _ _ _ 
6 p_p_ p _
5 P _br pp
4  P B _ P
3 _ R _P_ 
2  _ _ KP_
1 _ R _ _ 

  abcdefgh
8  _ _r_k_
7 _ _ _ _ 
6 p_p_ p _
5 P _b_ pp
4  P B _ P
3 _ R _P_ 
2  _ _rKP_
1 _ R _ _ 

  abcdefgh
8  _ _r_k_
7 _ _ _ _ 
6 p_p_ p _
5 P _b_ pp
4  P B _ P
3 _ R _P_ 
2  _ _r_P_
1 _ R _K_ 

  abcdefgh
8  _ _r_ _
7 _ _ _k_ 
6 p_p_ p _
5 P _b_ pp
4  P B _ P
3 _ R _P_ 
2  _ _r_P_
1 _ R _K_ 

  abcdefgh
8  _ _r_ _
7 _ _ _k_ 
6 p_p_ p _
5 P _b_ pp
4  P B _ P
3 _ _ _P_ 
2  _R_r_P_
1 _ R _K_ 

  abcdefgh
8  _ _r_ _
7 _ _ _k_ 
6 p_p_rp _
5 P _b_ pp
4  P B _ P
3 _ _ _P_ 
2  _R_ _P_
1 _ R _K_ 

  abcdefgh
8  _ _r_ _
7 _ _ _k_ 
6 p_p_rp _
5 P _b_ Pp
4  P B _ _
3 _ _ _P_ 
2  _R_ _P_
1 _ R _K_ 

  abcdefgh
8  _ _r_ _
7 _ _ _k_ 
6 p_p_r_ _
5 P _b_ pp
4  P B _ _
3 _ _ _P_ 
2  _R_ _P_
1 _ R _K_ 

  abcdefgh
8  _ _r_ _
7 _ _ _k_ 
6 p_p_r_ _
5 P _b_ pp
4  P B _ _
3 _ _ _P_ 
2  _ _ RP_
1 _ R _K_ 

  abcdefgh
8  _ _r_ _
7 _ _ _ _ 
6 p_p_r_k_
5 P _b_ pp
4  P B _ _
3 _ _ _P_ 
2  _ _ RP_
1 _ R _K_ 

  abcdefgh
8  _ _r_ _
7 _ _ _ _ 
6 p_p_r_k_
5 P _b_ pp
4  P B _ _
3 _ _ _P_ 
2  _ R _P_
1 _ R _K_ 

  abcdefgh
8  _ _r_ _
7 _ _ _ _ 
6 p_p_r_k_
5 P _b_ _p
4  P B _p_
3 _ _ _P_ 
2  _ R _P_
1 _ R _K_ 

  abcdefgh
8  _ _r_ _
7 _ _ _ _ 
6 p_p_r_k_
5 P _b_ _p
4  P B _P_
3 _ _ _ _ 
2  _ R _P_
1 _ R _K_ 

  abcdefgh
8  _ _r_ _
7 _ _ _ _ 
6 p_p_r_k_
5 P _b_ _ 
4  P B _Pp
3 _ _ _ _ 
2  _ R _P_
1 _ R _K_ 

  abcdefgh
8  _ _r_ _
7 _ _ _ _ 
6 p_p_r_k_
5 P Bb_ _ 
4  P _ _Pp
3 _ _ _ _ 
2  _ R _P_
1 _ R _K_ 

  abcdefgh
8  _ _r_ _
7 _ _ _ _ 
6 p_p_ _k_
5 P Bb_ _ 
4  P _r_Pp
3 _ _ _ _ 
2  _ R _P_
1 _ R _K_ 

  abcdefgh
8  _ _r_ _
7 _ _ _ _ 
6 p_p_ _k_
5 P Bb_ _ 
4  P _r_Pp
3 _ _ _ _ 
2  _ R _P_
1 _ R _ K 

  abcdefgh
8  _ _r_ _
7 _ _ _ _ 
6 p_p_ _k_
5 P Bb_ _ 
4  P _ _Pp
3 _ _ _ _ 
2  _ Rr_P_
1 _ R _ K 

  abcdefgh
8  _ _r_ _
7 _ _ _ _ 
6 p_p_ _k_
5 P Bb_ _ 
4  P _ _Pp
3 _ _ _ _ 
2  _RRr_P_
1 _ _ _ K 

  abcdefgh
8  _ _r_ _
7 _ _ _ _ 
6 p_p_ _k_
5 P Bb_ _ 
4  P _ _Pp
3 _ _ _ _ 
2  _RR _P_
1 _ _ r K 

  abcdefgh
8  _ _r_ _
7 _ _ _ _ 
6 p_p_ _k_
5 P Bb_ _ 
4  P _ _Pp
3 _ _ _ _ 
2  _RR _PK
1 _ _ r _ 

  abcdefgh
8  _ _ _ _
7 _ _ _ _ 
6 p_p_ _k_
5 P Bb_ _ 
4  P _r_Pp
3 _ _ _ _ 
2  _RR _PK
1 _ _ r _ 

  abcdefgh
8  _ _ _ _
7 _ _ _ _ 
6 p_p_ _k_
5 P Bb_ _ 
4  P _r_Pp
3 _ _ _ _ 
2  _R_ RPK
1 _ _ r _ 

  abcdefgh
8  _ _ _ _
7 _ _ _ _ 
6 p_p_ _ _
5 P Bb_ k 
4  P _r_Pp
3 _ _ _ _ 
2  _R_ RPK
1 _ _ r _ 

  abcdefgh
8  _ _ _ _
7 _ _ _ _ 
6 p_p_ _ _
5 P Bb_Rk 
4  P _r_Pp
3 _ _ _ _ 
2  _R_ _PK
1 _ _ r _ 

  abcdefgh
8  _ _ _ _
7 _ _ _ _ 
6 p_p_ _ _
5 P Bb_R_ 
4  P _r_kp
3 _ _ _ _ 
2  _R_ _PK
1 _ _ r _ 

  abcdefgh
8  _ _ _ _
7 _ _ _ _ 
6 p_p_ R _
5 P Bb_ _ 
4  P _r_kp
3 _ _ _ _ 
2  _R_ _PK
1 _ _ r _ 

  abcdefgh
8  _ _ _ _
7 _ _ _ _ 
6 p_p_ R _
5 P Bb_ k 
4  P _r_ p
3 _ _ _ _ 
2  _R_ _PK
1 _ _ r _ 

  abcdefgh
8  _ _ _ _
7 _ _ _ _ 
6 p_p_ R _
5 P Bb_ k 
4  P _r_ p
3 _ _ _ _ 
2  _ _ RPK
1 _ _ r _ 

  abcdefgh
8  _ _ _ _
7 _ _ _ _ 
6 p_p_ R _
5 P Bb_ k 
4  P _r_ p
3 _ _ _ _ 
2  _ _rRPK
1 _ _ _ _ 

  abcdefgh
8  _ _ _ _
7 _ _ _ _ 
6 p_p_ R _
5 P Bb_ k 
4  P _r_ p
3 _ _ _ _ 
2  _ _R_PK
1 _ _ _ _ 

  abcdefgh
8  _ _ _ _
7 _ _ _ _ 
6 p_p_ R _
5 P Bb_ k 
4  P _ _ p
3 _ _ _ _ 
2  _ _r_PK
1 _ _ _ _ 

  abcdefgh
8  _ _ _ _
7 _ _ _ _ 
6 p_p_ _ _
5 P Bb_ k 
4  P _ _ p
3 _ _ _ _ 
2  _ _rRPK
1 _ _ _ _ 

  abcdefgh
8  _ _ _ _
7 _ _ _ _ 
6 p_p_ _ _
5 P Bb_ k 
4  P _r_ p
3 _ _ _ _ 
2  _ _ RPK
1 _ _ _ _ 

  abcdefgh
8  _ _ _ _
7 _ _ _ _ 
6 p_p_ _ _
5 P Bb_ k 
4  P _r_ p
3 _ _ _R_ 
2  _ _ _PK
1 _ _ _ _ 

  abcdefgh
8  _ _ _ _
7 _ _ _ _ 
6 p_p_ _ _
5 P Bb_ k 
4  P _ _ p
3 _ _ _R_ 
2  _ _r_PK
1 _ _ _ _ 

  abcdefgh
8  _ _ _ _
7 _ _ _ _ 
6 p_p_ _ _
5 P Bb_ k 
4  P _ _ p
3 _ _ _ _ 
2  _ _rRPK
1 _ _ _ _ 

  abcdefgh
8  _ _ _ _
7 _ _ _ _ 
6 p_p_ _ _
5 P Bb_ k 
4  P _ _ p
3 _ _ _ _ 
2  _ _ RPK
1 _ _ r _ 

  abcdefgh
8  _ _ _ _
7 _ _ _ _ 
6 p_p_ _ _
5 P Bb_ k 
4  P _ _ p
3 _ _ _ _ 
2  _ R _PK
1 _ _ r _ 

  abcdefgh
8  _ _ _ _
7 _ _ _ _ 
6 p_p_ _ _
5 P Bb_ _k
4  P _ _ p
3 _ _ _ _ 
2  _ R _PK
1 _ _ r _ 

  abcdefgh
8  _ _ _ _
7 _ _ _ _ 
6 p_p_ _ _
5 P _b_ _k
4  P _ _ p
3 _ _ _ _ 
2  _ R BPK
1 _ _ r _ 

  abcdefgh
8  _ _ _ _
7 _ _ _ _ 
6 p_p_ _ _
5 P _b_ _k
4  P _ _ p
3 _ _ _ _ 
2  _ R BPK
1 _r_ _ _ 

  abcdefgh
8  _ _ _ _
7 _ _ _ _ 
6 p_p_ _ _
5 P _b_ _k
4  P R _ p
3 _ _ _ _ 
2  _ _ BPK
1 _r_ _ _ 

  abcdefgh
8  _ _ _ _
7 _ _ _ _ 
6 p_p_ _ _
5 P _b_ _k
4  P R _ p
3 _ _ _ _ 
2  r _ BPK
1 _ _ _ _ 

  abcdefgh
8  _ _ _ _
7 _ _ _ _ 
6 p_p_ _ _
5 P _b_ _k
4  P R _ p
3 _ _ _ _ 
2  r _ BP_
1 _ _ _ K 

  abcdefgh
8  _ _ _ _
7 _ _ _ _ 
6 p_p_ _k_
5 P _b_ _ 
4  P R _ p
3 _ _ _ _ 
2  r _ BP_
1 _ _ _ K 

  abcdefgh
8  _ _ _ _
7 _ _ _ _ 
6 p_p_ _k_
5 P _b_ _ 
4  P R _ B
3 _ _ _ _ 
2  r _ _P_
1 _ _ _ K 

  abcdefgh
8  _ _ _ _
7 _ _ _ _ 
6 p_p_ _k_
5 P _b_ _ 
4  P R _ B
3 _ _ _ _ 
2  _ _ _r_
1 _ _ _ K 

  abcdefgh
8  _ _ _ _
7 _ _ _ _ 
6 p_p_ _k_
5 P _b_ _ 
4  P R _ B
3 _ _ _ _ 
2  _ _ _r_
1 _ _ _K_ 

  abcdefgh
8  _ _ _ _
7 _ _ _ _ 
6 p_p_ _k_
5 P _b_ _ 
4  P R _ B
3 _ _ _ _ 
2  _r_ _ _
1 _ _ _K_ 

  abcdefgh
8  _ _ _ _
7 _ _ _ _ 
6 p_p_ _k_
5 P _b_ _ 
4  P R _ B
3 _ _ _ _ 
2  _r_ _ _
1 _ _ K _ 

  abcdefgh
8  _ _ _ _
7 _ _ _ _ 
6 p_p_ _k_
5 P _b_ _ 
4  PrR _ B
3 _ _ _ _ 
2  _ _ _ _
1 _ _ K _ 

  abcdefgh
8  _ _ _ _
7 _ _ _ _ 
6 p_p_ _k_
5 P _b_ _ 
4  PR_ _ B
3 _ _ _ _ 
2  _ _ _ _
1 _ _ K _ 

  abcdefgh
8  _ _ _ _
7 _ _ _ _ 
6 p_p_ _k_
5 P _ _ _ 
4  Pb_ _ B
3 _ _ _ _ 
2  _ _ _ _
1 _ _ K _ 

  abcdefgh
8  _ _ _ _
7 _ _ _ _ 
6 p_p_ _k_
5 P _ _ _ 
4  Pb_ _ B
3 _ _ _ _ 
2  _ _ K _
1 _ _ _ _ 

  abcdefgh
8  _ _ _ _
7 _ _ _ _ 
6 p_p_ _k_
5 P _b_ _ 
4  P _ _ B
3 _ _ _ _ 
2  _ _ K _
1 _ _ _ _ 

  abcdefgh
8  _ _ _ _
7 _ _ _ _ 
6 p_p_ _k_
5 P _b_ _ 
4  P _ _ B
3 _ _ K _ 
2  _ _ _ _
1 _ _ _ _ 

  abcdefgh
8  _ _ _ _
7 _ _ _ _ 
6 p_ _ _k_
5 P pb_ _ 
4  P _ _ B
3 _ _ K _ 
2  _ _ _ _
1 _ _ _ _ 

  abcdefgh
8  _ _ _ _
7 _ _ _ _ 
6 p_ _ _k_
5 P Pb_ _ 
4  _ _ _ B
3 _ _ K _ 
2  _ _ _ _
1 _ _ _ _ 

  abcdefgh
8  _ _ _ _
7 _ _ _ _ 
6 p_ _ _ _
5 P Pb_k_ 
4  _ _ _ B
3 _ _ K _ 
2  _ _ _ _
1 _ _ _ _ 

  abcdefgh
8  _ _ _ _
7 _ _ _ _ 
6 p_ _ _ _
5 P Pb_k_ 
4  _ _ _ _
3 _ _ K B 
2  _ _ _ _
1 _ _ _ _ 

  abcdefgh
8  _ _ _ _
7 _ _ _ _ 
6 p_b_ _ _
5 P P _k_ 
4  _ _ _ _
3 _ _ K B 
2  _ _ _ _
1 _ _ _ _ 

  abcdefgh
8  _ _ _ _
7 _ _ _ _ 
6 p_b_ _ _
5 P P Bk_ 
4  _ _ _ _
3 _ _ K _ 
2  _ _ _ _
1 _ _ _ _ 

  abcdefgh
8  _ _ _ _
7 _ _ _ _ 
6 p_b_k_ _
5 P P B _ 
4  _ _ _ _
3 _ _ K _ 
2  _ _ _ _
1 _ _ _ _ 

  abcdefgh
8  _ _ _ _
7 _ _ _ _ 
6 p_b_k_ _
5 P P B _ 
4  _ K _ _
3 _ _ _ _ 
2  _ _ _ _
1 _ _ _ _ 

  abcdefgh
8  _ _ _ _
7 _ _k_ _ 
6 p_b_ _ _
5 P P B _ 
4  _ K _ _
3 _ _ _ _ 
2  _ _ _ _
1 _ _ _ _ 

  abcdefgh
8  B _ _ _
7 _ _k_ _ 
6 p_b_ _ _
5 P P _ _ 
4  _ K _ _
3 _ _ _ _ 
2  _ _ _ _
1 _ _ _ _ 

  abcdefgh
8  B _ _ _
7 _ _ _ _ 
6 p_b_k_ _
5 P P _ _ 
4  _ K _ _
3 _ _ _ _ 
2  _ _ _ _
1 _ _ _ _ 

  abcdefgh
8  _ _ _ _
7 _ _ _ _ 
6 p_bBk_ _
5 P P _ _ 
4  _ K _ _
3 _ _ _ _ 
2  _ _ _ _
1 _ _ _ _ 

  abcdefgh
8  _ _ _ _
7 _ _ _ _ 
6 p_bB _ _
5 P P _k_ 
4  _ K _ _
3 _ _ _ _ 
2  _ _ _ _
1 _ _ _ _ 

  abcdefgh
8  _ _ _ _
7 _ _ _ _ 
6 p_b_ _ _
5 P P Bk_ 
4  _ K _ _
3 _ _ _ _ 
2  _ _ _ _
1 _ _ _ _ 

  abcdefgh
8  _ _ _ _
7 _ _ _ _ 
6 p_b_k_ _
5 P P B _ 
4  _ K _ _
3 _ _ _ _ 
2  _ _ _ _
1 _ _ _ _ 

  abcdefgh
8  _ _ _ _
7 _ _ _ _ 
6 p_bBk_ _
5 P P _ _ 
4  _ K _ _
3 _ _ _ _ 
2  _ _ _ _
1 _ _ _ _ 

  abcdefgh
8  _ _ _ _
7 _ _k_ _ 
6 p_bB _ _
5 P P _ _ 
4  _ K _ _
3 _ _ _ _ 
2  _ _ _ _
1 _ _ _ _ 

  abcdefgh
8  _ _ _ _
7 _ Bk_ _ 
6 p_b_ _ _
5 P P _ _ 
4  _ K _ _
3 _ _ _ _ 
2  _ _ _ _
1 _ _ _ _ 

  abcdefgh
8  _ _ _ _
7 _ Bk_ _ 
6 p_ _ _ _
5 P P _ _ 
4  _ K _ _
3 _ _ _ _ 
2  _ _ _ _
1 _ _ _ _b

  abcdefgh
8  _ _ _ _
7 _ Bk_ _ 
6 p_P_ _ _
5 P _ _ _ 
4  _ K _ _
3 _ _ _ _ 
2  _ _ _ _
1 _ _ _ _b

  abcdefgh
8  _ _ _ _
7 _ B _ _ 
6 p_k_ _ _
5 P _ _ _ 
4  _ K _ _
3 _ _ _ _ 
2  _ _ _ _
1 _ _ _ _b

  abcdefgh
8  _ _ _ _
7 _ _ _ _ 
6 pBk_ _ _
5 P _ _ _ 
4  _ K _ _
3 _ _ _ _ 
2  _ _ _ _
1 _ _ _ _b

  abcdefgh
8  _ _ _ _
7 _ _ _ _ 
6 pBk_ _ _
5 P _ _ _ 
4  _ K _ _
3 _ _ _b_ 
2  _ _ _ _
1 _ _ _ _ 

  abcdefgh
8  _ _ _ _
7 B _ _ _ 
6 p_k_ _ _
5 P _ _ _ 
4  _ K _ _
3 _ _ _b_ 
2  _ _ _ _
1 _ _ _ _ 

  abcdefgh
8  _ _ _ _
7 B _ _ _ 
6 p_k_ _ _
5 P _ _ _ 
4  _ K _ _
3 _ _ _ _ 
2  _ _ _ _
1 _ _ _ _b

  abcdefgh
8  _ _ _ _
7 B _ _ _ 
6 p_k_ _ _
5 P _ K _ 
4  _ _ _ _
3 _ _ _ _ 
2  _ _ _ _
1 _ _ _ _b

  abcdefgh
8  _ _ _ _
7 B _ _ _ 
6 p_k_ _ _
5 P _ K _ 
4  _ _ _ _
3 _ _ _b_ 
2  _ _ _ _
1 _ _ _ _ 

  abcdefgh
8  _ _ _ _
7 B _ _ _ 
6 p_k_ _ _
5 P _ _ _ 
4  _ K _ _
3 _ _ _b_ 
2  _ _ _ _
1 _ _ _ _ 

  abcdefgh
8  _ _ _ _
7 B _ _ _ 
6 p_k_ _ _
5 P _ _ _ 
4  _ K _ _
3 _ _ _ _ 
2  _ _ _ _
1 _ _ _ _b

  abcdefgh
8  _ _ _ _
7 _ _ _ _ 
6 pBk_ _ _
5 P _ _ _ 
4  _ K _ _
3 _ _ _ _ 
2  _ _ _ _
1 _ _ _ _b

  abcdefgh
8  _ _ _ _
7 _ _ _ _ 
6 pBk_ _ _
5 P _ _ _ 
4  _ K _ _
3 _ _ _b_ 
2  _ _ _ _
1 _ _ _ _ 

  abcdefgh
8  _ _ _ _
7 B _ _ _ 
6 p_k_ _ _
5 P _ _ _ 
4  _ K _ _
3 _ _ _b_ 
2  _ _ _ _
1 _ _ _ _ 

  abcdefgh
8  _ _ _ _
7 B _ _ _ 
6 p_ _ _ _
5 Pk_ _ _ 
4  _ K _ _
3 _ _ _b_ 
2  _ _ _ _
1 _ _ _ _ 

  abcdefgh
8  _ _ _ _
7 _ _ _ _ 
6 pB _ _ _
5 Pk_ _ _ 
4  _ K _ _
3 _ _ _b_ 
2  _ _ _ _
1 _ _ _ _ 

  abcdefgh
8  _ _ _ _
7 _ _ _ _ 
6 pBk_ _ _
5 P _ _ _ 
4  _ K _ _
3 _ _ _b_ 
2  _ _ _ _
1 _ _ _ _ 

  abcdefgh
8  _ _ _ _
7 B _ _ _ 
6 p_k_ _ _
5 P _ _ _ 
4  _ K _ _
3 _ _ _b_ 
2  _ _ _ _
1 _ _ _ _ 

  abcdefgh
8  _ _ _ _
7 B _ _ _ 
6 p_k_ _ _
5 P _ _ _ 
4  _ K _ _
3 _ _ _ _ 
2  _ _ _b_
1 _ _ _ _ 

  abcdefgh
8  _ _ _ _
7 _ _ _ _ 
6 pBk_ _ _
5 P _ _ _ 
4  _ K _ _
3 _ _ _ _ 
2  _ _ _b_
1 _ _ _ _ 

  abcdefgh
8  _ _ _ _
7 _ _ _ _ 
6 pBk_ _ _
5 P _ _ _ 
4  _ K _ _
3 _ _ _b_ 
2  _ _ _ _
1 _ _ _ _ 

  abcdefgh
8  _ _ _ _
7 B _ _ _ 
6 p_k_ _ _
5 P _ _ _ 
4  _ K _ _
3 _ _ _b_ 
2  _ _ _ _
1 _ _ _ _ 

  abcdefgh
CTRL-D detected
