8 rnbqkbnr
7 pppppppp
6  _ _ _ _
5 _ _ _ _ 
4  _ _P_ _
3 _ _ _ _ 
2 PPPP PPP
1 RNBQKBNR

  abcdefgh
8 rnbqkbnr
7 pp_ppppp
6  _ _ _ _
5 _ p _ _ 
4  _ _P_ _
3 _ _ _ _ 
2 PPPP PPP
1 RNBQKBNR

  abcdefgh
8 rnbqkbnr
7 pp_ppppp
6  _ _ _ _
5 _ p _ _ 
4  _ _P_ _
3 _ _ _N_ 
2 PPPP PPP
1 RNBQKB_R

  abcdefgh
8 r_bqkbnr
7 pp_ppppp
6  _n_ _ _
5 _ p _ _ 
4  _ _P_ _
3 _ _ _N_ 
2 PPPP PPP
1 RNBQKB_R

  abcdefgh
8 r_bqkbnr
7 pp_ppppp
6  _n_ _ _
5 _ p _ _ 
4  _ _P_ _
3 _ P _N_ 
2 PP P PPP
1 RNBQKB_R

  abcdefgh
8 r_bqkbnr
7 pp_ pppp
6  _n_ _ _
5 _ pp_ _ 
4  _ _P_ _
3 _ P _N_ 
2 PP P PPP
1 RNBQKB_R

  abcdefgh
8 r_bqkbnr
7 pp_ pppp
6  _n_ _ _
5 _ pP_ _ 
4  _ _ _ _
3 _ P _N_ 
2 PP P PPP
1 RNBQKB_R

  abcdefgh
8 r_b_kbnr
7 pp_ pppp
6  _n_ _ _
5 _ pq_ _ 
4  _ _ _ _
3 _ P _N_ 
2 PP P PPP
1 RNBQKB_R

  abcdefgh
8 r_b_kbnr
7 pp_ pppp
6  _n_ _ _
5 _ pq_ _ 
4  _ P _ _
3 _ P _N_ 
2 PP _ PPP
1 RNBQKB_R

  abcdefgh
8 r_b_kb r
7 pp_ pppp
6  _n_ n _
5 _ pq_ _ 
4  _ P _ _
3 _ P _N_ 
2 PP _ PPP
1 RNBQKB_R

  abcdefgh
8 r_b_kb r
7 pp_ pppp
6  _n_ n _
5 _ pq_ _ 
4  _ P _ _
3 _ P _N_ 
2 PP _BPPP
1 RNBQK _R

  abcdefgh
8 r_b_kb r
7 pp_ _ppp
6  _n_pn _
5 _ pq_ _ 
4  _ P _ _
3 _ P _N_ 
2 PP _BPPP
1 RNBQK _R

  abcdefgh
was here
8 r_b_kb r
7 pp_ _ppp
6  _n_pn _
5 _ pq_ _ 
4  _ P _ _
3 _ P _N_ 
2 PP _BPPP
1 RNBQ_RK 

  abcdefgh
8 r_b_kb r
7 pp_ _ppp
6  _n_pn _
5 _ _q_ _ 
4  _ p _ _
3 _ P _N_ 
2 PP _BPPP
1 RNBQ_RK 

  abcdefgh
8 r_b_kb r
7 pp_ _ppp
6  _n_pn _
5 _ _q_ _ 
4  _ N _ _
3 _ P _ _ 
2 PP _BPPP
1 RNBQ_RK 

  abcdefgh
8 r_b_kb r
7 pp_ _ppp
6  _ _pn _
5 _ _q_ _ 
4  _ n _ _
3 _ P _ _ 
2 PP _BPPP
1 RNBQ_RK 

  abcdefgh
8 r_b_kb r
7 pp_ _ppp
6  _ _pn _
5 _ _q_ _ 
4  _ P _ _
3 _ _ _ _ 
2 PP _BPPP
1 RNBQ_RK 

  abcdefgh
8 r_b_kb r
7 pp_ _ppp
6  _ qpn _
5 _ _ _ _ 
4  _ P _ _
3 _ _ _ _ 
2 PP _BPPP
1 RNBQ_RK 

  abcdefgh
8 r_b_kb r
7 pp_ _ppp
6  _ qpn _
5 _ _ _ _ 
4  _ P _ _
3 _ _ _B_ 
2 PP _ PPP
1 RNBQ_RK 

  abcdefgh
8 r_b_k_ r
7 pp_ bppp
6  _ qpn _
5 _ _ _ _ 
4  _ P _ _
3 _ _ _B_ 
2 PP _ PPP
1 RNBQ_RK 

  abcdefgh
8 r_b_k_ r
7 pp_ bppp
6  _ qpn _
5 _ _ _ _ 
4  _ P _ _
3 _ N _B_ 
2 PP _ PPP
1 R BQ_RK 

  abcdefgh
was here
8 r_b_ rk_
7 pp_ bppp
6  _ qpn _
5 _ _ _ _ 
4  _ P _ _
3 _ N _B_ 
2 PP _ PPP
1 R BQ_RK 

  abcdefgh
8 r_b_ rk_
7 pp_ bppp
6  _ qpn _
5 _ _ _ _ 
4  _ P _ _
3 _ N BB_ 
2 PP _ PPP
1 R _Q_RK 

  abcdefgh
8 r_ _ rk_
7 pp_bbppp
6  _ qpn _
5 _ _ _ _ 
4  _ P _ _
3 _ N BB_ 
2 PP _ PPP
1 R _Q_RK 

  abcdefgh
8 r_ _ rk_
7 pp_bbppp
6  _ qpn _
5 _ _P_ _ 
4  _ _ _ _
3 _ N BB_ 
2 PP _ PPP
1 R _Q_RK 

  abcdefgh
8 r_ _ rk_
7 pp_bbppp
6  _ qp_ _
5 _ _n_ _ 
4  _ _ _ _
3 _ N BB_ 
2 PP _ PPP
1 R _Q_RK 

  abcdefgh
8 r_ _ rk_
7 pp_bbppp
6  _ qp_ _
5 _ _N_ _ 
4  _ _ _ _
3 _ _ BB_ 
2 PP _ PPP
1 R _Q_RK 

  abcdefgh
8 r_ _ rk_
7 pp_bbppp
6  _ q _ _
5 _ _p_ _ 
4  _ _ _ _
3 _ _ BB_ 
2 PP _ PPP
1 R _Q_RK 

  abcdefgh
8 r_ _ rk_
7 pp_bbppp
6  _ q _ _
5 _ _Q_ _ 
4  _ _ _ _
3 _ _ BB_ 
2 PP _ PPP
1 R _ _RK 

  abcdefgh
8 r_ _ rk_
7 pp_bbppp
6  _ _ _ _
5 _ _q_ _ 
4  _ _ _ _
3 _ _ BB_ 
2 PP _ PPP
1 R _ _RK 

  abcdefgh
8 r_ _ rk_
7 pp_bbppp
6  _ _ _ _
5 _ _B_ _ 
4  _ _ _ _
3 _ _ B _ 
2 PP _ PPP
1 R _ _RK 

  abcdefgh
8 r_ _ rk_
7 pp_b_ppp
6  _ _ b _
5 _ _B_ _ 
4  _ _ _ _
3 _ _ B _ 
2 PP _ PPP
1 R _ _RK 

  abcdefgh
8 r_ _ rk_
7 pp_b_ppp
6  _ _ b _
5 _ _B_ _ 
4  _ _ _ _
3 _ _ B _ 
2 PP _ PPP
1 _ R _RK 

  abcdefgh
8 r_ _ rk_
7 pp_b_ppp
6  _ _ _ _
5 _ _B_ _ 
4  _ _ _ _
3 _ _ B _ 
2 Pb _ PPP
1 _ R _RK 

  abcdefgh
8 r_ _ rk_
7 pp_b_ppp
6  _ _ _ _
5 _ _B_ _ 
4  _ _ _ _
3 _ _ B _ 
2 Pb _ PPP
1 _R_ _RK 

  abcdefgh
8 r_ _ rk_
7 pp_b_ppp
6  _ _ _ _
5 _ _Bb _ 
4  _ _ _ _
3 _ _ B _ 
2 P_ _ PPP
1 _R_ _RK 

  abcdefgh
8 r_ _ rk_
7 pR_b_ppp
6  _ _ _ _
5 _ _Bb _ 
4  _ _ _ _
3 _ _ B _ 
2 P_ _ PPP
1 _ _ _RK 

  abcdefgh
8 r_ _ rk_
7 pR_ _ppp
6  _ _b_ _
5 _ _Bb _ 
4  _ _ _ _
3 _ _ B _ 
2 P_ _ PPP
1 _ _ _RK 

  abcdefgh
8 r_ _ rk_
7 pR_ _ppp
6  _ _B_ _
5 _ _ b _ 
4  _ _ _ _
3 _ _ B _ 
2 P_ _ PPP
1 _ _ _RK 

  abcdefgh
8 r_ _ rk_
7 pR_ _ pp
6  _ _p_ _
5 _ _ b _ 
4  _ _ _ _
3 _ _ B _ 
2 P_ _ PPP
1 _ _ _RK 

  abcdefgh
8 r_ _ rk_
7 pR_ _ pp
6  _ _p_ _
5 _ _ b _ 
4  _ _ _ _
3 _ _ B _ 
2 P_ _ PPP
1 _R_ _ K 

  abcdefgh
8 r_ _ rk_
7 _R_ _ pp
6  _ _p_ _
5 p _ b _ 
4  _ _ _ _
3 _ _ B _ 
2 P_ _ PPP
1 _R_ _ K 

  abcdefgh
8 r_ _ rk_
7 _R_ _ pp
6  _ _p_ _
5 p _ b _ 
4  _ _ _ _
3 _ _ B P 
2 P_ _ P P
1 _R_ _ K 

  abcdefgh
8 r_ _ rk_
7 _R_ _ pp
6  _ _p_ _
5 _ _ b _ 
4 p_ _ _ _
3 _ _ B P 
2 P_ _ P P
1 _R_ _ K 

  abcdefgh
8 r_ _ rk_
7 _ _ R pp
6  _ _p_ _
5 _ _ b _ 
4 p_ _ _ _
3 _ _ B P 
2 P_ _ P P
1 _R_ _ K 

  abcdefgh
8  _ _ rk_
7 _ _ R pp
6 r_ _p_ _
5 _ _ b _ 
4 p_ _ _ _
3 _ _ B P 
2 P_ _ P P
1 _R_ _ K 

  abcdefgh
8  _ _ rk_
7 _R_ R pp
6 r_ _p_ _
5 _ _ b _ 
4 p_ _ _ _
3 _ _ B P 
2 P_ _ P P
1 _ _ _ K 

  abcdefgh
8  _r_ _k_
7 _R_ R pp
6 r_ _p_ _
5 _ _ b _ 
4 p_ _ _ _
3 _ _ B P 
2 P_ _ P P
1 _ _ _ K 

  abcdefgh
8  _r_ _k_
7 _R_ R pp
6 rB _p_ _
5 _ _ b _ 
4 p_ _ _ _
3 _ _ _ P 
2 P_ _ P P
1 _ _ _ K 

  abcdefgh
8  _r_ _k_
7 _R_ R pp
6 rB _p_ _
5 _ _ b _ 
4  _ _ _ _
3 p _ _ P 
2 P_ _ P P
1 _ _ _ K 

  abcdefgh
8  _r_ _k_
7 _R_ R pp
6 rB _p_ _
5 _ _ b _ 
4  _ _ _ _
3 p _ _ P 
2 P_ _ PKP
1 _ _ _ _ 

  abcdefgh
8  _r_ _k_
7 _R_ R p 
6 rB _p_ _
5 _ _ b _p
4  _ _ _ _
3 p _ _ P 
2 P_ _ PKP
1 _ _ _ _ 

  abcdefgh
8  _r_ _k_
7 _R_ _ p 
6 rB _R_ _
5 _ _ b _p
4  _ _ _ _
3 p _ _ P 
2 P_ _ PKP
1 _ _ _ _ 

  abcdefgh
8  _r_ _k_
7 _R_ _ p 
6 rB _R_ _
5 _ _ _ _p
4  _ b _ _
3 p _ _ P 
2 P_ _ PKP
1 _ _ _ _ 

  abcdefgh
8  _r_ _k_
7 _R_ _ p 
6 rB _R_ _
5 _ _ _ _p
4  _ b _ P
3 p _ _ P 
2 P_ _ PK_
1 _ _ _ _ 

  abcdefgh
8  _r_ _k_
7 _R_ _ p 
6 rb _R_ _
5 _ _ _ _p
4  _ _ _ P
3 p _ _ P 
2 P_ _ PK_
1 _ _ _ _ 

  abcdefgh
8  _r_ _k_
7 _R_ _ p 
6 rR _ _ _
5 _ _ _ _p
4  _ _ _ P
3 p _ _ P 
2 P_ _ PK_
1 _ _ _ _ 

  abcdefgh
8  _r_ _k_
7 _R_ _ p 
6  r _ _ _
5 _ _ _ _p
4  _ _ _ P
3 p _ _ P 
2 P_ _ PK_
1 _ _ _ _ 

  abcdefgh
8  _r_ _k_
7 _ _ _ p 
6  R _ _ _
5 _ _ _ _p
4  _ _ _ P
3 p _ _ P 
2 P_ _ PK_
1 _ _ _ _ 

  abcdefgh
8  _ _ _k_
7 _ _ _ p 
6  R _ _ _
5 _ _ _ _p
4  _ _ _ P
3 p _ _ P 
2 P_r_ PK_
1 _ _ _ _ 

  abcdefgh
8  _ _ _k_
7 _ _ _ p 
6 R_ _ _ _
5 _ _ _ _p
4  _ _ _ P
3 p _ _ P 
2 P_r_ PK_
1 _ _ _ _ 

  abcdefgh
8  _ _ _k_
7 _ _ _ p 
6 R_ _ _ _
5 _ _ _ _p
4  _ _ _ P
3 p _ _ P 
2 r_ _ PK_
1 _ _ _ _ 

  abcdefgh
8  _ _ _k_
7 _ _ _ p 
6  _ _ _ _
5 R _ _ _p
4  _ _ _ P
3 p _ _ P 
2 r_ _ PK_
1 _ _ _ _ 

  abcdefgh
8  _ _ _k_
7 _ _ _ _ 
6  _ _ _p_
5 R _ _ _p
4  _ _ _ P
3 p _ _ P 
2 r_ _ PK_
1 _ _ _ _ 

  abcdefgh
8  _ _ _k_
7 R _ _ _ 
6  _ _ _p_
5 _ _ _ _p
4  _ _ _ P
3 p _ _ P 
2 r_ _ PK_
1 _ _ _ _ 

  abcdefgh
8  _ _ _k_
7 R _ _ _ 
6  _ _ _p_
5 _ _ _ _p
4  _ _ _ P
3 p _ _ P 
2  r _ PK_
1 _ _ _ _ 

  abcdefgh
8  _ _ _k_
7 R _ _ _ 
6  _ _ _p_
5 _ _ _ _p
4  _ _ _PP
3 p _ _ _ 
2  r _ PK_
1 _ _ _ _ 

  abcdefgh
8  _ _ _k_
7 R _ _ _ 
6  _ _ _p_
5 _ _ _ _p
4  _ _ _PP
3 _ _ _ _ 
2 pr _ PK_
1 _ _ _ _ 

  abcdefgh
8  _ _ _k_
7 R _ _ _ 
6  _ _ _p_
5 _ _ _ Pp
4  _ _ _ P
3 _ _ _ _ 
2 pr _ PK_
1 _ _ _ _ 

  abcdefgh
8  _ _ _ k
7 R _ _ _ 
6  _ _ _p_
5 _ _ _ Pp
4  _ _ _ P
3 _ _ _ _ 
2 pr _ PK_
1 _ _ _ _ 

  abcdefgh
8  _ _ _ k
7 R _ _ _ 
6  _ _ _p_
5 _ _ _ Pp
4  _ _ _ P
3 _ _ _ K 
2 pr _ P _
1 _ _ _ _ 

  abcdefgh
8  _ _ _ k
7 R _ _ _ 
6  _ _ _p_
5 _ _ _ Pp
4  _ _ _ P
3 _r_ _ K 
2 p_ _ P _
1 _ _ _ _ 

  abcdefgh
8  _ _ _ k
7 R _ _ _ 
6  _ _ _p_
5 _ _ _ Pp
4  _ _ _ P
3 _r_ _PK 
2 p_ _ _ _
1 _ _ _ _ 

  abcdefgh
8  _ _ _ k
7 R _ _ _ 
6  _ _ _p_
5 _ _ _ Pp
4  _ _ _ P
3 _ _ _PK 
2 pr _ _ _
1 _ _ _ _ 

  abcdefgh
8  _ _ _ k
7 R _ _ _ 
6  _ _ _p_
5 _ _ _ Pp
4  _ _ P P
3 _ _ _ K 
2 pr _ _ _
1 _ _ _ _ 

  abcdefgh
8  _ _ _k_
7 R _ _ _ 
6  _ _ _p_
5 _ _ _ Pp
4  _ _ P P
3 _ _ _ K 
2 pr _ _ _
1 _ _ _ _ 

  abcdefgh
8  _ _ _k_
7 R _ _ _ 
6  _ _ _p_
5 _ _ _PPp
4  _ _ _ P
3 _ _ _ K 
2 pr _ _ _
1 _ _ _ _ 

  abcdefgh
8  _ _ _k_
7 R _ _ _ 
6  _ _ _p_
5 _ _ _PPp
4  _ _ _ P
3 _r_ _ K 
2 p_ _ _ _
1 _ _ _ _ 

  abcdefgh
8  _ _ _k_
7 R _ _ _ 
6  _ _ _p_
5 _ _ _PPp
4  _ _ K P
3 _r_ _ _ 
2 p_ _ _ _
1 _ _ _ _ 

  abcdefgh
8  _ _ _k_
7 R _ _ _ 
6  _ _ _p_
5 _ _ _PPp
4  r _ K P
3 _ _ _ _ 
2 p_ _ _ _
1 _ _ _ _ 

  abcdefgh
8  _ _ _k_
7 R _ _ _ 
6  _ _ _p_
5 _ _ KPPp
4  r _ _ P
3 _ _ _ _ 
2 p_ _ _ _
1 _ _ _ _ 

  abcdefgh
8  _ _ _k_
7 R _ _ _ 
6  _ _ _p_
5 _r_ KPPp
4  _ _ _ P
3 _ _ _ _ 
2 p_ _ _ _
1 _ _ _ _ 

  abcdefgh
8  _ _ _k_
7 R _ _ _ 
6  _ _ Kp_
5 _r_ _PPp
4  _ _ _ P
3 _ _ _ _ 
2 p_ _ _ _
1 _ _ _ _ 

  abcdefgh
8  _ _ _k_
7 R _ _ _ 
6  r _ Kp_
5 _ _ _PPp
4  _ _ _ P
3 _ _ _ _ 
2 p_ _ _ _
1 _ _ _ _ 

  abcdefgh
8  _ _ _k_
7 R _ _ _ 
6  r _ _p_
5 _ _ KPPp
4  _ _ _ P
3 _ _ _ _ 
2 p_ _ _ _
1 _ _ _ _ 

  abcdefgh
8  _ _ _k_
7 R _ _ _ 
6  _ _ _p_
5 _r_ KPPp
4  _ _ _ P
3 _ _ _ _ 
2 p_ _ _ _
1 _ _ _ _ 

  abcdefgh
8  _ _ _k_
7 R _ _ _ 
6  _ _ Kp_
5 _r_ _PPp
4  _ _ _ P
3 _ _ _ _ 
2 p_ _ _ _
1 _ _ _ _ 

  abcdefgh
8  _ _ _k_
7 R _ _ _ 
6  r _ Kp_
5 _ _ _PPp
4  _ _ _ P
3 _ _ _ _ 
2 p_ _ _ _
1 _ _ _ _ 

  abcdefgh
8  _ _ _k_
7 R _ _ _ 
6  r _ _p_
5 _ _ KPPp
4  _ _ _ P
3 _ _ _ _ 
2 p_ _ _ _
1 _ _ _ _ 

  abcdefgh
8  _ _ _k_
7 R _ _ _ 
6  _ _ _p_
5 _r_ KPPp
4  _ _ _ P
3 _ _ _ _ 
2 p_ _ _ _
1 _ _ _ _ 

  abcdefgh
8  _ _ _k_
7 R _ _ _ 
6  _ _ Kp_
5 _r_ _PPp
4  _ _ _ P
3 _ _ _ _ 
2 p_ _ _ _
1 _ _ _ _ 

  abcdefgh
8  _ _ _k_
7 R _ _ _ 
6  r _ Kp_
5 _ _ _PPp
4  _ _ _ P
3 _ _ _ _ 
2 p_ _ _ _
1 _ _ _ _ 

  abcdefgh
8  _ _ _k_
7 R _ _ _ 
6  r _ _p_
5 _ _ KPPp
4  _ _ _ P
3 _ _ _ _ 
2 p_ _ _ _
1 _ _ _ _ 

  abcdefgh
8  _ _ _k_
7 R _ _ _ 
6  _ _ _p_
5 _r_ KPPp
4  _ _ _ P
3 _ _ _ _ 
2 p_ _ _ _
1 _ _ _ _ 

  abcdefgh
8  _ _ _k_
7 R _ _ _ 
6  _ _ _p_
5 _r_ _PPp
4  _ _K_ P
3 _ _ _ _ 
2 p_ _ _ _
1 _ _ _ _ 

  abcdefgh
8  _ _ _k_
7 R _ _ _ 
6  _ _ _p_
5 _ _ _rPp
4  _ _K_ P
3 _ _ _ _ 
2 p_ _ _ _
1 _ _ _ _ 

  abcdefgh
8  _ _ _k_
7 _ _ _ _ 
6  _ _ _p_
5 _ _ _rPp
4  _ _K_ P
3 _ _ _ _ 
2 R_ _ _ _
1 _ _ _ _ 

  abcdefgh
8  _ _ _k_
7 _ _ _r_ 
6  _ _ _p_
5 _ _ _ Pp
4  _ _K_ P
3 _ _ _ _ 
2 R_ _ _ _
1 _ _ _ _ 

  abcdefgh
8 R_ _ _k_
7 _ _ _r_ 
6  _ _ _p_
5 _ _ _ Pp
4  _ _K_ P
3 _ _ _ _ 
2  _ _ _ _
1 _ _ _ _ 

  abcdefgh
8 R_ _ _ _
7 _ _ _rk 
6  _ _ _p_
5 _ _ _ Pp
4  _ _K_ P
3 _ _ _ _ 
2  _ _ _ _
1 _ _ _ _ 

  abcdefgh
8  _ _ _ _
7 _ _ _rk 
6 R_ _ _p_
5 _ _ _ Pp
4  _ _K_ P
3 _ _ _ _ 
2  _ _ _ _
1 _ _ _ _ 

  abcdefgh
8  _ _ _ _
7 _r_ _ k 
6 R_ _ _p_
5 _ _ _ Pp
4  _ _K_ P
3 _ _ _ _ 
2  _ _ _ _
1 _ _ _ _ 

  abcdefgh
8  _ _ _ _
7 _r_ _ k 
6 R_ _ _p_
5 _ _K_ Pp
4  _ _ _ P
3 _ _ _ _ 
2  _ _ _ _
1 _ _ _ _ 

  abcdefgh
8  _ _ _ _
7 _ _ _ k 
6 R_ _ _p_
5 _ _K_ Pp
4  r _ _ P
3 _ _ _ _ 
2  _ _ _ _
1 _ _ _ _ 

  abcdefgh
8  _ _ _ _
7 R _ _ k 
6  _ _ _p_
5 _ _K_ Pp
4  r _ _ P
3 _ _ _ _ 
2  _ _ _ _
1 _ _ _ _ 

  abcdefgh
8  _ _ _k_
7 R _ _ _ 
6  _ _ _p_
5 _ _K_ Pp
4  r _ _ P
3 _ _ _ _ 
2  _ _ _ _
1 _ _ _ _ 

  abcdefgh
8  _ _ _k_
7 _ _ _ _ 
6  _ _ _p_
5 _ _K_ Pp
4  r _ _ P
3 _ _ _ _ 
2  _ _ _ _
1 R _ _ _ 

  abcdefgh
8  _ _ _k_
7 _ _ _ _ 
6  _ _ _p_
5 _ _K_ Pp
4  _ _ _ r
3 _ _ _ _ 
2  _ _ _ _
1 R _ _ _ 

  abcdefgh
8 R_ _ _k_
7 _ _ _ _ 
6  _ _ _p_
5 _ _K_ Pp
4  _ _ _ r
3 _ _ _ _ 
2  _ _ _ _
1 _ _ _ _ 

  abcdefgh
8 R_ _ _ _
7 _ _ _k_ 
6  _ _ _p_
5 _ _K_ Pp
4  _ _ _ r
3 _ _ _ _ 
2  _ _ _ _
1 _ _ _ _ 

  abcdefgh
8  _ _ _ _
7 R _ _k_ 
6  _ _ _p_
5 _ _K_ Pp
4  _ _ _ r
3 _ _ _ _ 
2  _ _ _ _
1 _ _ _ _ 

  abcdefgh
8  _ _ _k_
7 R _ _ _ 
6  _ _ _p_
5 _ _K_ Pp
4  _ _ _ r
3 _ _ _ _ 
2  _ _ _ _
1 _ _ _ _ 

  abcdefgh
8 R_ _ _k_
7 _ _ _ _ 
6  _ _ _p_
5 _ _K_ Pp
4  _ _ _ r
3 _ _ _ _ 
2  _ _ _ _
1 _ _ _ _ 

  abcdefgh
8 R_ _ _ _
7 _ _ _k_ 
6  _ _ _p_
5 _ _K_ Pp
4  _ _ _ r
3 _ _ _ _ 
2  _ _ _ _
1 _ _ _ _ 

  abcdefgh
8  _ _ _ _
7 R _ _k_ 
6  _ _ _p_
5 _ _K_ Pp
4  _ _ _ r
3 _ _ _ _ 
2  _ _ _ _
1 _ _ _ _ 

  abcdefgh
8  _ _ k _
7 R _ _ _ 
6  _ _ _p_
5 _ _K_ Pp
4  _ _ _ r
3 _ _ _ _ 
2  _ _ _ _
1 _ _ _ _ 

  abcdefgh
8 R_ _ k _
7 _ _ _ _ 
6  _ _ _p_
5 _ _K_ Pp
4  _ _ _ r
3 _ _ _ _ 
2  _ _ _ _
1 _ _ _ _ 

  abcdefgh
8 R_ _ _ _
7 _ _ k _ 
6  _ _ _p_
5 _ _K_ Pp
4  _ _ _ r
3 _ _ _ _ 
2  _ _ _ _
1 _ _ _ _ 

  abcdefgh
8  _ _ _ _
7 R _ k _ 
6  _ _ _p_
5 _ _K_ Pp
4  _ _ _ r
3 _ _ _ _ 
2  _ _ _ _
1 _ _ _ _ 

  abcdefgh
8  _ _ k _
7 R _ _ _ 
6  _ _ _p_
5 _ _K_ Pp
4  _ _ _ r
3 _ _ _ _ 
2  _ _ _ _
1 _ _ _ _ 

  abcdefgh
8 R_ _ k _
7 _ _ _ _ 
6  _ _ _p_
5 _ _K_ Pp
4  _ _ _ r
3 _ _ _ _ 
2  _ _ _ _
1 _ _ _ _ 

  abcdefgh
8 R_ _ _ _
7 _ _ _ k 
6  _ _ _p_
5 _ _K_ Pp
4  _ _ _ r
3 _ _ _ _ 
2  _ _ _ _
1 _ _ _ _ 

  abcdefgh
8  _ _ _ _
7 R _ _ k 
6  _ _ _p_
5 _ _K_ Pp
4  _ _ _ r
3 _ _ _ _ 
2  _ _ _ _
1 _ _ _ _ 

  abcdefgh
8  _ _ _ k
7 R _ _ _ 
6  _ _ _p_
5 _ _K_ Pp
4  _ _ _ r
3 _ _ _ _ 
2  _ _ _ _
1 _ _ _ _ 

  abcdefgh
8 R_ _ _ k
7 _ _ _ _ 
6  _ _ _p_
5 _ _K_ Pp
4  _ _ _ r
3 _ _ _ _ 
2  _ _ _ _
1 _ _ _ _ 

  abcdefgh
8 R_ _ _ _
7 _ _ _ k 
6  _ _ _p_
5 _ _K_ Pp
4  _ _ _ r
3 _ _ _ _ 
2  _ _ _ _
1 _ _ _ _ 

  abcdefgh
8  _ _ _ _
7 R _ _ k 
6  _ _ _p_
5 _ _K_ Pp
4  _ _ _ r
3 _ _ _ _ 
2  _ _ _ _
1 _ _ _ _ 

  abcdefgh
8  _ _ _ k
7 R _ _ _ 
6  _ _ _p_
5 _ _K_ Pp
4  _ _ _ r
3 _ _ _ _ 
2  _ _ _ _
1 _ _ _ _ 

  abcdefgh
8 R_ _ _ k
7 _ _ _ _ 
6  _ _ _p_
5 _ _K_ Pp
4  _ _ _ r
3 _ _ _ _ 
2  _ _ _ _
1 _ _ _ _ 

  abcdefgh
8 R_ _ _ _
7 _ _ _ k 
6  _ _ _p_
5 _ _K_ Pp
4  _ _ _ r
3 _ _ _ _ 
2  _ _ _ _
1 _ _ _ _ 

  abcdefgh
8  _ _ _ _
7 R _ _ k 
6  _ _ _p_
5 _ _K_ Pp
4  _ _ _ r
3 _ _ _ _ 
2  _ _ _ _
1 _ _ _ _ 

  abcdefgh
8  _ _ _ k
7 R _ _ _ 
6  _ _ _p_
5 _ _K_ Pp
4  _ _ _ r
3 _ _ _ _ 
2  _ _ _ _
1 _ _ _ _ 

  abcdefgh
8 R_ _ _ k
7 _ _ _ _ 
6  _ _ _p_
5 _ _K_ Pp
4  _ _ _ r
3 _ _ _ _ 
2  _ _ _ _
1 _ _ _ _ 

  abcdefgh
8 R_ _ _ _
7 _ _ _ k 
6  _ _ _p_
5 _ _K_ Pp
4  _ _ _ r
3 _ _ _ _ 
2  _ _ _ _
1 _ _ _ _ 

  abcdefgh
8  _ _ _ _
7 R _ _ k 
6  _ _ _p_
5 _ _K_ Pp
4  _ _ _ r
3 _ _ _ _ 
2  _ _ _ _
1 _ _ _ _ 

  abcdefgh
8  _ _ _ k
7 R _ _ _ 
6  _ _ _p_
5 _ _K_ Pp
4  _ _ _ r
3 _ _ _ _ 
2  _ _ _ _
1 _ _ _ _ 

  abcdefgh
8 R_ _ _ k
7 _ _ _ _ 
6  _ _ _p_
5 _ _K_ Pp
4  _ _ _ r
3 _ _ _ _ 
2  _ _ _ _
1 _ _ _ _ 

  abcdefgh
8 R_ _ _ _
7 _ _ _ k 
6  _ _ _p_
5 _ _K_ Pp
4  _ _ _ r
3 _ _ _ _ 
2  _ _ _ _
1 _ _ _ _ 

  abcdefgh
CTRL-D detected
