8 rnbqkbnr
7 pppppppp
6  _ _ _ _
5 _ _ _ _ 
4  _ P _ _
3 _ _ _ _ 
2 PPP_PPPP
1 RNBQKBNR

  abcdefgh
8 rnbqkbnr
7 ppp pppp
6  _ _ _ _
5 _ _p_ _ 
4  _ P _ _
3 _ _ _ _ 
2 PPP_PPPP
1 RNBQKBNR

  abcdefgh
8 rnbqkbnr
7 ppp pppp
6  _ _ _ _
5 _ _p_ _ 
4  _PP _ _
3 _ _ _ _ 
2 PP _PPPP
1 RNBQKBNR

  abcdefgh
8 rnbqkbnr
7 ppp _ppp
6  _ _p_ _
5 _ _p_ _ 
4  _PP _ _
3 _ _ _ _ 
2 PP _PPPP
1 RNBQKBNR

  abcdefgh
8 rnbqkbnr
7 ppp _ppp
6  _ _p_ _
5 _ _P_ _ 
4  _ P _ _
3 _ _ _ _ 
2 PP _PPPP
1 RNBQKBNR

  abcdefgh
8 rnbqkbnr
7 ppp _ppp
6  _ _ _ _
5 _ _p_ _ 
4  _ P _ _
3 _ _ _ _ 
2 PP _PPPP
1 RNBQKBNR

  abcdefgh
8 rnbqkbnr
7 ppp _ppp
6  _ _ _ _
5 _ _p_ _ 
4  _ P _ _
3 _ N _ _ 
2 PP _PPPP
1 R BQKBNR

  abcdefgh
8 rnbqkbnr
7 pp_ _ppp
6  _p_ _ _
5 _ _p_ _ 
4  _ P _ _
3 _ N _ _ 
2 PP _PPPP
1 R BQKBNR

  abcdefgh
8 rnbqkbnr
7 pp_ _ppp
6  _p_ _ _
5 _ _p_ _ 
4  _ P B _
3 _ N _ _ 
2 PP _PPPP
1 R _QKBNR

  abcdefgh
8 rnbqk_nr
7 pp_ _ppp
6  _pb _ _
5 _ _p_ _ 
4  _ P B _
3 _ N _ _ 
2 PP _PPPP
1 R _QKBNR

  abcdefgh
8 rnbqk_nr
7 pp_ _ppp
6  _pB _ _
5 _ _p_ _ 
4  _ P _ _
3 _ N _ _ 
2 PP _PPPP
1 R _QKBNR

  abcdefgh
8 rnb_k_nr
7 pp_ _ppp
6  _pq _ _
5 _ _p_ _ 
4  _ P _ _
3 _ N _ _ 
2 PP _PPPP
1 R _QKBNR

  abcdefgh
8 rnb_k_nr
7 pp_ _ppp
6  _pq _ _
5 _ _p_ _ 
4  _ P _ _
3 _QN _ _ 
2 PP _PPPP
1 R _ KBNR

  abcdefgh
8 rnb_k_ r
7 pp_ _ppp
6  _pq n _
5 _ _p_ _ 
4  _ P _ _
3 _QN _ _ 
2 PP _PPPP
1 R _ KBNR

  abcdefgh
8 rnb_k_ r
7 pp_ _ppp
6  _pq n _
5 _ _p_ _ 
4  _ P _ _
3 _QN P _ 
2 PP _ PPP
1 R _ KBNR

  abcdefgh
was here
8 rnb_ rk_
7 pp_ _ppp
6  _pq n _
5 _ _p_ _ 
4  _ P _ _
3 _QN P _ 
2 PP _ PPP
1 R _ KBNR

  abcdefgh
8 rnb_ rk_
7 pp_ _ppp
6  _pq n _
5 _ _p_ _ 
4  _ P _ _
3 _QN P _ 
2 PP _BPPP
1 R _ K NR

  abcdefgh
8 rnb_ rk_
7 pp_ _ppp
6  _pq _ _
5 _ _p_ _ 
4  _ Pn_ _
3 _QN P _ 
2 PP _BPPP
1 R _ K NR

  abcdefgh
8 rnb_ rk_
7 pp_ _ppp
6  _pq _ _
5 _ _p_ _ 
4  _ Pn_ _
3 _QN PN_ 
2 PP _BPPP
1 R _ K _R

  abcdefgh
8 r_b_ rk_
7 pp_n_ppp
6  _pq _ _
5 _ _p_ _ 
4  _ Pn_ _
3 _QN PN_ 
2 PP _BPPP
1 R _ K _R

  abcdefgh
was here
8 r_b_ rk_
7 pp_n_ppp
6  _pq _ _
5 _ _p_ _ 
4  _ Pn_ _
3 _QN PN_ 
2 PP _BPPP
1 R _ _RK 

  abcdefgh
8 r_b_ rk_
7 pp_ _ppp
6  _pq n _
5 _ _p_ _ 
4  _ Pn_ _
3 _QN PN_ 
2 PP _BPPP
1 R _ _RK 

  abcdefgh
8 r_b_ rk_
7 pp_ _ppp
6  _pq n _
5 _ _p_ _ 
4  _ Pn_ _
3 _QN PN_ 
2 PP _BPPP
1 R R _ K 

  abcdefgh
8 r_b_ rk_
7 pp_ qppp
6  _p_ n _
5 _ _p_ _ 
4  _ Pn_ _
3 _QN PN_ 
2 PP _BPPP
1 R R _ K 

  abcdefgh
8 r_b_ rk_
7 pp_ qppp
6  _p_ n _
5 _ _p_ _ 
4  _ PN_ _
3 _Q_ PN_ 
2 PP _BPPP
1 R R _ K 

  abcdefgh
8 r_b_ rk_
7 pp_ qppp
6  _p_ _ _
5 _ _p_ _ 
4  _ Pn_ _
3 _Q_ PN_ 
2 PP _BPPP
1 R R _ K 

  abcdefgh
8 r_b_ rk_
7 pp_ qppp
6  _p_ _ _
5 _ _p_ _ 
4  _ Pn_ _
3 _Q_BPN_ 
2 PP _ PPP
1 R R _ K 

  abcdefgh
8 r_b_ rk_
7 pp_ qppp
6  _pn _ _
5 _ _p_ _ 
4  _ P _ _
3 _Q_BPN_ 
2 PP _ PPP
1 R R _ K 

  abcdefgh
8 r_b_ rk_
7 pp_ qppp
6  _pn _ _
5 _ _p_ _ 
4  _ P _ _
3 _ _BPN_ 
2 PPQ_ PPP
1 R R _ K 

  abcdefgh
8 r_b_ rk_
7 pp_ qp_p
6  _pn _p_
5 _ _p_ _ 
4  _ P _ _
3 _ _BPN_ 
2 PPQ_ PPP
1 R R _ K 

  abcdefgh
8 r_b_ rk_
7 pp_ qp_p
6  _pn _p_
5 _ Qp_ _ 
4  _ P _ _
3 _ _BPN_ 
2 PP _ PPP
1 R R _ K 

  abcdefgh
8 r_ _ rk_
7 pp_ qp_p
6  _pnb_p_
5 _ Qp_ _ 
4  _ P _ _
3 _ _BPN_ 
2 PP _ PPP
1 R R _ K 

  abcdefgh
8 r_ _ rk_
7 pp_ qp_p
6  _pnb_p_
5 _ Qp_ _ 
4 P_ P _ _
3 _ _BPN_ 
2  P _ PPP
1 R R _ K 

  abcdefgh
8 r_ _ rk_
7 _p_ qp_p
6 p_pnb_p_
5 _ Qp_ _ 
4 P_ P _ _
3 _ _BPN_ 
2  P _ PPP
1 R R _ K 

  abcdefgh
8 r_ _ rk_
7 _p_ qp_p
6 p_pnb_p_
5 _ Qp_ _ 
4 P_ P _ _
3 _ _BPN_ 
2  PR_ PPP
1 R _ _ K 

  abcdefgh
8 r_ _ rk_
7 _p_ qp_p
6 p_pn _p_
5 _ Qp_ _ 
4 P_ P _b_
3 _ _BPN_ 
2  PR_ PPP
1 R _ _ K 

  abcdefgh
8 r_ _ rk_
7 _p_ qp_p
6 p_pn _p_
5 _ QpN _ 
4 P_ P _b_
3 _ _BP _ 
2  PR_ PPP
1 R _ _ K 

  abcdefgh
8 r_ _ rk_
7 _p_ qp_p
6 p_pnb_p_
5 _ QpN _ 
4 P_ P _ _
3 _ _BP _ 
2  PR_ PPP
1 R _ _ K 

  abcdefgh
8 r_ _ rk_
7 _p_ qp_p
6 p_pnb_p_
5 _ Qp_ _ 
4 P_ P _ _
3 _ _BPN_ 
2  PR_ PPP
1 R _ _ K 

  abcdefgh
8 r_ _r_k_
7 _p_ qp_p
6 p_pnb_p_
5 _ Qp_ _ 
4 P_ P _ _
3 _ _BPN_ 
2  PR_ PPP
1 R _ _ K 

  abcdefgh
8 r_ _r_k_
7 _p_ qp_p
6 p_pnb_p_
5 _ Qp_ _ 
4 P_ P _ _
3 _ _BPN_P
2  PR_ PP_
1 R _ _ K 

  abcdefgh
8 r_ _r_k_
7 _p_ qp_ 
6 p_pnb_p_
5 _ Qp_ _p
4 P_ P _ _
3 _ _BPN_P
2  PR_ PP_
1 R _ _ K 

  abcdefgh
8 r_ _r_k_
7 _p_ qp_ 
6 p_pnb_p_
5 _ Qp_ _p
4 P_ P _ _
3 _ _BPN_P
2  PR_ PP_
1 _ _ _RK 

  abcdefgh
8 r_ _r_ _
7 _p_ qpk 
6 p_pnb_p_
5 _ Qp_ _p
4 P_ P _ _
3 _ _BPN_P
2  PR_ PP_
1 _ _ _RK 

  abcdefgh
8 r_ _r_ _
7 _p_ qpk 
6 p_pnb_p_
5 _ Qp_ _p
4 PP P _ _
3 _ _BPN_P
2  _R_ PP_
1 _ _ _RK 

  abcdefgh
8  _ rr_ _
7 _p_ qpk 
6 p_pnb_p_
5 _ Qp_ _p
4 PP P _ _
3 _ _BPN_P
2  _R_ PP_
1 _ _ _RK 

  abcdefgh
8  _ rr_ _
7 _p_ qpk 
6 p_pnb_p_
5 _ QpN _p
4 PP P _ _
3 _ _BP _P
2  _R_ PP_
1 _ _ _RK 

  abcdefgh
8  _r_r_ _
7 _p_ qpk 
6 p_pnb_p_
5 _ QpN _p
4 PP P _ _
3 _ _BP _P
2  _R_ PP_
1 _ _ _RK 

  abcdefgh
8  _r_r_ _
7 _p_ qpk 
6 p_pnb_p_
5 _ QpN _p
4 PP P _ _
3 _ _BPP_P
2  _R_ _P_
1 _ _ _RK 

  abcdefgh
8  _r_r_ _
7 _p_ qpk 
6 p_pn _p_
5 _ QpNb_p
4 PP P _ _
3 _ _BPP_P
2  _R_ _P_
1 _ _ _RK 

  abcdefgh
8  _r_r_ _
7 _p_ qpk 
6 p_pn _p_
5 _ QpNb_p
4 PP P _ _
3 _ _BPP_P
2  _R_ _P_
1 _ _ R K 

  abcdefgh
8  _r_r_ _
7 _p_ q k 
6 p_pn pp_
5 _ QpNb_p
4 PP P _ _
3 _ _BPP_P
2  _R_ _P_
1 _ _ R K 

  abcdefgh
8  _r_r_ _
7 _p_ q k 
6 p_pn pp_
5 _ QpNb_p
4 PP PP_ _
3 _ _B_P_P
2  _R_ _P_
1 _ _ R K 

  abcdefgh
8  _r_r_ _
7 _p_ q k 
6 p_pn _p_
5 _ Qppb_p
4 PP PP_ _
3 _ _B_P_P
2  _R_ _P_
1 _ _ R K 

  abcdefgh
8  _r_r_ _
7 _p_ q k 
6 p_pn _p_
5 _ QppP_p
4 PP P _ _
3 _ _B_P_P
2  _R_ _P_
1 _ _ R K 

  abcdefgh
8  _r_r_ _
7 _p_ q k 
6 p_pn _p_
5 _ Qp_P_p
4 PP Pp_ _
3 _ _B_P_P
2  _R_ _P_
1 _ _ R K 

  abcdefgh
8  _r_r_ _
7 _p_ q k 
6 p_pn _p_
5 _ Qp_P_p
4 PP PP_ _
3 _ _B_ _P
2  _R_ _P_
1 _ _ R K 

  abcdefgh
8  _r_r_ _
7 _p_ q k 
6 p_p_ _p_
5 _ Qp_n_p
4 PP PP_ _
3 _ _B_ _P
2  _R_ _P_
1 _ _ R K 

  abcdefgh
8  _r_r_ _
7 _p_ q k 
6 p_p_ _p_
5 _ QpPn_p
4 PP P _ _
3 _ _B_ _P
2  _R_ _P_
1 _ _ R K 

  abcdefgh
8  _r_r_ _
7 _p_ _ k 
6 p_p_ _p_
5 _ qpPn_p
4 PP P _ _
3 _ _B_ _P
2  _R_ _P_
1 _ _ R K 

  abcdefgh
8  _r_r_ _
7 _p_ _ k 
6 p_p_ _p_
5 _ PpPn_p
4 PP _ _ _
3 _ _B_ _P
2  _R_ _P_
1 _ _ R K 

  abcdefgh
8  _r_ _ _
7 _p_ _ k 
6 p_p_r_p_
5 _ PpPn_p
4 PP _ _ _
3 _ _B_ _P
2  _R_ _P_
1 _ _ R K 

  abcdefgh
8  _r_ _ _
7 _p_ _ k 
6 p_p_r_p_
5 _ PpPn_p
4 PP _ _ _
3 _ _B_ _P
2  _ _ RP_
1 _ _ R K 

  abcdefgh
8  _ _ r _
7 _p_ _ k 
6 p_p_r_p_
5 _ PpPn_p
4 PP _ _ _
3 _ _B_ _P
2  _ _ RP_
1 _ _ R K 

  abcdefgh
8  _ _ r _
7 _p_ _ k 
6 p_p_r_p_
5 _ PpPn_p
4 PP _ _ _
3 _ _B_R_P
2  _ _ _P_
1 _ _ R K 

  abcdefgh
8  _ _ r _
7 _p_ _ k 
6 p_p_r_p_
5 _ PpP _p
4 PP n _ _
3 _ _B_R_P
2  _ _ _P_
1 _ _ R K 

  abcdefgh
8  _ _ R _
7 _p_ _ k 
6 p_p_r_p_
5 _ PpP _p
4 PP n _ _
3 _ _B_ _P
2  _ _ _P_
1 _ _ R K 

  abcdefgh
8  _ _ k _
7 _p_ _ _ 
6 p_p_r_p_
5 _ PpP _p
4 PP n _ _
3 _ _B_ _P
2  _ _ _P_
1 _ _ R K 

  abcdefgh
8  _ _ k _
7 _p_ _ _ 
6 p_p_r_p_
5 _ PpP _p
4 PP n _ _
3 _ _B_ _P
2  _ _ _P_
1 _ _R_ K 

  abcdefgh
8  _ _ k _
7 _p_ _ _ 
6 p_p_ _p_
5 _ Ppr _p
4 PP n _ _
3 _ _B_ _P
2  _ _ _P_
1 _ _R_ K 

  abcdefgh
8  _ _ k _
7 _p_ _ _ 
6 B_p_ _p_
5 _ Ppr _p
4 PP n _ _
3 _ _ _ _P
2  _ _ _P_
1 _ _R_ K 

  abcdefgh
8  _ _ k _
7 _ _ _ _ 
6 p_p_ _p_
5 _ Ppr _p
4 PP n _ _
3 _ _ _ _P
2  _ _ _P_
1 _ _R_ K 

  abcdefgh
8  _ _ k _
7 _ _ _ _ 
6 p_p_ _p_
5 _ Ppr _p
4 PP R _ _
3 _ _ _ _P
2  _ _ _P_
1 _ _ _ K 

  abcdefgh
8  _ _ _ _
7 _ _ k _ 
6 p_p_ _p_
5 _ Ppr _p
4 PP R _ _
3 _ _ _ _P
2  _ _ _P_
1 _ _ _ K 

  abcdefgh
8  _ _ _ _
7 _ _ k _ 
6 p_p_ _p_
5 _ Ppr _p
4 PP R _ _
3 _ _ _ _P
2  _ _ KP_
1 _ _ _ _ 

  abcdefgh
8  _ _ _ _
7 _ _ _ _ 
6 p_p_k_p_
5 _ Ppr _p
4 PP R _ _
3 _ _ _ _P
2  _ _ KP_
1 _ _ _ _ 

  abcdefgh
8  _ _ _ _
7 _ _ _ _ 
6 p_p_k_p_
5 _ Ppr _p
4 PP _ R _
3 _ _ _ _P
2  _ _ KP_
1 _ _ _ _ 

  abcdefgh
8  _ _ _ _
7 _ _ _ _ 
6 p_p_k_p_
5 _ Pp_ _p
4 PP _rR _
3 _ _ _ _P
2  _ _ KP_
1 _ _ _ _ 

  abcdefgh
8  _ _ R _
7 _ _ _ _ 
6 p_p_k_p_
5 _ Pp_ _p
4 PP _r_ _
3 _ _ _ _P
2  _ _ KP_
1 _ _ _ _ 

  abcdefgh
8  _ _ R _
7 _ _ _ _ 
6 p_p_k_p_
5 _ Pp_ _p
4 Pr _ _ _
3 _ _ _ _P
2  _ _ KP_
1 _ _ _ _ 

  abcdefgh
8  _R_ _ _
7 _ _ _ _ 
6 p_p_k_p_
5 _ Pp_ _p
4 Pr _ _ _
3 _ _ _ _P
2  _ _ KP_
1 _ _ _ _ 

  abcdefgh
8  _R_ _ _
7 _ _k_ _ 
6 p_p_ _p_
5 _ Pp_ _p
4 Pr _ _ _
3 _ _ _ _P
2  _ _ KP_
1 _ _ _ _ 

  abcdefgh
8  _ _ _R_
7 _ _k_ _ 
6 p_p_ _p_
5 _ Pp_ _p
4 Pr _ _ _
3 _ _ _ _P
2  _ _ KP_
1 _ _ _ _ 

  abcdefgh
8  _ _ _R_
7 _ _k_ _ 
6  _p_ _p_
5 p Pp_ _p
4 Pr _ _ _
3 _ _ _ _P
2  _ _ KP_
1 _ _ _ _ 

  abcdefgh
8  _ _ _ _
7 _ _k_ _ 
6  _p_ _R_
5 p Pp_ _p
4 Pr _ _ _
3 _ _ _ _P
2  _ _ KP_
1 _ _ _ _ 

  abcdefgh
8  _ _ _ _
7 _ _k_ _ 
6  _p_ _R_
5 p Pp_ _p
4 P_ _ r _
3 _ _ _ _P
2  _ _ KP_
1 _ _ _ _ 

  abcdefgh
8  _ _ _ _
7 _ _k_ _ 
6  _p_ _R_
5 p Pp_ _p
4 P_ _ r _
3 _ _ K _P
2  _ _ _P_
1 _ _ _ _ 

  abcdefgh
8  _ _ _ _
7 _ _k_ _ 
6  _p_ _R_
5 p Pp_ _p
4 r_ _ _ _
3 _ _ K _P
2  _ _ _P_
1 _ _ _ _ 

  abcdefgh
8  _ _ _ _
7 _ _k_ R 
6  _p_ _ _
5 p Pp_ _p
4 r_ _ _ _
3 _ _ K _P
2  _ _ _P_
1 _ _ _ _ 

  abcdefgh
8  _k_ _ _
7 _ _ _ R 
6  _p_ _ _
5 p Pp_ _p
4 r_ _ _ _
3 _ _ K _P
2  _ _ _P_
1 _ _ _ _ 

  abcdefgh
8  _k_ _ _
7 _ _ _ R 
6  _p_ _ _
5 p Pp_ _p
4 r_ _ _P_
3 _ _ K _P
2  _ _ _ _
1 _ _ _ _ 

  abcdefgh
8  _k_ _ _
7 _ _ _ R 
6  _p_ _ _
5 p Pp_ _p
4  _ _ _P_
3 r _ K _P
2  _ _ _ _
1 _ _ _ _ 

  abcdefgh
8  _k_ _ _
7 _ _ _ R 
6  _p_ _ _
5 p Pp_ _p
4  _ _ KP_
3 r _ _ _P
2  _ _ _ _
1 _ _ _ _ 

  abcdefgh
8  _k_ _ _
7 _ _ _ R 
6  _p_ _ _
5 p Pp_ _ 
4  _ _ Kp_
3 r _ _ _P
2  _ _ _ _
1 _ _ _ _ 

  abcdefgh
8  _k_ _ _
7 _ _ _ R 
6  _p_ _ _
5 p Pp_ _ 
4  _ _ KP_
3 r _ _ _ 
2  _ _ _ _
1 _ _ _ _ 

  abcdefgh
8  _k_ _ _
7 _ _ _ R 
6  _p_ _ _
5 _ Pp_ _ 
4 p_ _ KP_
3 r _ _ _ 
2  _ _ _ _
1 _ _ _ _ 

  abcdefgh
8  _k_ _ _
7 _ _ _ R 
6  _p_ _ _
5 _ Pp_ P 
4 p_ _ K _
3 r _ _ _ 
2  _ _ _ _
1 _ _ _ _ 

  abcdefgh
8  _k_ _ _
7 _ _ _ R 
6  _p_ _ _
5 _ Pp_ P 
4 p_ _ K _
3 _ _ _ _ 
2  _ _ _ _
1 r _ _ _ 

  abcdefgh
8  _k_ _ _
7 _ _ _ R 
6  _p_ _ _
5 _ PpK P 
4 p_ _ _ _
3 _ _ _ _ 
2  _ _ _ _
1 r _ _ _ 

  abcdefgh
8  k _ _ _
7 _ _ _ R 
6  _p_ _ _
5 _ PpK P 
4 p_ _ _ _
3 _ _ _ _ 
2  _ _ _ _
1 r _ _ _ 

  abcdefgh
8  k _ _ _
7 _ _ _ R 
6  _pK _ _
5 _ Pp_ P 
4 p_ _ _ _
3 _ _ _ _ 
2  _ _ _ _
1 r _ _ _ 

  abcdefgh
8  k _ _ _
7 _ _ _ R 
6  _pK _ _
5 _ Pp_ P 
4  _ _ _ _
3 p _ _ _ 
2  _ _ _ _
1 r _ _ _ 

  abcdefgh
8  k _ _ _
7 _ _ _ R 
6  _K_ _ _
5 _ Pp_ P 
4  _ _ _ _
3 p _ _ _ 
2  _ _ _ _
1 r _ _ _ 

  abcdefgh
8  k _ _ _
7 _ _ _ R 
6  _K_ _ _
5 _ Pp_ P 
4  _ _ _ _
3 p _ _ _ 
2  _ _ _ _
1 _r_ _ _ 

  abcdefgh
8  k _ _R_
7 _ _ _ _ 
6  _K_ _ _
5 _ Pp_ P 
4  _ _ _ _
3 p _ _ _ 
2  _ _ _ _
1 _r_ _ _ 

  abcdefgh
8  _ _ _R_
7 k _ _ _ 
6  _K_ _ _
5 _ Pp_ P 
4  _ _ _ _
3 p _ _ _ 
2  _ _ _ _
1 _r_ _ _ 

  abcdefgh
8  _ _ _ _
7 k _ _ R 
6  _K_ _ _
5 _ Pp_ P 
4  _ _ _ _
3 p _ _ _ 
2  _ _ _ _
1 _r_ _ _ 

  abcdefgh
8 k_ _ _ _
7 _ _ _ R 
6  _K_ _ _
5 _ Pp_ P 
4  _ _ _ _
3 p _ _ _ 
2  _ _ _ _
1 _r_ _ _ 

  abcdefgh
8 k_ _ _R_
7 _ _ _ _ 
6  _K_ _ _
5 _ Pp_ P 
4  _ _ _ _
3 p _ _ _ 
2  _ _ _ _
1 _r_ _ _ 

  abcdefgh
8  _ _ _R_
7 k _ _ _ 
6  _K_ _ _
5 _ Pp_ P 
4  _ _ _ _
3 p _ _ _ 
2  _ _ _ _
1 _r_ _ _ 

  abcdefgh
8  _ _ _ _
7 k _ _ R 
6  _K_ _ _
5 _ Pp_ P 
4  _ _ _ _
3 p _ _ _ 
2  _ _ _ _
1 _r_ _ _ 

  abcdefgh
8  k _ _ _
7 _ _ _ R 
6  _K_ _ _
5 _ Pp_ P 
4  _ _ _ _
3 p _ _ _ 
2  _ _ _ _
1 _r_ _ _ 

  abcdefgh
8  k _ _R_
7 _ _ _ _ 
6  _K_ _ _
5 _ Pp_ P 
4  _ _ _ _
3 p _ _ _ 
2  _ _ _ _
1 _r_ _ _ 

  abcdefgh
8  _ _ _R_
7 k _ _ _ 
6  _K_ _ _
5 _ Pp_ P 
4  _ _ _ _
3 p _ _ _ 
2  _ _ _ _
1 _r_ _ _ 

  abcdefgh
8  _ _ _ _
7 k _ _ R 
6  _K_ _ _
5 _ Pp_ P 
4  _ _ _ _
3 p _ _ _ 
2  _ _ _ _
1 _r_ _ _ 

  abcdefgh
8  k _ _ _
7 _ _ _ R 
6  _K_ _ _
5 _ Pp_ P 
4  _ _ _ _
3 p _ _ _ 
2  _ _ _ _
1 _r_ _ _ 

  abcdefgh
8  k _ _R_
7 _ _ _ _ 
6  _K_ _ _
5 _ Pp_ P 
4  _ _ _ _
3 p _ _ _ 
2  _ _ _ _
1 _r_ _ _ 

  abcdefgh
8  _ _ _R_
7 k _ _ _ 
6  _K_ _ _
5 _ Pp_ P 
4  _ _ _ _
3 p _ _ _ 
2  _ _ _ _
1 _r_ _ _ 

  abcdefgh
8  _ _ _ _
7 k _ _ R 
6  _K_ _ _
5 _ Pp_ P 
4  _ _ _ _
3 p _ _ _ 
2  _ _ _ _
1 _r_ _ _ 

  abcdefgh
8  k _ _ _
7 _ _ _ R 
6  _K_ _ _
5 _ Pp_ P 
4  _ _ _ _
3 p _ _ _ 
2  _ _ _ _
1 _r_ _ _ 

  abcdefgh
8  k _ _R_
7 _ _ _ _ 
6  _K_ _ _
5 _ Pp_ P 
4  _ _ _ _
3 p _ _ _ 
2  _ _ _ _
1 _r_ _ _ 

  abcdefgh
8  _ _ _R_
7 k _ _ _ 
6  _K_ _ _
5 _ Pp_ P 
4  _ _ _ _
3 p _ _ _ 
2  _ _ _ _
1 _r_ _ _ 

  abcdefgh
CTRL-D detected
