8 rnbqkbnr
7 pppppppp
6  _ _ _ _
5 _ _ _ _ 
4  _ P _ _
3 _ _ _ _ 
2 PPP_PPPP
1 RNBQKBNR

  abcdefgh
8 rnbqkbnr
7 pppppp_p
6  _ _ _p_
5 _ _ _ _ 
4  _ P _ _
3 _ _ _ _ 
2 PPP_PPPP
1 RNBQKBNR

  abcdefgh
8 rnbqkbnr
7 pppppp_p
6  _ _ _p_
5 _ _ _ _ 
4  _PP _ _
3 _ _ _ _ 
2 PP _PPPP
1 RNBQKBNR

  abcdefgh
8 rnbqk_nr
7 ppppppbp
6  _ _ _p_
5 _ _ _ _ 
4  _PP _ _
3 _ _ _ _ 
2 PP _PPPP
1 RNBQKBNR

  abcdefgh
8 rnbqk_nr
7 ppppppbp
6  _ _ _p_
5 _ _ _ _ 
4  _PP _ _
3 _ _ _N_ 
2 PP _PPPP
1 RNBQKB_R

  abcdefgh
8 rnbqk_ r
7 ppppppbp
6  _ _ np_
5 _ _ _ _ 
4  _PP _ _
3 _ _ _N_ 
2 PP _PPPP
1 RNBQKB_R

  abcdefgh
8 rnbqk_ r
7 ppppppbp
6  _ _ np_
5 _ _ _ _ 
4  _PP _ _
3 _ _ _NP 
2 PP _PP P
1 RNBQKB_R

  abcdefgh
was here
8 rnbq rk_
7 ppppppbp
6  _ _ np_
5 _ _ _ _ 
4  _PP _ _
3 _ _ _NP 
2 PP _PP P
1 RNBQKB_R

  abcdefgh
8 rnbq rk_
7 ppppppbp
6  _ _ np_
5 _ _ _ _ 
4  _PP _ _
3 _ _ _NP 
2 PP _PPBP
1 RNBQK _R

  abcdefgh
8 rnbq rk_
7 ppp ppbp
6  _ p np_
5 _ _ _ _ 
4  _PP _ _
3 _ _ _NP 
2 PP _PPBP
1 RNBQK _R

  abcdefgh
8 rnbq rk_
7 ppp ppbp
6  _ p np_
5 _ _ _ _ 
4  _PP _ _
3 _ N _NP 
2 PP _PPBP
1 R BQK _R

  abcdefgh
8 r_bq rk_
7 pppnppbp
6  _ p np_
5 _ _ _ _ 
4  _PP _ _
3 _ N _NP 
2 PP _PPBP
1 R BQK _R

  abcdefgh
was here
8 r_bq rk_
7 pppnppbp
6  _ p np_
5 _ _ _ _ 
4  _PP _ _
3 _ N _NP 
2 PP _PPBP
1 R BQ_RK 

  abcdefgh
8 r_bq rk_
7 pppn_pbp
6  _ p np_
5 _ _ p _ 
4  _PP _ _
3 _ N _NP 
2 PP _PPBP
1 R BQ_RK 

  abcdefgh
8 r_bq rk_
7 pppn_pbp
6  _ p np_
5 _ _ p _ 
4  _PP _ _
3 _ N _NP 
2 PPQ_PPBP
1 R B _RK 

  abcdefgh
8 r_bq rk_
7 pppn_pbp
6  _ p np_
5 _ _ _ _ 
4  _Pp _ _
3 _ N _NP 
2 PPQ_PPBP
1 R B _RK 

  abcdefgh
8 r_bq rk_
7 pppn_pbp
6  _ p np_
5 _ _ _ _ 
4  _PN _ _
3 _ N _ P 
2 PPQ_PPBP
1 R B _RK 

  abcdefgh
8 r_bq rk_
7 ppp _pbp
6  _ p np_
5 _ _ n _ 
4  _PN _ _
3 _ N _ P 
2 PPQ_PPBP
1 R B _RK 

  abcdefgh
8 r_bq rk_
7 ppp _pbp
6  _ p np_
5 _ _ n _ 
4  _PN _ _
3 _PN _ P 
2 P_Q_PPBP
1 R B _RK 

  abcdefgh
8 r_bq rk_
7 pp_ _pbp
6  _ p np_
5 _ p n _ 
4  _PN _ _
3 _PN _ P 
2 P_Q_PPBP
1 R B _RK 

  abcdefgh
8 r_bq rk_
7 pp_ _pbp
6  _ p np_
5 _ p n _ 
4  _P_ _ _
3 _PN _NP 
2 P_Q_PPBP
1 R B _RK 

  abcdefgh
8 r_ q rk_
7 pp_ _pbp
6  _ p np_
5 _ p nb_ 
4  _P_ _ _
3 _PN _NP 
2 P_Q_PPBP
1 R B _RK 

  abcdefgh
8 r_ q rk_
7 pp_ _pbp
6  _ p np_
5 _ p nb_ 
4  _P_ _ _
3 _PN _NP 
2 P_ QPPBP
1 R B _RK 

  abcdefgh
8 r_ q rk_
7 pp_ _pbp
6  _ p _p_
5 _ p nb_ 
4  _P_n_ _
3 _PN _NP 
2 P_ QPPBP
1 R B _RK 

  abcdefgh
8 r_ q rk_
7 pp_ _pbp
6  _ p _p_
5 _ p nb_ 
4  _P_N_ _
3 _P_ _NP 
2 P_ QPPBP
1 R B _RK 

  abcdefgh
8 r_ q rk_
7 pp_ _pbp
6  _ p _p_
5 _ p n _ 
4  _P_b_ _
3 _P_ _NP 
2 P_ QPPBP
1 R B _RK 

  abcdefgh
8 r_ q rk_
7 pp_ _pbp
6  _ p _p_
5 _ p n _ 
4  _P_b_ _
3 _P_ _NP 
2 PB QPPBP
1 R _ _RK 

  abcdefgh
8 r_ q rk_
7 pp_ _pbp
6  _ p _p_
5 _ p _ _ 
4  _P_b_ _
3 _P_ _nP 
2 PB QPPBP
1 R _ _RK 

  abcdefgh
8 r_ q rk_
7 pp_ _pbp
6  _ p _p_
5 _ p _ _ 
4  _P_b_ _
3 _P_ _PP 
2 PB Q PBP
1 R _ _RK 

  abcdefgh
8 r_ q rk_
7 pp_ _p_p
6  _ p _p_
5 _ p _ _ 
4  _P_b_ _
3 _P_ _PP 
2 Pb Q PBP
1 R _ _RK 

  abcdefgh
8 r_ q rk_
7 pp_ _p_p
6  _ p _p_
5 _ p _ _ 
4  _P_b_ _
3 _P_ _PP 
2 PQ _ PBP
1 R _ _RK 

  abcdefgh
8 r_ q rk_
7 pp_ _p_p
6  _bp _p_
5 _ p _ _ 
4  _P_ _ _
3 _P_ _PP 
2 PQ _ PBP
1 R _ _RK 

  abcdefgh
8 r_ q rk_
7 pp_ _p_p
6  _bp _p_
5 _ p _ _ 
4  _P_ _ _
3 _P_ _PP 
2 PQ _ PBP
1 _ _R_RK 

  abcdefgh
8 r_ qr_k_
7 pp_ _p_p
6  _bp _p_
5 _ p _ _ 
4  _P_ _ _
3 _P_ _PP 
2 PQ _ PBP
1 _ _R_RK 

  abcdefgh
8 r_ qr_k_
7 pp_ _p_p
6  _bp _p_
5 _ p _ _ 
4  _P_ P _
3 _P_ _ P 
2 PQ _ PBP
1 _ _R_RK 

  abcdefgh
8 r_ qr_k_
7 _p_ _p_p
6  _bp _p_
5 p p _ _ 
4  _P_ P _
3 _P_ _ P 
2 PQ _ PBP
1 _ _R_RK 

  abcdefgh
8 r_ qr_k_
7 _p_ _p_p
6  _Bp _p_
5 p p _ _ 
4  _P_ P _
3 _P_ _ P 
2 PQ _ P P
1 _ _R_RK 

  abcdefgh
8 r_ qr_k_
7 _ _ _p_p
6  _pp _p_
5 p p _ _ 
4  _P_ P _
3 _P_ _ P 
2 PQ _ P P
1 _ _R_RK 

  abcdefgh
8 r_ qr_k_
7 _ _ _p_p
6  _pp _p_
5 p p _ _ 
4  _P_ P _
3 _P_ _ P 
2 P_ Q P P
1 _ _R_RK 

  abcdefgh
8 r_ q _k_
7 _ _ _p_p
6  _ppr_p_
5 p p _ _ 
4  _P_ P _
3 _P_ _ P 
2 P_ Q P P
1 _ _R_RK 

  abcdefgh
8 r_ q _k_
7 _ _ _p_p
6  _ppr_p_
5 p p _P_ 
4  _P_ _ _
3 _P_ _ P 
2 P_ Q P P
1 _ _R_RK 

  abcdefgh
8 r_ q _k_
7 _ _ _p_p
6  _ppr_ _
5 p p _p_ 
4  _P_ _ _
3 _P_ _ P 
2 P_ Q P P
1 _ _R_RK 

  abcdefgh
8 r_ q _k_
7 _ _ _p_p
6  _ppr_ _
5 p p _p_ 
4  _P_ _ _
3 _P_ _ P 
2 P_ Q P P
1 _ _RR K 

  abcdefgh
8 r_ q _k_
7 _ _ _p_p
6  _pp _r_
5 p p _p_ 
4  _P_ _ _
3 _P_ _ P 
2 P_ Q P P
1 _ _RR K 

  abcdefgh
8 r_ q _k_
7 _ _ _p_p
6  _pp _r_
5 p p _p_ 
4  _P_ Q _
3 _P_ _ P 
2 P_ _ P P
1 _ _RR K 

  abcdefgh
8 r_ _ _k_
7 _ _ _p_p
6  _pp qr_
5 p p _p_ 
4  _P_ Q _
3 _P_ _ P 
2 P_ _ P P
1 _ _RR K 

  abcdefgh
8 r_ _ _k_
7 _ _ _p_p
6  _pp qr_
5 p p _p_ 
4  _P_ Q P
3 _P_ _ P 
2 P_ _ P _
1 _ _RR K 

  abcdefgh
8  _ r _k_
7 _ _ _p_p
6  _pp qr_
5 p p _p_ 
4  _P_ Q P
3 _P_ _ P 
2 P_ _ P _
1 _ _RR K 

  abcdefgh
8  _ r _k_
7 _ _ _p_p
6  _pp qr_
5 p p _p_ 
4  _P_ Q P
3 _P_ _ P 
2 P_ _ PK_
1 _ _RR _ 

  abcdefgh
8  _ r _ _
7 _ _ _pkp
6  _pp qr_
5 p p _p_ 
4  _P_ Q P
3 _P_ _ P 
2 P_ _ PK_
1 _ _RR _ 

  abcdefgh
8  _ r _ _
7 _ _ _pkp
6  _pp qr_
5 p p _p_ 
4  _P_ Q P
3 _P_R_ P 
2 P_ _ PK_
1 _ _ R _ 

  abcdefgh
8  _ r _ _
7 _ _ _pkp
6  _pp q _
5 p p _p_ 
4  _P_ QrP
3 _P_R_ P 
2 P_ _ PK_
1 _ _ R _ 

  abcdefgh
8  _ r _ _
7 _ _ _pkp
6  _pp q _
5 p p _p_ 
4  _P_ _rP
3 _P_R_QP 
2 P_ _ PK_
1 _ _ R _ 

  abcdefgh
8  _ r _ _
7 _ _ _pk 
6  _pp q _
5 p p _p_p
4  _P_ _rP
3 _P_R_QP 
2 P_ _ PK_
1 _ _ R _ 

  abcdefgh
8  _ r _ _
7 _ _ _pk 
6  _Qp q _
5 p p _p_p
4  _P_ _rP
3 _P_R_ P 
2 P_ _ PK_
1 _ _ R _ 

  abcdefgh
8  _ r _ _
7 _ _ _pk 
6  _Qp _ _
5 p p _p_p
4  _P_ _rq
3 _P_R_ P 
2 P_ _ PK_
1 _ _ R _ 

  abcdefgh
8  _ r _ _
7 _ _ _pk 
6  _Qp _ _
5 p p _p_p
4  _P_ _rq
3 _P_R_ P 
2 P_ _ PK_
1 _ _ _ _R

  abcdefgh
8  _ r _ _
7 _ _ _pk 
6  _Qp _ _
5 p p _pqp
4  _P_ _r_
3 _P_R_ P 
2 P_ _ PK_
1 _ _ _ _R

  abcdefgh
8  _ r _ _
7 _ _ _pk 
6  _QR _ _
5 p p _pqp
4  _P_ _r_
3 _P_ _ P 
2 P_ _ PK_
1 _ _ _ _R

  abcdefgh
8  _ _ _ _
7 _ _ _pk 
6  _Qr _ _
5 p p _pqp
4  _P_ _r_
3 _P_ _ P 
2 P_ _ PK_
1 _ _ _ _R

  abcdefgh
8  _ _ _ _
7 _ _ _pk 
6  _ Q _ _
5 p p _pqp
4  _P_ _r_
3 _P_ _ P 
2 P_ _ PK_
1 _ _ _ _R

  abcdefgh
8  _ _ _ _
7 _ _ _pk 
6  _ Q _ _
5 p p _ qp
4  _P_ pr_
3 _P_ _ P 
2 P_ _ PK_
1 _ _ _ _R

  abcdefgh
8  _ _ _ _
7 _ _ _pk 
6  _ _ _ _
5 p pQ_ qp
4  _P_ pr_
3 _P_ _ P 
2 P_ _ PK_
1 _ _ _ _R

  abcdefgh
8  _ _ _ _
7 _ _ _p_ 
6  _ _ _k_
5 p pQ_ qp
4  _P_ pr_
3 _P_ _ P 
2 P_ _ PK_
1 _ _ _ _R

  abcdefgh
8  _ _ _ _
7 _ _ _p_ 
6  _ Q _k_
5 p p _ qp
4  _P_ pr_
3 _P_ _ P 
2 P_ _ PK_
1 _ _ _ _R

  abcdefgh
8  _ _ _ _
7 _ _ _pk 
6  _ Q _ _
5 p p _ qp
4  _P_ pr_
3 _P_ _ P 
2 P_ _ PK_
1 _ _ _ _R

  abcdefgh
8  _ _ _ _
7 _ _ _pk 
6  _ _ _ _
5 p pQ_ qp
4  _P_ pr_
3 _P_ _ P 
2 P_ _ PK_
1 _ _ _ _R

  abcdefgh
8  _ _ _ _
7 _ _ _p_ 
6  _ _ _k_
5 p pQ_ qp
4  _P_ pr_
3 _P_ _ P 
2 P_ _ PK_
1 _ _ _ _R

  abcdefgh
8  _ _ _ _
7 _ _ _p_ 
6  _ Q _k_
5 p p _ qp
4  _P_ pr_
3 _P_ _ P 
2 P_ _ PK_
1 _ _ _ _R

  abcdefgh
8  _ _ _ _
7 _ _ _pk 
6  _ Q _ _
5 p p _ qp
4  _P_ pr_
3 _P_ _ P 
2 P_ _ PK_
1 _ _ _ _R

  abcdefgh
8  _ _ _ _
7 _ _ _pk 
6  _ _ _ _
5 p pQ_ qp
4  _P_ pr_
3 _P_ _ P 
2 P_ _ PK_
1 _ _ _ _R

  abcdefgh
8  _ _ _ _
7 _ _ _p_ 
6  _ _ _k_
5 p pQ_ qp
4  _P_ pr_
3 _P_ _ P 
2 P_ _ PK_
1 _ _ _ _R

  abcdefgh
8  _ _ _ _
7 _ _ _p_ 
6  _ Q _k_
5 p p _ qp
4  _P_ pr_
3 _P_ _ P 
2 P_ _ PK_
1 _ _ _ _R

  abcdefgh
8  _ _ _ _
7 _ _ _p_k
6  _ Q _ _
5 p p _ qp
4  _P_ pr_
3 _P_ _ P 
2 P_ _ PK_
1 _ _ _ _R

  abcdefgh
8  _ _ _ _
7 _ _ _p_k
6  _ _ _ _
5 p pQ_ qp
4  _P_ pr_
3 _P_ _ P 
2 P_ _ PK_
1 _ _ _ _R

  abcdefgh
8  _ _ _ _
7 _ _ _p_ 
6  _ _ _k_
5 p pQ_ qp
4  _P_ pr_
3 _P_ _ P 
2 P_ _ PK_
1 _ _ _ _R

  abcdefgh
8  _ _ _ _
7 _ _ _p_ 
6  _ Q _k_
5 p p _ qp
4  _P_ pr_
3 _P_ _ P 
2 P_ _ PK_
1 _ _ _ _R

  abcdefgh
8  _ _ _ _
7 _ _ _p_k
6  _ Q _ _
5 p p _ qp
4  _P_ pr_
3 _P_ _ P 
2 P_ _ PK_
1 _ _ _ _R

  abcdefgh
8  _ _ _ _
7 _ _ _p_k
6  _ _ _ _
5 p pQ_ qp
4  _P_ pr_
3 _P_ _ P 
2 P_ _ PK_
1 _ _ _ _R

  abcdefgh
8  _ _ _ _
7 _ _ _p_ 
6  _ _ _k_
5 p pQ_ qp
4  _P_ pr_
3 _P_ _ P 
2 P_ _ PK_
1 _ _ _ _R

  abcdefgh
CTRL-D detected
