8 rnbqkbnr
7 pppppppp
6  _ _ _ _
5 _ _ _ _ 
4  _ _P_ _
3 _ _ _ _ 
2 PPPP PPP
1 RNBQKBNR

  abcdefgh
8 rnbqkbnr
7 pp_ppppp
6  _ _ _ _
5 _ p _ _ 
4  _ _P_ _
3 _ _ _ _ 
2 PPPP PPP
1 RNBQKBNR

  abcdefgh
8 rnbqkbnr
7 pp_ppppp
6  _ _ _ _
5 _ p _ _ 
4  _B_P_ _
3 _ _ _ _ 
2 PPPP PPP
1 RNBQK NR

  abcdefgh
8 rnbqkbnr
7 p _ppppp
6  p _ _ _
5 _ p _ _ 
4  _B_P_ _
3 _ _ _ _ 
2 PPPP PPP
1 RNBQK NR

  abcdefgh
8 rnbqkbnr
7 p _ppppp
6  p _ _ _
5 _ p _ _ 
4  _B_P_ _
3 _ _ _ _N
2 PPPP PPP
1 RNBQK _R

  abcdefgh
8 rnbqkbnr
7 _ _ppppp
6 pp _ _ _
5 _ p _ _ 
4  _B_P_ _
3 _ _ _ _N
2 PPPP PPP
1 RNBQK _R

  abcdefgh
8 rnbqkbnr
7 _ _ppppp
6 pp _ _ _
5 _ p _ _ 
4  _B_P_ _
3 _P_ _ _N
2 P_PP PPP
1 RNBQK _R

  abcdefgh
8 rnb_kbnr
7 _ qppppp
6 pp _ _ _
5 _ p _ _ 
4  _B_P_ _
3 _P_ _ _N
2 P_PP PPP
1 RNBQK _R

  abcdefgh
8 rnb_kbnr
7 _ qppppp
6 pp _ _ _
5 _ p _ _ 
4  _B_P_ _
3 PP_ _ _N
2  _PP PPP
1 RNBQK _R

  abcdefgh
8 rnb_kbnr
7 _ _ppppp
6 pp _ _ _
5 _ p _ _ 
4  _B_P_ _
3 PP_ _ qN
2  _PP PPP
1 RNBQK _R

  abcdefgh
8 rnb_kbnr
7 _ _ppppp
6 pp _ _ _
5 _ p _ N 
4  _B_P_ _
3 PP_ _ q 
2  _PP PPP
1 RNBQK _R

  abcdefgh
8 rnb_kbnr
7 _ _ppppp
6 pp _ _ _
5 _ p _ N 
4  _B_P_ _
3 PP_ _ _ 
2  _PP PqP
1 RNBQK _R

  abcdefgh
8 rnb_kbnr
7 _ _ppppp
6 pp _ _ _
5 _ p _ N 
4  PB_P_ _
3 P _ _ _ 
2  _PP PqP
1 RNBQK _R

  abcdefgh
8 rnb_kbnr
7 _ _ppppp
6 pp _ _ _
5 _ p _ N 
4  PB_P_ _
3 P _ _q_ 
2  _PP P P
1 RNBQK _R

  abcdefgh
8 rnb_kbnr
7 _ _ppppp
6 pp _ _ _
5 _ p _ N 
4  PB_P_ _
3 P _ _q_P
2  _PP P _
1 RNBQK _R

  abcdefgh
8 rnb_kbnr
7 _ _ppppp
6 pp _ _ _
5 _ p _ N 
4  PB_P_ _
3 P _ q _P
2  _PP P _
1 RNBQK _R

  abcdefgh
8 rnb_kbnr
7 _ _ppppp
6 pp _ _ _
5 _ p _ N 
4  PB_P_ _
3 P _ q _P
2  _PP P _
1 RNBQ_RK 

  abcdefgh
CTRL-D detected
