8 rnbqkbnr
7 pppppppp
6  _ _ _ _
5 _ _ _ _ 
4  _ _P_ _
3 _ _ _ _ 
2 PPPP PPP
1 RNBQKBNR

  abcdefgh
8 rnbqkbnr
7 pp_ppppp
6  _ _ _ _
5 _ p _ _ 
4  _ _P_ _
3 _ _ _ _ 
2 PPPP PPP
1 RNBQKBNR

  abcdefgh
8 rnbqkbnr
7 pp_ppppp
6  _ _ _ _
5 _ p _ _ 
4  _B_P_ _
3 _ _ _ _ 
2 PPPP PPP
1 RNBQK NR

  abcdefgh
8 rnbqkbnr
7 p _ppppp
6  p _ _ _
5 _ p _ _ 
4  _B_P_ _
3 _ _ _ _ 
2 PPPP PPP
1 RNBQK NR

  abcdefgh
8 rnbqkbnr
7 p _ppppp
6  p _ _ _
5 _ p _ _ 
4  _B_P_ _
3 _ _ _ _N
2 PPPP PPP
1 RNBQK _R

  abcdefgh
8 rnbqkbnr
7 _ _ppppp
6 pp _ _ _
5 _ p _ _ 
4  _B_P_ _
3 _ _ _ _N
2 PPPP PPP
1 RNBQK _R

  abcdefgh
8 rnbqkbnr
7 _ _ppppp
6 pp _ _ _
5 _ p _ _ 
4  _B_P_ _
3 _ _ _ _N
2 PPPP PPP
1 RNBQ_RK 

  abcdefgh
CTRL-D detected
