8 rnbqkbnr
7 pppppppp
6  _ _ _ _
5 _ _ _ _ 
4  _ P _ _
3 _ _ _ _ 
2 PPP_PPPP
1 RNBQKBNR

  abcdefgh
8 rnbqkbnr
7 pp_ppppp
6  _ _ _ _
5 _ p _ _ 
4  _ P _ _
3 _ _ _ _ 
2 PPP_PPPP
1 RNBQKBNR

  abcdefgh
8 rnbqkbnr
7 pp_ppppp
6  _ _ _ B
5 _ p _ _ 
4  _ P _ _
3 _ _ _ _ 
2 PPP_PPPP
1 RN_QKBNR

  abcdefgh
8 rnbqkbnr
7 p _ppppp
6  p _ _ B
5 _ p _ _ 
4  _ P _ _
3 _ _ _ _ 
2 PPP_PPPP
1 RN_QKBNR

  abcdefgh
8 rnbqkbnr
7 p _ppppp
6  p _ _ B
5 _ p _ _ 
4  _ P _ _
3 N _ _ _ 
2 PPP_PPPP
1 R _QKBNR

  abcdefgh
8 rnbqkbnr
7 _ _ppppp
6 pp _ _ B
5 _ p _ _ 
4  _ P _ _
3 N _ _ _ 
2 PPP_PPPP
1 R _QKBNR

  abcdefgh
8 rnbqkbnr
7 _ _ppppp
6 pp _ _ B
5 _ p _ _ 
4  _ P _ _
3 N _ _ _ 
2 PPPQPPPP
1 R _ KBNR

  abcdefgh
8 rnbqkbnr
7 _ _ppppp
6  p _ _ B
5 p p _ _ 
4  _ P _ _
3 N _ _ _ 
2 PPPQPPPP
1 R _ KBNR

  abcdefgh
8 rnbqkbnr
7 _ _ppppp
6  p _ _ B
5 p p _ _ 
4  _ P _ _
3 N _ _ _ 
2 PPPQPPPP
1 _ KR_BNR

  abcdefgh
CTRL-D detected
