8  _ _ _ _
7 _ _ _ _ 
6  _ _ _ _
5 _ _ _ _ 
4  _ _K_ _
3 _ _ _ _ 
2  _ _ _ _
1 _ _ _ _ 

  abcdefgh
8  _ _ _ _
7 _ _ _ _ 
6  _ _ _ _
5 _ _ _ _ 
4  _ _K_ _
3 _ _ _ _ 
2  _ n _ _
1 _ _ _ _ 

  abcdefgh
CTRL-D detected
