8 rnbqkbnr
7 pppppppp
6  _ _ _ _
5 _ _ _ _ 
4  _ _P_ _
3 _ _ _ _ 
2 PPPP PPP
1 RNBQKBNR

  abcdefgh
8 rnbqkbnr
7 pp_ppppp
6  _ _ _ _
5 _ p _ _ 
4  _ _P_ _
3 _ _ _ _ 
2 PPPP PPP
1 RNBQKBNR

  abcdefgh
8 rnbqkbnr
7 pp_ppppp
6  _ _ _ _
5 _ p _ _ 
4  _ _PP _
3 _ _ _ _ 
2 PPPP _PP
1 RNBQKBNR

  abcdefgh
8 rnbqkbnr
7 pp_p_ppp
6  _ _p_ _
5 _ p _ _ 
4  _ _PP _
3 _ _ _ _ 
2 PPPP _PP
1 RNBQKBNR

  abcdefgh
8 rnbqkbnr
7 pp_p_ppp
6  _ _p_ _
5 _ p _ _ 
4  _ _PP _
3 _ _P_ _ 
2 PPP_ _PP
1 RNBQKBNR

  abcdefgh
8 rnbqkbnr
7 _p_p_ppp
6 p_ _p_ _
5 _ p _ _ 
4  _ _PP _
3 _ _P_ _ 
2 PPP_ _PP
1 RNBQKBNR

  abcdefgh
8 rnbqkbnr
7 _p_p_ppp
6 p_ _p_ _
5 _ p _ _ 
4  _ _PP _
3 _ _P_ _ 
2 PPP_B_PP
1 RNBQK NR

  abcdefgh
8 rnbqkbnr
7 _p_ _ppp
6 p_ _p_ _
5 _ pp_ _ 
4  _ _PP _
3 _ _P_ _ 
2 PPP_B_PP
1 RNBQK NR

  abcdefgh
8 rnbqkbnr
7 _p_ _ppp
6 p_ _p_ _
5 _ pp_ _ 
4  _ _PP _
3 _ _P_N_ 
2 PPP_B_PP
1 RNBQK _R

  abcdefgh
8 rnbqkbnr
7 _ _ _ppp
6 p_ _p_ _
5 _ppp_ _ 
4  _ _PP _
3 _ _P_N_ 
2 PPP_B_PP
1 RNBQK _R

  abcdefgh
8 rnbqkbnr
7 _ _ _ppp
6 p_ _p_ _
5 _ppp_ _ 
4  _P_PP _
3 _ _P_N_ 
2 PP _B_PP
1 RNBQK _R

  abcdefgh
8 rnbqk_nr
7 _ _ bppp
6 p_ _p_ _
5 _ppp_ _ 
4  _P_PP _
3 _ _P_N_ 
2 PP _B_PP
1 RNBQK _R

  abcdefgh
8 rnbqk_nr
7 _ _ bppp
6 p_ _p_ _
5 _ppP_ _ 
4  _ _PP _
3 _ _P_N_ 
2 PP _B_PP
1 RNBQK _R

  abcdefgh
8 rnbqk_nr
7 _ _ bppp
6 p_ _ _ _
5 _ppp_ _ 
4  _ _PP _
3 _ _P_N_ 
2 PP _B_PP
1 RNBQK _R

  abcdefgh
was here
8 rnbqk_nr
7 _ _ bppp
6 p_ _ _ _
5 _ppp_ _ 
4  _ _PP _
3 _ _P_N_ 
2 PP _B_PP
1 RNBQ_RK 

  abcdefgh
8 rnbqk_ r
7 _ _ bppp
6 p_ _ n _
5 _ppp_ _ 
4  _ _PP _
3 _ _P_N_ 
2 PP _B_PP
1 RNBQ_RK 

  abcdefgh
8 rnbqk_ r
7 _ _ bppp
6 p_ _ n _
5 _pppP _ 
4  _ _ P _
3 _ _P_N_ 
2 PP _B_PP
1 RNBQ_RK 

  abcdefgh
8 rnbqk_ r
7 _ _nbppp
6 p_ _ _ _
5 _pppP _ 
4  _ _ P _
3 _ _P_N_ 
2 PP _B_PP
1 RNBQ_RK 

  abcdefgh
8 rnbqk_ r
7 _ _nbppp
6 p_ _ _ _
5 _pppP _ 
4  _ P P _
3 _ _ _N_ 
2 PP _B_PP
1 RNBQ_RK 

  abcdefgh
8 rnbqk_ r
7 _ _nbppp
6 p_ _ _ _
5 _p_pP _ 
4  _pP P _
3 _ _ _N_ 
2 PP _B_PP
1 RNBQ_RK 

  abcdefgh
8 rnbqk_ r
7 _ _nbppp
6 p_ _ _ _
5 _p_pPP_ 
4  _pP _ _
3 _ _ _N_ 
2 PP _B_PP
1 RNBQ_RK 

  abcdefgh
8 rnbqk_ r
7 _ _ bppp
6 pn _ _ _
5 _p_pPP_ 
4  _pP _ _
3 _ _ _N_ 
2 PP _B_PP
1 RNBQ_RK 

  abcdefgh
8 rnbqk_ r
7 _ _ bppp
6 pn _ _ _
5 _p_pPP_ 
4  _pP _ _
3 _ _ _ _ 
2 PP _B_PP
1 RNBQNRK 

  abcdefgh
8 r_bqk_ r
7 _ _ bppp
6 pnn_ _ _
5 _p_pPP_ 
4  _pP _ _
3 _ _ _ _ 
2 PP _B_PP
1 RNBQNRK 

  abcdefgh
8 r_bqk_ r
7 _ _ bppp
6 pnn_ _ _
5 _p_pPP_B
4  _pP _ _
3 _ _ _ _ 
2 PP _ _PP
1 RNBQNRK 

  abcdefgh
8 r_bqk_ r
7 _ _ bp_p
6 pnn_ _p_
5 _p_pPP_B
4  _pP _ _
3 _ _ _ _ 
2 PP _ _PP
1 RNBQNRK 

  abcdefgh
8 r_bqk_ r
7 _ _ bp_p
6 pnn_ Pp_
5 _p_pP _B
4  _pP _ _
3 _ _ _ _ 
2 PP _ _PP
1 RNBQNRK 

  abcdefgh
8 r_bqkb r
7 _ _ _p_p
6 pnn_ Pp_
5 _p_pP _B
4  _pP _ _
3 _ _ _ _ 
2 PP _ _PP
1 RNBQNRK 

  abcdefgh
8 r_bqkb r
7 _ _ _p_p
6 pnn_ Pp_
5 _p_pP _ 
4  _pP _B_
3 _ _ _ _ 
2 PP _ _PP
1 RNBQNRK 

  abcdefgh
8 r_ qkb r
7 _ _ _p_p
6 pnn_ Pp_
5 _p_pP _ 
4  _pP _b_
3 _ _ _ _ 
2 PP _ _PP
1 RNBQNRK 

  abcdefgh
8 r_ qkb r
7 _ _ _p_p
6 pnn_ Pp_
5 _p_pP _ 
4  _pP _Q_
3 _ _ _ _ 
2 PP _ _PP
1 RNB NRK 

  abcdefgh
8 r_ _kb r
7 _ _q_p_p
6 pnn_ Pp_
5 _p_pP _ 
4  _pP _Q_
3 _ _ _ _ 
2 PP _ _PP
1 RNB NRK 

  abcdefgh
8 r_ _kb r
7 _ _q_p_p
6 pnn_ Pp_
5 _p_pP _ 
4  _pP _ Q
3 _ _ _ _ 
2 PP _ _PP
1 RNB NRK 

  abcdefgh
8 r_ _kb r
7 _ _q_p_p
6 pnn_ Pp_
5 _ _pP _ 
4  ppP _ Q
3 _ _ _ _ 
2 PP _ _PP
1 RNB NRK 

  abcdefgh
8 r_ _kb r
7 _ _q_p_p
6 pnn_ Pp_
5 _ _pP _ 
4  ppP _ Q
3 _ _ B _ 
2 PP _ _PP
1 RN_ NRK 

  abcdefgh
8 r_ _kb r
7 _ _q_p_ 
6 pnn_ Ppp
5 _ _pP _ 
4  ppP _ Q
3 _ _ B _ 
2 PP _ _PP
1 RN_ NRK 

  abcdefgh
8 r_ _kb r
7 _ _q_p_ 
6 pnn_ Ppp
5 _ _pP _ 
4  ppP _ Q
3 _ _ B _ 
2 PP N _PP
1 R _ NRK 

  abcdefgh
8 r_ _kb r
7 _ _ _p_ 
6 pnn_qPpp
5 _ _pP _ 
4  ppP _ Q
3 _ _ B _ 
2 PP N _PP
1 R _ NRK 

  abcdefgh
8 r_ _kb r
7 _ _ _p_ 
6 pnn_qPpp
5 _ _pP _ 
4  ppP _ Q
3 _P_ B _ 
2 P_ N _PP
1 R _ NRK 

  abcdefgh
8 r_ _kb r
7 _ _ _p_ 
6  nn_qPpp
5 p _pP _ 
4  ppP _ Q
3 _P_ B _ 
2 P_ N _PP
1 R _ NRK 

  abcdefgh
8 r_ _kb r
7 _ _ _p_ 
6  nn_qPpp
5 p _pP _ 
4  ppP _ Q
3 _P_ B _ 
2 P_NN _PP
1 R _ _RK 

  abcdefgh
8 r_ _kb r
7 _ _ _p_ 
6  nn_qPpp
5 _ _pP _ 
4 pppP _ Q
3 _P_ B _ 
2 P_NN _PP
1 R _ _RK 

  abcdefgh
8 r_ _kb r
7 _ _ _p_ 
6  nn_qPpp
5 _ _pP _ 
4 pppP _ Q
3 _P_ B _P
2 P_NN _P_
1 R _ _RK 

  abcdefgh
8 r_ k b r
7 _ _ _p_ 
6  nn_qPpp
5 _ _pP _ 
4 pppP _ Q
3 _P_ B _P
2 P_NN _P_
1 R _ _RK 

  abcdefgh
8 r_ k b r
7 _ _ _p_ 
6  nn_qPpp
5 _ _pP _ 
4 pppP _ _
3 _P_ B QP
2 P_NN _P_
1 R _ _RK 

  abcdefgh
8 r_ _ b r
7 _ k _p_ 
6  nn_qPpp
5 _ _pP _ 
4 pppP _ _
3 _P_ B QP
2 P_NN _P_
1 R _ _RK 

  abcdefgh
8 r_ _ b r
7 _ k _p_ 
6  nn_qPpp
5 _ _pP _ 
4 ppPP _ _
3 _ _ B QP
2 P_NN _P_
1 R _ _RK 

  abcdefgh
8 r_ _ b r
7 _ k _p_ 
6  nn_qPpp
5 _ _ P _ 
4 pppP _ _
3 _ _ B QP
2 P_NN _P_
1 R _ _RK 

  abcdefgh
8 r_ _ b r
7 _ k _p_ 
6  nn_qPpp
5 _ _ P _ 
4 pppP _ _
3 _ _ _ QP
2 P_NN BP_
1 R _ _RK 

  abcdefgh
8 r_ _ b r
7 _ k _p_ 
6  nn_qPpp
5 _ _ P _ 
4 p_pP _ _
3 _p_ _ QP
2 P_NN BP_
1 R _ _RK 

  abcdefgh
8 r_ _ b r
7 _ k _p_ 
6  nn_qPpp
5 _ _ P _ 
4 p_pP _ _
3 _p_ N QP
2 P_ N BP_
1 R _ _RK 

  abcdefgh
8 r_ _ b r
7 _ k _p_ 
6  n _qPpp
5 _ _ P _ 
4 p_pn _ _
3 _p_ N QP
2 P_ N BP_
1 R _ _RK 

  abcdefgh
8 r_ _ b r
7 _ k _p_ 
6  n _qPpp
5 _ _ P _ 
4 p_pn _ _
3 _p_ N QP
2 P_ N BP_
1 R _ _R_K

  abcdefgh
8 r_ _ b r
7 _ k _p_ 
6  n _qPpp
5 _ _ P _ 
4 p_pn _ _
3 _ _ N QP
2 Pp N BP_
1 R _ _R_K

  abcdefgh
8 r_ _ b r
7 _ k _p_ 
6  n _qPpp
5 _ _ P _ 
4 p_pn _ _
3 _ _ N QP
2 Pp N BP_
1 _ _R_R_K

  abcdefgh
8  _ r b r
7 _ k _p_ 
6  n _qPpp
5 _ _ P _ 
4 p_pn _ _
3 _ _ N QP
2 Pp N BP_
1 _ _R_R_K

  abcdefgh
8  _ r b r
7 _ k _p_ 
6  n _qPpp
5 _ _ P _ 
4 p_pnN_ _
3 _ _ N QP
2 Pp _ BP_
1 _ _R_R_K

  abcdefgh
8  _ r b r
7 _ k _p_ 
6  n _qPpp
5 _n_ P _ 
4 p_p_N_ _
3 _ _ N QP
2 Pp _ BP_
1 _ _R_R_K

  abcdefgh
8  _ R b r
7 _ k _p_ 
6  n _qPpp
5 _n_ P _ 
4 p_p_N_ _
3 _ _ N QP
2 Pp _ BP_
1 _ _ _R_K

  abcdefgh
8  _ k b r
7 _ _ _p_ 
6  n _qPpp
5 _n_ P _ 
4 p_p_N_ _
3 _ _ N QP
2 Pp _ BP_
1 _ _ _R_K

  abcdefgh
8  _ k b r
7 _ _ _p_ 
6  n _qPpp
5 _n_ P _ 
4 p_p_N_ _
3 _ _ _ QP
2 PpN_ BP_
1 _ _ _R_K

  abcdefgh
8  _ k b r
7 _ _ _p_ 
6  _ _qPpp
5 _n_nP _ 
4 p_p_N_ _
3 _ _ _ QP
2 PpN_ BP_
1 _ _ _R_K

  abcdefgh
8  _ k b r
7 _ _ _p_ 
6  _ _qPpp
5 _nBnP _ 
4 p_p_N_ _
3 _ _ _ QP
2 PpN_ _P_
1 _ _ _R_K

  abcdefgh
8  _ _ b r
7 _ k _p_ 
6  _ _qPpp
5 _nBnP _ 
4 p_p_N_ _
3 _ _ _ QP
2 PpN_ _P_
1 _ _ _R_K

  abcdefgh
8  _ _ B r
7 _ k _p_ 
6  _ _qPpp
5 _n_nP _ 
4 p_p_N_ _
3 _ _ _ QP
2 PpN_ _P_
1 _ _ _R_K

  abcdefgh
8  _ _ r _
7 _ k _p_ 
6  _ _qPpp
5 _n_nP _ 
4 p_p_N_ _
3 _ _ _ QP
2 PpN_ _P_
1 _ _ _R_K

  abcdefgh
8  _ _ r _
7 _ k _p_ 
6  _ _qPpp
5 _n_nP _ 
4 p_p_N_ _
3 N _ _ QP
2 Pp _ _P_
1 _ _ _R_K

  abcdefgh
8  _ _ r _
7 _ k _p_ 
6  _ _qPpp
5 _ _nP _ 
4 p_p_N_ _
3 n _ _ QP
2 Pp _ _P_
1 _ _ _R_K

  abcdefgh
8  _ _ r _
7 _ k _p_ 
6  _ _qPpp
5 _ _nP _ 
4 p_p_N_ _
3 Q _ _ _P
2 Pp _ _P_
1 _ _ _R_K

  abcdefgh
8  r _ _ _
7 _ k _p_ 
6  _ _qPpp
5 _ _nP _ 
4 p_p_N_ _
3 Q _ _ _P
2 Pp _ _P_
1 _ _ _R_K

  abcdefgh
8  r _ _ _
7 _ k _p_ 
6  _ _qPpp
5 _ _nP _ 
4 p_p_N_ _
3 Q _ _ _P
2 Pp _ _P_
1 _R_ _ _K

  abcdefgh
8  r _ _ _
7 _ k _p_ 
6  _ _ Ppp
5 _ _nq _ 
4 p_p_N_ _
3 Q _ _ _P
2 Pp _ _P_
1 _R_ _ _K

  abcdefgh
8  r _ _ _
7 _ k _p_ 
6  _ _ Ppp
5 _ Qnq _ 
4 p_p_N_ _
3 _ _ _ _P
2 Pp _ _P_
1 _R_ _ _K

  abcdefgh
8  r _ _ _
7 _ _k_p_ 
6  _ _ Ppp
5 _ Qnq _ 
4 p_p_N_ _
3 _ _ _ _P
2 Pp _ _P_
1 _R_ _ _K

  abcdefgh
8  r _ _ _
7 _ _k_p_ 
6  _ _ Ppp
5 _ Qnq _ 
4 p_p_ _ _
3 _ N _ _P
2 Pp _ _P_
1 _R_ _ _K

  abcdefgh
8  r _ _ _
7 _ _k_p_ 
6  _ q Ppp
5 _ Qn_ _ 
4 p_p_ _ _
3 _ N _ _P
2 Pp _ _P_
1 _R_ _ _K

  abcdefgh
8  r _ _ _
7 Q _k_p_ 
6  _ q Ppp
5 _ _n_ _ 
4 p_p_ _ _
3 _ N _ _P
2 Pp _ _P_
1 _R_ _ _K

  abcdefgh
8  rk_ _ _
7 Q _ _p_ 
6  _ q Ppp
5 _ _n_ _ 
4 p_p_ _ _
3 _ N _ _P
2 Pp _ _P_
1 _R_ _ _K

  abcdefgh
8  rk_ _ _
7 _ _ _p_ 
6  _ q Ppp
5 _ _n_ _ 
4 p_pQ _ _
3 _ N _ _P
2 Pp _ _P_
1 _R_ _ _K

  abcdefgh
8  r k _ _
7 _ _ _p_ 
6  _ q Ppp
5 _ _n_ _ 
4 p_pQ _ _
3 _ N _ _P
2 Pp _ _P_
1 _R_ _ _K

  abcdefgh
8  r k _ _
7 _ _ _p_ 
6  _ q Ppp
5 _ _n_ _ 
4 p_pQ _ _
3 _ N _ _P
2 Pp _ _P_
1 _ _R_ _K

  abcdefgh
8  r _ _ _
7 _ _k_p_ 
6  _ q Ppp
5 _ _n_ _ 
4 p_pQ _ _
3 _ N _ _P
2 Pp _ _P_
1 _ _R_ _K

  abcdefgh
8  r _ _ _
7 _ _k_p_ 
6  _ q Ppp
5 _ _n_ _ 
4 p_p_Q_ _
3 _ N _ _P
2 Pp _ _P_
1 _ _R_ _K

  abcdefgh
8  r _ _ _
7 _ _k_p_ 
6  _ q Ppp
5 _ _n_ _ 
4  _p_Q_ _
3 p N _ _P
2 Pp _ _P_
1 _ _R_ _K

  abcdefgh
8  r _ _ _
7 _ _k_p_ 
6  _ q Ppp
5 _ _n_ _ 
4  _Q_ _ _
3 p N _ _P
2 Pp _ _P_
1 _ _R_ _K

  abcdefgh
8  _ _ _ _
7 _ _k_p_ 
6  _ q Ppp
5 _ _n_ _ 
4  rQ_ _ _
3 p N _ _P
2 Pp _ _P_
1 _ _R_ _K

  abcdefgh
8  _ _ _ _
7 _ _k_p_ 
6  _ q Ppp
5 _ _n_ _ 
4  r _ _ _
3 p N _ _P
2 Pp _Q_P_
1 _ _R_ _K

  abcdefgh
8  _ _ _ _
7 _ _k_p_ 
6  _ q Pp_
5 _ _n_ _p
4  r _ _ _
3 p N _ _P
2 Pp _Q_P_
1 _ _R_ _K

  abcdefgh
8  _ _ _ _
7 _ _k_p_ 
6  _ q Pp_
5 _ _n_ _p
4  r _ _ _
3 p N _ _P
2 Pp _ _P_
1 _ _RQ _K

  abcdefgh
8  _ _ _ _
7 _ _k_p_ 
6  _ q Pp_
5 _ _n_ _p
4  _r_ _ _
3 p N _ _P
2 Pp _ _P_
1 _ _RQ _K

  abcdefgh
8  _ _ _ _
7 _ _k_p_ 
6  _ q Pp_
5 _ _N_ _p
4  _r_ _ _
3 p _ _ _P
2 Pp _ _P_
1 _ _RQ _K

  abcdefgh
8  _ _ _ _
7 _ _k_p_ 
6  _ q Pp_
5 _ _N_ _p
4  _ _ _ _
3 p _ _ _P
2 Pp _ _P_
1 _ rRQ _K

  abcdefgh
8  _ _ _ _
7 _ _k_p_ 
6  _ q Pp_
5 _ _N_ _p
4  _ _ _ _
3 p _ _ _P
2 Pp _ _P_
1 _ R Q _K

  abcdefgh
8  _ _ _ _
7 _ _k_p_ 
6  _ q Pp_
5 _ _N_ _p
4  _ _ _ _
3 p _ _ _P
2 P_ _ _P_
1 _ q Q _K

  abcdefgh
8  _ _ _ _
7 _ _k_p_ 
6  _ q Pp_
5 _ _N_ _p
4  _ _ _ _
3 p _ _ _P
2 P_ _ _P_
1 _ Q _ _K

  abcdefgh
8  _ _ _ _
7 _ _k_p_ 
6  _ _ Pp_
5 _ _q_ _p
4  _ _ _ _
3 p _ _ _P
2 P_ _ _P_
1 _ Q _ _K

  abcdefgh
8  _ _ _ _
7 _ _k_p_ 
6  _ _ Pp_
5 _ _q_ _p
4  _ _ _ _
3 Q _ _ _P
2 P_ _ _P_
1 _ _ _ _K

  abcdefgh
8  _ _ _ _
7 _ _k_p_ 
6  _ _ Pp_
5 _ _ _ _p
4  _q_ _ _
3 Q _ _ _P
2 P_ _ _P_
1 _ _ _ _K

  abcdefgh
8  _ _ _ _
7 _ _kQp_ 
6  _ _ Pp_
5 _ _ _ _p
4  _q_ _ _
3 _ _ _ _P
2 P_ _ _P_
1 _ _ _ _K

  abcdefgh
8  _ _ _ _
7 _ _ Qp_ 
6  _k_ Pp_
5 _ _ _ _p
4  _q_ _ _
3 _ _ _ _P
2 P_ _ _P_
1 _ _ _ _K

  abcdefgh
8  _ _Q_ _
7 _ _ _p_ 
6  _k_ Pp_
5 _ _ _ _p
4  _q_ _ _
3 _ _ _ _P
2 P_ _ _P_
1 _ _ _ _K

  abcdefgh
8  _ _Q_ _
7 _ _ _p_ 
6  _ k Pp_
5 _ _ _ _p
4  _q_ _ _
3 _ _ _ _P
2 P_ _ _P_
1 _ _ _ _K

  abcdefgh
8  Q _ _ _
7 _ _ _p_ 
6  _ k Pp_
5 _ _ _ _p
4  _q_ _ _
3 _ _ _ _P
2 P_ _ _P_
1 _ _ _ _K

  abcdefgh
8  Q _ _ _
7 _ _k_p_ 
6  _ _ Pp_
5 _ _ _ _p
4  _q_ _ _
3 _ _ _ _P
2 P_ _ _P_
1 _ _ _ _K

  abcdefgh
8  _ _ _ _
7 _Q_k_p_ 
6  _ _ Pp_
5 _ _ _ _p
4  _q_ _ _
3 _ _ _ _P
2 P_ _ _P_
1 _ _ _ _K

  abcdefgh
8  _ _ _ _
7 _Q_ _p_ 
6  _ k Pp_
5 _ _ _ _p
4  _q_ _ _
3 _ _ _ _P
2 P_ _ _P_
1 _ _ _ _K

  abcdefgh
8  Q _ _ _
7 _ _ _p_ 
6  _ k Pp_
5 _ _ _ _p
4  _q_ _ _
3 _ _ _ _P
2 P_ _ _P_
1 _ _ _ _K

  abcdefgh
8  Q _ _ _
7 _ _k_p_ 
6  _ _ Pp_
5 _ _ _ _p
4  _q_ _ _
3 _ _ _ _P
2 P_ _ _P_
1 _ _ _ _K

  abcdefgh
8  _ _ _ _
7 _ _k_p_ 
6  _ _ Pp_
5 _ _ _ _p
4  _q_ _ _
3 _ _ _ _P
2 PQ _ _P_
1 _ _ _ _K

  abcdefgh
8  _ _ _ _
7 _ _k_p_ 
6  _ _ Pp_
5 _ _ _ _ 
4  _q_ _ p
3 _ _ _ _P
2 PQ _ _P_
1 _ _ _ _K

  abcdefgh
8  _ _ _ _
7 _ _k_p_ 
6  _ _ Pp_
5 _ _ _ _ 
4  _q_ _ p
3 _ _ _ _P
2 PQ _ _P_
1 _ _ _ K 

  abcdefgh
8  _ _ _ _
7 _ _k_p_ 
6  _ _ Pp_
5 _ q _ _ 
4  _ _ _ p
3 _ _ _ _P
2 PQ _ _P_
1 _ _ _ K 

  abcdefgh
8  _ _ _ _
7 _ _k_p_ 
6  _ _ Pp_
5 _ q _ _ 
4  _ _ _ p
3 _ _ _ _P
2 PQ _ _P_
1 _ _ _ _K

  abcdefgh
8  _ _ _ _
7 _ _k_p_ 
6  _ _ Pp_
5 _ _ _ _ 
4  _q_ _ p
3 _ _ _ _P
2 PQ _ _P_
1 _ _ _ _K

  abcdefgh
8  _ _ _ _
7 _ _k_p_ 
6  _ _ Pp_
5 _ _ _ _ 
4  _q_ _ p
3 _ _ _ _P
2 PQ _ _P_
1 _ _ _ K 

  abcdefgh
8  _ _ _ _
7 _ _k_p_ 
6  _ _ Pp_
5 _ _q_ _ 
4  _ _ _ p
3 _ _ _ _P
2 PQ _ _P_
1 _ _ _ K 

  abcdefgh
8  _ _ _ _
7 _ _k_p_ 
6  _ _ Pp_
5 _ _q_ _ 
4  _ _ _ p
3 P _ _ _P
2  Q _ _P_
1 _ _ _ K 

  abcdefgh
8  _ _ _ _
7 _ _k_p_ 
6  _ _ P _
5 _ _q_ p 
4  _ _ _ p
3 P _ _ _P
2  Q _ _P_
1 _ _ _ K 

  abcdefgh
8  _ _ _ _
7 _ _k_p_ 
6  _ _ P _
5 _ _q_ p 
4  Q _ _ p
3 P _ _ _P
2  _ _ _P_
1 _ _ _ K 

  abcdefgh
8  _ _ _ _
7 _ _ _p_ 
6  _k_ P _
5 _ _q_ p 
4  Q _ _ p
3 P _ _ _P
2  _ _ _P_
1 _ _ _ K 

  abcdefgh
8  _ _ _ _
7 _ _ _p_ 
6  _k_ P _
5 _ _q_ p 
4 PQ _ _ p
3 _ _ _ _P
2  _ _ _P_
1 _ _ _ K 

  abcdefgh
8  _ _ _ _
7 _ _ _p_ 
6  _k_ P _
5 _ _ _ p 
4 PQ _ _ p
3 _ _ _ _P
2  _ _ _P_
1 _ _q_ K 

  abcdefgh
8  _ _ _ _
7 _ _ _p_ 
6  _k_ P _
5 _ _ _ p 
4 PQ _ _ p
3 _ _ _ _P
2  _ _ KP_
1 _ _q_ _ 

  abcdefgh
8  _ _ _ _
7 _ _ _p_ 
6  _k_ P _
5 _ _ _ p 
4 PQ _ _ p
3 _ _ _ _P
2  _ _ KP_
1 q _ _ _ 

  abcdefgh
8  _ _ _ _
7 _ _ _p_ 
6  _k_ P _
5 _ _ _ p 
4 P_ _Q_ p
3 _ _ _ _P
2  _ _ KP_
1 q _ _ _ 

  abcdefgh
8  _ _ _ _
7 _ _ _p_ 
6  _ k P _
5 _ _ _ p 
4 P_ _Q_ p
3 _ _ _ _P
2  _ _ KP_
1 q _ _ _ 

  abcdefgh
8  _ _ _ _
7 _ _ Qp_ 
6  _ k P _
5 _ _ _ p 
4 P_ _ _ p
3 _ _ _ _P
2  _ _ KP_
1 q _ _ _ 

  abcdefgh
8  _ _ _ _
7 _ _ Qp_ 
6  _k_ P _
5 _ _ _ p 
4 P_ _ _ p
3 _ _ _ _P
2  _ _ KP_
1 q _ _ _ 

  abcdefgh
8  _ _ _ _
7 _ _ _p_ 
6  _k_ P _
5 _ _ _ p 
4 P_ _Q_ p
3 _ _ _ _P
2  _ _ KP_
1 q _ _ _ 

  abcdefgh
8  _ _ _ _
7 _ _ _p_ 
6  _ k P _
5 _ _ _ p 
4 P_ _Q_ p
3 _ _ _ _P
2  _ _ KP_
1 q _ _ _ 

  abcdefgh
8  _ _ _ _
7 _ _ _p_ 
6  _ k P _
5 _ _ _ p 
4 P_ _Q_ p
3 _ _ _K_P
2  _ _ _P_
1 q _ _ _ 

  abcdefgh
8  _ _ _ _
7 _ _ _p_ 
6  _ k P _
5 _ _ _ p 
4 P_ _Q_ p
3 _ _ _K_P
2  _ _ _P_
1 _ _q_ _ 

  abcdefgh
8  _ _ _ _
7 _ _ _p_ 
6  _ k P _
5 _ _ _ p 
4 P_ _ _ p
3 _ _ _K_P
2  _ _Q_P_
1 _ _q_ _ 

  abcdefgh
8  _ _ _ _
7 _ _ _p_ 
6  _ k P _
5 _ _ _ p 
4 q_ _ _ p
3 _ _ _K_P
2  _ _Q_P_
1 _ _ _ _ 

  abcdefgh
8  _ _ _ _
7 _ _ Qp_ 
6  _ k P _
5 _ _ _ p 
4 q_ _ _ p
3 _ _ _K_P
2  _ _ _P_
1 _ _ _ _ 

  abcdefgh
8  _ _ _ _
7 _ _ Qp_ 
6  _ _ P _
5 _ _k_ p 
4 q_ _ _ p
3 _ _ _K_P
2  _ _ _P_
1 _ _ _ _ 

  abcdefgh
8  _ _ _ _
7 _ _ _Q_ 
6  _ _ P _
5 _ _k_ p 
4 q_ _ _ p
3 _ _ _K_P
2  _ _ _P_
1 _ _ _ _ 

  abcdefgh
8  _ _ _ _
7 _ _ _Q_ 
6  _ _ P _
5 _ _ k p 
4 q_ _ _ p
3 _ _ _K_P
2  _ _ _P_
1 _ _ _ _ 

  abcdefgh
8  _ _ _ _
7 _ _ Q _ 
6  _ _ P _
5 _ _ k p 
4 q_ _ _ p
3 _ _ _K_P
2  _ _ _P_
1 _ _ _ _ 

  abcdefgh
8  _ _ _ _
7 _ _ Q _ 
6  _ _ P _
5 _ _ _kp 
4 q_ _ _ p
3 _ _ _K_P
2  _ _ _P_
1 _ _ _ _ 

  abcdefgh
8  _ _ _ _
7 _ _ QP_ 
6  _ _ _ _
5 _ _ _kp 
4 q_ _ _ p
3 _ _ _K_P
2  _ _ _P_
1 _ _ _ _ 

  abcdefgh
8  _ _ _ _
7 _ _ QP_ 
6  _ _ _ _
5 _ _ _kp 
4  _ _ _ p
3 _q_ _K_P
2  _ _ _P_
1 _ _ _ _ 

  abcdefgh
8  _ _ _ _
7 _ _ QP_ 
6  _ _ _ _
5 _ _ _kp 
4  _ _ _ p
3 _q_ _ _P
2  _ _ KP_
1 _ _ _ _ 

  abcdefgh
8  _ _ _ _
7 _ _ QP_ 
6  _ _ _ _
5 _ _ _kp 
4  _ _ _ p
3 _ _ _ _P
2  _q_ KP_
1 _ _ _ _ 

  abcdefgh
8  _ _ _ _
7 _ _ _P_ 
6  _ _ _ _
5 _ _ _kp 
4  _ _ _ p
3 _ _ _ _P
2  _q_QKP_
1 _ _ _ _ 

  abcdefgh
8  _ _ _ _
7 _ _ _P_ 
6  _ _ _ _
5 _ q _kp 
4  _ _ _ p
3 _ _ _ _P
2  _ _QKP_
1 _ _ _ _ 

  abcdefgh
8  _ _ _ _
7 _ _ _P_ 
6  _ _ _ _
5 _ q _kp 
4  _ _ _ p
3 _ _ Q _P
2  _ _ KP_
1 _ _ _ _ 

  abcdefgh
8  _ _ _ _
7 _ _ _P_ 
6  _ _ _ _
5 _ _ _kp 
4  _ _ _ p
3 _ _ Q _P
2  _q_ KP_
1 _ _ _ _ 

  abcdefgh
8  _ _ _ _
7 _ _ _P_ 
6  _ _ _ _
5 _ _ _kp 
4  _ _ _ p
3 _ _ QK_P
2  _q_ _P_
1 _ _ _ _ 

  abcdefgh
8  _ _ _ _
7 _ _ _P_ 
6  _ _ _ _
5 _ _ _kp 
4  _ _ _ p
3 _ _ QK_P
2  _ _ _P_
1 _ _q_ _ 

  abcdefgh
8  _ _ _ _
7 _ _ _P_ 
6  _ _ _ _
5 _ _ _kp 
4  _ _ _ p
3 _ _ Q _P
2  _ _ KP_
1 _ _q_ _ 

  abcdefgh
8  _ _ _ _
7 _ _ _P_ 
6  _ _ _ _
5 _ _ _kp 
4  _ _ _ p
3 _ _ Q _P
2  _q_ KP_
1 _ _ _ _ 

  abcdefgh
8  _ _ _ _
7 _ _ _P_ 
6  _ _ _ _
5 _ _ _kp 
4  _ _ _ p
3 _ _ QK_P
2  _q_ _P_
1 _ _ _ _ 

  abcdefgh
8  _ _ _ _
7 _ _ _P_ 
6  _ _ _ _
5 _ _ _kp 
4  _ _ _ p
3 _ _ QK_P
2  _ _ _P_
1 _ _q_ _ 

  abcdefgh
8  _ _ _ _
7 _ _ _P_ 
6  _ _ _ _
5 _ _ _kp 
4  _ _ _ p
3 _ _ _K_P
2  _ _Q_P_
1 _ _q_ _ 

  abcdefgh
8  _ _ _ _
7 _ _ _P_ 
6  _ _ _ _
5 _ _q_kp 
4  _ _ _ p
3 _ _ _K_P
2  _ _Q_P_
1 _ _ _ _ 

  abcdefgh
8  _ _ _ _
7 _ _ _P_ 
6  _ _ _ _
5 _ _q_kp 
4  _ _ _ p
3 _ _ _ _P
2  _ _QKP_
1 _ _ _ _ 

  abcdefgh
8  _ _ _ _
7 _ _ _q_ 
6  _ _ _ _
5 _ _ _kp 
4  _ _ _ p
3 _ _ _ _P
2  _ _QKP_
1 _ _ _ _ 

  abcdefgh
8  _ _ _ _
7 _ _ _q_ 
6  _ _ _ _
5 _ _ _kp 
4  _ _ _ p
3 _ _ _Q_P
2  _ _ KP_
1 _ _ _ _ 

  abcdefgh
8  _ _ _ _
7 _ _ _q_ 
6  _ _ _k_
5 _ _ _ p 
4  _ _ _ p
3 _ _ _Q_P
2  _ _ KP_
1 _ _ _ _ 

  abcdefgh
8  _ _ _ _
7 _ _ _Q_ 
6  _ _ _k_
5 _ _ _ p 
4  _ _ _ p
3 _ _ _ _P
2  _ _ KP_
1 _ _ _ _ 

  abcdefgh
8  _ _ _ _
7 _ _ _k_ 
6  _ _ _ _
5 _ _ _ p 
4  _ _ _ p
3 _ _ _ _P
2  _ _ KP_
1 _ _ _ _ 

  abcdefgh
8  _ _ _ _
7 _ _ _k_ 
6  _ _ _ _
5 _ _ _ p 
4  _ _ _ p
3 _ _ _K_P
2  _ _ _P_
1 _ _ _ _ 

  abcdefgh
8  _ _ _ _
7 _ _ _ k 
6  _ _ _ _
5 _ _ _ p 
4  _ _ _ p
3 _ _ _K_P
2  _ _ _P_
1 _ _ _ _ 

  abcdefgh
8  _ _ _ _
7 _ _ _ k 
6  _ _ _ _
5 _ _ _ p 
4  _ _ _ p
3 _ _ _KPP
2  _ _ _ _
1 _ _ _ _ 

  abcdefgh
8  _ _ _ _
7 _ _ _ k 
6  _ _ _ _
5 _ _ _ p 
4  _ _ _ _
3 _ _ _KpP
2  _ _ _ _
1 _ _ _ _ 

  abcdefgh
8  _ _ _ _
7 _ _ _ k 
6  _ _ _ _
5 _ _ _ p 
4  _ _ _ _
3 _ _ _ KP
2  _ _ _ _
1 _ _ _ _ 

  abcdefgh
8  _ _ _ _
7 _ _ _ _ 
6  _ _ _ k
5 _ _ _ p 
4  _ _ _ _
3 _ _ _ KP
2  _ _ _ _
1 _ _ _ _ 

  abcdefgh
8  _ _ _ _
7 _ _ _ _ 
6  _ _ _ k
5 _ _ _ p 
4  _ _ _ _
3 _ _ _K_P
2  _ _ _ _
1 _ _ _ _ 

  abcdefgh
8  _ _ _ _
7 _ _ _ _ 
6  _ _ _ _
5 _ _ _ pk
4  _ _ _ _
3 _ _ _K_P
2  _ _ _ _
1 _ _ _ _ 

  abcdefgh
8  _ _ _ _
7 _ _ _ _ 
6  _ _ _ _
5 _ _ _ pk
4  _ _K_ _
3 _ _ _ _P
2  _ _ _ _
1 _ _ _ _ 

  abcdefgh
8  _ _ _ _
7 _ _ _ _ 
6  _ _ _ _
5 _ _ _ p 
4  _ _K_ k
3 _ _ _ _P
2  _ _ _ _
1 _ _ _ _ 

  abcdefgh
8  _ _ _ _
7 _ _ _ _ 
6  _ _ _ _
5 _ _ _Kp 
4  _ _ _ k
3 _ _ _ _P
2  _ _ _ _
1 _ _ _ _ 

  abcdefgh
8  _ _ _ _
7 _ _ _ _ 
6  _ _ _ _
5 _ _ _Kp 
4  _ _ _ _
3 _ _ _ _k
2  _ _ _ _
1 _ _ _ _ 

  abcdefgh
8  _ _ _ _
7 _ _ _ _ 
6  _ _ _ _
5 _ _ _ K 
4  _ _ _ _
3 _ _ _ _k
2  _ _ _ _
1 _ _ _ _ 

  abcdefgh
CTRL-D detected
