8 rnbqkbnr
7 pppppppp
6  _ _ _ _
5 _ _ _ _ 
4  _ P _ _
3 _ _ _ _ 
2 PPP_PPPP
1 RNBQKBNR

  abcdefgh
8 rnbqkb r
7 pppppppp
6  _ _ n _
5 _ _ _ _ 
4  _ P _ _
3 _ _ _ _ 
2 PPP_PPPP
1 RNBQKBNR

  abcdefgh
8 rnbqkb r
7 pppppppp
6  _ _ n _
5 _ _ _ _ 
4  _PP _ _
3 _ _ _ _ 
2 PP _PPPP
1 RNBQKBNR

  abcdefgh
8 rnbqkb r
7 pppp_ppp
6  _ _pn _
5 _ _ _ _ 
4  _PP _ _
3 _ _ _ _ 
2 PP _PPPP
1 RNBQKBNR

  abcdefgh
8 rnbqkb r
7 pppp_ppp
6  _ _pn _
5 _ _ _ _ 
4  _PP _ _
3 _ _ _N_ 
2 PP _PPPP
1 RNBQKB_R

  abcdefgh
8 rnbqkb r
7 p pp_ppp
6  p _pn _
5 _ _ _ _ 
4  _PP _ _
3 _ _ _N_ 
2 PP _PPPP
1 RNBQKB_R

  abcdefgh
8 rnbqkb r
7 p pp_ppp
6  p _pn _
5 _ _ _ _ 
4  _PP _ _
3 _ _ _NP 
2 PP _PP P
1 RNBQKB_R

  abcdefgh
8 rn qkb r
7 pbpp_ppp
6  p _pn _
5 _ _ _ _ 
4  _PP _ _
3 _ _ _NP 
2 PP _PP P
1 RNBQKB_R

  abcdefgh
8 rn qkb r
7 pbpp_ppp
6  p _pn _
5 _ _ _ _ 
4  _PP _ _
3 _ _ _NP 
2 PP _PPBP
1 RNBQK _R

  abcdefgh
8 rn qk_ r
7 pbppbppp
6  p _pn _
5 _ _ _ _ 
4  _PP _ _
3 _ _ _NP 
2 PP _PPBP
1 RNBQK _R

  abcdefgh
was here
8 rn qk_ r
7 pbppbppp
6  p _pn _
5 _ _ _ _ 
4  _PP _ _
3 _ _ _NP 
2 PP _PPBP
1 RNBQ_RK 

  abcdefgh
was here
8 rn q rk_
7 pbppbppp
6  p _pn _
5 _ _ _ _ 
4  _PP _ _
3 _ _ _NP 
2 PP _PPBP
1 RNBQ_RK 

  abcdefgh
8 rn q rk_
7 pbppbppp
6  p _pn _
5 _ _ _ _ 
4  _PP _ _
3 _ N _NP 
2 PP _PPBP
1 R BQ_RK 

  abcdefgh
8 rn q rk_
7 pbp bppp
6  p _pn _
5 _ _p_ _ 
4  _PP _ _
3 _ N _NP 
2 PP _PPBP
1 R BQ_RK 

  abcdefgh
8 rn q rk_
7 pbp bppp
6  p _pn _
5 _ _p_ _ 
4  _PP _ _
3 _QN _NP 
2 PP _PPBP
1 R B _RK 

  abcdefgh
8 rn q rk_
7 pbp bppp
6  p _pn _
5 _ _ _ _ 
4  _pP _ _
3 _QN _NP 
2 PP _PPBP
1 R B _RK 

  abcdefgh
8 rn q rk_
7 pbp bppp
6  p _pn _
5 _ _ _ _ 
4  _QP _ _
3 _ N _NP 
2 PP _PPBP
1 R B _RK 

  abcdefgh
8 r_ q rk_
7 pbpnbppp
6  p _pn _
5 _ _ _ _ 
4  _QP _ _
3 _ N _NP 
2 PP _PPBP
1 R B _RK 

  abcdefgh
8 r_ q rk_
7 pbpnbppp
6  p _pn _
5 _ _ _ _ 
4  _QP B _
3 _ N _NP 
2 PP _PPBP
1 R _ _RK 

  abcdefgh
8 r_ q rk_
7 pb_nbppp
6  p _pn _
5 _ p _ _ 
4  _QP B _
3 _ N _NP 
2 PP _PPBP
1 R _ _RK 

  abcdefgh
8 r_ q rk_
7 pb_nbppp
6  p _pn _
5 _ p _ _ 
4  _QP B _
3 _ N _NP 
2 PP _PPBP
1 R _R_ K 

  abcdefgh
8  _rq rk_
7 pb_nbppp
6  p _pn _
5 _ p _ _ 
4  _QP B _
3 _ N _NP 
2 PP _PPBP
1 R _R_ K 

  abcdefgh
8  _rq rk_
7 pb_nbppp
6  p _pn _
5 _ p _ _ 
4  _QP B _
3 _ N _NP 
2 PP _PPBP
1 _ RR_ K 

  abcdefgh
8  _rq rk_
7 _b_nbppp
6 pp _pn _
5 _ p _ _ 
4  _QP B _
3 _ N _NP 
2 PP _PPBP
1 _ RR_ K 

  abcdefgh
8  _rq rk_
7 _b_nbppp
6 pp _pn _
5 _ p _ _ 
4 P_QP B _
3 _ N _NP 
2  P _PPBP
1 _ RR_ K 

  abcdefgh
8  _rq rk_
7 _b_nbpp 
6 pp _pn p
5 _ p _ _ 
4 P_QP B _
3 _ N _NP 
2  P _PPBP
1 _ RR_ K 

  abcdefgh
8  _rq rk_
7 _b_nbpp 
6 pp _pn p
5 _ p _ _ 
4 P_QP B P
3 _ N _NP 
2  P _PPB_
1 _ RR_ K 

  abcdefgh
8  _r_qrk_
7 _b_nbpp 
6 pp _pn p
5 _ p _ _ 
4 P_QP B P
3 _ N _NP 
2  P _PPB_
1 _ RR_ K 

  abcdefgh
8  _r_qrk_
7 _b_nbpp 
6 pp _pn p
5 _ p N _ 
4 P_QP B P
3 _ N _ P 
2  P _PPB_
1 _ RR_ K 

  abcdefgh
8  _r_qrk_
7 _ _nbpp 
6 pp _pn p
5 _ p N _ 
4 P_QP B P
3 _ N _ P 
2  P _PPb_
1 _ RR_ K 

  abcdefgh
8  _r_qrk_
7 _ _nbpp 
6 pp _pn p
5 _ p N _ 
4 P_QP B P
3 _ N _ P 
2  P _PPK_
1 _ RR_ _ 

  abcdefgh
8  _r_qrk_
7 _ _nbpp 
6 pp _pn p
5 _ _ N _ 
4 P_Qp B P
3 _ N _ P 
2  P _PPK_
1 _ RR_ _ 

  abcdefgh
8  _r_qrk_
7 _ _nbpp 
6 pp _pn p
5 _ _ N _ 
4 P_ Q B P
3 _ N _ P 
2  P _PPK_
1 _ RR_ _ 

  abcdefgh
8  _r_qrk_
7 _ _n_pp 
6 pp _pn p
5 _ b N _ 
4 P_ Q B P
3 _ N _ P 
2  P _PPK_
1 _ RR_ _ 

  abcdefgh
8  _r_qrk_
7 _ _n_pp 
6 pp _pn p
5 _ b N _ 
4 P_ _ B P
3 _ NQ_ P 
2  P _PPK_
1 _ RR_ _ 

  abcdefgh
8  _r_qrk_
7 _ _ _pp 
6 pp _pn p
5 _ b n _ 
4 P_ _ B P
3 _ NQ_ P 
2  P _PPK_
1 _ RR_ _ 

  abcdefgh
8  _r_qrk_
7 _ _ _pp 
6 pp _pn p
5 _ b B _ 
4 P_ _ _ P
3 _ NQ_ P 
2  P _PPK_
1 _ RR_ _ 

  abcdefgh
8  _r_qrk_
7 _ _ _pp 
6 pp _p_ p
5 _ b B _ 
4 P_ _ _nP
3 _ NQ_ P 
2  P _PPK_
1 _ RR_ _ 

  abcdefgh
8  _r_qrk_
7 _ _ _pp 
6 pp _p_ p
5 _ b _ _ 
4 P_ B _nP
3 _ NQ_ P 
2  P _PPK_
1 _ RR_ _ 

  abcdefgh
8  _ rqrk_
7 _ _ _pp 
6 pp _p_ p
5 _ b _ _ 
4 P_ B _nP
3 _ NQ_ P 
2  P _PPK_
1 _ RR_ _ 

  abcdefgh
8  _ rqrk_
7 _ _ _pp 
6 pp _p_ p
5 _ b _ _ 
4 P_ B _nP
3 _ N _QP 
2  P _PPK_
1 _ RR_ _ 

  abcdefgh
8  _ _qrk_
7 _ _ _pp 
6 pp _p_ p
5 _ b _ _ 
4 P_ r _nP
3 _ N _QP 
2  P _PPK_
1 _ RR_ _ 

  abcdefgh
8  _ _qrk_
7 _ _ _pp 
6 pp _p_ p
5 _ b _ _ 
4 P_ R _nP
3 _ N _QP 
2  P _PPK_
1 _ R _ _ 

  abcdefgh
8  _ _qrk_
7 _ _ _pp 
6 pp _p_ p
5 _ _ _ _ 
4 P_ b _nP
3 _ N _QP 
2  P _PPK_
1 _ R _ _ 

  abcdefgh
8  _ _qrk_
7 _ _ _pp 
6 pp _p_ p
5 _ _ _ _ 
4 P_ b _QP
3 _ N _ P 
2  P _PPK_
1 _ R _ _ 

  abcdefgh
8  _ _ rk_
7 _ _ _pp 
6 ppq_p_ p
5 _ _ _ _ 
4 P_ b _QP
3 _ N _ P 
2  P _PPK_
1 _ R _ _ 

  abcdefgh
8  _ _ rk_
7 _ _ _pp 
6 ppq_p_ p
5 _ _ _ _ 
4 P_ b _QP
3 _ N _PP 
2  P _P_K_
1 _ R _ _ 

  abcdefgh
8  _ _ rk_
7 _ _ _pp 
6 ppq_p_ p
5 _ _ b _ 
4 P_ _ _QP
3 _ N _PP 
2  P _P_K_
1 _ R _ _ 

  abcdefgh
8  _ _ rk_
7 _ _ _pp 
6 ppq_p_ p
5 _ _ b _ 
4 P_ _ _QP
3 _ N _PP 
2  P _P_K_
1 _ _R_ _ 

  abcdefgh
8  r _ _k_
7 _ _ _pp 
6 ppq_p_ p
5 _ _ b _ 
4 P_ _ _QP
3 _ N _PP 
2  P _P_K_
1 _ _R_ _ 

  abcdefgh
8  r _ _k_
7 _ _ _pp 
6 ppq_p_ p
5 _ _ b _ 
4 PQ _ _ P
3 _ N _PP 
2  P _P_K_
1 _ _R_ _ 

  abcdefgh
8  r _ _k_
7 _ _ _pp 
6 pp _p_ p
5 _ q b _ 
4 PQ _ _ P
3 _ N _PP 
2  P _P_K_
1 _ _R_ _ 

  abcdefgh
8  r _ _k_
7 _ _ _pp 
6 pp _p_ p
5 _ q b _ 
4 P_ _ _ P
3 _QN _PP 
2  P _P_K_
1 _ _R_ _ 

  abcdefgh
8  _r_ _k_
7 _ _ _pp 
6 pp _p_ p
5 _ q b _ 
4 P_ _ _ P
3 _QN _PP 
2  P _P_K_
1 _ _R_ _ 

  abcdefgh
8  _r_ _k_
7 _ _ _pp 
6 pp _p_ p
5 _ q b _P
4 P_ _ _ _
3 _QN _PP 
2  P _P_K_
1 _ _R_ _ 

  abcdefgh
8  _r_ _k_
7 _ _ _pp 
6 pp _p_ p
5 _ q _ _P
4 P_ _ _ _
3 _Qb _PP 
2  P _P_K_
1 _ _R_ _ 

  abcdefgh
8  _r_ _k_
7 _ _ _pp 
6 pp _p_ p
5 _ q _ _P
4 P_ _ _ _
3 _ Q _PP 
2  P _P_K_
1 _ _R_ _ 

  abcdefgh
8  _r_ _k_
7 _ _ _pp 
6 pp _p_ p
5 _ _ _ _P
4 P_ _ _ _
3 _ q _PP 
2  P _P_K_
1 _ _R_ _ 

  abcdefgh
8  _r_ _k_
7 _ _ _pp 
6 pp _p_ p
5 _ _ _ _P
4 P_ _ _ _
3 _ P _PP 
2  _ _P_K_
1 _ _R_ _ 

  abcdefgh
8  _ _ _k_
7 _ _ _pp 
6 pp _p_ p
5 _ _ _ _P
4 P_ _ _ _
3 _ r _PP 
2  _ _P_K_
1 _ _R_ _ 

  abcdefgh
8  _ R _k_
7 _ _ _pp 
6 pp _p_ p
5 _ _ _ _P
4 P_ _ _ _
3 _ r _PP 
2  _ _P_K_
1 _ _ _ _ 

  abcdefgh
8  _ R _ _
7 _ _ _ppk
6 pp _p_ p
5 _ _ _ _P
4 P_ _ _ _
3 _ r _PP 
2  _ _P_K_
1 _ _ _ _ 

  abcdefgh
8  R _ _ _
7 _ _ _ppk
6 pp _p_ p
5 _ _ _ _P
4 P_ _ _ _
3 _ r _PP 
2  _ _P_K_
1 _ _ _ _ 

  abcdefgh
8  R _ _ _
7 _ _ _ppk
6 pp _p_ p
5 _ _ _ _P
4 P_ _ _ _
3 r _ _PP 
2  _ _P_K_
1 _ _ _ _ 

  abcdefgh
8  _ _ _ _
7 _ _ _ppk
6 pR _p_ p
5 _ _ _ _P
4 P_ _ _ _
3 r _ _PP 
2  _ _P_K_
1 _ _ _ _ 

  abcdefgh
8  _ _ _ _
7 _ _ _ppk
6 pR _p_ p
5 _ _ _ _P
4 r_ _ _ _
3 _ _ _PP 
2  _ _P_K_
1 _ _ _ _ 

  abcdefgh
8  _ _ _ _
7 _R_ _ppk
6 p_ _p_ p
5 _ _ _ _P
4 r_ _ _ _
3 _ _ _PP 
2  _ _P_K_
1 _ _ _ _ 

  abcdefgh
8  _ _ _ _
7 _R_ _ pk
6 p_ _pp p
5 _ _ _ _P
4 r_ _ _ _
3 _ _ _PP 
2  _ _P_K_
1 _ _ _ _ 

  abcdefgh
8  _ _ _ _
7 _ _ R pk
6 p_ _pp p
5 _ _ _ _P
4 r_ _ _ _
3 _ _ _PP 
2  _ _P_K_
1 _ _ _ _ 

  abcdefgh
8  _ _ _ _
7 _ _ R pk
6 p_ _ p p
5 _ _ p _P
4 r_ _ _ _
3 _ _ _PP 
2  _ _P_K_
1 _ _ _ _ 

  abcdefgh
8  _ _R_ _
7 _ _ _ pk
6 p_ _ p p
5 _ _ p _P
4 r_ _ _ _
3 _ _ _PP 
2  _ _P_K_
1 _ _ _ _ 

  abcdefgh
8  _ _R_ _
7 _ _ _ pk
6 p_ _ p p
5 _ _ p _P
4  r _ _ _
3 _ _ _PP 
2  _ _P_K_
1 _ _ _ _ 

  abcdefgh
8  _ _R_ _
7 _ _ _ pk
6 p_ _ p p
5 _ _ p _P
4  r _ _P_
3 _ _ _P_ 
2  _ _P_K_
1 _ _ _ _ 

  abcdefgh
8  _ _R_ _
7 _ _ _ pk
6  _ _ p p
5 p _ p _P
4  r _ _P_
3 _ _ _P_ 
2  _ _P_K_
1 _ _ _ _ 

  abcdefgh
8  _ _ R _
7 _ _ _ pk
6  _ _ p p
5 p _ p _P
4  r _ _P_
3 _ _ _P_ 
2  _ _P_K_
1 _ _ _ _ 

  abcdefgh
8  _ _ R _
7 _ _ _ pk
6  _ _ p p
5 _ _ p _P
4 pr _ _P_
3 _ _ _P_ 
2  _ _P_K_
1 _ _ _ _ 

  abcdefgh
8  _ _ R _
7 _ _ _ pk
6  _ _ p p
5 _ _ p _P
4 pr _ _P_
3 _ _ _PK 
2  _ _P_ _
1 _ _ _ _ 

  abcdefgh
8  _ _ R _
7 _ _ _ pk
6  _ _ p p
5 _ _ p _P
4  r _ _P_
3 p _ _PK 
2  _ _P_ _
1 _ _ _ _ 

  abcdefgh
8 R_ _ _ _
7 _ _ _ pk
6  _ _ p p
5 _ _ p _P
4  r _ _P_
3 p _ _PK 
2  _ _P_ _
1 _ _ _ _ 

  abcdefgh
8 R_ _ _ _
7 _ _ _ pk
6  _ _ p p
5 _ _ p _P
4  _ _ _P_
3 pr_ _PK 
2  _ _P_ _
1 _ _ _ _ 

  abcdefgh
8  _ _ R _
7 _ _ _ pk
6  _ _ p p
5 _ _ p _P
4  _ _ _P_
3 pr_ _PK 
2  _ _P_ _
1 _ _ _ _ 

  abcdefgh
8  _ _ R _
7 _ _ _ pk
6  _ _ p p
5 _r_ p _P
4  _ _ _P_
3 p _ _PK 
2  _ _P_ _
1 _ _ _ _ 

  abcdefgh
8 R_ _ _ _
7 _ _ _ pk
6  _ _ p p
5 _r_ p _P
4  _ _ _P_
3 p _ _PK 
2  _ _P_ _
1 _ _ _ _ 

  abcdefgh
8 R_ _ _ _
7 _ _ _ pk
6  _ _ p p
5 _ _ p _P
4  _ _ _P_
3 pr_ _PK 
2  _ _P_ _
1 _ _ _ _ 

  abcdefgh
8  _ _ R _
7 _ _ _ pk
6  _ _ p p
5 _ _ p _P
4  _ _ _P_
3 pr_ _PK 
2  _ _P_ _
1 _ _ _ _ 

  abcdefgh
8  _ _ R _
7 _ _ _ pk
6  _ _ p p
5 _ _ _ _P
4  _ _p_P_
3 pr_ _PK 
2  _ _P_ _
1 _ _ _ _ 

  abcdefgh
8  _ _ R _
7 _ _ _ pk
6  _ _ p p
5 _ _ _ _P
4  _ _p_P_
3 pr_ _P_ 
2  _ _PK _
1 _ _ _ _ 

  abcdefgh
8  _ _ R _
7 _ _ _ pk
6  _ _ p p
5 _ _ _ _P
4  _ _p_P_
3 p _ _P_ 
2  r _PK _
1 _ _ _ _ 

  abcdefgh
8  _ _ R _
7 _ _ _ pk
6  _ _ p p
5 _ _ _ _P
4  _ _p_P_
3 p _ KP_ 
2  r _P_ _
1 _ _ _ _ 

  abcdefgh
8  _ _ R _
7 _ _ _ pk
6  _ _ p p
5 _ _ _ _P
4  _ _p_P_
3 pr_ KP_ 
2  _ _P_ _
1 _ _ _ _ 

  abcdefgh
8  _ _ R _
7 _ _ _ pk
6  _ _ p p
5 _ _ _ _P
4  _ _p_P_
3 pr_ _P_ 
2  _ _PK _
1 _ _ _ _ 

  abcdefgh
8  _ _ R _
7 _ _ _ pk
6  _ _ p p
5 _ _ _ _P
4  _ _p_P_
3 _r_ _P_ 
2 p_ _PK _
1 _ _ _ _ 

  abcdefgh
8 R_ _ _ _
7 _ _ _ pk
6  _ _ p p
5 _ _ _ _P
4  _ _p_P_
3 _r_ _P_ 
2 p_ _PK _
1 _ _ _ _ 

  abcdefgh
8 R_ _ _ _
7 _ _ _ pk
6  _ _ p p
5 _ _ _ _P
4  _ _ _P_
3 _r_ pP_ 
2 p_ _PK _
1 _ _ _ _ 

  abcdefgh
8 R_ _ _ _
7 _ _ _ pk
6  _ _ p p
5 _ _ _ _P
4  _ _ _P_
3 _r_ pPK 
2 p_ _P_ _
1 _ _ _ _ 

  abcdefgh
8 R_ _ _ _
7 _ _ _ pk
6  _ _ p p
5 _ _ _ _P
4  _ _ _P_
3 _ _ pPK 
2 pr _P_ _
1 _ _ _ _ 

  abcdefgh
8 R_ _ _ _
7 _ _ _ pk
6  _ _ p p
5 _ _ _ _P
4  _ _ PP_
3 _ _ p K 
2 pr _P_ _
1 _ _ _ _ 

  abcdefgh
8 R_ _ _ _
7 _ _ _ pk
6  _ _ _ p
5 _ _ _p_P
4  _ _ PP_
3 _ _ p K 
2 pr _P_ _
1 _ _ _ _ 

  abcdefgh
8 R_ _ _ _
7 _ _ _ pk
6  _ _ _ p
5 _ _ _P_P
4  _ _ P _
3 _ _ p K 
2 pr _P_ _
1 _ _ _ _ 

  abcdefgh
8 R_ _ _ _
7 _ _ _ pk
6  _ _ _ p
5 _ _ _P_P
4  _ _ P _
3 _ _ p K 
2 p_ _r_ _
1 _ _ _ _ 

  abcdefgh
8 R_ _ _ _
7 _ _ _ pk
6  _ _ _ p
5 _ _ _P_P
4  _ _ P _
3 _ _ pK_ 
2 p_ _r_ _
1 _ _ _ _ 

  abcdefgh
8 R_ _ _ _
7 _ _ _ pk
6  _ _ _ p
5 _ _ _P_P
4  _ _ P _
3 _ _ pK_ 
2 p_ _ _ r
1 _ _ _ _ 

  abcdefgh
8 R_ _ _ _
7 _ _ _ pk
6  _ _ _ p
5 _ _ _P_P
4  _ _ P _
3 _ _ K _ 
2 p_ _ _ r
1 _ _ _ _ 

  abcdefgh
8 R_ _ _ _
7 _ _ _ pk
6  _ _ _ p
5 _ _ _P_r
4  _ _ P _
3 _ _ K _ 
2 p_ _ _ _
1 _ _ _ _ 

  abcdefgh
8 R_ _ _ _
7 _ _ _ pk
6  _ _ P p
5 _ _ _ _r
4  _ _ P _
3 _ _ K _ 
2 p_ _ _ _
1 _ _ _ _ 

  abcdefgh
8 R_ _ _ _
7 _ _ _ _k
6  _ _ p p
5 _ _ _ _r
4  _ _ P _
3 _ _ K _ 
2 p_ _ _ _
1 _ _ _ _ 

  abcdefgh
8  _ _ _ _
7 _ _ _ _k
6  _ _ p p
5 _ _ _ _r
4  _ _ P _
3 _ _ K _ 
2 R_ _ _ _
1 _ _ _ _ 

  abcdefgh
8  _ _ _ _
7 _ _ _ _ 
6  _ _ pkp
5 _ _ _ _r
4  _ _ P _
3 _ _ K _ 
2 R_ _ _ _
1 _ _ _ _ 

  abcdefgh
8  _ _ _ _
7 _ _ _ _ 
6  _ _ pkp
5 _ _ _ _r
4  _ _ P _
3 _ _ _K_ 
2 R_ _ _ _
1 _ _ _ _ 

  abcdefgh
8  _ _ _ _
7 _ _ _ _ 
6  _ _ pkp
5 _ r _ _ 
4  _ _ P _
3 _ _ _K_ 
2 R_ _ _ _
1 _ _ _ _ 

  abcdefgh
8  _ _ _ _
7 _ _ _ _ 
6  _ _ pkp
5 _ r _ _ 
4  _ _ P _
3 R _ _K_ 
2  _ _ _ _
1 _ _ _ _ 

  abcdefgh
8  _ _ _ _
7 _ _ _ _ 
6  _ _ p p
5 _ r _k_ 
4  _ _ P _
3 R _ _K_ 
2  _ _ _ _
1 _ _ _ _ 

  abcdefgh
8  _ _ _ _
7 _ _ _ _ 
6  _ _ p p
5 _ r _k_ 
4  _ _ P _
3 R _ _ K 
2  _ _ _ _
1 _ _ _ _ 

  abcdefgh
8  _ _ _ _
7 _ _ _ _ 
6  _ _ p p
5 _ _r_k_ 
4  _ _ P _
3 R _ _ K 
2  _ _ _ _
1 _ _ _ _ 

  abcdefgh
8  _ _ _ _
7 _ _ _ _ 
6  _ _ p p
5 _ _r_k_ 
4  _ _ P _
3 R _ _K_ 
2  _ _ _ _
1 _ _ _ _ 

  abcdefgh
8  _ _ _ _
7 _ _ _ _ 
6  _ _ p p
5 _r_ _k_ 
4  _ _ P _
3 R _ _K_ 
2  _ _ _ _
1 _ _ _ _ 

  abcdefgh
8  _ _ _ _
7 _ _ _ _ 
6  _ _ p p
5 _r_ _k_ 
4  _ _ P _
3 R _ _ K 
2  _ _ _ _
1 _ _ _ _ 

  abcdefgh
8  _ _ _ _
7 _ _ _ _ 
6  _ _ p p
5 _ r _k_ 
4  _ _ P _
3 R _ _ K 
2  _ _ _ _
1 _ _ _ _ 

  abcdefgh
8  _ _ _ _
7 _ _ _ _ 
6  _ _ p p
5 _ r _k_ 
4  _ _ P _
3 R _ _K_ 
2  _ _ _ _
1 _ _ _ _ 

  abcdefgh
8  _ _ _ _
7 _ _ _ _ 
6  _ _ p _
5 _ r _k_p
4  _ _ P _
3 R _ _K_ 
2  _ _ _ _
1 _ _ _ _ 

  abcdefgh
8  _ _ _ _
7 _ _ _ _ 
6  _ _ p _
5 _ r _k_p
4  _ _ P _
3 R _ _ K 
2  _ _ _ _
1 _ _ _ _ 

  abcdefgh
8  _ _ _ _
7 _ _ _ _ 
6  _ _ p _
5 _ _r_k_p
4  _ _ P _
3 R _ _ K 
2  _ _ _ _
1 _ _ _ _ 

  abcdefgh
8  _ _ _ _
7 _ _ _ _ 
6  _ _ p _
5 _ _r_k_p
4  _ _ P K
3 R _ _ _ 
2  _ _ _ _
1 _ _ _ _ 

  abcdefgh
8  _ _ _ _
7 _ _ _ _ 
6  _ _ p _
5 _ _ _k_p
4  _ _ P K
3 R _ _ _ 
2  _ _ _ _
1 _ _r_ _ 

  abcdefgh
8  _ _ _ _
7 _ _ _ _ 
6  _ _ p _
5 R _ _k_p
4  _ _ P K
3 _ _ _ _ 
2  _ _ _ _
1 _ _r_ _ 

  abcdefgh
8  _ _ _ _
7 _ _ _ _ 
6  _ _ pk_
5 R _ _ _p
4  _ _ P K
3 _ _ _ _ 
2  _ _ _ _
1 _ _r_ _ 

  abcdefgh
8  _ _ _ _
7 _ _ _ _ 
6  _ _ pk_
5 R _ _ _p
4  _ _ P _
3 _ _ _ K 
2  _ _ _ _
1 _ _r_ _ 

  abcdefgh
8  _ _ _ _
7 _ _ _ _ 
6  _ _ pk_
5 R _ _ _p
4  _ _ P _
3 _ _r_ K 
2  _ _ _ _
1 _ _ _ _ 

  abcdefgh
8  _ _ _ _
7 _ _ _ _ 
6  _ _ pk_
5 R _ _ _p
4  _ _ P K
3 _ _r_ _ 
2  _ _ _ _
1 _ _ _ _ 

  abcdefgh
8  _ _ _ _
7 _ _ _ _ 
6  _ _ pk_
5 R _ _ _p
4  _ r P K
3 _ _ _ _ 
2  _ _ _ _
1 _ _ _ _ 

  abcdefgh
8  _ _ _ _
7 _ _ _ _ 
6  _ _ pk_
5 R _ _ _p
4  _ r P _
3 _ _ _ K 
2  _ _ _ _
1 _ _ _ _ 

  abcdefgh
8  _ _ _ _
7 _ _ _ _ 
6  _ _ pk_
5 R _ _ _p
4  _ _ P _
3 _ _r_ K 
2  _ _ _ _
1 _ _ _ _ 

  abcdefgh
8  _ _ _ _
7 _ _ _ _ 
6  _ _ pk_
5 R _ _ _p
4  _ _ P K
3 _ _r_ _ 
2  _ _ _ _
1 _ _ _ _ 

  abcdefgh
8  _ _ _ _
7 _ _ _ _ 
6  _ _ pk_
5 R _ _ _p
4  _ _ P K
3 _ _ _ _ 
2  _ _ _ _
1 _ _r_ _ 

  abcdefgh
8  _ _ _ _
7 _ _ _ _ 
6  _ _ pk_
5 R _ _ _p
4  _ _ P _
3 _ _ _ K 
2  _ _ _ _
1 _ _r_ _ 

  abcdefgh
8  _ _ _ _
7 _ _ _ _ 
6  _ _ pk_
5 R _ _ _p
4  _ _ P _
3 _ _ _ K 
2  _ _ _ _
1 _ _ _r_ 

  abcdefgh
8  _ _ _ _
7 _ _ _ _ 
6  _ _ pk_
5 _ _ _ _p
4  _ _ P _
3 R _ _ K 
2  _ _ _ _
1 _ _ _r_ 

  abcdefgh
8  _ _ _ _
7 _ _ _ _ 
6  _ _ pk_
5 _ _ _ _p
4  _ _ P _
3 R _ _ K 
2  _ _ _ _
1 _ r _ _ 

  abcdefgh
8  _ _ _ _
7 _ _ _ _ 
6  _ _ pk_
5 R _ _ _p
4  _ _ P _
3 _ _ _ K 
2  _ _ _ _
1 _ r _ _ 

  abcdefgh
8  _ _ _ _
7 _ _ _ _ 
6  _ _ pk_
5 R _ _ _p
4  _ _ P _
3 _ r _ K 
2  _ _ _ _
1 _ _ _ _ 

  abcdefgh
8  _ _ _ _
7 _ _ _ _ 
6  _ _ pk_
5 R _ _ _p
4  _ _ P K
3 _ r _ _ 
2  _ _ _ _
1 _ _ _ _ 

  abcdefgh
8  _ _ _ _
7 _ _ _ _ 
6  _ _ pk_
5 R _ _ _p
4  _ _ P K
3 _ _ _r_ 
2  _ _ _ _
1 _ _ _ _ 

  abcdefgh
8  _ _ _ _
7 _ _ _ _ 
6  _ _ pk_
5 _ _ _ _p
4 R_ _ P K
3 _ _ _r_ 
2  _ _ _ _
1 _ _ _ _ 

  abcdefgh
8  _ _ _ _
7 _ _ _ _ 
6  _ _ p _
5 _ _ _k_p
4 R_ _ P K
3 _ _ _r_ 
2  _ _ _ _
1 _ _ _ _ 

  abcdefgh
8  _ _ _ _
7 _ _ _ _ 
6 R_ _ p _
5 _ _ _k_p
4  _ _ P K
3 _ _ _r_ 
2  _ _ _ _
1 _ _ _ _ 

  abcdefgh
8  _ _ _ _
7 _ _ _ _ 
6 R_ _ pk_
5 _ _ _ _p
4  _ _ P K
3 _ _ _r_ 
2  _ _ _ _
1 _ _ _ _ 

  abcdefgh
8  _ _ _ _
7 _ _ _ _ 
6  _ _ pk_
5 _ _ _ _p
4 R_ _ P K
3 _ _ _r_ 
2  _ _ _ _
1 _ _ _ _ 

  abcdefgh
8  _ _ _ _
7 _ _ _ _ 
6  _ _ pk_
5 _ _ _ _p
4 R_ _ P K
3 _ _ _ _ 
2  _ _ _ _
1 _ _ _r_ 

  abcdefgh
8  _ _ _ _
7 _ _ _ _ 
6  _ _ pk_
5 _ _ _ _p
4 R_ _ P _
3 _ _ _ K 
2  _ _ _ _
1 _ _ _r_ 

  abcdefgh
8  _ _ _ _
7 _ _ _ _ 
6  _ _ pk_
5 _ _ _ _p
4 R_ _ P _
3 _ _ _ K 
2  _ _ _ _
1 _ _ _ r 

  abcdefgh
8  _ _ _ _
7 _ _ _ _ 
6  _ _ pk_
5 _ _ _ _p
4 R_ _ P _
3 _ _ _ _ 
2  _ _ _ K
1 _ _ _ r 

  abcdefgh
8  _ _ _ _
7 _ _ _ _ 
6  _ _ pk_
5 _ _ _ _p
4 R_ _ P _
3 _ _ _ _ 
2  _ _ _ K
1 _ _r_ _ 

  abcdefgh
8  _ _ _ _
7 _ _ _ _ 
6  _ _ pk_
5 _ _ _ _p
4  _ _ P _
3 R _ _ _ 
2  _ _ _ K
1 _ _r_ _ 

  abcdefgh
8  _ _ _ _
7 _ _ _ _ 
6  _ _ p _
5 _ _ _k_p
4  _ _ P _
3 R _ _ _ 
2  _ _ _ K
1 _ _r_ _ 

  abcdefgh
8  _ _ _ _
7 _ _ _ _ 
6  _ _ p _
5 _ _ _k_p
4  _ _ P _
3 R _ _ K 
2  _ _ _ _
1 _ _r_ _ 

  abcdefgh
8  _ _ _ _
7 _ _ _ _ 
6  _ _ p _
5 _ _ _k_p
4  _ _ P _
3 R _ _ K 
2  _ _ _ _
1 _ _ _ r 

  abcdefgh
8  _ _ _ _
7 _ _ _ _ 
6  _ _ p _
5 _ _ _k_p
4  _ _ P _
3 R _ _ _ 
2  _ _ _ K
1 _ _ _ r 

  abcdefgh
8  _ _ _ _
7 _ _ _ r 
6  _ _ p _
5 _ _ _k_p
4  _ _ P _
3 R _ _ _ 
2  _ _ _ K
1 _ _ _ _ 

  abcdefgh
8  _ _ _ _
7 _ _ _ r 
6 R_ _ p _
5 _ _ _k_p
4  _ _ P _
3 _ _ _ _ 
2  _ _ _ K
1 _ _ _ _ 

  abcdefgh
8  _ _ _ _
7 _ _ _ _ 
6 R_ _ pr_
5 _ _ _k_p
4  _ _ P _
3 _ _ _ _ 
2  _ _ _ K
1 _ _ _ _ 

  abcdefgh
8  _ _ _ _
7 _ _ _ _ 
6 R_ _ pr_
5 _ _ _k_p
4  _ _ P _
3 _ _ _ _K
2  _ _ _ _
1 _ _ _ _ 

  abcdefgh
8  _ _ _r_
7 _ _ _ _ 
6 R_ _ p _
5 _ _ _k_p
4  _ _ P _
3 _ _ _ _K
2  _ _ _ _
1 _ _ _ _ 

  abcdefgh
8  _ _ _r_
7 _ _ _ _ 
6  _ _ p _
5 _ _ _k_p
4  _ _ P _
3 _ _ _ _K
2  _ _ _ _
1 R _ _ _ 

  abcdefgh
8  _ _ _r_
7 _ _ _ _ 
6  _ _ p _
5 _ _ _ _p
4  _ _ k _
3 _ _ _ _K
2  _ _ _ _
1 R _ _ _ 

  abcdefgh
8  _ _ _r_
7 _ _ _ _ 
6  _ _ p _
5 _ _ _ _p
4  _ _ k K
3 _ _ _ _ 
2  _ _ _ _
1 R _ _ _ 

  abcdefgh
8  _ _ _r_
7 _ _ _ _ 
6  _ _ _ _
5 _ _ _p_p
4  _ _ k K
3 _ _ _ _ 
2  _ _ _ _
1 R _ _ _ 

  abcdefgh
8  _ _ _r_
7 _ _ _ _ 
6  _ _ _ _
5 _ _ _p_p
4  _ _ k K
3 _ _ _ _ 
2  _ _ _ _
1 _ _ _R_ 

  abcdefgh
8  _ _ _r_
7 _ _ _ _ 
6  _ _ _ _
5 _ _ _p_p
4  _ _k_ K
3 _ _ _ _ 
2  _ _ _ _
1 _ _ _R_ 

  abcdefgh
8  _ _ _r_
7 _ _ _ _ 
6  _ _ _ _
5 _ _ _p_p
4  _ _k_ K
3 _ _ _ _ 
2  _ _ _ _
1 _ _ R _ 

  abcdefgh
8  _ _ _r_
7 _ _ _ _ 
6  _ _ _ _
5 _ _ _p_p
4  _ _ _ K
3 _ _k_ _ 
2  _ _ _ _
1 _ _ R _ 

  abcdefgh
8  _ _ _r_
7 _ _ _ _ 
6  _ _ _ _
5 _ _ _p_p
4  _ _ _ K
3 _ _k_ _ 
2  _ _ _ _
1 _ _ _R_ 

  abcdefgh
8  _ _ r _
7 _ _ _ _ 
6  _ _ _ _
5 _ _ _p_p
4  _ _ _ K
3 _ _k_ _ 
2  _ _ _ _
1 _ _ _R_ 

  abcdefgh
8  _ _ r _
7 _ _ _ _ 
6  _ _ _ _
5 _ _ _p_p
4  _ _ _ _
3 _ _k_ K 
2  _ _ _ _
1 _ _ _R_ 

  abcdefgh
8  _ _ r _
7 _ _ _ _ 
6  _ _ _ _
5 _ _ _p_ 
4  _ _ _ p
3 _ _k_ K 
2  _ _ _ _
1 _ _ _R_ 

  abcdefgh
8  _ _ r _
7 _ _ _ _ 
6  _ _ _ _
5 _ _ _p_ 
4  _ _ _ p
3 _ _k_ _ 
2  _ _ _K_
1 _ _ _R_ 

  abcdefgh
8  _ _ r _
7 _ _ _ _ 
6  _ _ _ _
5 _ _ _p_ 
4  _ _ _ p
3 _ _ _ _ 
2  _ _k_K_
1 _ _ _R_ 

  abcdefgh
8  _ _ r _
7 _ _ _ _ 
6  _ _ _ _
5 _ _ _p_ 
4  _ _ R p
3 _ _ _ _ 
2  _ _k_K_
1 _ _ _ _ 

  abcdefgh
8  _ _ _ _
7 _ _ _ _ 
6  _ _ r _
5 _ _ _p_ 
4  _ _ R p
3 _ _ _ _ 
2  _ _k_K_
1 _ _ _ _ 

  abcdefgh
8  _ _ _ _
7 _ _ _ _ 
6  _ _ r _
5 _ _ _p_ 
4  _ _ _ p
3 _ _ _ _ 
2  _ _kRK_
1 _ _ _ _ 

  abcdefgh
8  _ _ _ _
7 _ _ _ _ 
6  _ _ r _
5 _ _ _p_ 
4  _ _ _ p
3 _ _ k _ 
2  _ _ RK_
1 _ _ _ _ 

  abcdefgh
8  _ _ _ _
7 _ _ _ _ 
6  _ _ r _
5 _ _ _p_ 
4  _ _ _ p
3 _ _ k _ 
2 R_ _ _K_
1 _ _ _ _ 

  abcdefgh
8  _ _ _ _
7 _ _ _ _ 
6  _ _ r _
5 _ _ _ _ 
4  _ _ p p
3 _ _ k _ 
2 R_ _ _K_
1 _ _ _ _ 

  abcdefgh
8  _ _ _ _
7 _ _ _ _ 
6  _ _ r _
5 _ _ _ _ 
4  _ _ p p
3 R _ k _ 
2  _ _ _K_
1 _ _ _ _ 

  abcdefgh
8  _ _ _ _
7 _ _ _ _ 
6  _ _ r _
5 _ _ _ _ 
4  _ _kp p
3 R _ _ _ 
2  _ _ _K_
1 _ _ _ _ 

  abcdefgh
8  _ _ _ _
7 _ _ _ _ 
6  _ _ r _
5 _ _ _ _ 
4 R_ _kp p
3 _ _ _ _ 
2  _ _ _K_
1 _ _ _ _ 

  abcdefgh
8  _ _ _ _
7 _ _ _ _ 
6  _ _ r _
5 _ _ _k_ 
4 R_ _ p p
3 _ _ _ _ 
2  _ _ _K_
1 _ _ _ _ 

  abcdefgh
8  _ _ _ _
7 _ _ _ _ 
6  _ _ r _
5 _ _ _k_ 
4 R_ _ p p
3 _ _ _K_ 
2  _ _ _ _
1 _ _ _ _ 

  abcdefgh
8  _ _ _ _
7 _ _ _ _ 
6  _ _ r _
5 _ _ _ k 
4 R_ _ p p
3 _ _ _K_ 
2  _ _ _ _
1 _ _ _ _ 

  abcdefgh
8  _ _ _ _
7 _ _ _ _ 
6  _ _ r _
5 R _ _ k 
4  _ _ p p
3 _ _ _K_ 
2  _ _ _ _
1 _ _ _ _ 

  abcdefgh
8  _ _ _ _
7 _ _ _ _ 
6  _ _ _ _
5 R _ _rk 
4  _ _ p p
3 _ _ _K_ 
2  _ _ _ _
1 _ _ _ _ 

  abcdefgh
8  _ _ _ _
7 R _ _ _ 
6  _ _ _ _
5 _ _ _rk 
4  _ _ p p
3 _ _ _K_ 
2  _ _ _ _
1 _ _ _ _ 

  abcdefgh
8  _ _ _ _
7 R _ _ _ 
6  _ _ _ _
5 _ _ _rk 
4  _ _ p _
3 _ _ _K_p
2  _ _ _ _
1 _ _ _ _ 

  abcdefgh
8  _ _ _ _
7 _ _ _ _R
6  _ _ _ _
5 _ _ _rk 
4  _ _ p _
3 _ _ _K_p
2  _ _ _ _
1 _ _ _ _ 

  abcdefgh
8  _ _ _ _
7 _ _ _ _R
6  _ _ _ _
5 r _ _ k 
4  _ _ p _
3 _ _ _K_p
2  _ _ _ _
1 _ _ _ _ 

  abcdefgh
8  _ _ _ _
7 _ _ _ _ 
6  _ _ _ _
5 r _ _ k 
4  _ _ p _
3 _ _ _K_R
2  _ _ _ _
1 _ _ _ _ 

  abcdefgh
8  _ _ _ _
7 _ _ _ _ 
6  _ _ _ _
5 _ _ _ k 
4  _ _ p _
3 r _ _K_R
2  _ _ _ _
1 _ _ _ _ 

  abcdefgh
8  _ _ _ _
7 _ _ _ _ 
6  _ _ _ _
5 _ _ _ k 
4  _ _ p _
3 r _ _ _R
2  _ _ _K_
1 _ _ _ _ 

  abcdefgh
8  _ _ _ _
7 _ _ _ _ 
6  _ _ _ _
5 _ _ _ k 
4  _ _ p _
3 _ _ _ _r
2  _ _ _K_
1 _ _ _ _ 

  abcdefgh
8  _ _ _ _
7 _ _ _ _ 
6  _ _ _ _
5 _ _ _ k 
4  _ _ p _
3 _ _ _ _K
2  _ _ _ _
1 _ _ _ _ 

  abcdefgh
8  _ _ _ _
7 _ _ _ _ 
6  _ _ _ _
5 _ _ _k_ 
4  _ _ p _
3 _ _ _ _K
2  _ _ _ _
1 _ _ _ _ 

  abcdefgh
8  _ _ _ _
7 _ _ _ _ 
6  _ _ _ _
5 _ _ _k_ 
4  _ _ p _
3 _ _ _ _ 
2  _ _ _K_
1 _ _ _ _ 

  abcdefgh
8  _ _ _ _
7 _ _ _ _ 
6  _ _ _ _
5 _ _ _ _ 
4  _ _kp _
3 _ _ _ _ 
2  _ _ _K_
1 _ _ _ _ 

  abcdefgh
8  _ _ _ _
7 _ _ _ _ 
6  _ _ _ _
5 _ _ _ _ 
4  _ _kp _
3 _ _ _ _ 
2  _ _ K _
1 _ _ _ _ 

  abcdefgh
8  _ _ _ _
7 _ _ _ _ 
6  _ _ _ _
5 _ _ _ _ 
4  _ _k_ _
3 _ _ _p_ 
2  _ _ K _
1 _ _ _ _ 

  abcdefgh
8  _ _ _ _
7 _ _ _ _ 
6  _ _ _ _
5 _ _ _ _ 
4  _ _k_ _
3 _ _ _p_ 
2  _ _ _ _
1 _ _ _K_ 

  abcdefgh
8  _ _ _ _
7 _ _ _ _ 
6  _ _ _ _
5 _ _ _ _ 
4  _ _ _ _
3 _ _ kp_ 
2  _ _ _ _
1 _ _ _K_ 

  abcdefgh
8  _ _ _ _
7 _ _ _ _ 
6  _ _ _ _
5 _ _ _ _ 
4  _ _ _ _
3 _ _ kp_ 
2  _ _ _ _
1 _ _ K _ 

  abcdefgh
8  _ _ _ _
7 _ _ _ _ 
6  _ _ _ _
5 _ _ _ _ 
4  _ _ _ _
3 _ _ k _ 
2  _ _ p _
1 _ _ K _ 

  abcdefgh
8  _ _ _ _
7 _ _ _ _ 
6  _ _ _ _
5 _ _ _ _ 
4  _ _ _ _
3 _ _ k _ 
2  _ _ p _
1 _ _ _K_ 

  abcdefgh
8  _ _ _ _
7 _ _ _ _ 
6  _ _ _ _
5 _ _ _ _ 
4  _ _ _ _
3 _ _ _ _ 
2  _ k p _
1 _ _ _K_ 

  abcdefgh
8  _ _ _ _
7 _ _ _ _ 
6  _ _ _ _
5 _ _ _ _ 
4  _ _ _ _
3 _ _ _ _ 
2  _ k K _
1 _ _ _ _ 

  abcdefgh
CTRL-D detected
