8 rnbqkbnr
7 pppppppp
6  _ _ _ _
5 _ _ _ _ 
4  _ P _ _
3 _ _ _ _ 
2 PPP_PPPP
1 RNBQKBNR

  abcdefgh
8 rnbqkbnr
7 p pppppp
6  p _ _ _
5 _ _ _ _ 
4  _ P _ _
3 _ _ _ _ 
2 PPP_PPPP
1 RNBQKBNR

  abcdefgh
8 rnbqkbnr
7 p pppppp
6  p _ _ _
5 _ _ _ _ 
4  _ PP_ _
3 _ _ _ _ 
2 PPP_ PPP
1 RNBQKBNR

  abcdefgh
8 rn qkbnr
7 pbpppppp
6  p _ _ _
5 _ _ _ _ 
4  _ PP_ _
3 _ _ _ _ 
2 PPP_ PPP
1 RNBQKBNR

  abcdefgh
8 rn qkbnr
7 pbpppppp
6  p _ _ _
5 _ _ _ _ 
4  _ PP_ _
3 _ _B_ _ 
2 PPP_ PPP
1 RNBQK NR

  abcdefgh
8 rn qkbnr
7 pbpp_ppp
6  p _p_ _
5 _ _ _ _ 
4  _ PP_ _
3 _ _B_ _ 
2 PPP_ PPP
1 RNBQK NR

  abcdefgh
8 rn qkbnr
7 pbpp_ppp
6  p _p_ _
5 _ _ _ _ 
4  _ PP_ _
3 _ _B_N_ 
2 PPP_ PPP
1 RNBQK _R

  abcdefgh
8 rn qkb r
7 pbppnppp
6  p _p_ _
5 _ _ _ _ 
4  _ PP_ _
3 _ _B_N_ 
2 PPP_ PPP
1 RNBQK _R

  abcdefgh
was here
8 rn qkb r
7 pbppnppp
6  p _p_ _
5 _ _ _ _ 
4  _ PP_ _
3 _ _B_N_ 
2 PPP_ PPP
1 RNBQ_RK 

  abcdefgh
8 rn qkb r
7 pbpp_ppp
6  p _p_n_
5 _ _ _ _ 
4  _ PP_ _
3 _ _B_N_ 
2 PPP_ PPP
1 RNBQ_RK 

  abcdefgh
8 rn qkb r
7 pbpp_ppp
6  p _p_n_
5 _ _ _ _ 
4  _ PP_ _
3 _ _B_N_ 
2 PPP_ PPP
1 RNBQR K 

  abcdefgh
8 rn qk_ r
7 pbppbppp
6  p _p_n_
5 _ _ _ _ 
4  _ PP_ _
3 _ _B_N_ 
2 PPP_ PPP
1 RNBQR K 

  abcdefgh
8 rn qk_ r
7 pbppbppp
6  p _p_n_
5 _ _ _ _ 
4  _ PP_ _
3 _ _B_NP 
2 PPP_ P P
1 RNBQR K 

  abcdefgh
8 rn qk_ r
7 pb_pbppp
6  p _p_n_
5 _ p _ _ 
4  _ PP_ _
3 _ _B_NP 
2 PPP_ P P
1 RNBQR K 

  abcdefgh
8 rn qk_ r
7 pb_pbppp
6  p _p_n_
5 _ pP_ _ 
4  _ _P_ _
3 _ _B_NP 
2 PPP_ P P
1 RNBQR K 

  abcdefgh
was here
8 rn q rk_
7 pb_pbppp
6  p _p_n_
5 _ pP_ _ 
4  _ _P_ _
3 _ _B_NP 
2 PPP_ P P
1 RNBQR K 

  abcdefgh
8 rn q rk_
7 pb_pbppp
6  p _p_n_
5 _ pP_ _ 
4  _ _P_ P
3 _ _B_NP 
2 PPP_ P _
1 RNBQR K 

  abcdefgh
8 rn q rk_
7 pb_ bppp
6  p pp_n_
5 _ pP_ _ 
4  _ _P_ P
3 _ _B_NP 
2 PPP_ P _
1 RNBQR K 

  abcdefgh
8 rn q rk_
7 pb_ bppp
6  p pp_n_
5 _ pP_ _P
4  _ _P_ _
3 _ _B_NP 
2 PPP_ P _
1 RNBQR K 

  abcdefgh
8 rn q rk_
7 pb_ bppp
6  p pp_ _
5 _ pPn _P
4  _ _P_ _
3 _ _B_NP 
2 PPP_ P _
1 RNBQR K 

  abcdefgh
8 rn q rk_
7 pb_ bppp
6  p pp_ _
5 _ pPN _P
4  _ _P_ _
3 _ _B_ P 
2 PPP_ P _
1 RNBQR K 

  abcdefgh
8 rn q rk_
7 pb_ bppp
6  p _p_ _
5 _ pPp _P
4  _ _P_ _
3 _ _B_ P 
2 PPP_ P _
1 RNBQR K 

  abcdefgh
8 rn q rk_
7 pb_ bppp
6  p _p_ _
5 _ pPp _P
4  _P_P_ _
3 _ _B_ P 
2 PP _ P _
1 RNBQR K 

  abcdefgh
8 rn q rk_
7 pb_ bpp 
6  p _p_ p
5 _ pPp _P
4  _P_P_ _
3 _ _B_ P 
2 PP _ P _
1 RNBQR K 

  abcdefgh
8 rn q rk_
7 pb_ bpp 
6  p _p_ p
5 _ pPp _P
4  _P_P_ _
3 _ NB_ P 
2 PP _ P _
1 R BQR K 

  abcdefgh
8 r_ q rk_
7 pb_nbpp 
6  p _p_ p
5 _ pPp _P
4  _P_P_ _
3 _ NB_ P 
2 PP _ P _
1 R BQR K 

  abcdefgh
8 r_ q rk_
7 pb_nbpp 
6  p _p_ p
5 _ pPp _P
4 P_P_P_ _
3 _ NB_ P 
2  P _ P _
1 R BQR K 

  abcdefgh
8 r_ q rk_
7 pb_n_pp 
6  p _p_ p
5 _ pPp bP
4 P_P_P_ _
3 _ NB_ P 
2  P _ P _
1 R BQR K 

  abcdefgh
8 r_ q rk_
7 pb_n_pp 
6  p _p_ p
5 _ pPp bP
4 P_P_PP _
3 _ NB_ P 
2  P _ _ _
1 R BQR K 

  abcdefgh
8 r_ q rk_
7 pb_n_pp 
6  p _pb p
5 _ pPp _P
4 P_P_PP _
3 _ NB_ P 
2  P _ _ _
1 R BQR K 

  abcdefgh
8 r_ q rk_
7 pb_n_pp 
6  p _pb p
5 _ pPpP_P
4 P_P_P_ _
3 _ NB_ P 
2  P _ _ _
1 R BQR K 

  abcdefgh
8 r_ q rk_
7 pb_n_pp 
6  p _p_ p
5 _ pPpPbP
4 P_P_P_ _
3 _ NB_ P 
2  P _ _ _
1 R BQR K 

  abcdefgh
8 r_ q rk_
7 pb_n_pp 
6  p _P_ p
5 _ pPp bP
4 P_P_P_ _
3 _ NB_ P 
2  P _ _ _
1 R BQR K 

  abcdefgh
8 r_ q rk_
7 pb_n_ p 
6  p _p_ p
5 _ pPp bP
4 P_P_P_ _
3 _ NB_ P 
2  P _ _ _
1 R BQR K 

  abcdefgh
8 r_ q rk_
7 pb_n_ p 
6  p _p_ p
5 _ pPp bP
4 P_P_P_Q_
3 _ NB_ P 
2  P _ _ _
1 R B R K 

  abcdefgh
8 r_ q rk_
7 pb_n_ p 
6  p _p_ p
5 _ pPp _P
4 P_P_P_Q_
3 _ NB_ P 
2  P _ _ _
1 R b R K 

  abcdefgh
8 r_ q rk_
7 pb_n_ p 
6  p _p_ p
5 _ pPp _P
4 P_P_P_Q_
3 _ NB_ P 
2  P _ _ _
1 R R _ K 

  abcdefgh
8 r_bq rk_
7 p _n_ p 
6  p _p_ p
5 _ pPp _P
4 P_P_P_Q_
3 _ NB_ P 
2  P _ _ _
1 R R _ K 

  abcdefgh
8 r_bq rk_
7 p _n_ p 
6  p _Q_ p
5 _ pPp _P
4 P_P_P_ _
3 _ NB_ P 
2  P _ _ _
1 R R _ K 

  abcdefgh
8 r_bq _k_
7 p _n_rp 
6  p _Q_ p
5 _ pPp _P
4 P_P_P_ _
3 _ NB_ P 
2  P _ _ _
1 R R _ K 

  abcdefgh
8 r_bq _k_
7 p _n_rp 
6  p _ _ p
5 _ pPp _P
4 P_P_P_Q_
3 _ NB_ P 
2  P _ _ _
1 R R _ K 

  abcdefgh
8 r_bq _k_
7 p _ _rp 
6  p _ n p
5 _ pPp _P
4 P_P_P_Q_
3 _ NB_ P 
2  P _ _ _
1 R R _ K 

  abcdefgh
8 r_bq _k_
7 p _ _rp 
6  p _ n p
5 _ pPp _P
4 P_P_P_ Q
3 _ NB_ P 
2  P _ _ _
1 R R _ K 

  abcdefgh
8 r_ q _k_
7 p _ _rp 
6  p _ n p
5 _ pPp _P
4 P_P_P_bQ
3 _ NB_ P 
2  P _ _ _
1 R R _ K 

  abcdefgh
8 r_ q _k_
7 p _ _rp 
6  p _ n p
5 _ pPp _P
4 P_P_P_bQ
3 _ NB_ P 
2  P _ _ _
1 R _ _RK 

  abcdefgh
8 r_ q _k_
7 p _ _rp 
6  p _ n p
5 _ pPp _b
4 P_P_P_ Q
3 _ NB_ P 
2  P _ _ _
1 R _ _RK 

  abcdefgh
8 r_ q _k_
7 p _ _rp 
6  p _ n p
5 _ pPp _b
4 P_P_P_ Q
3 _ NB_ P 
2  P _ _ _
1 _ _ RRK 

  abcdefgh
8 r_ _ _k_
7 p _ _rp 
6  p q n p
5 _ pPp _b
4 P_P_P_ Q
3 _ NB_ P 
2  P _ _ _
1 _ _ RRK 

  abcdefgh
8 r_ _ _k_
7 p _ _rp 
6  p q n p
5 _NpPp _b
4 P_P_P_ Q
3 _ _B_ P 
2  P _ _ _
1 _ _ RRK 

  abcdefgh
8 r_ _ _k_
7 p _ qrp 
6  p _ n p
5 _NpPp _b
4 P_P_P_ Q
3 _ _B_ P 
2  P _ _ _
1 _ _ RRK 

  abcdefgh
8 r_ _ _k_
7 p _ qrp 
6  p _ n p
5 _NpPp _b
4 P_P_P_ Q
3 _ _ _ P 
2  P _B_ _
1 _ _ RRK 

  abcdefgh
8 r_ _ _k_
7 p _ qrp 
6  p _ n p
5 _NpPp _ 
4 P_P_P_ Q
3 _ _ _ P 
2  P _b_ _
1 _ _ RRK 

  abcdefgh
8 r_ _ _k_
7 p _ qrp 
6  p _ n p
5 _NpPp _ 
4 P_P_P_ Q
3 _ _ _ P 
2  P _R_ _
1 _ _ _RK 

  abcdefgh
8 r_ _ _k_
7 p _q_rp 
6  p _ n p
5 _NpPp _ 
4 P_P_P_ Q
3 _ _ _ P 
2  P _R_ _
1 _ _ _RK 

  abcdefgh
8 r_ _ _k_
7 p _q_rp 
6  p _ n p
5 _NpPp _ 
4 P_P_P_ Q
3 _ _ _ P 
2  P _ R _
1 _ _ _RK 

  abcdefgh
8  _ _ rk_
7 p _q_rp 
6  p _ n p
5 _NpPp _ 
4 P_P_P_ Q
3 _ _ _ P 
2  P _ R _
1 _ _ _RK 

  abcdefgh
8  _ _ rk_
7 p _q_rp 
6  p _ n p
5 _NpPpR_ 
4 P_P_P_ Q
3 _ _ _ P 
2  P _ _ _
1 _ _ _RK 

  abcdefgh
8  _ _nrk_
7 p _q_rp 
6  p _ _ p
5 _NpPpR_ 
4 P_P_P_ Q
3 _ _ _ P 
2  P _ _ _
1 _ _ _RK 

  abcdefgh
8  _ _nrk_
7 p _q_rp 
6  p _ _ p
5 _NpPpR_Q
4 P_P_P_ _
3 _ _ _ P 
2  P _ _ _
1 _ _ _RK 

  abcdefgh
8  _ _nrk_
7 _ _q_rp 
6 pp _ _ p
5 _NpPpR_Q
4 P_P_P_ _
3 _ _ _ P 
2  P _ _ _
1 _ _ _RK 

  abcdefgh
8  _ _nrk_
7 _ _q_rp 
6 pp _ _ p
5 _ pPpR_Q
4 P_P_P_ _
3 _ N _ P 
2  P _ _ _
1 _ _ _RK 

  abcdefgh
8  _ _ rk_
7 _ _q_rp 
6 pp n _ p
5 _ pPpR_Q
4 P_P_P_ _
3 _ N _ P 
2  P _ _ _
1 _ _ _RK 

  abcdefgh
8  _ _ rk_
7 _ _q_Rp 
6 pp n _ p
5 _ pPp _Q
4 P_P_P_ _
3 _ N _ P 
2  P _ _ _
1 _ _ _RK 

  abcdefgh
8  _ _ _k_
7 _ _q_rp 
6 pp n _ p
5 _ pPp _Q
4 P_P_P_ _
3 _ N _ P 
2  P _ _ _
1 _ _ _RK 

  abcdefgh
8  _ _ _k_
7 _ _q_rp 
6 pp n _ p
5 _ pPQ _ 
4 P_P_P_ _
3 _ N _ P 
2  P _ _ _
1 _ _ _RK 

  abcdefgh
8  _ _ _k_
7 _ _qr p 
6 pp n _ p
5 _ pPQ _ 
4 P_P_P_ _
3 _ N _ P 
2  P _ _ _
1 _ _ _RK 

  abcdefgh
8  _ _ _k_
7 _ _qr p 
6 pp n _ p
5 _ pP_ _ 
4 P_P_PQ _
3 _ N _ P 
2  P _ _ _
1 _ _ _RK 

  abcdefgh
8  _ _ _k_
7 _ _q_rp 
6 pp n _ p
5 _ pP_ _ 
4 P_P_PQ _
3 _ N _ P 
2  P _ _ _
1 _ _ _RK 

  abcdefgh
8  _ _ _k_
7 _ _q_rp 
6 pp n _ p
5 _ pPQ _ 
4 P_P_P_ _
3 _ N _ P 
2  P _ _ _
1 _ _ _RK 

  abcdefgh
8  _ _ _k_
7 _ _qr p 
6 pp n _ p
5 _ pPQ _ 
4 P_P_P_ _
3 _ N _ P 
2  P _ _ _
1 _ _ _RK 

  abcdefgh
8  _ _ _k_
7 _ _qr p 
6 pp n _ p
5 _ pP_ _ 
4 P_P_PQ _
3 _ N _ P 
2  P _ _ _
1 _ _ _RK 

  abcdefgh
8  _ _ _k_
7 _ _q_rp 
6 pp n _ p
5 _ pP_ _ 
4 P_P_PQ _
3 _ N _ P 
2  P _ _ _
1 _ _ _RK 

  abcdefgh
8  _ _ _k_
7 _ _q_rp 
6 pp n _ p
5 _ pPQ _ 
4 P_P_P_ _
3 _ N _ P 
2  P _ _ _
1 _ _ _RK 

  abcdefgh
8  _ _ _k_
7 _ _qr p 
6 pp n _ p
5 _ pPQ _ 
4 P_P_P_ _
3 _ N _ P 
2  P _ _ _
1 _ _ _RK 

  abcdefgh
8  _ _ _k_
7 _ _qr p 
6 pp n _ p
5 _ pP_ _ 
4 P_P_PQ _
3 _ N _ P 
2  P _ _ _
1 _ _ _RK 

  abcdefgh
8  _ _ _k_
7 _ _q_rp 
6 pp n _ p
5 _ pP_ _ 
4 P_P_PQ _
3 _ N _ P 
2  P _ _ _
1 _ _ _RK 

  abcdefgh
8  _ _ _k_
7 _ _q_rp 
6 pp n _ p
5 _ pPQ _ 
4 P_P_P_ _
3 _ N _ P 
2  P _ _ _
1 _ _ _RK 

  abcdefgh
8  _ _ _k_
7 _ _q_ p 
6 pp n _ p
5 _ pPQ _ 
4 P_P_P_ _
3 _ N _ P 
2  P _ _ _
1 _ _ _rK 

  abcdefgh
8  _ _ _k_
7 _ _q_ p 
6 pp n _ p
5 _ pPQ _ 
4 P_P_P_ _
3 _ N _ P 
2  P _ _ _
1 _ _ _K_ 

  abcdefgh
8  _ _ _k_
7 _ _ _qp 
6 pp n _ p
5 _ pPQ _ 
4 P_P_P_ _
3 _ N _ P 
2  P _ _ _
1 _ _ _K_ 

  abcdefgh
8  _ _ _k_
7 _ _ _qp 
6 pp n _ p
5 _ pP_ _ 
4 P_P_PQ _
3 _ N _ P 
2  P _ _ _
1 _ _ _K_ 

  abcdefgh
8  _ _ _k_
7 _ _ _qp 
6 pp _ _ p
5 _ pP_ _ 
4 P_n_PQ _
3 _ N _ P 
2  P _ _ _
1 _ _ _K_ 

  abcdefgh
8  _ _ _k_
7 _ _ _qp 
6 pp _ _ p
5 _ pP_ _ 
4 P_n_PQ _
3 _PN _ P 
2  _ _ _ _
1 _ _ _K_ 

  abcdefgh
8  _ _ _k_
7 _ _ _qp 
6 pp _ _ p
5 _ pP_ _ 
4 P_ _PQ _
3 _PN _ P 
2  _ n _ _
1 _ _ _K_ 

  abcdefgh
8  _ _ _k_
7 _ _ _qp 
6 pp _ _ p
5 _ pP_ _ 
4 P_ _PQ _
3 _PN _ P 
2  _ n _ _
1 _ _ K _ 

  abcdefgh
8  _ _ _k_
7 _ _ _ p 
6 pp _ _ p
5 _ pP_ _ 
4 P_ _Pq _
3 _PN _ P 
2  _ n _ _
1 _ _ K _ 

  abcdefgh
8  _ _ _k_
7 _ _ _ p 
6 pp _ _ p
5 _ pP_ _ 
4 P_ _PP _
3 _PN _ _ 
2  _ n _ _
1 _ _ K _ 

  abcdefgh
8  _ _ _k_
7 _ _ _ p 
6 pp _ _ p
5 _ pP_ _ 
4 P_ _PP _
3 _nN _ _ 
2  _ _ _ _
1 _ _ K _ 

  abcdefgh
8  _ _ _k_
7 _ _ _ p 
6 pp P _ p
5 _ p _ _ 
4 P_ _PP _
3 _nN _ _ 
2  _ _ _ _
1 _ _ K _ 

  abcdefgh
8  _ _ _ _
7 _ _ _kp 
6 pp P _ p
5 _ p _ _ 
4 P_ _PP _
3 _nN _ _ 
2  _ _ _ _
1 _ _ K _ 

  abcdefgh
8  _ _ _ _
7 _ _ _kp 
6 pp P _ p
5 _ pN_ _ 
4 P_ _PP _
3 _n_ _ _ 
2  _ _ _ _
1 _ _ K _ 

  abcdefgh
8  _ _ _ _
7 _ _ _ p 
6 pp Pk_ p
5 _ pN_ _ 
4 P_ _PP _
3 _n_ _ _ 
2  _ _ _ _
1 _ _ K _ 

  abcdefgh
8  _ _ _ _
7 _ _ _ p 
6 pp Pk_ p
5 _ pNP _ 
4 P_ _ P _
3 _n_ _ _ 
2  _ _ _ _
1 _ _ K _ 

  abcdefgh
8  _ _ _ _
7 _ _ _ p 
6 pp Pk_ p
5 n pNP _ 
4 P_ _ P _
3 _ _ _ _ 
2  _ _ _ _
1 _ _ K _ 

  abcdefgh
8  _ _ _ _
7 _ N _ p 
6 pp Pk_ p
5 n p P _ 
4 P_ _ P _
3 _ _ _ _ 
2  _ _ _ _
1 _ _ K _ 

  abcdefgh
8  _ _ _ _
7 _ Nk_ p 
6 pp P _ p
5 n p P _ 
4 P_ _ P _
3 _ _ _ _ 
2  _ _ _ _
1 _ _ K _ 

  abcdefgh
8  _ _ _ _
7 _ _k_ p 
6 Np P _ p
5 n p P _ 
4 P_ _ P _
3 _ _ _ _ 
2  _ _ _ _
1 _ _ K _ 

  abcdefgh
8  _ _ _ _
7 _ _k_ _ 
6 Np P _ p
5 n p P p 
4 P_ _ P _
3 _ _ _ _ 
2  _ _ _ _
1 _ _ K _ 

  abcdefgh
8  _ _ _ _
7 _ Nk_ _ 
6  p P _ p
5 n p P p 
4 P_ _ P _
3 _ _ _ _ 
2  _ _ _ _
1 _ _ K _ 

  abcdefgh
8  _ _ _ _
7 _ Nk_ _ 
6  p P _ p
5 n p P _ 
4 P_ _ p _
3 _ _ _ _ 
2  _ _ _ _
1 _ _ K _ 

  abcdefgh
8  _ _ _ _
7 _ _k_ _ 
6  p P _ p
5 n pNP _ 
4 P_ _ p _
3 _ _ _ _ 
2  _ _ _ _
1 _ _ K _ 

  abcdefgh
8  _ _ _ _
7 _ _k_ _ 
6  p P _ p
5 _ pNP _ 
4 P_n_ p _
3 _ _ _ _ 
2  _ _ _ _
1 _ _ K _ 

  abcdefgh
8  _ _ _ _
7 _ _k_ _ 
6  p P N p
5 _ p P _ 
4 P_n_ p _
3 _ _ _ _ 
2  _ _ _ _
1 _ _ K _ 

  abcdefgh
8  _ k _ _
7 _ _ _ _ 
6  p P N p
5 _ p P _ 
4 P_n_ p _
3 _ _ _ _ 
2  _ _ _ _
1 _ _ K _ 

  abcdefgh
8  _ k _ _
7 _ _ _ _ 
6  p P _ p
5 _ pNP _ 
4 P_n_ p _
3 _ _ _ _ 
2  _ _ _ _
1 _ _ K _ 

  abcdefgh
8  _ k _ _
7 _ _ _ _ 
6  p P _ _
5 _ pNP _p
4 P_n_ p _
3 _ _ _ _ 
2  _ _ _ _
1 _ _ K _ 

  abcdefgh
8  _ k _ _
7 _ _ _ _ 
6  p P _ _
5 _ p P _p
4 P_n_ N _
3 _ _ _ _ 
2  _ _ _ _
1 _ _ K _ 

  abcdefgh
8  _ k _ _
7 _ _ _ _ 
6  p P _ _
5 _ p P _ 
4 P_n_ N p
3 _ _ _ _ 
2  _ _ _ _
1 _ _ K _ 

  abcdefgh
8  _ k _ _
7 _ _ _ _ 
6  p P _N_
5 _ p P _ 
4 P_n_ _ p
3 _ _ _ _ 
2  _ _ _ _
1 _ _ K _ 

  abcdefgh
8  _ k _ _
7 _ _ _ _ 
6  p P _N_
5 _ p P _ 
4 P_n_ _ _
3 _ _ _ _p
2  _ _ _ _
1 _ _ K _ 

  abcdefgh
8  _ k _ _
7 _ _ _ _ 
6  p P _N_
5 _ p P _ 
4 P_n_ _ _
3 _ _ _ _p
2  _ _ K _
1 _ _ _ _ 

  abcdefgh
8  _ _ _ _
7 _ _k_ _ 
6  p P _N_
5 _ p P _ 
4 P_n_ _ _
3 _ _ _ _p
2  _ _ K _
1 _ _ _ _ 

  abcdefgh
8  _ _ _ _
7 _ _k_ _ 
6  p P _N_
5 _ p P _ 
4 P_n_ _ _
3 _ _ _ Kp
2  _ _ _ _
1 _ _ _ _ 

  abcdefgh
8  _ _ _ _
7 _ _k_ _ 
6  p n _N_
5 _ p P _ 
4 P_ _ _ _
3 _ _ _ Kp
2  _ _ _ _
1 _ _ _ _ 

  abcdefgh
8  _ _ _ _
7 _ _k_ _ 
6  p n _N_
5 _ p P _ 
4 P_ _ _ _
3 _ _ _ _K
2  _ _ _ _
1 _ _ _ _ 

  abcdefgh
8  _ _ _ _
7 _ _ _ _ 
6  p nk_N_
5 _ p P _ 
4 P_ _ _ _
3 _ _ _ _K
2  _ _ _ _
1 _ _ _ _ 

  abcdefgh
8  _ _ _ _
7 _ _ _ _ 
6  p nk_N_
5 _ p P _ 
4 P_ _ _K_
3 _ _ _ _ 
2  _ _ _ _
1 _ _ _ _ 

  abcdefgh
8  _ _ _ _
7 _ _ _ _ 
6  p _k_N_
5 _ p P _ 
4 P_ _n_K_
3 _ _ _ _ 
2  _ _ _ _
1 _ _ _ _ 

  abcdefgh
8  _ _ N _
7 _ _ _ _ 
6  p _k_ _
5 _ p P _ 
4 P_ _n_K_
3 _ _ _ _ 
2  _ _ _ _
1 _ _ _ _ 

  abcdefgh
8  _ _ N _
7 _ _ _k_ 
6  p _ _ _
5 _ p P _ 
4 P_ _n_K_
3 _ _ _ _ 
2  _ _ _ _
1 _ _ _ _ 

  abcdefgh
8  _ _ N _
7 _ _ _k_ 
6  p _ _ _
5 _ p P _ 
4 P_ _nK _
3 _ _ _ _ 
2  _ _ _ _
1 _ _ _ _ 

  abcdefgh
8  _ _ N _
7 _ _ _k_ 
6  p _ _ _
5 _ p P _ 
4 P_ _ K _
3 _ n _ _ 
2  _ _ _ _
1 _ _ _ _ 

  abcdefgh
8  _ _ _ _
7 _ _N_k_ 
6  p _ _ _
5 _ p P _ 
4 P_ _ K _
3 _ n _ _ 
2  _ _ _ _
1 _ _ _ _ 

  abcdefgh
8  _ _ _ _
7 _ _N_k_ 
6  p _ _ _
5 _ p P _ 
4 n_ _ K _
3 _ _ _ _ 
2  _ _ _ _
1 _ _ _ _ 

  abcdefgh
8  _ _ _ _
7 _ _N_k_ 
6  p _ _ _
5 _ p P _ 
4 n_ _K_ _
3 _ _ _ _ 
2  _ _ _ _
1 _ _ _ _ 

  abcdefgh
8  _ _ _ _
7 _ _Nk _ 
6  p _ _ _
5 _ p P _ 
4 n_ _K_ _
3 _ _ _ _ 
2  _ _ _ _
1 _ _ _ _ 

  abcdefgh
8  _ _ _ _
7 _ _ k _ 
6  p _ N _
5 _ p P _ 
4 n_ _K_ _
3 _ _ _ _ 
2  _ _ _ _
1 _ _ _ _ 

  abcdefgh
8  _ _ _ _
7 _ _ k _ 
6  p _ N _
5 _ p P _ 
4  _ _K_ _
3 _ n _ _ 
2  _ _ _ _
1 _ _ _ _ 

  abcdefgh
8  _ _ _ _
7 _ _ k _ 
6  p _ N _
5 _ p P _ 
4  _ _ _ _
3 _ nK_ _ 
2  _ _ _ _
1 _ _ _ _ 

  abcdefgh
8  _ _ _ _
7 _ _ _ _ 
6  p _kN _
5 _ p P _ 
4  _ _ _ _
3 _ nK_ _ 
2  _ _ _ _
1 _ _ _ _ 

  abcdefgh
8  _ _ _ _
7 _ _ _ _ 
6  p _kN _
5 _ p P _ 
4  _ _ _ _
3 _ K _ _ 
2  _ _ _ _
1 _ _ _ _ 

  abcdefgh
8  _ _ _ _
7 _ _ _ _ 
6  p _ N _
5 _ p k _ 
4  _ _ _ _
3 _ K _ _ 
2  _ _ _ _
1 _ _ _ _ 

  abcdefgh
8  _ _ _ _
7 _ _ _ _ 
6  p _ _ _
5 _ p k _ 
4  _ _ _N_
3 _ K _ _ 
2  _ _ _ _
1 _ _ _ _ 

  abcdefgh
8  _ _ _ _
7 _ _ _ _ 
6  p _k_ _
5 _ p _ _ 
4  _ _ _N_
3 _ K _ _ 
2  _ _ _ _
1 _ _ _ _ 

  abcdefgh
8  _ _ _ _
7 _ _ _ _ 
6  p _k_ _
5 _ p _ _ 
4  _ _ _ _
3 _ K _ _ 
2  _ _ N _
1 _ _ _ _ 

  abcdefgh
8  _ _ _ _
7 _ _ _ _ 
6  _ _k_ _
5 _pp _ _ 
4  _ _ _ _
3 _ K _ _ 
2  _ _ N _
1 _ _ _ _ 

  abcdefgh
8  _ _ _ _
7 _ _ _ _ 
6  _ _k_ _
5 _pp _ _ 
4  _ _N_ _
3 _ K _ _ 
2  _ _ _ _
1 _ _ _ _ 

  abcdefgh
8  _ _ _ _
7 _ _ _ _ 
6  _ _k_ _
5 _ p _ _ 
4  p _N_ _
3 _ K _ _ 
2  _ _ _ _
1 _ _ _ _ 

  abcdefgh
8  _ _ _ _
7 _ _ _ _ 
6  _ _k_ _
5 _ p _ _ 
4  p _N_ _
3 _ _ _ _ 
2  K _ _ _
1 _ _ _ _ 

  abcdefgh
8  _ _ _ _
7 _ _ _ _ 
6  _ _k_ _
5 _ _ _ _ 
4  pp_N_ _
3 _ _ _ _ 
2  K _ _ _
1 _ _ _ _ 

  abcdefgh
8  _ _ _ _
7 _ _ _ _ 
6  _ _k_ _
5 _ _ _ _ 
4  pp_ _ _
3 _ N _ _ 
2  K _ _ _
1 _ _ _ _ 

  abcdefgh
8  _ _ _ _
7 _ _ _ _ 
6  _ _k_ _
5 _ _ _ _ 
4  _p_ _ _
3 _pN _ _ 
2  K _ _ _
1 _ _ _ _ 

  abcdefgh
8  _ _ _ _
7 _ _ _ _ 
6  _ _k_ _
5 _ _ _ _ 
4  _p_ _ _
3 _pN _ _ 
2  _ _ _ _
1 _K_ _ _ 

  abcdefgh
8  _ _ _ _
7 _ _ _ _ 
6  _ _k_ _
5 _ _ _ _ 
4  _p_ _ _
3 _ N _ _ 
2  p _ _ _
1 _K_ _ _ 

  abcdefgh
8  _ _ _ _
7 _ _ _ _ 
6  _ _k_ _
5 _N_ _ _ 
4  _p_ _ _
3 _ _ _ _ 
2  p _ _ _
1 _K_ _ _ 

  abcdefgh
8  _ _ _ _
7 _ _ _ _ 
6  _ _k_ _
5 _N_ _ _ 
4  _ _ _ _
3 _ p _ _ 
2  p _ _ _
1 _K_ _ _ 

  abcdefgh
8  _ _ _ _
7 _ _ _ _ 
6  _ _k_ _
5 _ _ _ _ 
4  _ _ _ _
3 _ N _ _ 
2  p _ _ _
1 _K_ _ _ 

  abcdefgh
8  _ _ _ _
7 _ _ _ _ 
6  _ _ _ _
5 _ _ _k_ 
4  _ _ _ _
3 _ N _ _ 
2  p _ _ _
1 _K_ _ _ 

  abcdefgh
8  _ _ _ _
7 _ _ _ _ 
6  _ _ _ _
5 _ _N_k_ 
4  _ _ _ _
3 _ _ _ _ 
2  p _ _ _
1 _K_ _ _ 

  abcdefgh
8  _ _ _ _
7 _ _ _ _ 
6  _ _ _ _
5 _ _N_ _ 
4  _ _k_ _
3 _ _ _ _ 
2  p _ _ _
1 _K_ _ _ 

  abcdefgh
8  _ _ _ _
7 _ _ _ _ 
6  _ _ _ _
5 _ _ _ _ 
4  _ _kN _
3 _ _ _ _ 
2  p _ _ _
1 _K_ _ _ 

  abcdefgh
8  _ _ _ _
7 _ _ _ _ 
6  _ _ _ _
5 _ _ _ _ 
4  _ k N _
3 _ _ _ _ 
2  p _ _ _
1 _K_ _ _ 

  abcdefgh
8  _ _ _ _
7 _ _ _ _ 
6  _ _ _ _
5 _ _ _ _ 
4  _ k _ _
3 _ _N_ _ 
2  p _ _ _
1 _K_ _ _ 

  abcdefgh
8  _ _ _ _
7 _ _ _ _ 
6  _ _ _ _
5 _ _ _ _ 
4  _k_ _ _
3 _ _N_ _ 
2  p _ _ _
1 _K_ _ _ 

  abcdefgh
8  _ _ _ _
7 _ _ _ _ 
6  _ _ _ _
5 _ _ _ _ 
4  _k_ N _
3 _ _ _ _ 
2  p _ _ _
1 _K_ _ _ 

  abcdefgh
8  _ _ _ _
7 _ _ _ _ 
6  _ _ _ _
5 _ _ _ _ 
4  _ _ N _
3 _k_ _ _ 
2  p _ _ _
1 _K_ _ _ 

  abcdefgh
8  _ _ _ _
7 _ _ _ _ 
6  _ _ _ _
5 _ _N_ _ 
4  _ _ _ _
3 _k_ _ _ 
2  p _ _ _
1 _K_ _ _ 

  abcdefgh
8  _ _ _ _
7 _ _ _ _ 
6  _ _ _ _
5 _ _N_ _ 
4  _k_ _ _
3 _ _ _ _ 
2  p _ _ _
1 _K_ _ _ 

  abcdefgh
8  _ _ _ _
7 _ _ _ _ 
6  _ _ _ _
5 _ _ _ _ 
4  Nk_ _ _
3 _ _ _ _ 
2  p _ _ _
1 _K_ _ _ 

  abcdefgh
8  _ _ _ _
7 _ _ _ _ 
6  _ _ _ _
5 _k_ _ _ 
4  N _ _ _
3 _ _ _ _ 
2  p _ _ _
1 _K_ _ _ 

  abcdefgh
8  _ _ _ _
7 _ _ _ _ 
6  _ _ _ _
5 _k_ _ _ 
4  _ _ _ _
3 _ _N_ _ 
2  p _ _ _
1 _K_ _ _ 

  abcdefgh
8  _ _ _ _
7 _ _ _ _ 
6  _ _ _ _
5 _ _ _ _ 
4 k_ _ _ _
3 _ _N_ _ 
2  p _ _ _
1 _K_ _ _ 

  abcdefgh
8  _ _ _ _
7 _ _ _ _ 
6  _ _ _ _
5 _ _ _ _ 
4 k_ _ N _
3 _ _ _ _ 
2  p _ _ _
1 _K_ _ _ 

  abcdefgh
8  _ _ _ _
7 _ _ _ _ 
6  _ _ _ _
5 _ _ _ _ 
4  _ _ N _
3 k _ _ _ 
2  p _ _ _
1 _K_ _ _ 

  abcdefgh
8  _ _ _ _
7 _ _ _ _ 
6  _ _ _ _
5 _ _ _ _ 
4  _ _ _ _
3 k _N_ _ 
2  p _ _ _
1 _K_ _ _ 

  abcdefgh
8  _ _ _ _
7 _ _ _ _ 
6  _ _ _ _
5 _ _ _ _ 
4 k_ _ _ _
3 _ _N_ _ 
2  p _ _ _
1 _K_ _ _ 

  abcdefgh
8  _ _ _ _
7 _ _ _ _ 
6  _ _ _ _
5 _ _ _ _ 
4 kN _ _ _
3 _ _ _ _ 
2  p _ _ _
1 _K_ _ _ 

  abcdefgh
8  _ _ _ _
7 _ _ _ _ 
6  _ _ _ _
5 _ _ _ _ 
4  N _ _ _
3 k _ _ _ 
2  p _ _ _
1 _K_ _ _ 

  abcdefgh
8  _ _ _ _
7 _ _ _ _ 
6  _ _ _ _
5 _ _ _ _ 
4  _ _ _ _
3 k _N_ _ 
2  p _ _ _
1 _K_ _ _ 

  abcdefgh
8  _ _ _ _
7 _ _ _ _ 
6  _ _ _ _
5 _ _ _ _ 
4  _ _ _ _
3 _k_N_ _ 
2  p _ _ _
1 _K_ _ _ 

  abcdefgh
8  _ _ _ _
7 _ _ _ _ 
6  _ _ _ _
5 _ _ N _ 
4  _ _ _ _
3 _k_ _ _ 
2  p _ _ _
1 _K_ _ _ 

  abcdefgh
8  _ _ _ _
7 _ _ _ _ 
6  _ _ _ _
5 _ _ N _ 
4  k _ _ _
3 _ _ _ _ 
2  p _ _ _
1 _K_ _ _ 

  abcdefgh
8  _ _ _ _
7 _ _ _ _ 
6  _ _ _ _
5 _ _ _ _ 
4  k _ _ _
3 _ _N_ _ 
2  p _ _ _
1 _K_ _ _ 

  abcdefgh
8  _ _ _ _
7 _ _ _ _ 
6  _ _ _ _
5 _k_ _ _ 
4  _ _ _ _
3 _ _N_ _ 
2  p _ _ _
1 _K_ _ _ 

  abcdefgh
8  _ _ _ _
7 _ _ _ _ 
6  _ _ _ _
5 _kN _ _ 
4  _ _ _ _
3 _ _ _ _ 
2  p _ _ _
1 _K_ _ _ 

  abcdefgh
8  _ _ _ _
7 _ _ _ _ 
6  _k_ _ _
5 _ N _ _ 
4  _ _ _ _
3 _ _ _ _ 
2  p _ _ _
1 _K_ _ _ 

  abcdefgh
8  _ _ _ _
7 _ _ _ _ 
6  _k_ _ _
5 _ _ _ _ 
4  _ _ _ _
3 _ _N_ _ 
2  p _ _ _
1 _K_ _ _ 

  abcdefgh
8  _ _ _ _
7 _ _ _ _ 
6  _ _ _ _
5 _ _k_ _ 
4  _ _ _ _
3 _ _N_ _ 
2  p _ _ _
1 _K_ _ _ 

  abcdefgh
8  _ _ _ _
7 _ _ _ _ 
6  _ _ _ _
5 _ _k_ _ 
4  N _ _ _
3 _ _ _ _ 
2  p _ _ _
1 _K_ _ _ 

  abcdefgh
8  _ _ _ _
7 _ _ _ _ 
6  _ _k_ _
5 _ _ _ _ 
4  N _ _ _
3 _ _ _ _ 
2  p _ _ _
1 _K_ _ _ 

  abcdefgh
8  _ _ _ _
7 _ _ _ _ 
6  _ _k_ _
5 _ _ _ _ 
4  _ _ _ _
3 _ _N_ _ 
2  p _ _ _
1 _K_ _ _ 

  abcdefgh
8  _ _ _ _
7 _ _ _ _ 
6  _ k _ _
5 _ _ _ _ 
4  _ _ _ _
3 _ _N_ _ 
2  p _ _ _
1 _K_ _ _ 

  abcdefgh
8  _ _ _ _
7 _ _ _ _ 
6  _ k _ _
5 _ _ _ _ 
4  _ _ N _
3 _ _ _ _ 
2  p _ _ _
1 _K_ _ _ 

  abcdefgh
8  _ _ _ _
7 _ _ _ _ 
6  _k_ _ _
5 _ _ _ _ 
4  _ _ N _
3 _ _ _ _ 
2  p _ _ _
1 _K_ _ _ 

  abcdefgh
8  _ _ _ _
7 _ _ _ _ 
6  _k_ _ _
5 _ _ _ _ 
4  _ _ _ _
3 _ _N_ _ 
2  p _ _ _
1 _K_ _ _ 

  abcdefgh
8  _ _ _ _
7 _ _ _ _ 
6  _ _ _ _
5 _ _k_ _ 
4  _ _ _ _
3 _ _N_ _ 
2  p _ _ _
1 _K_ _ _ 

  abcdefgh
8  _ _ _ _
7 _ _ _ _ 
6  _ _ _ _
5 _ _k_ _ 
4  N _ _ _
3 _ _ _ _ 
2  p _ _ _
1 _K_ _ _ 

  abcdefgh
8  _ _ _ _
7 _ _ _ _ 
6  _ k _ _
5 _ _ _ _ 
4  N _ _ _
3 _ _ _ _ 
2  p _ _ _
1 _K_ _ _ 

  abcdefgh
8  _ _ _ _
7 _ _ _ _ 
6  _ k _ _
5 _ _N_ _ 
4  _ _ _ _
3 _ _ _ _ 
2  p _ _ _
1 _K_ _ _ 

  abcdefgh
8  _ _ _ _
7 _ _ _ _ 
6  _ _ _ _
5 _ kN_ _ 
4  _ _ _ _
3 _ _ _ _ 
2  p _ _ _
1 _K_ _ _ 

  abcdefgh
8  _ _ _ _
7 _ _ _ _ 
6  _ _ _ _
5 _ k _ _ 
4  N _ _ _
3 _ _ _ _ 
2  p _ _ _
1 _K_ _ _ 

  abcdefgh
8  _ _ _ _
7 _ _ _ _ 
6  _ k _ _
5 _ _ _ _ 
4  N _ _ _
3 _ _ _ _ 
2  p _ _ _
1 _K_ _ _ 

  abcdefgh
8  _ _ _ _
7 _ _ _ _ 
6  _ k _ _
5 _ _N_ _ 
4  _ _ _ _
3 _ _ _ _ 
2  p _ _ _
1 _K_ _ _ 

  abcdefgh
8  _ _ _ _
7 _ _ _ _ 
6  _ _k_ _
5 _ _N_ _ 
4  _ _ _ _
3 _ _ _ _ 
2  p _ _ _
1 _K_ _ _ 

  abcdefgh
8  _ _ _ _
7 _ _ _ _ 
6  _ _k_ _
5 _ _ _ _ 
4  _ _ N _
3 _ _ _ _ 
2  p _ _ _
1 _K_ _ _ 

  abcdefgh
8  _ _ _ _
7 _ _k_ _ 
6  _ _ _ _
5 _ _ _ _ 
4  _ _ N _
3 _ _ _ _ 
2  p _ _ _
1 _K_ _ _ 

  abcdefgh
8  _ _ _ _
7 _ _k_ _ 
6  _ _ _ _
5 _ _ _ _ 
4  _ _ _ _
3 _ _N_ _ 
2  p _ _ _
1 _K_ _ _ 

  abcdefgh
8  _ _ _ _
7 _ _ _ _ 
6  _ k _ _
5 _ _ _ _ 
4  _ _ _ _
3 _ _N_ _ 
2  p _ _ _
1 _K_ _ _ 

  abcdefgh
8  _ _ _ _
7 _ _ _ _ 
6  _ k _ _
5 _ _ _ _ 
4  _ _ _ _
3 _ _ _ _ 
2  p _ _ _
1 _KN _ _ 

  abcdefgh
8  _ _ _ _
7 _ k _ _ 
6  _ _ _ _
5 _ _ _ _ 
4  _ _ _ _
3 _ _ _ _ 
2  p _ _ _
1 _KN _ _ 

  abcdefgh
8  _ _ _ _
7 _ k _ _ 
6  _ _ _ _
5 _ _ _ _ 
4  _ _ _ _
3 _N_ _ _ 
2  p _ _ _
1 _K_ _ _ 

  abcdefgh
8  _ _ _ _
7 _ _k_ _ 
6  _ _ _ _
5 _ _ _ _ 
4  _ _ _ _
3 _N_ _ _ 
2  p _ _ _
1 _K_ _ _ 

  abcdefgh
8  _ _ _ _
7 _ _k_ _ 
6  _ _ _ _
5 _ _ _ _ 
4  _ N _ _
3 _ _ _ _ 
2  p _ _ _
1 _K_ _ _ 

  abcdefgh
8  _ _ _ _
7 _ k _ _ 
6  _ _ _ _
5 _ _ _ _ 
4  _ N _ _
3 _ _ _ _ 
2  p _ _ _
1 _K_ _ _ 

  abcdefgh
8  _ _ _ _
7 _ k _ _ 
6  _ _ _ _
5 _ _ _ _ 
4  _ _ _ _
3 _ _ _ _ 
2  pN_ _ _
1 _K_ _ _ 

  abcdefgh
8  _ _ _ _
7 _ _ _ _ 
6  _k_ _ _
5 _ _ _ _ 
4  _ _ _ _
3 _ _ _ _ 
2  pN_ _ _
1 _K_ _ _ 

  abcdefgh
8  _ _ _ _
7 _ _ _ _ 
6  _k_ _ _
5 _ _ _ _ 
4  N _ _ _
3 _ _ _ _ 
2  p _ _ _
1 _K_ _ _ 

  abcdefgh
8  _ _ _ _
7 _ _ _ _ 
6  k _ _ _
5 _ _ _ _ 
4  N _ _ _
3 _ _ _ _ 
2  p _ _ _
1 _K_ _ _ 

  abcdefgh
8  _ _ _ _
7 _ _ _ _ 
6  k _ _ _
5 _ _N_ _ 
4  _ _ _ _
3 _ _ _ _ 
2  p _ _ _
1 _K_ _ _ 

  abcdefgh
8  _ _ _ _
7 _ _ _ _ 
6  _ _ _ _
5 _ kN_ _ 
4  _ _ _ _
3 _ _ _ _ 
2  p _ _ _
1 _K_ _ _ 

  abcdefgh
8  _ _ _ _
7 _ _ _ _ 
6  _ _ _ _
5 _ k _ _ 
4  N _ _ _
3 _ _ _ _ 
2  p _ _ _
1 _K_ _ _ 

  abcdefgh
8  _ _ _ _
7 _ _ _ _ 
6  _ _ _ _
5 _ _ _ _ 
4  Nk_ _ _
3 _ _ _ _ 
2  p _ _ _
1 _K_ _ _ 

  abcdefgh
8  _ _ _ _
7 _ _ _ _ 
6 N_ _ _ _
5 _ _ _ _ 
4  _k_ _ _
3 _ _ _ _ 
2  p _ _ _
1 _K_ _ _ 

  abcdefgh
8  _ _ _ _
7 _ _ _ _ 
6 N_ _ _ _
5 _ _ _ _ 
4  _ _ _ _
3 _k_ _ _ 
2  p _ _ _
1 _K_ _ _ 

  abcdefgh
8  _ _ _ _
7 _ _ _ _ 
6  _ _ _ _
5 _ N _ _ 
4  _ _ _ _
3 _k_ _ _ 
2  p _ _ _
1 _K_ _ _ 

  abcdefgh
8  _ _ _ _
7 _ _ _ _ 
6  _ _ _ _
5 _ N _ _ 
4  _k_ _ _
3 _ _ _ _ 
2  p _ _ _
1 _K_ _ _ 

  abcdefgh
8  _ _ _ _
7 _ _ _ _ 
6 N_ _ _ _
5 _ _ _ _ 
4  _k_ _ _
3 _ _ _ _ 
2  p _ _ _
1 _K_ _ _ 

  abcdefgh
8  _ _ _ _
7 _ _ _ _ 
6 N_ _ _ _
5 _k_ _ _ 
4  _ _ _ _
3 _ _ _ _ 
2  p _ _ _
1 _K_ _ _ 

  abcdefgh
8  _ _ _ _
7 _ N _ _ 
6  _ _ _ _
5 _k_ _ _ 
4  _ _ _ _
3 _ _ _ _ 
2  p _ _ _
1 _K_ _ _ 

  abcdefgh
8  _ _ _ _
7 _ N _ _ 
6  _ _ _ _
5 _ k _ _ 
4  _ _ _ _
3 _ _ _ _ 
2  p _ _ _
1 _K_ _ _ 

  abcdefgh
8  _ _ _ _
7 _ _ _ _ 
6 N_ _ _ _
5 _ k _ _ 
4  _ _ _ _
3 _ _ _ _ 
2  p _ _ _
1 _K_ _ _ 

  abcdefgh
8  _ _ _ _
7 _ _ _ _ 
6 N_ k _ _
5 _ _ _ _ 
4  _ _ _ _
3 _ _ _ _ 
2  p _ _ _
1 _K_ _ _ 

  abcdefgh
8  _ _ _ _
7 _ _ _ _ 
6  _ k _ _
5 _ _ _ _ 
4  N _ _ _
3 _ _ _ _ 
2  p _ _ _
1 _K_ _ _ 

  abcdefgh
8  _ _ _ _
7 _ _ _ _ 
6  _ _ _ _
5 _ k _ _ 
4  N _ _ _
3 _ _ _ _ 
2  p _ _ _
1 _K_ _ _ 

  abcdefgh
8  _ _ _ _
7 _ _ _ _ 
6  _ _ _ _
5 _ k _ _ 
4  _ _ _ _
3 _ _N_ _ 
2  p _ _ _
1 _K_ _ _ 

  abcdefgh
8  _ _ _ _
7 _ _ _ _ 
6  _ _ _ _
5 _ _ _ _ 
4  _k_ _ _
3 _ _N_ _ 
2  p _ _ _
1 _K_ _ _ 

  abcdefgh
8  _ _ _ _
7 _ _ _ _ 
6  _ _ _ _
5 _ _ _ _ 
4  Nk_ _ _
3 _ _ _ _ 
2  p _ _ _
1 _K_ _ _ 

  abcdefgh
8  _ _ _ _
7 _ _ _ _ 
6  _ _ _ _
5 _ _ _ _ 
4  N _ _ _
3 _ k _ _ 
2  p _ _ _
1 _K_ _ _ 

  abcdefgh
8  _ _ _ _
7 _ _ _ _ 
6 N_ _ _ _
5 _ _ _ _ 
4  _ _ _ _
3 _ k _ _ 
2  p _ _ _
1 _K_ _ _ 

  abcdefgh
8  _ _ _ _
7 _ _ _ _ 
6 N_ _ _ _
5 _ _ _ _ 
4  _ _ _ _
3 _k_ _ _ 
2  p _ _ _
1 _K_ _ _ 

  abcdefgh
8  N _ _ _
7 _ _ _ _ 
6  _ _ _ _
5 _ _ _ _ 
4  _ _ _ _
3 _k_ _ _ 
2  p _ _ _
1 _K_ _ _ 

  abcdefgh
8  N _ _ _
7 _ _ _ _ 
6  _ _ _ _
5 _ _ _ _ 
4  k _ _ _
3 _ _ _ _ 
2  p _ _ _
1 _K_ _ _ 

  abcdefgh
8  _ _ _ _
7 _ _ _ _ 
6 N_ _ _ _
5 _ _ _ _ 
4  k _ _ _
3 _ _ _ _ 
2  p _ _ _
1 _K_ _ _ 

  abcdefgh
8  _ _ _ _
7 _ _ _ _ 
6 N_ _ _ _
5 _ _ _ _ 
4  _ _ _ _
3 k _ _ _ 
2  p _ _ _
1 _K_ _ _ 

  abcdefgh
8  _ _ _ _
7 _ N _ _ 
6  _ _ _ _
5 _ _ _ _ 
4  _ _ _ _
3 k _ _ _ 
2  p _ _ _
1 _K_ _ _ 

  abcdefgh
8  _ _ _ _
7 _ N _ _ 
6  _ _ _ _
5 _ _ _ _ 
4  k _ _ _
3 _ _ _ _ 
2  p _ _ _
1 _K_ _ _ 

  abcdefgh
8  _ _ _ _
7 _ _ _ _ 
6  _ _ _ _
5 _ _N_ _ 
4  k _ _ _
3 _ _ _ _ 
2  p _ _ _
1 _K_ _ _ 

  abcdefgh
8  _ _ _ _
7 _ _ _ _ 
6  _ _ _ _
5 _k_N_ _ 
4  _ _ _ _
3 _ _ _ _ 
2  p _ _ _
1 _K_ _ _ 

  abcdefgh
8  _ _ _ _
7 _ _ _ _ 
6  _ _ _ _
5 _k_ _ _ 
4  _ _ N _
3 _ _ _ _ 
2  p _ _ _
1 _K_ _ _ 

  abcdefgh
8  _ _ _ _
7 _ _ _ _ 
6  _ _ _ _
5 _ _ _ _ 
4  _k_ N _
3 _ _ _ _ 
2  p _ _ _
1 _K_ _ _ 

  abcdefgh
8  _ _ _ _
7 _ _ _ _ 
6  _ _ _ _
5 _ _ _ _ 
4  _k_ _ _
3 _ _ _ _N
2  p _ _ _
1 _K_ _ _ 

  abcdefgh
8  _ _ _ _
7 _ _ _ _ 
6  _ _ _ _
5 _ _ _ _ 
4  _ _ _ _
3 _k_ _ _N
2  p _ _ _
1 _K_ _ _ 

  abcdefgh
8  _ _ _ _
7 _ _ _ _ 
6  _ _ _ _
5 _ _ _ N 
4  _ _ _ _
3 _k_ _ _ 
2  p _ _ _
1 _K_ _ _ 

  abcdefgh
8  _ _ _ _
7 _ _ _ _ 
6  _ _ _ _
5 _ _ _ N 
4  k _ _ _
3 _ _ _ _ 
2  p _ _ _
1 _K_ _ _ 

  abcdefgh
8  _ _ _ _
7 _ _ _ _ 
6  _ _N_ _
5 _ _ _ _ 
4  k _ _ _
3 _ _ _ _ 
2  p _ _ _
1 _K_ _ _ 

  abcdefgh
8  _ _ _ _
7 _ _ _ _ 
6  _ _N_ _
5 _ _ _ _ 
4 k_ _ _ _
3 _ _ _ _ 
2  p _ _ _
1 _K_ _ _ 

  abcdefgh
8  _ _ _ _
7 _ _ _ _ 
6  _ _ _ _
5 _ _ _ N 
4 k_ _ _ _
3 _ _ _ _ 
2  p _ _ _
1 _K_ _ _ 

  abcdefgh
8  _ _ _ _
7 _ _ _ _ 
6  _ _ _ _
5 _ _ _ N 
4  _ _ _ _
3 k _ _ _ 
2  p _ _ _
1 _K_ _ _ 

  abcdefgh
8  _ _ _ _
7 _ _ _ _ 
6  _ _ _ _
5 _ _ _ _ 
4  _ _N_ _
3 k _ _ _ 
2  p _ _ _
1 _K_ _ _ 

  abcdefgh
8  _ _ _ _
7 _ _ _ _ 
6  _ _ _ _
5 _ _ _ _ 
4 k_ _N_ _
3 _ _ _ _ 
2  p _ _ _
1 _K_ _ _ 

  abcdefgh
8  _ _ _ _
7 _ _ _ _ 
6  _ N _ _
5 _ _ _ _ 
4 k_ _ _ _
3 _ _ _ _ 
2  p _ _ _
1 _K_ _ _ 

  abcdefgh
8  _ _ _ _
7 _ _ _ _ 
6  _ N _ _
5 _ _ _ _ 
4  _ _ _ _
3 k _ _ _ 
2  p _ _ _
1 _K_ _ _ 

  abcdefgh
8  _ _ _ _
7 _ _ _ _ 
6  _ _ _ _
5 _ _ _ _ 
4  _N_ _ _
3 k _ _ _ 
2  p _ _ _
1 _K_ _ _ 

  abcdefgh
8  _ _ _ _
7 _ _ _ _ 
6  _ _ _ _
5 _ _ _ _ 
4 k_N_ _ _
3 _ _ _ _ 
2  p _ _ _
1 _K_ _ _ 

  abcdefgh
8  _ _ _ _
7 _ _ _ _ 
6  _ N _ _
5 _ _ _ _ 
4 k_ _ _ _
3 _ _ _ _ 
2  p _ _ _
1 _K_ _ _ 

  abcdefgh
8  _ _ _ _
7 _ _ _ _ 
6  _ N _ _
5 _ _ _ _ 
4  _ _ _ _
3 k _ _ _ 
2  p _ _ _
1 _K_ _ _ 

  abcdefgh
8  _ _ _ _
7 _ _ _ _ 
6  _ _ _ _
5 _ _ _ _ 
4  _N_ _ _
3 k _ _ _ 
2  p _ _ _
1 _K_ _ _ 

  abcdefgh
8  _ _ _ _
7 _ _ _ _ 
6  _ _ _ _
5 _ _ _ _ 
4 k_N_ _ _
3 _ _ _ _ 
2  p _ _ _
1 _K_ _ _ 

  abcdefgh
8  _ _ _ _
7 _ _ _ _ 
6  _ _ _ _
5 _ _ _ _ 
4 k_ _ _ _
3 _ _ _ _ 
2  p N _ _
1 _K_ _ _ 

  abcdefgh
8  _ _ _ _
7 _ _ _ _ 
6  _ _ _ _
5 _ _ _ _ 
4  _ _ _ _
3 k _ _ _ 
2  p N _ _
1 _K_ _ _ 

  abcdefgh
8  _ _ _ _
7 _ _ _ _ 
6  _ _ _ _
5 _ _ _ _ 
4  _ _ _ _
3 k _ _ _ 
2  p _ _ _
1 _K_ _N_ 

  abcdefgh
8  _ _ _ _
7 _ _ _ _ 
6  _ _ _ _
5 _ _ _ _ 
4  _ _ _ _
3 _k_ _ _ 
2  p _ _ _
1 _K_ _N_ 

  abcdefgh
8  _ _ _ _
7 _ _ _ _ 
6  _ _ _ _
5 _ _ _ _ 
4  _ _ _ _
3 _k_ _ _ 
2  p N _ _
1 _K_ _ _ 

  abcdefgh
8  _ _ _ _
7 _ _ _ _ 
6  _ _ _ _
5 _ _ _ _ 
4  k _ _ _
3 _ _ _ _ 
2  p N _ _
1 _K_ _ _ 

  abcdefgh
8  _ _ _ _
7 _ _ _ _ 
6  _ _ _ _
5 _ _ _ _ 
4  k _ _ _
3 _ _ _ _ 
2  p _ _ _
1 _K_ _N_ 

  abcdefgh
8  _ _ _ _
7 _ _ _ _ 
6  _ _ _ _
5 _ _ _ _ 
4  _ _ _ _
3 k _ _ _ 
2  p _ _ _
1 _K_ _N_ 

  abcdefgh
8  _ _ _ _
7 _ _ _ _ 
6  _ _ _ _
5 _ _ _ _ 
4  _ _ _ _
3 k _ _ _ 
2  p N _ _
1 _K_ _ _ 

  abcdefgh
8  _ _ _ _
7 _ _ _ _ 
6  _ _ _ _
5 _ _ _ _ 
4  k _ _ _
3 _ _ _ _ 
2  p N _ _
1 _K_ _ _ 

  abcdefgh
8  _ _ _ _
7 _ _ _ _ 
6  _ _ _ _
5 _ _ _ _ 
4  k _ _ _
3 _N_ _ _ 
2  p _ _ _
1 _K_ _ _ 

  abcdefgh
8  _ _ _ _
7 _ _ _ _ 
6  _ _ _ _
5 _ _ _ _ 
4  _k_ _ _
3 _N_ _ _ 
2  p _ _ _
1 _K_ _ _ 

  abcdefgh
8  _ _ _ _
7 _ _ _ _ 
6  _ _ _ _
5 _ _ _ _ 
4  _k_ _ _
3 _ _ _ _ 
2  p N _ _
1 _K_ _ _ 

  abcdefgh
8  _ _ _ _
7 _ _ _ _ 
6  _ _ _ _
5 _ _ _ _ 
4  _ _ _ _
3 _ _k_ _ 
2  p N _ _
1 _K_ _ _ 

  abcdefgh
8  _ _ _ _
7 _ _ _ _ 
6  _ _ _ _
5 _ _ _ _ 
4  _N_ _ _
3 _ _k_ _ 
2  p _ _ _
1 _K_ _ _ 

  abcdefgh
8  _ _ _ _
7 _ _ _ _ 
6  _ _ _ _
5 _ _ _ _ 
4  _k_ _ _
3 _ _ _ _ 
2  p _ _ _
1 _K_ _ _ 

  abcdefgh
8  _ _ _ _
7 _ _ _ _ 
6  _ _ _ _
5 _ _ _ _ 
4  _k_ _ _
3 _ _ _ _ 
2  K _ _ _
1 _ _ _ _ 

  abcdefgh
CTRL-D detected
