8 rnbqkbnr
7 pppppppp
6  _ _ _ _
5 _ _ _ _ 
4  _ P _ _
3 _ _ _ _ 
2 PPP_PPPP
1 RNBQKBNR

  abcdefgh
8 rnbqkb r
7 pppppppp
6  _ _ n _
5 _ _ _ _ 
4  _ P _ _
3 _ _ _ _ 
2 PPP_PPPP
1 RNBQKBNR

  abcdefgh
8 rnbqkb r
7 pppppppp
6  _ _ n _
5 _ _ _ _ 
4  _PP _ _
3 _ _ _ _ 
2 PP _PPPP
1 RNBQKBNR

  abcdefgh
8 rnbqkb r
7 pppp_ppp
6  _ _ n _
5 _ _ p _ 
4  _PP _ _
3 _ _ _ _ 
2 PP _PPPP
1 RNBQKBNR

  abcdefgh
8 rnbqkb r
7 pppp_ppp
6  _ _ n _
5 _ _ P _ 
4  _P_ _ _
3 _ _ _ _ 
2 PP _PPPP
1 RNBQKBNR

  abcdefgh
8 rnbqkb r
7 pppp_ppp
6  _ _ _ _
5 _ _ P _ 
4  _P_ _n_
3 _ _ _ _ 
2 PP _PPPP
1 RNBQKBNR

  abcdefgh
8 rnbqkb r
7 pppp_ppp
6  _ _ _ _
5 _ _ P _ 
4  _P_ Bn_
3 _ _ _ _ 
2 PP _PPPP
1 RN_QKBNR

  abcdefgh
8 r_bqkb r
7 pppp_ppp
6  _n_ _ _
5 _ _ P _ 
4  _P_ Bn_
3 _ _ _ _ 
2 PP _PPPP
1 RN_QKBNR

  abcdefgh
8 r_bqkb r
7 pppp_ppp
6  _n_ _ _
5 _ _ P _ 
4  _P_ Bn_
3 _ _ _N_ 
2 PP _PPPP
1 RN_QKB_R

  abcdefgh
8 r_bqk_ r
7 pppp_ppp
6  _n_ _ _
5 _ _ P _ 
4  bP_ Bn_
3 _ _ _N_ 
2 PP _PPPP
1 RN_QKB_R

  abcdefgh
8 r_bqk_ r
7 pppp_ppp
6  _n_ _ _
5 _ _ P _ 
4  bP_ Bn_
3 _ _ _N_ 
2 PP NPPPP
1 R _QKB_R

  abcdefgh
8 r_bqk_ r
7 ppp _ppp
6  _np _ _
5 _ _ P _ 
4  bP_ Bn_
3 _ _ _N_ 
2 PP NPPPP
1 R _QKB_R

  abcdefgh
8 r_bqk_ r
7 ppp _ppp
6  _nP _ _
5 _ _ _ _ 
4  bP_ Bn_
3 _ _ _N_ 
2 PP NPPPP
1 R _QKB_R

  abcdefgh
8 r_bqk_ r
7 ppp _ppp
6  _nb _ _
5 _ _ _ _ 
4  _P_ Bn_
3 _ _ _N_ 
2 PP NPPPP
1 R _QKB_R

  abcdefgh
8 r_bqk_ r
7 ppp _ppp
6  _nB _ _
5 _ _ _ _ 
4  _P_ _n_
3 _ _ _N_ 
2 PP NPPPP
1 R _QKB_R

  abcdefgh
8 r_b_k_ r
7 ppp _ppp
6  _nq _ _
5 _ _ _ _ 
4  _P_ _n_
3 _ _ _N_ 
2 PP NPPPP
1 R _QKB_R

  abcdefgh
8 r_b_k_ r
7 ppp _ppp
6  _nq _ _
5 _ _ _ _ 
4  _P_ _n_
3 _ _ PN_ 
2 PP N PPP
1 R _QKB_R

  abcdefgh
8 r_ _k_ r
7 ppp _ppp
6  _nq _ _
5 _ _ _b_ 
4  _P_ _n_
3 _ _ PN_ 
2 PP N PPP
1 R _QKB_R

  abcdefgh
8 r_ _k_ r
7 ppp _ppp
6  _nq _ _
5 _ _ _b_ 
4  _P_ _n_
3 _ _ PN_ 
2 PP NBPPP
1 R _QK _R

  abcdefgh
8 r_ _k_ r
7 ppp _ppp
6  _nq _ _
5 _ _ nb_ 
4  _P_ _ _
3 _ _ PN_ 
2 PP NBPPP
1 R _QK _R

  abcdefgh
was here
8 r_ _k_ r
7 ppp _ppp
6  _nq _ _
5 _ _ nb_ 
4  _P_ _ _
3 _ _ PN_ 
2 PP NBPPP
1 R _Q_RK 

  abcdefgh
was here
8  _kr _ r
7 ppp _ppp
6  _nq _ _
5 _ _ nb_ 
4  _P_ _ _
3 _ _ PN_ 
2 PP NBPPP
1 R _Q_RK 

  abcdefgh
8  _kr _ r
7 ppp _ppp
6  _nq _ _
5 _ _ nb_ 
4 Q_P_ _ _
3 _ _ PN_ 
2 PP NBPPP
1 R _ _RK 

  abcdefgh
8  _kr _ r
7 ppp _ppp
6  _n_ _q_
5 _ _ nb_ 
4 Q_P_ _ _
3 _ _ PN_ 
2 PP NBPPP
1 R _ _RK 

  abcdefgh
8  _kr _ r
7 ppp _ppp
6  _n_ _q_
5 _ _ nb_ 
4 Q_P_ _ N
3 _ _ P _ 
2 PP NBPPP
1 R _ _RK 

  abcdefgh
8  _kr _ r
7 ppp _ppp
6  _n_q_ _
5 _ _ nb_ 
4 Q_P_ _ N
3 _ _ P _ 
2 PP NBPPP
1 R _ _RK 

  abcdefgh
8  _kr _ r
7 ppp _ppp
6  _n_q_ _
5 _ _ nN_ 
4 Q_P_ _ _
3 _ _ P _ 
2 PP NBPPP
1 R _ _RK 

  abcdefgh
8  _k_ _ r
7 ppp _ppp
6  _n_q_ _
5 _ _ nN_ 
4 Q_P_ _ _
3 _ _ P _ 
2 PP rBPPP
1 R _ _RK 

  abcdefgh
8  _k_ _ r
7 ppp _ppp
6  _n_q_ _
5 _ _ n _ 
4 Q_P_ _ _
3 _ _ P N 
2 PP rBPPP
1 R _ _RK 

  abcdefgh
8  _kr _ _
7 ppp _ppp
6  _n_q_ _
5 _ _ n _ 
4 Q_P_ _ _
3 _ _ P N 
2 PP rBPPP
1 R _ _RK 

  abcdefgh
8  _kr _ _
7 ppp _ppp
6  _n_q_ _
5 _ _ n _ 
4 QPP_ _ _
3 _ _ P N 
2 P_ rBPPP
1 R _ _RK 

  abcdefgh
8  _kr _ _
7 ppp _pp 
6  _n_q_ _
5 _ _ n _p
4 QPP_ _ _
3 _ _ P N 
2 P_ rBPPP
1 R _ _RK 

  abcdefgh
8  _kr _ _
7 ppp _pp 
6  _n_q_ _
5 _ _ n _B
4 QPP_ _ _
3 _ _ P N 
2 P_ r PPP
1 R _ _RK 

  abcdefgh
8  _kr _ _
7 ppp _pp 
6  _n_ _ _
5 _ _ n _B
4 QPq_ _ _
3 _ _ P N 
2 P_ r PPP
1 R _ _RK 

  abcdefgh
8  _kr _ _
7 ppp _pp 
6  _n_ _ _
5 _ _ n _B
4 QPq_ _ _
3 P _ P N 
2  _ r PPP
1 R _ _RK 

  abcdefgh
8  _kr _ _
7 ppp _p_ 
6  _n_ _p_
5 _ _ n _B
4 QPq_ _ _
3 P _ P N 
2  _ r PPP
1 R _ _RK 

  abcdefgh
8  _kr _ _
7 ppp _p_ 
6  _n_ _p_
5 _ _ n _B
4 QPq_ _ _
3 P _ P N 
2  _ r PPP
1 _ R _RK 

  abcdefgh
8  _kr _ _
7 ppp _p_ 
6  _n_ _p_
5 _ _ n _B
4 QP _ _ _
3 P _qP N 
2  _ r PPP
1 _ R _RK 

  abcdefgh
8  _kr _ _
7 ppp _p_ 
6  _n_ _p_
5 _ _ n _ 
4 QP _ _ _
3 P _qP N 
2  _ r PPP
1 _ RB_RK 

  abcdefgh
8  _kr _ _
7 ppp _p_ 
6  _n_ _p_
5 _ _ _ _ 
4 QPn_ _ _
3 P _qP N 
2  _ r PPP
1 _ RB_RK 

  abcdefgh
8  _kr _ _
7 ppp _p_ 
6  _n_ _p_
5 _ _ _ _ 
4  Pn_ _ _
3 PQ_qP N 
2  _ r PPP
1 _ RB_RK 

  abcdefgh
8  _kr _ _
7 p p _p_ 
6  _n_ _p_
5 _p_ _ _ 
4  Pn_ _ _
3 PQ_qP N 
2  _ r PPP
1 _ RB_RK 

  abcdefgh
8  _kr _ _
7 p p _p_ 
6  _n_ _p_
5 _p_ _ _ 
4 PPn_ _ _
3 _Q_qP N 
2  _ r PPP
1 _ RB_RK 

  abcdefgh
8  _kr _ _
7 _ p _p_ 
6 p_n_ _p_
5 _p_ _ _ 
4 PPn_ _ _
3 _Q_qP N 
2  _ r PPP
1 _ RB_RK 

  abcdefgh
8  _kr _ _
7 _ p _p_ 
6 p_n_ _p_
5 _p_ _ _ 
4 PPn_ _ _
3 _ _QP N 
2  _ r PPP
1 _ RB_RK 

  abcdefgh
8  _k_ _ _
7 _ p _p_ 
6 p_n_ _p_
5 _p_ _ _ 
4 PPn_ _ _
3 _ _rP N 
2  _ r PPP
1 _ RB_RK 

  abcdefgh
8  _k_ _ _
7 _ p _p_ 
6 p_n_ _p_
5 _p_ _ _ 
4 PPn_ _B_
3 _ _rP N 
2  _ r PPP
1 _ R _RK 

  abcdefgh
8  _k_ _ _
7 _ p _ _ 
6 p_n_ _p_
5 _p_ _p_ 
4 PPn_ _B_
3 _ _rP N 
2  _ r PPP
1 _ R _RK 

  abcdefgh
8  _k_ _ _
7 _ p _ _ 
6 p_n_ _p_
5 _P_ _p_ 
4  Pn_ _B_
3 _ _rP N 
2  _ r PPP
1 _ R _RK 

  abcdefgh
8  _k_ _ _
7 _ p _ _ 
6  _n_ _p_
5 _p_ _p_ 
4  Pn_ _B_
3 _ _rP N 
2  _ r PPP
1 _ R _RK 

  abcdefgh
8  _k_ _ _
7 _ p _ _ 
6  _n_ _p_
5 _p_ _N_ 
4  Pn_ _B_
3 _ _rP _ 
2  _ r PPP
1 _ R _RK 

  abcdefgh
8  _k_ _ _
7 _ p _ _ 
6  _n_ _ _
5 _p_ _p_ 
4  Pn_ _B_
3 _ _rP _ 
2  _ r PPP
1 _ R _RK 

  abcdefgh
8  _k_ _ _
7 _ p _ _ 
6  _n_ _ _
5 _p_ _B_ 
4  Pn_ _ _
3 _ _rP _ 
2  _ r PPP
1 _ R _RK 

  abcdefgh
8  _ _ _ _
7 _kp _ _ 
6  _n_ _ _
5 _p_ _B_ 
4  Pn_ _ _
3 _ _rP _ 
2  _ r PPP
1 _ R _RK 

  abcdefgh
8  _ _ _ _
7 _kp _ _ 
6  _n_ _ _
5 _p_ _ _ 
4  Pn_ _ _
3 _ _BP _ 
2  _ r PPP
1 _ R _RK 

  abcdefgh
8  _ _ _ _
7 _kp _ _ 
6  _n_ _ _
5 _p_ _ _ 
4  Pn_ _ _
3 _ _rP _ 
2  _ _ PPP
1 _ R _RK 

  abcdefgh
8  _ _ _ _
7 _kp _ _ 
6  _n_ _ _
5 _p_ _ _ 
4  Pn_ _P_
3 _ _rP _ 
2  _ _ P P
1 _ R _RK 

  abcdefgh
8  _ _ _ _
7 _kp _ _ 
6  _ _ _ _
5 _p_ _ _ 
4  nn_ _P_
3 _ _rP _ 
2  _ _ P P
1 _ R _RK 

  abcdefgh
8  _ _ _ _
7 _kp _ _ 
6  _ _ _ _
5 _p_ _ _ 
4  nn_ _P_
3 _ _rP _ 
2  _ _ P P
1 _ RR_ K 

  abcdefgh
8  _ _ _ _
7 _kp _ _ 
6  _ _ _ _
5 _p_ n _ 
4  n _ _P_
3 _ _rP _ 
2  _ _ P P
1 _ RR_ K 

  abcdefgh
8  _ _ _ _
7 _kp _ _ 
6  _ _ _ _
5 _p_ n P 
4  n _ _ _
3 _ _rP _ 
2  _ _ P P
1 _ RR_ K 

  abcdefgh
8  _ _ _ _
7 _kp _ _ 
6  _ _ _ _
5 _p_ _ P 
4  n _ _ _
3 _ _rPn_ 
2  _ _ P P
1 _ RR_ K 

  abcdefgh
8  _ _ _ _
7 _kp _ _ 
6  _ _ _ _
5 _p_ _ P 
4  n _ _ _
3 _ _rPn_ 
2  _ _ P P
1 _ RR_K_ 

  abcdefgh
8  _ _ _ _
7 _kp _ _ 
6  _ _ _ _
5 _p_ _ n 
4  n _ _ _
3 _ _rP _ 
2  _ _ P P
1 _ RR_K_ 

  abcdefgh
8  _ _ _ _
7 _kp _ _ 
6  _ _ _ _
5 _p_ _ n 
4  n _ _ P
3 _ _rP _ 
2  _ _ P _
1 _ RR_K_ 

  abcdefgh
8  _ _ _ _
7 _kp _n_ 
6  _ _ _ _
5 _p_ _ _ 
4  n _ _ P
3 _ _rP _ 
2  _ _ P _
1 _ RR_K_ 

  abcdefgh
8  _ _ _ _
7 _kp _n_ 
6  _ _ _ _
5 _p_ _ _ 
4  n _ _ P
3 _ _RP _ 
2  _ _ P _
1 _ R _K_ 

  abcdefgh
8  _ _ _ _
7 _kp _n_ 
6  _ _ _ _
5 _p_ _ _ 
4  _ _ _ P
3 _ _nP _ 
2  _ _ P _
1 _ R _K_ 

  abcdefgh
8  _ _ _ _
7 _kp _n_ 
6  _ _ _ _
5 _p_ _ _ 
4  _ _ _ P
3 _ _nP _ 
2  _ _ P _
1 _R_ _K_ 

  abcdefgh
8  _ _ _ _
7 _ p _n_ 
6  _k_ _ _
5 _p_ _ _ 
4  _ _ _ P
3 _ _nP _ 
2  _ _ P _
1 _R_ _K_ 

  abcdefgh
8  _ _ _ _
7 _ p _n_ 
6  _k_ _ _
5 _p_ _ _ 
4  _ _ _ P
3 _ _nP _ 
2  _ _KP _
1 _R_ _ _ 

  abcdefgh
8  _ _ _ _
7 _ p _n_ 
6  _k_ _ _
5 _pn _ _ 
4  _ _ _ P
3 _ _ P _ 
2  _ _KP _
1 _R_ _ _ 

  abcdefgh
8  _ _ _ _
7 _ p _n_ 
6  _k_ _ _
5 _pn _ _ 
4  _ _ _ P
3 _ _ PP_ 
2  _ _K_ _
1 _R_ _ _ 

  abcdefgh
8  _ _ _ _
7 _ pn_n_ 
6  _k_ _ _
5 _p_ _ _ 
4  _ _ _ P
3 _ _ PP_ 
2  _ _K_ _
1 _R_ _ _ 

  abcdefgh
8  _ _ _ _
7 _ pn_n_ 
6  _k_ _ _
5 _p_ _ _P
4  _ _ _ _
3 _ _ PP_ 
2  _ _K_ _
1 _R_ _ _ 

  abcdefgh
8  _ _ _ _
7 _ p _n_ 
6  _k_ n _
5 _p_ _ _P
4  _ _ _ _
3 _ _ PP_ 
2  _ _K_ _
1 _R_ _ _ 

  abcdefgh
8  _ _ _ _
7 _ p _n_ 
6  _k_ n _
5 _p_ _ _P
4  _ _ _ _
3 _ _ PP_ 
2  _ _K_ _
1 _ _ _ _R

  abcdefgh
8  _ _ _ _
7 _ p _n_ 
6  _ k n _
5 _p_ _ _P
4  _ _ _ _
3 _ _ PP_ 
2  _ _K_ _
1 _ _ _ _R

  abcdefgh
8  _ _ _ _
7 _ p _n_ 
6  _ k n P
5 _p_ _ _ 
4  _ _ _ _
3 _ _ PP_ 
2  _ _K_ _
1 _ _ _ _R

  abcdefgh
8  _ _ _ _
7 _ p _n_n
6  _ k _ P
5 _p_ _ _ 
4  _ _ _ _
3 _ _ PP_ 
2  _ _K_ _
1 _ _ _ _R

  abcdefgh
8  _ _ _ _
7 _ p _n_n
6  _ k _ P
5 _p_ _ _ 
4  _ _P_ _
3 _ _ _P_ 
2  _ _K_ _
1 _ _ _ _R

  abcdefgh
8  _ _ _ _
7 _ p _n_n
6  _ k _ P
5 _ _ _ _ 
4  p _P_ _
3 _ _ _P_ 
2  _ _K_ _
1 _ _ _ _R

  abcdefgh
8  _ _ _ _
7 _ p _n_n
6  _ k _ P
5 _ _ _ _ 
4  p _PP _
3 _ _ _ _ 
2  _ _K_ _
1 _ _ _ _R

  abcdefgh
8  _ _ _ _
7 _ p _n_n
6  _ k _ P
5 _ _ _ _ 
4  _ _PP _
3 _p_ _ _ 
2  _ _K_ _
1 _ _ _ _R

  abcdefgh
8  _ _ _ _
7 _ p _n_n
6  _ k _ P
5 _ _ _ _ 
4  _ _PP _
3 _p_K_ _ 
2  _ _ _ _
1 _ _ _ _R

  abcdefgh
8  _ _ _ _
7 _ p _n_n
6  _ _k_ P
5 _ _ _ _ 
4  _ _PP _
3 _p_K_ _ 
2  _ _ _ _
1 _ _ _ _R

  abcdefgh
8  _ _ _ _
7 _ p _n_n
6  _ _k_ P
5 _ _ _ _ 
4  _ _PP _
3 _p_K_ _ 
2  _ _ _ _
1 _ _ _ R 

  abcdefgh
8  _ _ _ _
7 _ p _n_ 
6  _ _kn P
5 _ _ _ _ 
4  _ _PP _
3 _p_K_ _ 
2  _ _ _ _
1 _ _ _ R 

  abcdefgh
8  _ _ _ _
7 _ p _n_ 
6  _ _kn P
5 _ _ P _ 
4  _ _ P _
3 _p_K_ _ 
2  _ _ _ _
1 _ _ _ R 

  abcdefgh
8  _ _ _ _
7 _ p _n_ 
6  _ _k_ P
5 _ _nP _ 
4  _ _ P _
3 _p_K_ _ 
2  _ _ _ _
1 _ _ _ R 

  abcdefgh
8  _ _ _ _
7 _ p _n_ 
6  _ _k_ P
5 _ _nP _ 
4  _ _KP _
3 _p_ _ _ 
2  _ _ _ _
1 _ _ _ R 

  abcdefgh
8  _ _ _ _
7 _ p _n_ 
6  _ _k_ P
5 _ _ P _ 
4  _ _KP _
3 _pn _ _ 
2  _ _ _ _
1 _ _ _ R 

  abcdefgh
8  _ _ _ _
7 _ p _n_ 
6  _ _k_ P
5 _ _ P _ 
4  _ _ P _
3 _pnK_ _ 
2  _ _ _ _
1 _ _ _ R 

  abcdefgh
8  _ _ _ _
7 _ p _n_ 
6  _ _k_ P
5 _ _nP _ 
4  _ _ P _
3 _p_K_ _ 
2  _ _ _ _
1 _ _ _ R 

  abcdefgh
8  _ _ _ _
7 _ p _n_P
6  _ _k_ _
5 _ _nP _ 
4  _ _ P _
3 _p_K_ _ 
2  _ _ _ _
1 _ _ _ R 

  abcdefgh
8  _ _ _ _
7 _ p _n_P
6  _ _k_ _
5 _ _ P _ 
4  _ _ n _
3 _p_K_ _ 
2  _ _ _ _
1 _ _ _ R 

  abcdefgh
8  _ _ _ _
7 _ p _n_P
6  _ _k_ _
5 _ _ P _ 
4  _ _ n _
3 _p_ _ _ 
2  _ K _ _
1 _ _ _ R 

  abcdefgh
8  _ _ _ n
7 _ p _ _P
6  _ _k_ _
5 _ _ P _ 
4  _ _ n _
3 _p_ _ _ 
2  _ K _ _
1 _ _ _ R 

  abcdefgh
8  _ _ _ n
7 _ p _ RP
6  _ _k_ _
5 _ _ P _ 
4  _ _ n _
3 _p_ _ _ 
2  _ K _ _
1 _ _ _ _ 

  abcdefgh
8  _ _ _ n
7 _ _ _ RP
6  _ _k_ _
5 _ p P _ 
4  _ _ n _
3 _p_ _ _ 
2  _ K _ _
1 _ _ _ _ 

  abcdefgh
8  _ _ _ n
7 _ R _ _P
6  _ _k_ _
5 _ p P _ 
4  _ _ n _
3 _p_ _ _ 
2  _ K _ _
1 _ _ _ _ 

  abcdefgh
8  _ _ _ n
7 _ R _ _P
6  _ _ _ _
5 _ p k _ 
4  _ _ n _
3 _p_ _ _ 
2  _ K _ _
1 _ _ _ _ 

  abcdefgh
8  _ _ _ n
7 _ _ _ _P
6  _ _ _ _
5 _ R k _ 
4  _ _ n _
3 _p_ _ _ 
2  _ K _ _
1 _ _ _ _ 

  abcdefgh
8  _ _ _ n
7 _ _ _ _P
6  _ _ k _
5 _ R _ _ 
4  _ _ n _
3 _p_ _ _ 
2  _ K _ _
1 _ _ _ _ 

  abcdefgh
8  _R_ _ n
7 _ _ _ _P
6  _ _ k _
5 _ _ _ _ 
4  _ _ n _
3 _p_ _ _ 
2  _ K _ _
1 _ _ _ _ 

  abcdefgh
8  _R_ _ n
7 _ _ _ kP
6  _ _ _ _
5 _ _ _ _ 
4  _ _ n _
3 _p_ _ _ 
2  _ K _ _
1 _ _ _ _ 

  abcdefgh
8  _ _ _ R
7 _ _ _ kP
6  _ _ _ _
5 _ _ _ _ 
4  _ _ n _
3 _p_ _ _ 
2  _ K _ _
1 _ _ _ _ 

  abcdefgh
8  _ _ _ R
7 _ _ _ kP
6  _ _ _ _
5 _ _ _ _ 
4  _ _ n _
3 _ _ _ _ 
2  p K _ _
1 _ _ _ _ 

  abcdefgh
8  _ _ _ R
7 _ _ _ kP
6  _ _ _ _
5 _ _ _ _ 
4  _ _ n _
3 _ _ _ _ 
2  pK_ _ _
1 _ _ _ _ 

  abcdefgh
8  _ _ _ R
7 _ _ _ kP
6  _ _ _ _
5 _ _n_ _ 
4  _ _ _ _
3 _ _ _ _ 
2  pK_ _ _
1 _ _ _ _ 

  abcdefgh
8  _ _ _ R
7 _ _ _ kP
6  _ _ _ _
5 _ _n_ _ 
4  _ _ _ _
3 _ _ _ _ 
2  K _ _ _
1 _ _ _ _ 

  abcdefgh
8  _ _ _ R
7 _ _ _ kP
6  _ _ n _
5 _ _ _ _ 
4  _ _ _ _
3 _ _ _ _ 
2  K _ _ _
1 _ _ _ _ 

  abcdefgh
8  _ _ _R_
7 _ _ _ kP
6  _ _ n _
5 _ _ _ _ 
4  _ _ _ _
3 _ _ _ _ 
2  K _ _ _
1 _ _ _ _ 

  abcdefgh
8  _ _ _R_
7 _ _ _ _k
6  _ _ n _
5 _ _ _ _ 
4  _ _ _ _
3 _ _ _ _ 
2  K _ _ _
1 _ _ _ _ 

  abcdefgh
8  _ _ _ _
7 _ _ _ Rk
6  _ _ n _
5 _ _ _ _ 
4  _ _ _ _
3 _ _ _ _ 
2  K _ _ _
1 _ _ _ _ 

  abcdefgh
8  _ _ _ _
7 _ _ _ R 
6  _ _ n k
5 _ _ _ _ 
4  _ _ _ _
3 _ _ _ _ 
2  K _ _ _
1 _ _ _ _ 

  abcdefgh
8  _ _ _ _
7 _ _ _ _ 
6  _ _ nRk
5 _ _ _ _ 
4  _ _ _ _
3 _ _ _ _ 
2  K _ _ _
1 _ _ _ _ 

  abcdefgh
8  _ _ _ _
7 _ _ _ _ 
6  _ _ nk_
5 _ _ _ _ 
4  _ _ _ _
3 _ _ _ _ 
2  K _ _ _
1 _ _ _ _ 

  abcdefgh
CTRL-D detected
