8 rnbqkbnr
7 pppppppp
6  _ _ _ _
5 _ _ _ _ 
4  _ P _ _
3 _ _ _ _ 
2 PPP_PPPP
1 RNBQKBNR

  abcdefgh
8 rnbqkbnr
7 ppp pppp
6  _ _ _ _
5 _ _p_ _ 
4  _ P _ _
3 _ _ _ _ 
2 PPP_PPPP
1 RNBQKBNR

  abcdefgh
8 rnbqkbnr
7 ppp pppp
6  _ _ _ _
5 _ _p_ _ 
4  _PP _ _
3 _ _ _ _ 
2 PP _PPPP
1 RNBQKBNR

  abcdefgh
8 rnbqkbnr
7 pp_ pppp
6  _p_ _ _
5 _ _p_ _ 
4  _PP _ _
3 _ _ _ _ 
2 PP _PPPP
1 RNBQKBNR

  abcdefgh
8 rnbqkbnr
7 pp_ pppp
6  _p_ _ _
5 _ _p_ _ 
4  _PP _ _
3 _ _ _N_ 
2 PP _PPPP
1 RNBQKB_R

  abcdefgh
8 rnbqkb r
7 pp_ pppp
6  _p_ n _
5 _ _p_ _ 
4  _PP _ _
3 _ _ _N_ 
2 PP _PPPP
1 RNBQKB_R

  abcdefgh
8 rnbqkb r
7 pp_ pppp
6  _p_ n _
5 _ _p_ _ 
4  _PP _ _
3 _ _ PN_ 
2 PP _ PPP
1 RNBQKB_R

  abcdefgh
8 rnbqkb r
7 pp_ _ppp
6  _p_pn _
5 _ _p_ _ 
4  _PP _ _
3 _ _ PN_ 
2 PP _ PPP
1 RNBQKB_R

  abcdefgh
8 rnbqkb r
7 pp_ _ppp
6  _p_pn _
5 _ _p_ _ 
4  _PP _ _
3 _ _BPN_ 
2 PP _ PPP
1 RNBQK _R

  abcdefgh
8 r_bqkb r
7 pp_n_ppp
6  _p_pn _
5 _ _p_ _ 
4  _PP _ _
3 _ _BPN_ 
2 PP _ PPP
1 RNBQK _R

  abcdefgh
was here
8 r_bqkb r
7 pp_n_ppp
6  _p_pn _
5 _ _p_ _ 
4  _PP _ _
3 _ _BPN_ 
2 PP _ PPP
1 RNBQ_RK 

  abcdefgh
8 r_bqkb r
7 pp_n_ppp
6  _p_pn _
5 _ _ _ _ 
4  _pP _ _
3 _ _BPN_ 
2 PP _ PPP
1 RNBQ_RK 

  abcdefgh
8 r_bqkb r
7 pp_n_ppp
6  _p_pn _
5 _ _ _ _ 
4  _BP _ _
3 _ _ PN_ 
2 PP _ PPP
1 RNBQ_RK 

  abcdefgh
8 r_bqkb r
7 p _n_ppp
6  _p_pn _
5 _p_ _ _ 
4  _BP _ _
3 _ _ PN_ 
2 PP _ PPP
1 RNBQ_RK 

  abcdefgh
8 r_bqkb r
7 p _n_ppp
6  _p_pn _
5 _p_ _ _ 
4  _ P _ _
3 _ _BPN_ 
2 PP _ PPP
1 RNBQ_RK 

  abcdefgh
8 r_bqkb r
7 _ _n_ppp
6 p_p_pn _
5 _p_ _ _ 
4  _ P _ _
3 _ _BPN_ 
2 PP _ PPP
1 RNBQ_RK 

  abcdefgh
8 r_bqkb r
7 _ _n_ppp
6 p_p_pn _
5 _p_ _ _ 
4  _ PP_ _
3 _ _B_N_ 
2 PP _ PPP
1 RNBQ_RK 

  abcdefgh
8 r_ qkb r
7 _b_n_ppp
6 p_p_pn _
5 _p_ _ _ 
4  _ PP_ _
3 _ _B_N_ 
2 PP _ PPP
1 RNBQ_RK 

  abcdefgh
8 r_ qkb r
7 _b_n_ppp
6 p_p_pn _
5 _p_ _ _ 
4  _ PP_ _
3 _ NB_N_ 
2 PP _ PPP
1 R BQ_RK 

  abcdefgh
8 r_ qkb r
7 _b_n_ppp
6 p_ _pn _
5 _pp _ _ 
4  _ PP_ _
3 _ NB_N_ 
2 PP _ PPP
1 R BQ_RK 

  abcdefgh
8 r_ qkb r
7 _b_n_ppp
6 p_ _pn _
5 _ppP_ _ 
4  _ _P_ _
3 _ NB_N_ 
2 PP _ PPP
1 R BQ_RK 

  abcdefgh
8 r_ qkb r
7 _b_n_ppp
6 p_ _pn _
5 _p_P_ _ 
4  _p_P_ _
3 _ NB_N_ 
2 PP _ PPP
1 R BQ_RK 

  abcdefgh
8 r_ qkb r
7 _b_n_ppp
6 p_ _pn _
5 _p_P_ _ 
4  _p_P_ _
3 _ N _N_ 
2 PPB_ PPP
1 R BQ_RK 

  abcdefgh
8 r_ _kb r
7 _bqn_ppp
6 p_ _pn _
5 _p_P_ _ 
4  _p_P_ _
3 _ N _N_ 
2 PPB_ PPP
1 R BQ_RK 

  abcdefgh
8 r_ _kb r
7 _bqn_ppp
6 p_ _Pn _
5 _p_ _ _ 
4  _p_P_ _
3 _ N _N_ 
2 PPB_ PPP
1 R BQ_RK 

  abcdefgh
8 r_ _kb r
7 _bqn_ pp
6 p_ _pn _
5 _p_ _ _ 
4  _p_P_ _
3 _ N _N_ 
2 PPB_ PPP
1 R BQ_RK 

  abcdefgh
8 r_ _kb r
7 _bqn_ pp
6 p_ _pn _
5 _p_ P _ 
4  _p_ _ _
3 _ N _N_ 
2 PPB_ PPP
1 R BQ_RK 

  abcdefgh
8 r_ _kb r
7 _bq _ pp
6 p_ _pn _
5 _p_ n _ 
4  _p_ _ _
3 _ N _N_ 
2 PPB_ PPP
1 R BQ_RK 

  abcdefgh
8 r_ _kb r
7 _bq _ pp
6 p_ _pn _
5 _p_ N _ 
4  _p_ _ _
3 _ N _ _ 
2 PPB_ PPP
1 R BQ_RK 

  abcdefgh
8 r_ _kb r
7 _b_ _ pp
6 p_ _pn _
5 _p_ q _ 
4  _p_ _ _
3 _ N _ _ 
2 PPB_ PPP
1 R BQ_RK 

  abcdefgh
8 r_ _kb r
7 _b_ _ pp
6 p_ _pn _
5 _p_ q _ 
4  _p_ _ _
3 _ N _ _ 
2 PPB_ PPP
1 R BQR K 

  abcdefgh
8 r_ _kb r
7 _b_ _ pp
6 p_ qpn _
5 _p_ _ _ 
4  _p_ _ _
3 _ N _ _ 
2 PPB_ PPP
1 R BQR K 

  abcdefgh
8 r_ _kb r
7 _b_ _ pp
6 p_ qpn _
5 _p_ _ _ 
4  _p_ _ _
3 _ N _ _ 
2 PPB_QPPP
1 R B R K 

  abcdefgh
was here
8  _kr b r
7 _b_ _ pp
6 p_ qpn _
5 _p_ _ _ 
4  _p_ _ _
3 _ N _ _ 
2 PPB_QPPP
1 R B R K 

  abcdefgh
8  _kr b r
7 _b_ _ pp
6 p_ qpn _
5 _p_ _ B 
4  _p_ _ _
3 _ N _ _ 
2 PPB_QPPP
1 R _ R K 

  abcdefgh
8  _kr b r
7 _b_ _ pp
6 p_q_pn _
5 _p_ _ B 
4  _p_ _ _
3 _ N _ _ 
2 PPB_QPPP
1 R _ R K 

  abcdefgh
8  _kr b r
7 _b_ _ pp
6 p_q_Qn _
5 _p_ _ B 
4  _p_ _ _
3 _ N _ _ 
2 PPB_ PPP
1 R _ R K 

  abcdefgh
8  _kr b r
7 _b_ _ pp
6 p_ _qn _
5 _p_ _ B 
4  _p_ _ _
3 _ N _ _ 
2 PPB_ PPP
1 R _ R K 

  abcdefgh
8  _kr b r
7 _b_ _ pp
6 p_ _Rn _
5 _p_ _ B 
4  _p_ _ _
3 _ N _ _ 
2 PPB_ PPP
1 R _ _ K 

  abcdefgh
8  _kr _ r
7 _b_ _ pp
6 p_ _Rn _
5 _pb _ B 
4  _p_ _ _
3 _ N _ _ 
2 PPB_ PPP
1 R _ _ K 

  abcdefgh
8  _kr _ r
7 _b_ _ pp
6 p_ _Rn _
5 _pb _ _ 
4  _p_ B _
3 _ N _ _ 
2 PPB_ PPP
1 R _ _ K 

  abcdefgh
8  _kr _ r
7 _b_ _ pp
6 p_ _R_ _
5 _pb _ _n
4  _p_ B _
3 _ N _ _ 
2 PPB_ PPP
1 R _ _ K 

  abcdefgh
8  _kr _ r
7 _b_ _ pp
6 p_ _R_ _
5 _pb _ Bn
4  _p_ _ _
3 _ N _ _ 
2 PPB_ PPP
1 R _ _ K 

  abcdefgh
8  _kr _ r
7 _b_ _ pp
6 p_ _Rn _
5 _pb _ B 
4  _p_ _ _
3 _ N _ _ 
2 PPB_ PPP
1 R _ _ K 

  abcdefgh
8  _kr _ r
7 _b_ _ pp
6 p_ _Rn _
5 _pb _ _ 
4  _p_ B _
3 _ N _ _ 
2 PPB_ PPP
1 R _ _ K 

  abcdefgh
8  _kr r _
7 _b_ _ pp
6 p_ _Rn _
5 _pb _ _ 
4  _p_ B _
3 _ N _ _ 
2 PPB_ PPP
1 R _ _ K 

  abcdefgh
8  _kr r _
7 _b_ _ pp
6 p_ _Rn _
5 _pb _ _ 
4  _p_ B _
3 _ N _ P 
2 PPB_ P P
1 R _ _ K 

  abcdefgh
8  _kr r _
7 _b_ _ _p
6 p_ _Rn _
5 _pb _ p 
4  _p_ B _
3 _ N _ P 
2 PPB_ P P
1 R _ _ K 

  abcdefgh
8  _kr r _
7 _b_ _ _p
6 p_ _Rn _
5 _pb _ B 
4  _p_ _ _
3 _ N _ P 
2 PPB_ P P
1 R _ _ K 

  abcdefgh
8  _kr r _
7 _b_ _ _p
6 p_ _Rn _
5 _p_ _ B 
4  _p_ _ _
3 _ N _ P 
2 PPB_ b P
1 R _ _ K 

  abcdefgh
8  _kr r _
7 _b_ _ _p
6 p_ _Rn _
5 _p_ _ B 
4  _p_ _ _
3 _ N _ P 
2 PPB_ b P
1 R _ _K_ 

  abcdefgh
8  _kr r _
7 _b_ _ _p
6 p_ _Rn _
5 _p_ _ B 
4  _pb _ _
3 _ N _ P 
2 PPB_ _ P
1 R _ _K_ 

  abcdefgh
8  _kr r _
7 _b_ _ _p
6 p_ _Rn _
5 _p_ _ B 
4  _pb _ _
3 _ N _ P 
2 PPB_ _ P
1 R _ K _ 

  abcdefgh
8  _krr_ _
7 _b_ _ _p
6 p_ _Rn _
5 _p_ _ B 
4  _pb _ _
3 _ N _ P 
2 PPB_ _ P
1 R _ K _ 

  abcdefgh
8  _krR_ _
7 _b_ _ _p
6 p_ _ n _
5 _p_ _ B 
4  _pb _ _
3 _ N _ P 
2 PPB_ _ P
1 R _ K _ 

  abcdefgh
8  _k_r_ _
7 _b_ _ _p
6 p_ _ n _
5 _p_ _ B 
4  _pb _ _
3 _ N _ P 
2 PPB_ _ P
1 R _ K _ 

  abcdefgh
8  _k_r_ _
7 _b_ _ _p
6 p_ _ n _
5 _p_ _ B 
4  _pb _ _
3 _ N _ P 
2 PPBK _ P
1 R _ _ _ 

  abcdefgh
8  _k_r_ _
7 _b_ _ _p
6 p_ _ n _
5 _ _ _ B 
4  ppb _ _
3 _ N _ P 
2 PPBK _ P
1 R _ _ _ 

  abcdefgh
8  _k_r_ _
7 _b_ _ _p
6 p_ _ n _
5 _ _ _ B 
4  ppb _ _
3 _ N _ P 
2 PPBK _ P
1 _ _ _R_ 

  abcdefgh
8  _k_r_ _
7 _b_ _ _p
6 p_ _ n _
5 _ _ _ B 
4  _pb _ _
3 _ p _ P 
2 PPBK _ P
1 _ _ _R_ 

  abcdefgh
8  _k_r_ _
7 _b_ _ _p
6 p_ _ n _
5 _ _ _ B 
4  _pb _ _
3 _ P _ P 
2 P_BK _ P
1 _ _ _R_ 

  abcdefgh
8  _k_r_ _
7 _ _ _ _p
6 p_ _ n _
5 _ _ _ B 
4  _pb _ _
3 _ P _ P 
2 P_BK _bP
1 _ _ _R_ 

  abcdefgh
8  _k_r_ _
7 _ _ _ _p
6 p_ _ R _
5 _ _ _ B 
4  _pb _ _
3 _ P _ P 
2 P_BK _bP
1 _ _ _ _ 

  abcdefgh
8  _k_r_ _
7 _ _ _ _p
6 p_ _ b _
5 _ _ _ B 
4  _p_ _ _
3 _ P _ P 
2 P_BK _bP
1 _ _ _ _ 

  abcdefgh
8  _k_r_ _
7 _ _ _ _p
6 p_ _ B _
5 _ _ _ _ 
4  _p_ _ _
3 _ P _ P 
2 P_BK _bP
1 _ _ _ _ 

  abcdefgh
8  _k_r_ _
7 _ _ _ _p
6 p_ _ B _
5 _ _ _ _ 
4  _p_b_ _
3 _ P _ P 
2 P_BK _ P
1 _ _ _ _ 

  abcdefgh
8  _k_r_ _
7 _ _ _ _p
6 p_ _ B _
5 _ _ _ _ 
4  _p_b_ _
3 _ P _ P 
2 P_ K _ P
1 _ _B_ _ 

  abcdefgh
8  _k_ r _
7 _ _ _ _p
6 p_ _ B _
5 _ _ _ _ 
4  _p_b_ _
3 _ P _ P 
2 P_ K _ P
1 _ _B_ _ 

  abcdefgh
8  _k_ r _
7 _ _ _ _p
6 p_ _ _ _
5 _ _ _ _ 
4  _pBb_ _
3 _ P _ P 
2 P_ K _ P
1 _ _B_ _ 

  abcdefgh
8  _k_ r _
7 _ _ _ _p
6 p_ _ _ _
5 _ _ _ _ 
4  _pB _ _
3 _ Pb_ P 
2 P_ K _ P
1 _ _B_ _ 

  abcdefgh
8  _k_ r _
7 _ _ _ _p
6 p_ _ _ _
5 _ _ _ _ 
4  _pB _ P
3 _ Pb_ P 
2 P_ K _ _
1 _ _B_ _ 

  abcdefgh
8  _k_ _ _
7 _ _ _ _p
6 p_ _ _ _
5 _ _ _ _ 
4  _pB _ P
3 _ Pb_ P 
2 P_ K _ _
1 _ _B_r_ 

  abcdefgh
8  _k_ _ _
7 _ _ _ _p
6 p_ _ _ _
5 _ _ _ _P
4  _pB _ _
3 _ Pb_ P 
2 P_ K _ _
1 _ _B_r_ 

  abcdefgh
8  _ _ _ _
7 _ _k_ _p
6 p_ _ _ _
5 _ _ _ _P
4  _pB _ _
3 _ Pb_ P 
2 P_ K _ _
1 _ _B_r_ 

  abcdefgh
8  _ _ _ _
7 _ _k_ _p
6 p_ _ _ _
5 _ _ _ _P
4 P_pB _ _
3 _ Pb_ P 
2  _ K _ _
1 _ _B_r_ 

  abcdefgh
8  _ _ _ _
7 _ _ _ _p
6 p_ _k_ _
5 _ _ _ _P
4 P_pB _ _
3 _ Pb_ P 
2  _ K _ _
1 _ _B_r_ 

  abcdefgh
8  _ _ _ _
7 _ _ _ _p
6 p_ _k_ _
5 _ _ _ _P
4 P_pB _P_
3 _ Pb_ _ 
2  _ K _ _
1 _ _B_r_ 

  abcdefgh
8  _ _ _ _
7 _ _ _ _p
6 p_ _k_ _
5 _ _ _ _P
4 P_pB _P_
3 _ Pb_ _ 
2  _ K _ _
1 _ _B_ _r

  abcdefgh
8  _ _ _ _
7 _ _ _ _p
6 p_ _k_ _
5 P _ _ _P
4  _pB _P_
3 _ Pb_ _ 
2  _ K _ _
1 _ _B_ _r

  abcdefgh
8  _ _ _ _
7 _ _ _ _p
6 p_ _k_ _
5 P _ _ _P
4  _pB _P_
3 _ Pb_ _r
2  _ K _ _
1 _ _B_ _ 

  abcdefgh
8  _ _ _ _
7 _ _ _ _p
6 p_ _k_ _
5 P _ _ _P
4  _pB _P_
3 _ Pb_ _r
2  _ _ _ _
1 _ _BK _ 

  abcdefgh
8  _ _ _ _
7 _ _ _ _p
6 p_ _k_ _
5 P _ _ _P
4  _pB _P_
3 _ Pb_ _ 
2  _ _ _ r
1 _ _BK _ 

  abcdefgh
8  _ _ _ _
7 _ _ _ _p
6 p_ _k_ _
5 P _ _ _P
4  _pB _P_
3 _ Pb_B_ 
2  _ _ _ r
1 _ _ K _ 

  abcdefgh
8  _ _ _ _
7 _ _ _ _p
6 p_ _k_ _
5 P _ _ _P
4  _pB _P_
3 _ Pb_B_ 
2 r_ _ _ _
1 _ _ K _ 

  abcdefgh
8  _ _ _ _
7 _ _ _ _p
6 pB _k_ _
5 P _ _ _P
4  _p_ _P_
3 _ Pb_B_ 
2 r_ _ _ _
1 _ _ K _ 

  abcdefgh
8  _ _ _ _
7 _ _ _ _p
6 pB _ _ _
5 P _ k _P
4  _p_ _P_
3 _ Pb_B_ 
2 r_ _ _ _
1 _ _ K _ 

  abcdefgh
8  _ _ _ _
7 _ B _ _p
6 p_ _ _ _
5 P _ k _P
4  _p_ _P_
3 _ Pb_B_ 
2 r_ _ _ _
1 _ _ K _ 

  abcdefgh
8  _ _ _ _
7 _ B _ _p
6 p_ _ k _
5 P _ _ _P
4  _p_ _P_
3 _ Pb_B_ 
2 r_ _ _ _
1 _ _ K _ 

  abcdefgh
8  _ B _ _
7 _ _ _ _p
6 p_ _ k _
5 P _ _ _P
4  _p_ _P_
3 _ Pb_B_ 
2 r_ _ _ _
1 _ _ K _ 

  abcdefgh
8  _ B _ _
7 _ _ _ _p
6 p_ _ _ _
5 P _ k _P
4  _p_ _P_
3 _ Pb_B_ 
2 r_ _ _ _
1 _ _ K _ 

  abcdefgh
8  _ _ _ _
7 _ B _ _p
6 p_ _ _ _
5 P _ k _P
4  _p_ _P_
3 _ Pb_B_ 
2 r_ _ _ _
1 _ _ K _ 

  abcdefgh
8  _ _ _ _
7 _ B _ _p
6 p_ _ k _
5 P _ _ _P
4  _p_ _P_
3 _ Pb_B_ 
2 r_ _ _ _
1 _ _ K _ 

  abcdefgh
8  _ B _ _
7 _ _ _ _p
6 p_ _ k _
5 P _ _ _P
4  _p_ _P_
3 _ Pb_B_ 
2 r_ _ _ _
1 _ _ K _ 

  abcdefgh
8  _ B _ _
7 _ _ _ _p
6 p_ _k_ _
5 P _ _ _P
4  _p_ _P_
3 _ Pb_B_ 
2 r_ _ _ _
1 _ _ K _ 

  abcdefgh
8  _ _ _ _
7 _ _ _ _p
6 pB _k_ _
5 P _ _ _P
4  _p_ _P_
3 _ Pb_B_ 
2 r_ _ _ _
1 _ _ K _ 

  abcdefgh
8  _ _ _ _
7 _ _ _ _p
6 pB k _ _
5 P _ _ _P
4  _p_ _P_
3 _ Pb_B_ 
2 r_ _ _ _
1 _ _ K _ 

  abcdefgh
8  _ _ _ _
7 _ _ _ _p
6 pB k _ _
5 P _ _ PP
4  _p_ _ _
3 _ Pb_B_ 
2 r_ _ _ _
1 _ _ K _ 

  abcdefgh
8  _ _ _ _
7 _ _ _ _p
6 pB k _ _
5 P _ _ PP
4  _p_ _ _
3 _ Pb_B_ 
2  _r_ _ _
1 _ _ K _ 

  abcdefgh
8  _ _ _ _
7 _ _ _ _p
6 p_ k _ _
5 P _ _ PP
4  _pB _ _
3 _ Pb_B_ 
2  _r_ _ _
1 _ _ K _ 

  abcdefgh
8  _ _ _ _
7 _ _ _ _p
6 p_ k _ _
5 P _ _ PP
4  _pB _ _
3 _ Pb_B_ 
2  r _ _ _
1 _ _ K _ 

  abcdefgh
8  _ _ _ _
7 _ _ _ _p
6 pB k _ _
5 P _ _ PP
4  _p_ _ _
3 _ Pb_B_ 
2  r _ _ _
1 _ _ K _ 

  abcdefgh
8  _ _ _ _
7 _ _ _ _p
6 pB k _ _
5 P _ _ PP
4  _p_ _ _
3 _ Pb_B_ 
2  _r_ _ _
1 _ _ K _ 

  abcdefgh
8  _ _ _ _
7 _ _ _ _p
6 p_ k _ _
5 P _ _ PP
4  _pB _ _
3 _ Pb_B_ 
2  _r_ _ _
1 _ _ K _ 

  abcdefgh
8  _ _ _ _
7 _ _ _ _p
6 p_ k _ _
5 P _ _ PP
4  _pB _ _
3 _ Pb_B_ 
2  r _ _ _
1 _ _ K _ 

  abcdefgh
8  _ _ _ _
7 _ _ _ _p
6 pB k _ _
5 P _ _ PP
4  _p_ _ _
3 _ Pb_B_ 
2  r _ _ _
1 _ _ K _ 

  abcdefgh
8  _ _ _ _
7 _ _ _ _p
6 pB k _ _
5 P _ _ PP
4  _p_ _ _
3 _ Pb_B_ 
2 r_ _ _ _
1 _ _ K _ 

  abcdefgh
8  _ _ _ _
7 _B_ _ _p
6 pB k _ _
5 P _ _ PP
4  _p_ _ _
3 _ Pb_ _ 
2 r_ _ _ _
1 _ _ K _ 

  abcdefgh
8  _ _ _ _
7 _B_ _ _p
6 pB k _ _
5 P _ _ PP
4  _p_ _ _
3 _ Pb_ _ 
2  _r_ _ _
1 _ _ K _ 

  abcdefgh
8  _ _ _ _
7 _B_ _ _p
6 pB k _P_
5 P _ _ _P
4  _p_ _ _
3 _ Pb_ _ 
2  _r_ _ _
1 _ _ K _ 

  abcdefgh
8  _ _ _ _
7 _B_ _ _ 
6 pB k _p_
5 P _ _ _P
4  _p_ _ _
3 _ Pb_ _ 
2  _r_ _ _
1 _ _ K _ 

  abcdefgh
8  _ _ _ _
7 _B_ _ _ 
6 pB k _P_
5 P _ _ _ 
4  _p_ _ _
3 _ Pb_ _ 
2  _r_ _ _
1 _ _ K _ 

  abcdefgh
8  _ _ _ _
7 _B_ _ _ 
6 pB k _b_
5 P _ _ _ 
4  _p_ _ _
3 _ P _ _ 
2  _r_ _ _
1 _ _ K _ 

  abcdefgh
8  _ _ _ _
7 _B_ _ _ 
6 p_ k _b_
5 P _ _ _ 
4  _pB _ _
3 _ P _ _ 
2  _r_ _ _
1 _ _ K _ 

  abcdefgh
8  _ _ _ _
7 _B_ _b_ 
6 p_ k _ _
5 P _ _ _ 
4  _pB _ _
3 _ P _ _ 
2  _r_ _ _
1 _ _ K _ 

  abcdefgh
8  _ _ _ _
7 _ _ _b_ 
6 B_ k _ _
5 P _ _ _ 
4  _pB _ _
3 _ P _ _ 
2  _r_ _ _
1 _ _ K _ 

  abcdefgh
8  _ _ _ _
7 _ _ _b_ 
6 B_ k _ _
5 P _ _ _ 
4  _pB _ _
3 _ P _ _ 
2 r_ _ _ _
1 _ _ K _ 

  abcdefgh
8  _ _ _ _
7 _ _ _b_ 
6 BB k _ _
5 P _ _ _ 
4  _p_ _ _
3 _ P _ _ 
2 r_ _ _ _
1 _ _ K _ 

  abcdefgh
8  _ _ _ _
7 _ _ _b_ 
6 BBk_ _ _
5 P _ _ _ 
4  _p_ _ _
3 _ P _ _ 
2 r_ _ _ _
1 _ _ K _ 

  abcdefgh
8  _B_ _ _
7 _ _ _b_ 
6  Bk_ _ _
5 P _ _ _ 
4  _p_ _ _
3 _ P _ _ 
2 r_ _ _ _
1 _ _ K _ 

  abcdefgh
8  _B_ _ _
7 _ _ _ _ 
6  Bk_ _ _
5 P _ _ _b
4  _p_ _ _
3 _ P _ _ 
2 r_ _ _ _
1 _ _ K _ 

  abcdefgh
8  _ _ _ _
7 _ _ _ _ 
6 BBk_ _ _
5 P _ _ _b
4  _p_ _ _
3 _ P _ _ 
2 r_ _ _ _
1 _ _ K _ 

  abcdefgh
8  _ _ _ _
7 _ _ _ _ 
6 BBk_ _ _
5 P _ _ _ 
4  _p_ _ _
3 _ P _ _ 
2 r_ _b_ _
1 _ _ K _ 

  abcdefgh
8  _B_ _ _
7 _ _ _ _ 
6  Bk_ _ _
5 P _ _ _ 
4  _p_ _ _
3 _ P _ _ 
2 r_ _b_ _
1 _ _ K _ 

  abcdefgh
8  _B_ _ _
7 _ _ _ _ 
6  Bk_ _ _
5 P _ _ _ 
4  _p_ _ _
3 _ P _b_ 
2 r_ _ _ _
1 _ _ K _ 

  abcdefgh
8  _ _ _ _
7 _ _ _ _ 
6  Bk_ _ _
5 P _ _B_ 
4  _p_ _ _
3 _ P _b_ 
2 r_ _ _ _
1 _ _ K _ 

  abcdefgh
8  _ _ _ _
7 _ _ _ _ 
6  Bk_ _ _
5 P _ _B_ 
4  _p_ _ _
3 _ P _ _ 
2 r_ _b_ _
1 _ _ K _ 

  abcdefgh
8  _ _ _ _
7 _ _ _ _ 
6  Bk_B_ _
5 P _ _ _ 
4  _p_ _ _
3 _ P _ _ 
2 r_ _b_ _
1 _ _ K _ 

  abcdefgh
8  _ _ _ _
7 _ _ _ _ 
6  Bk_B_ _
5 P _ _ _ 
4  _p_ _ _
3 _ P _ _ 
2  _r_b_ _
1 _ _ K _ 

  abcdefgh
8  _B_ _ _
7 _ _ _ _ 
6  Bk_ _ _
5 P _ _ _ 
4  _p_ _ _
3 _ P _ _ 
2  _r_b_ _
1 _ _ K _ 

  abcdefgh
8  _B_ _ _
7 _ _ _ _ 
6  Bk_ _ _
5 P _ _ _ 
4  _p_ _ _
3 _ Pb_ _ 
2  _r_ _ _
1 _ _ K _ 

  abcdefgh
8  _B_ _ _
7 _ _ _ _ 
6  _k_ _ _
5 P _ _ _ 
4  _pB _ _
3 _ Pb_ _ 
2  _r_ _ _
1 _ _ K _ 

  abcdefgh
8  _B_ _ _
7 _ k _ _ 
6  _ _ _ _
5 P _ _ _ 
4  _pB _ _
3 _ Pb_ _ 
2  _r_ _ _
1 _ _ K _ 

  abcdefgh
8  _ _ _ _
7 _ k _ _ 
6 B_ _ _ _
5 P _ _ _ 
4  _pB _ _
3 _ Pb_ _ 
2  _r_ _ _
1 _ _ K _ 

  abcdefgh
8  _ _ _ _
7 _ k _ _ 
6 B_ _ _ _
5 P _ _ _ 
4  _pB _ _
3 _ Pb_ _ 
2  _ _r_ _
1 _ _ K _ 

  abcdefgh
8  _ _ _ _
7 _ k _ _ 
6 B_ _ _ _
5 P _ _ _ 
4  _pB _ _
3 _ Pb_ _ 
2  _ _r_ _
1 _ _K_ _ 

  abcdefgh
8  _ _ _ _
7 _ k _ _ 
6 B_ _ _ _
5 P _ _ _ 
4  _pB _ _
3 _ Pb_ _ 
2 r_ _ _ _
1 _ _K_ _ 

  abcdefgh
8  _ _ _ _
7 _ k _ _ 
6 BB _ _ _
5 P _ _ _ 
4  _p_ _ _
3 _ Pb_ _ 
2 r_ _ _ _
1 _ _K_ _ 

  abcdefgh
8  _ _ _ _
7 _ _ _ _ 
6 BBk_ _ _
5 P _ _ _ 
4  _p_ _ _
3 _ Pb_ _ 
2 r_ _ _ _
1 _ _K_ _ 

  abcdefgh
8  _B_ _ _
7 _ _ _ _ 
6  Bk_ _ _
5 P _ _ _ 
4  _p_ _ _
3 _ Pb_ _ 
2 r_ _ _ _
1 _ _K_ _ 

  abcdefgh
8  _B_ _ _
7 _ _ _ _ 
6  Bk_ _ _
5 P _ _ _ 
4  _p_b_ _
3 _ P _ _ 
2 r_ _ _ _
1 _ _K_ _ 

  abcdefgh
8  _ _ _ _
7 _ _ _ _ 
6 BBk_ _ _
5 P _ _ _ 
4  _p_b_ _
3 _ P _ _ 
2 r_ _ _ _
1 _ _K_ _ 

  abcdefgh
8  _ _ _ _
7 _ _ _ _ 
6 BBk_ _ _
5 P _b_ _ 
4  _p_ _ _
3 _ P _ _ 
2 r_ _ _ _
1 _ _K_ _ 

  abcdefgh
8  _B_ _ _
7 _ _ _ _ 
6  Bk_ _ _
5 P _b_ _ 
4  _p_ _ _
3 _ P _ _ 
2 r_ _ _ _
1 _ _K_ _ 

  abcdefgh
8  _B_ _ _
7 _ _ _ _ 
6  B _ _ _
5 Pk_b_ _ 
4  _p_ _ _
3 _ P _ _ 
2 r_ _ _ _
1 _ _K_ _ 

  abcdefgh
8  _B_ _ _
7 _ _ _ _ 
6  B _ _ _
5 Pk_b_ _ 
4  _p_ _ _
3 _ P _ _ 
2 r_ _ _ _
1 _ K _ _ 

  abcdefgh
8  _B_ _ _
7 _ _ _ _ 
6  Bb_ _ _
5 Pk_ _ _ 
4  _p_ _ _
3 _ P _ _ 
2 r_ _ _ _
1 _ K _ _ 

  abcdefgh
8  _ _ _ _
7 _ _ _ _ 
6  Bb_B_ _
5 Pk_ _ _ 
4  _p_ _ _
3 _ P _ _ 
2 r_ _ _ _
1 _ K _ _ 

  abcdefgh
8  _ _ _ _
7 _ _ _ _ 
6  Bb_B_ _
5 Pk_ _ _ 
4  _p_ _ _
3 _ P _ _ 
2  _ _ _r_
1 _ K _ _ 

  abcdefgh
8  _ _ _ _
7 _ _ _ _ 
6  Bb_ _ _
5 Pk_ _B_ 
4  _p_ _ _
3 _ P _ _ 
2  _ _ _r_
1 _ K _ _ 

  abcdefgh
8  _ _ _ _
7 _ _ _ _ 
6  Bb_ _ _
5 Pk_ _B_ 
4  _p_ _ _
3 _ P _ _ 
2  _ _r_ _
1 _ K _ _ 

  abcdefgh
8  _ _ _ _
7 _ _ _ _ 
6  Bb_ _ _
5 Pk_ _ _ 
4  _p_ _B_
3 _ P _ _ 
2  _ _r_ _
1 _ K _ _ 

  abcdefgh
8  _ _ _ _
7 _ _ r _ 
6  Bb_ _ _
5 Pk_ _ _ 
4  _p_ _B_
3 _ P _ _ 
2  _ _ _ _
1 _ K _ _ 

  abcdefgh
8  _ _ _ _
7 _ _ r _ 
6  Bb_ _ _
5 Pk_ _B_ 
4  _p_ _ _
3 _ P _ _ 
2  _ _ _ _
1 _ K _ _ 

  abcdefgh
8  _ _ _ _
7 _ _br _ 
6  B _ _ _
5 Pk_ _B_ 
4  _p_ _ _
3 _ P _ _ 
2  _ _ _ _
1 _ K _ _ 

  abcdefgh
8  _ _ _ _
7 _ _br _ 
6  B _ _B_
5 Pk_ _ _ 
4  _p_ _ _
3 _ P _ _ 
2  _ _ _ _
1 _ K _ _ 

  abcdefgh
8  _ _ _ _
7 _ _b_ _ 
6  B _r_B_
5 Pk_ _ _ 
4  _p_ _ _
3 _ P _ _ 
2  _ _ _ _
1 _ K _ _ 

  abcdefgh
8  _ _ _ _
7 _ _b_ _ 
6  B _r_ _
5 Pk_ _B_ 
4  _p_ _ _
3 _ P _ _ 
2  _ _ _ _
1 _ K _ _ 

  abcdefgh
8  _ _ _ _
7 _ _br _ 
6  B _ _ _
5 Pk_ _B_ 
4  _p_ _ _
3 _ P _ _ 
2  _ _ _ _
1 _ K _ _ 

  abcdefgh
8  _ _ _ _
7 _ _br _ 
6  B _ _B_
5 Pk_ _ _ 
4  _p_ _ _
3 _ P _ _ 
2  _ _ _ _
1 _ K _ _ 

  abcdefgh
8  _ _ _ _
7 _ _b_ r 
6  B _ _B_
5 Pk_ _ _ 
4  _p_ _ _
3 _ P _ _ 
2  _ _ _ _
1 _ K _ _ 

  abcdefgh
8  _ _ _ _
7 _ _b_ r 
6  B _ _ _
5 Pk_ _ _ 
4  _p_B_ _
3 _ P _ _ 
2  _ _ _ _
1 _ K _ _ 

  abcdefgh
8  _ _ _ _
7 _ _b_r_ 
6  B _ _ _
5 Pk_ _ _ 
4  _p_B_ _
3 _ P _ _ 
2  _ _ _ _
1 _ K _ _ 

  abcdefgh
8  _ _ _ _
7 _ _b_r_ 
6  B _ _B_
5 Pk_ _ _ 
4  _p_ _ _
3 _ P _ _ 
2  _ _ _ _
1 _ K _ _ 

  abcdefgh
8  _ _ _ _
7 _ _b_ _ 
6  B _ _B_
5 Pk_ _ _ 
4  _p_ _ _
3 _ P _r_ 
2  _ _ _ _
1 _ K _ _ 

  abcdefgh
8  _ _ _ _
7 _ _b_ _ 
6  B _ _B_
5 Pk_ _ _ 
4  _p_ _ _
3 _ P _r_ 
2  _ K _ _
1 _ _ _ _ 

  abcdefgh
8  _ _ _ _
7 _ _b_ _ 
6  B _ rB_
5 Pk_ _ _ 
4  _p_ _ _
3 _ P _ _ 
2  _ K _ _
1 _ _ _ _ 

  abcdefgh
8  _ _ _ _
7 _ _b_ _ 
6  B _ r _
5 Pk_ _ _B
4  _p_ _ _
3 _ P _ _ 
2  _ K _ _
1 _ _ _ _ 

  abcdefgh
8  _ _ _ _
7 _ _b_ _ 
6  B r _ _
5 Pk_ _ _B
4  _p_ _ _
3 _ P _ _ 
2  _ K _ _
1 _ _ _ _ 

  abcdefgh
8  _ _ _ _
7 _ _b_ _ 
6  B r _ _
5 Pk_ _ _B
4  _p_ _ _
3 _ P _ _ 
2  _ _ _ _
1 _ K _ _ 

  abcdefgh
8  _ _ _ _
7 _ _b_ _ 
6  B _ _ _
5 Pk_ _ _B
4  _p_ _ _
3 _ Pr_ _ 
2  _ _ _ _
1 _ K _ _ 

  abcdefgh
8  _ _ _ _
7 _ _b_ _ 
6  B _ _ _
5 Pk_ _ _B
4  _p_ _ _
3 _ Pr_ _ 
2  K _ _ _
1 _ _ _ _ 

  abcdefgh
8  _ _ _ _
7 _ _b_ _ 
6  B _ _ _
5 Pk_ _ _B
4  _p_ _ _
3 _ P _ _ 
2  K r _ _
1 _ _ _ _ 

  abcdefgh
8  _ _ _ _
7 _ _b_ _ 
6  B _ _ _
5 Pk_ _ _B
4  _p_ _ _
3 _ P _ _ 
2  _ r _ _
1 _ K _ _ 

  abcdefgh
8  _ _ _ _
7 _ _b_ _ 
6  B _ _ _
5 Pk_ _ _B
4  _p_ _ _
3 _ P _ _ 
2  _ _ _r_
1 _ K _ _ 

  abcdefgh
8  _ _ _ _
7 _ _b_B_ 
6  B _ _ _
5 Pk_ _ _ 
4  _p_ _ _
3 _ P _ _ 
2  _ _ _r_
1 _ K _ _ 

  abcdefgh
8  _ _ _ _
7 _ _ _B_ 
6  B _ _ _
5 Pk_ _b_ 
4  _p_ _ _
3 _ P _ _ 
2  _ _ _r_
1 _ K _ _ 

  abcdefgh
8  _ _B_ _
7 _ _ _ _ 
6  B _ _ _
5 Pk_ _b_ 
4  _p_ _ _
3 _ P _ _ 
2  _ _ _r_
1 _ K _ _ 

  abcdefgh
8  _ _B_ _
7 _ _ _ _ 
6 kB _ _ _
5 P _ _b_ 
4  _p_ _ _
3 _ P _ _ 
2  _ _ _r_
1 _ K _ _ 

  abcdefgh
8  _ _B_ _
7 _ _ _ _ 
6 kB _ _ _
5 P _ _b_ 
4  _p_ _ _
3 _ P _ _ 
2  _ _ _r_
1 _ _K_ _ 

  abcdefgh
8  _ _B_ _
7 _ _ _ _ 
6 kB _ _ _
5 P _ _b_ 
4  _p_ _ _
3 _ P _ r 
2  _ _ _ _
1 _ _K_ _ 

  abcdefgh
8  _ _B_ _
7 _ _ _ _ 
6 k_ _ _ _
5 P _ _b_ 
4  _pB _ _
3 _ P _ r 
2  _ _ _ _
1 _ _K_ _ 

  abcdefgh
8  _ _B_ _
7 _ _ _ _ 
6  _ _ _ _
5 k _ _b_ 
4  _pB _ _
3 _ P _ r 
2  _ _ _ _
1 _ _K_ _ 

  abcdefgh
8  _ _B_ _
7 _ _ _ _ 
6  _ _ _ _
5 k _ _b_ 
4  _pB _ _
3 _ P _ r 
2  _ _K_ _
1 _ _ _ _ 

  abcdefgh
8  _ _B_r_
7 _ _ _ _ 
6  _ _ _ _
5 k _ _b_ 
4  _pB _ _
3 _ P _ _ 
2  _ _K_ _
1 _ _ _ _ 

  abcdefgh
8  _ _ _r_
7 _ _ _B_ 
6  _ _ _ _
5 k _ _b_ 
4  _pB _ _
3 _ P _ _ 
2  _ _K_ _
1 _ _ _ _ 

  abcdefgh
8  _r_ _ _
7 _ _ _B_ 
6  _ _ _ _
5 k _ _b_ 
4  _pB _ _
3 _ P _ _ 
2  _ _K_ _
1 _ _ _ _ 

  abcdefgh
8  _r_ _ _
7 _ _ _ _ 
6  _ _ _ _
5 k _ _b_B
4  _pB _ _
3 _ P _ _ 
2  _ _K_ _
1 _ _ _ _ 

  abcdefgh
8  _r_ _ _
7 _ _ _ _ 
6  _ _ _ _
5 _ _ _b_B
4 k_pB _ _
3 _ P _ _ 
2  _ _K_ _
1 _ _ _ _ 

  abcdefgh
8  _r_ _ _
7 _ _ _ _ 
6  _ _ _ _
5 _ _ _b_B
4 k_pB _ _
3 _ P K _ 
2  _ _ _ _
1 _ _ _ _ 

  abcdefgh
8  _r_ _ _
7 _ _ _ _b
6  _ _ _ _
5 _ _ _ _B
4 k_pB _ _
3 _ P K _ 
2  _ _ _ _
1 _ _ _ _ 

  abcdefgh
8  _r_ _ _
7 _ _ _ _b
6  _ _ _ _
5 _ _ _ _ 
4 k_pB _ _
3 _ P K _ 
2  _ _ _ _
1 _ _B_ _ 

  abcdefgh
8  _r_ _ _
7 _ _ _ _b
6  _ _ _ _
5 _ _ _ _ 
4  _pB _ _
3 k P K _ 
2  _ _ _ _
1 _ _B_ _ 

  abcdefgh
8  _r_ _ _
7 _ _ _ _b
6  _ _ _ _
5 _ _ _ _ 
4  _pB K _
3 k P _ _ 
2  _ _ _ _
1 _ _B_ _ 

  abcdefgh
8  _ _r_ _
7 _ _ _ _b
6  _ _ _ _
5 _ _ _ _ 
4  _pB K _
3 k P _ _ 
2  _ _ _ _
1 _ _B_ _ 

  abcdefgh
8  _ _r_ _
7 _ _ _ _b
6  _ _ _ _
5 _ _ _ _ 
4  _pB K _
3 k P _B_ 
2  _ _ _ _
1 _ _ _ _ 

  abcdefgh
8  _ _ r _
7 _ _ _ _b
6  _ _ _ _
5 _ _ _ _ 
4  _pB K _
3 k P _B_ 
2  _ _ _ _
1 _ _ _ _ 

  abcdefgh
8  _ _ r _
7 _ _ _ _b
6  _ _ _ _
5 _ _ _ _ 
4  _pB _ _
3 k P KB_ 
2  _ _ _ _
1 _ _ _ _ 

  abcdefgh
8  _ r _ _
7 _ _ _ _b
6  _ _ _ _
5 _ _ _ _ 
4  _pB _ _
3 k P KB_ 
2  _ _ _ _
1 _ _ _ _ 

  abcdefgh
8  _ r _ _
7 _ _ _ _b
6  _B_ _ _
5 _ _ _ _ 
4  _pB _ _
3 k P K _ 
2  _ _ _ _
1 _ _ _ _ 

  abcdefgh
8  _ r _ _
7 _ _ _ _b
6  _B_ _ _
5 _ _ _ _ 
4  _pB _ _
3 _ P K _ 
2  k _ _ _
1 _ _ _ _ 

  abcdefgh
8  _ r _ _
7 _B_ _ _b
6  _ _ _ _
5 _ _ _ _ 
4  _pB _ _
3 _ P K _ 
2  k _ _ _
1 _ _ _ _ 

  abcdefgh
8  _ _ _ _
7 _B_ _ _b
6  _ r _ _
5 _ _ _ _ 
4  _pB _ _
3 _ P K _ 
2  k _ _ _
1 _ _ _ _ 

  abcdefgh
8  _ _ _ _
7 _ _ _ _b
6  _ r _ _
5 _ _ _ _ 
4  _pB _ _
3 _ P KB_ 
2  k _ _ _
1 _ _ _ _ 

  abcdefgh
8  _ _ _ _
7 _ _ _ _b
6  _ r _ _
5 _ _ _ _ 
4  _pB _ _
3 _ P KB_ 
2  _k_ _ _
1 _ _ _ _ 

  abcdefgh
8  _ _ _ _
7 _ _ _ _b
6  _ r _ _
5 _ _ _ _ 
4  _pB _B_
3 _ P K _ 
2  _k_ _ _
1 _ _ _ _ 

  abcdefgh
8  _ r _ _
7 _ _ _ _b
6  _ _ _ _
5 _ _ _ _ 
4  _pB _B_
3 _ P K _ 
2  _k_ _ _
1 _ _ _ _ 

  abcdefgh
8  _ r _ _
7 _ _ _ _b
6  _ _ _ _
5 _ _ _ _ 
4  _pB _ _
3 _ P KB_ 
2  _k_ _ _
1 _ _ _ _ 

  abcdefgh
8  _ r _ _
7 _ _ _ _b
6  _ _ _ _
5 _ _ _ _ 
4  _pB _ _
3 _ P KB_ 
2  k _ _ _
1 _ _ _ _ 

  abcdefgh
8  _ r _ _
7 _ _ _ _b
6  _ _ _ _
5 _ _ _ _B
4  _pB _ _
3 _ P K _ 
2  k _ _ _
1 _ _ _ _ 

  abcdefgh
8  _ r _ _
7 _ _ _ _ 
6  _ _ _ _
5 _ _ _ _B
4  _pB _ _
3 _ PbK _ 
2  k _ _ _
1 _ _ _ _ 

  abcdefgh
8  _ r _ _
7 _ _ _ _ 
6  _ _ _ _
5 _ _ B _B
4  _p_ _ _
3 _ PbK _ 
2  k _ _ _
1 _ _ _ _ 

  abcdefgh
8  _ _ _ _
7 _ _ _ _ 
6  _ _ _ _
5 _ _rB _B
4  _p_ _ _
3 _ PbK _ 
2  k _ _ _
1 _ _ _ _ 

  abcdefgh
8  _ _ _ _
7 _ _ _ _ 
6  _ _ _ _
5 _ _rB _B
4  _p_ K _
3 _ Pb_ _ 
2  k _ _ _
1 _ _ _ _ 

  abcdefgh
8  _ _ _ _
7 _ _ _ _ 
6  _ _ _ _
5 _ _ r _B
4  _p_ K _
3 _ Pb_ _ 
2  k _ _ _
1 _ _ _ _ 

  abcdefgh
8  _ _ _ _
7 _ _ _ _ 
6  _ _ _ _
5 _ _ K _B
4  _p_ _ _
3 _ Pb_ _ 
2  k _ _ _
1 _ _ _ _ 

  abcdefgh
8  _ _ _ _
7 _ _ _ _ 
6  _ _ _ _
5 _ _ K _B
4  _p_ _ _
3 _ kb_ _ 
2  _ _ _ _
1 _ _ _ _ 

  abcdefgh
8  _ _ _ _
7 _ _ _B_ 
6  _ _ _ _
5 _ _ K _ 
4  _p_ _ _
3 _ kb_ _ 
2  _ _ _ _
1 _ _ _ _ 

  abcdefgh
8  _ _ _ _
7 _ _ _B_ 
6  _ _ _ _
5 _ _ K _ 
4  _p_ _ _
3 _ _b_ _ 
2  k _ _ _
1 _ _ _ _ 

  abcdefgh
8  _ _ _ _
7 _ _ _ _ 
6  _ _ _ _
5 _ _ K _ 
4  _B_ _ _
3 _ _b_ _ 
2  k _ _ _
1 _ _ _ _ 

  abcdefgh
CTRL-D detected
