8 rnbqkbnr
7 pppppppp
6  _ _ _ _
5 _ _ _ _ 
4  _P_ _ _
3 _ _ _ _ 
2 PP PPPPP
1 RNBQKBNR

  abcdefgh
8 rnbqkb r
7 pppppppp
6  _ _ n _
5 _ _ _ _ 
4  _P_ _ _
3 _ _ _ _ 
2 PP PPPPP
1 RNBQKBNR

  abcdefgh
8 rnbqkb r
7 pppppppp
6  _ _ n _
5 _ _ _ _ 
4  _P_ _ _
3 _ _ _ P 
2 PP PPP P
1 RNBQKBNR

  abcdefgh
8 rnbqkb r
7 pppppp_p
6  _ _ np_
5 _ _ _ _ 
4  _P_ _ _
3 _ _ _ P 
2 PP PPP P
1 RNBQKBNR

  abcdefgh
8 rnbqkb r
7 pppppp_p
6  _ _ np_
5 _ _ _ _ 
4  _P_ _ _
3 _ _ _ P 
2 PP PPPBP
1 RNBQK NR

  abcdefgh
8 rnbqk_ r
7 ppppppbp
6  _ _ np_
5 _ _ _ _ 
4  _P_ _ _
3 _ _ _ P 
2 PP PPPBP
1 RNBQK NR

  abcdefgh
8 rnbqk_ r
7 ppppppbp
6  _ _ np_
5 _ _ _ _ 
4  _P_ _ _
3 _ N _ P 
2 PP PPPBP
1 R BQK NR

  abcdefgh
was here
8 rnbq rk_
7 ppppppbp
6  _ _ np_
5 _ _ _ _ 
4  _P_ _ _
3 _ N _ P 
2 PP PPPBP
1 R BQK NR

  abcdefgh
8 rnbq rk_
7 ppppppbp
6  _ _ np_
5 _ _ _ _ 
4  _P_P_ _
3 _ N _ P 
2 PP P PBP
1 R BQK NR

  abcdefgh
8 rnbq rk_
7 ppp ppbp
6  _ p np_
5 _ _ _ _ 
4  _P_P_ _
3 _ N _ P 
2 PP P PBP
1 R BQK NR

  abcdefgh
8 rnbq rk_
7 ppp ppbp
6  _ p np_
5 _ _ _ _ 
4  _P_P_ _
3 _ N _ P 
2 PP PNPBP
1 R BQK _R

  abcdefgh
8 rnbq rk_
7 ppp _pbp
6  _ p np_
5 _ _ p _ 
4  _P_P_ _
3 _ N _ P 
2 PP PNPBP
1 R BQK _R

  abcdefgh
was here
8 rnbq rk_
7 ppp _pbp
6  _ p np_
5 _ _ p _ 
4  _P_P_ _
3 _ N _ P 
2 PP PNPBP
1 R BQ_RK 

  abcdefgh
8 rnbq rk_
7 _pp _pbp
6  _ p np_
5 p _ p _ 
4  _P_P_ _
3 _ N _ P 
2 PP PNPBP
1 R BQ_RK 

  abcdefgh
8 rnbq rk_
7 _pp _pbp
6  _ p np_
5 p _ p _ 
4  _PPP_ _
3 _ N _ P 
2 PP _NPBP
1 R BQ_RK 

  abcdefgh
8 rn q rk_
7 _pp _pbp
6  _ p np_
5 p _ p _ 
4  _PPP_b_
3 _ N _ P 
2 PP _NPBP
1 R BQ_RK 

  abcdefgh
8 rn q rk_
7 _pp _pbp
6  _ p np_
5 p _ p _ 
4  _PPP_b_
3 _ N _PP 
2 PP _N_BP
1 R BQ_RK 

  abcdefgh
8 rn q rk_
7 _ppb_pbp
6  _ p np_
5 p _ p _ 
4  _PPP_ _
3 _ N _PP 
2 PP _N_BP
1 R BQ_RK 

  abcdefgh
8 rn q rk_
7 _ppb_pbp
6  _ p np_
5 p _ p _ 
4  _PPP_ _
3 _ N BPP 
2 PP _N_BP
1 R _Q_RK 

  abcdefgh
8 rn q rk_
7 _ppb_pbp
6  _ p np_
5 _ _ p _ 
4 p_PPP_ _
3 _ N BPP 
2 PP _N_BP
1 R _Q_RK 

  abcdefgh
8 rn q rk_
7 _ppb_pbp
6  _ p np_
5 _ _Pp _ 
4 p_P_P_ _
3 _ N BPP 
2 PP _N_BP
1 R _Q_RK 

  abcdefgh
8 rn q rk_
7 _ppb_pb 
6  _ p np_
5 _ _Pp _p
4 p_P_P_ _
3 _ N BPP 
2 PP _N_BP
1 R _Q_RK 

  abcdefgh
8 rn q rk_
7 _ppb_pb 
6  _ p np_
5 _ _Pp Bp
4 p_P_P_ _
3 _ N _PP 
2 PP _N_BP
1 R _Q_RK 

  abcdefgh
8 rn _qrk_
7 _ppb_pb 
6  _ p np_
5 _ _Pp Bp
4 p_P_P_ _
3 _ N _PP 
2 PP _N_BP
1 R _Q_RK 

  abcdefgh
8 rn _qrk_
7 _ppb_pb 
6  _ p np_
5 _ _Pp _p
4 p_P_P_ _
3 _ N BPP 
2 PP _N_BP
1 R _Q_RK 

  abcdefgh
8 r_ _qrk_
7 _ppb_pb 
6 n_ p np_
5 _ _Pp _p
4 p_P_P_ _
3 _ N BPP 
2 PP _N_BP
1 R _Q_RK 

  abcdefgh
8 r_ _qrk_
7 _ppb_pb 
6 n_ p np_
5 _ _Pp _p
4 pPP_P_ _
3 _ N BPP 
2 P_ _N_BP
1 R _Q_RK 

  abcdefgh
was here
8 r_ _qrk_
7 _ppb_pb 
6 n_ p np_
5 _ _Pp _p
4  _P_P_ _
3 _pN BPP 
2 P_ _N_BP
1 R _Q_RK 

  abcdefgh
8 r_ _qrk_
7 _ppb_pb 
6 n_ p np_
5 _ _Pp _p
4  _P_P_ _
3 _PN BPP 
2  _ _N_BP
1 R _Q_RK 

  abcdefgh
8 r_ _qrk_
7 _ppb_pb 
6 n_ p np_
5 _ _Pp _ 
4  _P_P_ p
3 _PN BPP 
2  _ _N_BP
1 R _Q_RK 

  abcdefgh
8 r_ _qrk_
7 _ppb_pb 
6 n_ p np_
5 _ _Pp _ 
4  _P_P_Pp
3 _PN BP_ 
2  _ _N_BP
1 R _Q_RK 

  abcdefgh
8 r_ _qrk_
7 _ppb_pbn
6 n_ p _p_
5 _ _Pp _ 
4  _P_P_Pp
3 _PN BP_ 
2  _ _N_BP
1 R _Q_RK 

  abcdefgh
8 r_ _qrk_
7 _ppb_pbn
6 n_ p _p_
5 _ _Pp _ 
4  _P_P_Pp
3 _PN BP_P
2  _ _N_B_
1 R _Q_RK 

  abcdefgh
8 r_ _ rk_
7 _ppbqpbn
6 n_ p _p_
5 _ _Pp _ 
4  _P_P_Pp
3 _PN BP_P
2  _ _N_B_
1 R _Q_RK 

  abcdefgh
8 r_ _ rk_
7 _ppbqpbn
6 n_ p _p_
5 _ _Pp _ 
4  _P_P_Pp
3 _PN BP_P
2  _ _N_B_
1 R _Q_R_K

  abcdefgh
8 r_ _ rk_
7 _p_bqpbn
6 n_ p _p_
5 _ pPp _ 
4  _P_P_Pp
3 _PN BP_P
2  _ _N_B_
1 R _Q_R_K

  abcdefgh
8 r_ _ rk_
7 _p_bqpbn
6 n_ p _p_
5 _ pPp _ 
4  _P_P_Pp
3 _PN BP_P
2  _ QN_B_
1 R _ _R_K

  abcdefgh
8 r_ _ rk_
7 _p_bqpbn
6  _ p _p_
5 _ pPp _ 
4  nP_P_Pp
3 _PN BP_P
2  _ QN_B_
1 R _ _R_K

  abcdefgh
8 r_ _ rk_
7 _p_bqpbn
6  _ p _p_
5 _ pPp _ 
4  nP_P_Pp
3 _PN BP_P
2  _ Q _B_
1 R _ _RNK

  abcdefgh
8 r_ _ rk_
7 _p_bqp_n
6  _ p bp_
5 _ pPp _ 
4  nP_P_Pp
3 _PN BP_P
2  _ Q _B_
1 R _ _RNK

  abcdefgh
8 r_ _ rk_
7 _p_bqp_n
6  _ p bp_
5 _ pPp _ 
4  nP_PPPp
3 _PN B _P
2  _ Q _B_
1 R _ _RNK

  abcdefgh
8 r_ _ rk_
7 _p_bqp_n
6  _ p bp_
5 _ pP_ _ 
4  nP_PpPp
3 _PN B _P
2  _ Q _B_
1 R _ _RNK

  abcdefgh
8 r_ _ rk_
7 _p_bqp_n
6  _ p bp_
5 _ pP_ _ 
4  nP_PBPp
3 _PN _ _P
2  _ Q _B_
1 R _ _RNK

  abcdefgh
8  _ _ rk_
7 _p_bqp_n
6  _ p bp_
5 _ pP_ _ 
4  nP_PBPp
3 _PN _ _P
2  _ Q _B_
1 r _ _RNK

  abcdefgh
8  _ _ rk_
7 _p_bqp_n
6  _ p bp_
5 _ pP_ _ 
4  nP_PBPp
3 _PN _ _P
2  _ Q _B_
1 R _ _ NK

  abcdefgh
8  _ _ rk_
7 _p_bqp_n
6  _ p _p_
5 _ pP_ b 
4  nP_PBPp
3 _PN _ _P
2  _ Q _B_
1 R _ _ NK

  abcdefgh
8  _ _ rk_
7 _p_bqp_n
6  _ p _p_
5 _ pP_ b 
4  nP_PBPp
3 _PN _N_P
2  _ Q _B_
1 R _ _ _K

  abcdefgh
8  _ _ rk_
7 _p_bqp_n
6  _ p _p_
5 _ pP_ _ 
4  nP_PbPp
3 _PN _N_P
2  _ Q _B_
1 R _ _ _K

  abcdefgh
8  _ _ rk_
7 _p_bqp_n
6  _ p _p_
5 _ pP_ _ 
4  nP_PQPp
3 _PN _N_P
2  _ _ _B_
1 R _ _ _K

  abcdefgh
8  _ _ rk_
7 _p_bqp_n
6  _ p _p_
5 _ pP_ _ 
4  _P_PQPp
3 _PNn_N_P
2  _ _ _B_
1 R _ _ _K

  abcdefgh
8  _ _ rk_
7 _p_bqp_n
6  _ p _pQ
5 _ pP_ _ 
4  _P_P_Pp
3 _PNn_N_P
2  _ _ _B_
1 R _ _ _K

  abcdefgh
8  _ _ rk_
7 _p_b_p_n
6  _ p qpQ
5 _ pP_ _ 
4  _P_P_Pp
3 _PNn_N_P
2  _ _ _B_
1 R _ _ _K

  abcdefgh
8  _ _ rk_
7 _p_b_p_n
6  _ p qpQ
5 _ pPP _ 
4  _P_ _Pp
3 _PNn_N_P
2  _ _ _B_
1 R _ _ _K

  abcdefgh
8  _ _ rk_
7 _p_b_p_n
6  _ p qpQ
5 _ pPn _ 
4  _P_ _Pp
3 _PN _N_P
2  _ _ _B_
1 R _ _ _K

  abcdefgh
8  _ _ rk_
7 _p_b_p_n
6  _ p qpQ
5 _ pPn _ 
4  _P_N_Pp
3 _P_ _N_P
2  _ _ _B_
1 R _ _ _K

  abcdefgh
8  _ _ rkq
7 _p_b_p_n
6  _ p _pQ
5 _ pPn _ 
4  _P_N_Pp
3 _P_ _N_P
2  _ _ _B_
1 R _ _ _K

  abcdefgh
8  _ _ rkq
7 _p_b_p_n
6  _ p _pQ
5 _ pPn _ 
4  _P_N_Pp
3 _P_ _N_P
2  _ _ _B_
1 _ _ _R_K

  abcdefgh
8  _ _ rkq
7 _p_b_p_n
6  _ p _pQ
5 _ pP_ _ 
4  _P_N_Pp
3 _P_ _n_P
2  _ _ _B_
1 _ _ _R_K

  abcdefgh
8  _ _ rkq
7 _p_b_p_n
6  _ p _pQ
5 _ pP_ _ 
4  _P_N_Pp
3 _P_ _R_P
2  _ _ _B_
1 _ _ _ _K

  abcdefgh
8  _ _ rk_
7 _p_b_p_n
6  _ p _pQ
5 _ pP_ _ 
4  _P_N_Pp
3 _P_ _R_P
2  _ _ _B_
1 q _ _ _K

  abcdefgh
8  _ _ rk_
7 _p_b_p_n
6  _ p _pQ
5 _ pP_ _ 
4  _P_N_Pp
3 _P_ _ _P
2  _ _ _B_
1 q _ _R_K

  abcdefgh
8  _ _ rk_
7 _p_b_p_n
6  _ p _pQ
5 _ pPq _ 
4  _P_N_Pp
3 _P_ _ _P
2  _ _ _B_
1 _ _ _R_K

  abcdefgh
8  _ _ rk_
7 _p_b_p_n
6  _ p _p_
5 _ pPq _ 
4  _P_N_PQ
3 _P_ _ _P
2  _ _ _B_
1 _ _ _R_K

  abcdefgh
8  _ _ r _
7 _p_b_pkn
6  _ p _p_
5 _ pPq _ 
4  _P_N_PQ
3 _P_ _ _P
2  _ _ _B_
1 _ _ _R_K

  abcdefgh
8  _ _ r _
7 _p_b_pkn
6  _ p _p_
5 _ pPq P 
4  _P_N_ Q
3 _P_ _ _P
2  _ _ _B_
1 _ _ _R_K

  abcdefgh
8  _ _ r _
7 _p_ _pkn
6  _ p _p_
5 _ pPqbP 
4  _P_N_ Q
3 _P_ _ _P
2  _ _ _B_
1 _ _ _R_K

  abcdefgh
8  _ _ r _
7 _p_ _pkn
6  _ N _p_
5 _ pPqbP 
4  _P_ _ Q
3 _P_ _ _P
2  _ _ _B_
1 _ _ _R_K

  abcdefgh
8  _ _ r _
7 _p_ _pkn
6  _ q _p_
5 _ pP_bP 
4  _P_ _ Q
3 _P_ _ _P
2  _ _ _B_
1 _ _ _R_K

  abcdefgh
8  _ _ r _
7 _p_ _pkn
6  _ q _pQ
5 _ pP_bP 
4  _P_ _ _
3 _P_ _ _P
2  _ _ _B_
1 _ _ _R_K

  abcdefgh
8  _ _ rk_
7 _p_ _p_n
6  _ q _pQ
5 _ pP_bP 
4  _P_ _ _
3 _P_ _ _P
2  _ _ _B_
1 _ _ _R_K

  abcdefgh
8  _ _ rk_
7 _p_ _p_n
6  _ q _pQ
5 _ pP_RP 
4  _P_ _ _
3 _P_ _ _P
2  _ _ _B_
1 _ _ _ _K

  abcdefgh
8  _ _r_k_
7 _p_ _p_n
6  _ q _pQ
5 _ pP_RP 
4  _P_ _ _
3 _P_ _ _P
2  _ _ _B_
1 _ _ _ _K

  abcdefgh
8  _ _r_k_
7 _p_ _p_n
6  _ q _pQ
5 _ pP_ P 
4  _P_ _ _
3 _P_ _ _P
2  _ _ _B_
1 _ _ _R_K

  abcdefgh
8  _ _r_k_
7 _p_ _p_n
6  _ _ _pQ
5 _ pP_ P 
4  _P_ _ _
3 _P_ _ qP
2  _ _ _B_
1 _ _ _R_K

  abcdefgh
8  _ _r_k_
7 _p_ _R_n
6  _ _ _pQ
5 _ pP_ P 
4  _P_ _ _
3 _P_ _ qP
2  _ _ _B_
1 _ _ _ _K

  abcdefgh
8  _ _r_ _
7 _p_ _k_n
6  _ _ _pQ
5 _ pP_ P 
4  _P_ _ _
3 _P_ _ qP
2  _ _ _B_
1 _ _ _ _K

  abcdefgh
8  _ _r_ _
7 _p_ _k_Q
6  _ _ _p_
5 _ pP_ P 
4  _P_ _ _
3 _P_ _ qP
2  _ _ _B_
1 _ _ _ _K

  abcdefgh
8  _ _rk _
7 _p_ _ _Q
6  _ _ _p_
5 _ pP_ P 
4  _P_ _ _
3 _P_ _ qP
2  _ _ _B_
1 _ _ _ _K

  abcdefgh
8  _ _rk _
7 _p_ _ _ 
6  _ _ _pQ
5 _ pP_ P 
4  _P_ _ _
3 _P_ _ qP
2  _ _ _B_
1 _ _ _ _K

  abcdefgh
8  _ _r_ _
7 _p_ _k_ 
6  _ _ _pQ
5 _ pP_ P 
4  _P_ _ _
3 _P_ _ qP
2  _ _ _B_
1 _ _ _ _K

  abcdefgh
8  _ _r_ _
7 _p_ _k_Q
6  _ _ _p_
5 _ pP_ P 
4  _P_ _ _
3 _P_ _ qP
2  _ _ _B_
1 _ _ _ _K

  abcdefgh
8  _ _rk _
7 _p_ _ _Q
6  _ _ _p_
5 _ pP_ P 
4  _P_ _ _
3 _P_ _ qP
2  _ _ _B_
1 _ _ _ _K

  abcdefgh
8  _ _rk _
7 _p_ _ _ 
6  _ _ _pQ
5 _ pP_ P 
4  _P_ _ _
3 _P_ _ qP
2  _ _ _B_
1 _ _ _ _K

  abcdefgh
8  _ _r_ _
7 _p_ k _ 
6  _ _ _pQ
5 _ pP_ P 
4  _P_ _ _
3 _P_ _ qP
2  _ _ _B_
1 _ _ _ _K

  abcdefgh
8  _ _r_ _
7 _p_ k _ 
6  _ _ _Q_
5 _ pP_ P 
4  _P_ _ _
3 _P_ _ qP
2  _ _ _B_
1 _ _ _ _K

  abcdefgh
8  _ _r_ _
7 _p_ k _ 
6  _ _ _Q_
5 _ pP_ P 
4  _P_ _ _
3 _P_ _ _P
2  _ _ _B_
1 _ _ q _K

  abcdefgh
8  _ _r_ _
7 _p_ k _ 
6  _ _ _Q_
5 _ pP_ P 
4  _P_ _ _
3 _P_ _ _P
2  _ _ _BK
1 _ _ q _ 

  abcdefgh
8  _ _r_ _
7 _p_ k _ 
6  _ _ _Q_
5 _ pPq P 
4  _P_ _ _
3 _P_ _ _P
2  _ _ _BK
1 _ _ _ _ 

  abcdefgh
8  _ _r_ _
7 _p_ k _ 
6  _ _ _Q_
5 _ pPq P 
4  _P_ _ _
3 _P_ _ _P
2  _ _ _B_
1 _ _ _ _K

  abcdefgh
8  _ _r_ _
7 _p_ k _ 
6  _ _ _Q_
5 _ pP_ P 
4  _P_ _ _
3 _P_ _ _P
2  _ _ _B_
1 _ _ q _K

  abcdefgh
8  _ _r_ _
7 _p_ k _ 
6  _ _ _Q_
5 _ pP_ P 
4  _P_ _ _
3 _P_ _ _P
2  _ _ _BK
1 _ _ q _ 

  abcdefgh
8  _ _r_ _
7 _p_ k _ 
6  _ _ _Q_
5 _ pPq P 
4  _P_ _ _
3 _P_ _ _P
2  _ _ _BK
1 _ _ _ _ 

  abcdefgh
8  _ _r_ _
7 _p_ k _ 
6  _ _ _Q_
5 _ pPq P 
4  _P_ _ _
3 _P_ _ _P
2  _ _ _B_
1 _ _ _ _K

  abcdefgh
8 r_ _ _ _
7 _p_ k _ 
6  _ _ _Q_
5 _ pPq P 
4  _P_ _ _
3 _P_ _ _P
2  _ _ _B_
1 _ _ _ _K

  abcdefgh
8 r_ _ _ _
7 _p_ k _ 
6  _ P _Q_
5 _ p q P 
4  _P_ _ _
3 _P_ _ _P
2  _ _ _B_
1 _ _ _ _K

  abcdefgh
8 r_ _ _ _
7 _p_k_ _ 
6  _ P _Q_
5 _ p q P 
4  _P_ _ _
3 _P_ _ _P
2  _ _ _B_
1 _ _ _ _K

  abcdefgh
8 r_ _ _ _
7 _B_k_ _ 
6  _ P _Q_
5 _ p q P 
4  _P_ _ _
3 _P_ _ _P
2  _ _ _ _
1 _ _ _ _K

  abcdefgh
8  _ _ _ _
7 _B_k_ _ 
6  _ P _Q_
5 _ p q P 
4  _P_ _ _
3 _P_ _ _P
2 r_ _ _ _
1 _ _ _ _K

  abcdefgh
8  _ _ _ _
7 _B_k_Q_ 
6  _ P _ _
5 _ p q P 
4  _P_ _ _
3 _P_ _ _P
2 r_ _ _ _
1 _ _ _ _K

  abcdefgh
8  _ _ _ _
7 _B_ _Q_ 
6  _ k _ _
5 _ p q P 
4  _P_ _ _
3 _P_ _ _P
2 r_ _ _ _
1 _ _ _ _K

  abcdefgh
8  _ _ _ _
7 _B_ _ _ 
6  _ k _ _
5 _ pQq P 
4  _P_ _ _
3 _P_ _ _P
2 r_ _ _ _
1 _ _ _ _K

  abcdefgh
8  _ _ _ _
7 _B_ _ _ 
6  _ k _ _
5 _ pq_ P 
4  _P_ _ _
3 _P_ _ _P
2 r_ _ _ _
1 _ _ _ _K

  abcdefgh
8  _ _ _ _
7 _ _ _ _ 
6  _ k _ _
5 _ pB_ P 
4  _P_ _ _
3 _P_ _ _P
2 r_ _ _ _
1 _ _ _ _K

  abcdefgh
8  _ _ _ _
7 _ _ _ _ 
6  _ _ _ _
5 _ pBk P 
4  _P_ _ _
3 _P_ _ _P
2 r_ _ _ _
1 _ _ _ _K

  abcdefgh
8  _ _ _ _
7 _ _ _ _ 
6  _ _ _ _
5 _ pBk P 
4  _P_ _ _
3 _P_ _ _P
2 r_ _ _ _
1 _ _ _ K 

  abcdefgh
8  _ _ _ _
7 _ _ _ _ 
6  _ _ _ _
5 _ pBk P 
4  _P_ _ _
3 _P_ _ _P
2  r _ _ _
1 _ _ _ K 

  abcdefgh
8  _ _ _ _
7 _ _ _B_ 
6  _ _ _ _
5 _ p k P 
4  _P_ _ _
3 _P_ _ _P
2  r _ _ _
1 _ _ _ K 

  abcdefgh
8  _ _ _ _
7 _ _ _B_ 
6  _ _ _ _
5 _ p k P 
4  _P_ _ _
3 _r_ _ _P
2  _ _ _ _
1 _ _ _ K 

  abcdefgh
8  _ _ _ _
7 _ _ _B_ 
6  _ _ _ _
5 _ p k P 
4  _P_ _ _
3 _r_ _ _P
2  _ _ _K_
1 _ _ _ _ 

  abcdefgh
8  _ _ _ _
7 _ _ _B_ 
6  _ _ _ _
5 _ p k P 
4  _P_ _ _
3 _ r _ _P
2  _ _ _K_
1 _ _ _ _ 

  abcdefgh
8  _ _ _ _
7 _ _ _B_ 
6  _ _ _ _
5 _ p k P 
4  _P_ _ P
3 _ r _ _ 
2  _ _ _K_
1 _ _ _ _ 

  abcdefgh
8  _ _ _ _
7 _ _ _B_ 
6  _ _ _ _
5 _ p _kP 
4  _P_ _ P
3 _ r _ _ 
2  _ _ _K_
1 _ _ _ _ 

  abcdefgh
8  _ _ _ _
7 _ _ _B_ 
6  _ _ _ _
5 _ p _kP 
4  _P_ _ P
3 _ r _ _ 
2  _ _ _ K
1 _ _ _ _ 

  abcdefgh
8  _ _ _ _
7 _ _ _B_ 
6  _ _ _ _
5 _ p _kP 
4  _P_ _ P
3 _ _ _ _ 
2  _r_ _ K
1 _ _ _ _ 

  abcdefgh
8  _ _ _ _
7 _ _ _B_ 
6  _ _ _ _
5 _ p _kP 
4  _P_ _ P
3 _ _ _ K 
2  _r_ _ _
1 _ _ _ _ 

  abcdefgh
8  _ _ _ _
7 _ _ _B_ 
6  _ _ _ _
5 _ p _kP 
4  _P_ _ P
3 _ r _ K 
2  _ _ _ _
1 _ _ _ _ 

  abcdefgh
8  _ _ _ _
7 _ _ _B_ 
6  _ _ _ _
5 _ p _kP 
4  _P_ _ P
3 _ r _ _ 
2  _ _ _K_
1 _ _ _ _ 

  abcdefgh
8  _ _ _ _
7 _ _ _B_ 
6  _ _ _ _
5 _ p _kP 
4  _P_ _ P
3 r _ _ _ 
2  _ _ _K_
1 _ _ _ _ 

  abcdefgh
8  _ _ _ _
7 _ _ _B_ 
6  _ _ _P_
5 _ p _k_ 
4  _P_ _ P
3 r _ _ _ 
2  _ _ _K_
1 _ _ _ _ 

  abcdefgh
8  _ _ _ _
7 _ _ _B_ 
6  _ _ kP_
5 _ p _ _ 
4  _P_ _ P
3 r _ _ _ 
2  _ _ _K_
1 _ _ _ _ 

  abcdefgh
8  _ _ _ _
7 _ _ _B_ 
6  _ _ kP_
5 _ p _ _P
4  _P_ _ _
3 r _ _ _ 
2  _ _ _K_
1 _ _ _ _ 

  abcdefgh
8  _ _ _ _
7 _ _ _Bk 
6  _ _ _P_
5 _ p _ _P
4  _P_ _ _
3 r _ _ _ 
2  _ _ _K_
1 _ _ _ _ 

  abcdefgh
8  _ _ _ _
7 _ _ _ k 
6  _ _ _P_
5 _ pB_ _P
4  _P_ _ _
3 r _ _ _ 
2  _ _ _K_
1 _ _ _ _ 

  abcdefgh
8  _ _ _ _
7 _ _ _ k 
6  _ _ _P_
5 _ pB_ _P
4  _P_ _ _
3 _ r _ _ 
2  _ _ _K_
1 _ _ _ _ 

  abcdefgh
8  _ _ _ _
7 _ _ _ k 
6  _ _B_P_
5 _ p _ _P
4  _P_ _ _
3 _ r _ _ 
2  _ _ _K_
1 _ _ _ _ 

  abcdefgh
8  _ _ _ _
7 _ _ _ k 
6  _ _B_P_
5 _ p _ _P
4  _P_ _ _
3 _ _ r _ 
2  _ _ _K_
1 _ _ _ _ 

  abcdefgh
8  _ _ _ _
7 _ _ _ k 
6  _ _ _P_
5 _ pB_ _P
4  _P_ _ _
3 _ _ r _ 
2  _ _ _K_
1 _ _ _ _ 

  abcdefgh
8  _ _ _ _
7 _ _ _ _ 
6  _ _ _Pk
5 _ pB_ _P
4  _P_ _ _
3 _ _ r _ 
2  _ _ _K_
1 _ _ _ _ 

  abcdefgh
8  _ _ _ _
7 _ _ _B_ 
6  _ _ _Pk
5 _ p _ _P
4  _P_ _ _
3 _ _ r _ 
2  _ _ _K_
1 _ _ _ _ 

  abcdefgh
8  _ _ _ _
7 _ _ _B_ 
6  _ _ _Pk
5 _ p _ _P
4  _P_ _ _
3 _ _r_ _ 
2  _ _ _K_
1 _ _ _ _ 

  abcdefgh
8  _ _ _ _
7 _ _ _ _ 
6  _ _B_Pk
5 _ p _ _P
4  _P_ _ _
3 _ _r_ _ 
2  _ _ _K_
1 _ _ _ _ 

  abcdefgh
8  _ _ _ _
7 _ _ _ _ 
6  _ rB_Pk
5 _ p _ _P
4  _P_ _ _
3 _ _ _ _ 
2  _ _ _K_
1 _ _ _ _ 

  abcdefgh
8  _ _ _ _
7 _ _ _B_ 
6  _ r _Pk
5 _ p _ _P
4  _P_ _ _
3 _ _ _ _ 
2  _ _ _K_
1 _ _ _ _ 

  abcdefgh
8  _ _ _ _
7 _ _ _B_ 
6  _ _ rPk
5 _ p _ _P
4  _P_ _ _
3 _ _ _ _ 
2  _ _ _K_
1 _ _ _ _ 

  abcdefgh
8  _ _ _ _
7 _ _ _B_ 
6  _ _ rPk
5 _ p _ _P
4  _P_ _ _
3 _ _ _ K 
2  _ _ _ _
1 _ _ _ _ 

  abcdefgh
8  _ _ _ _
7 _ _ _B_ 
6  _ _ _Pk
5 _ p _r_P
4  _P_ _ _
3 _ _ _ K 
2  _ _ _ _
1 _ _ _ _ 

  abcdefgh
8  _ _ _ _
7 _ _ _B_ 
6  _ _ _Pk
5 _ p _r_P
4  _P_ _ _
3 _ _ _ _K
2  _ _ _ _
1 _ _ _ _ 

  abcdefgh
8  _ _ _ _
7 _ _ _B_ 
6  _ _ _Pk
5 _ p _ _r
4  _P_ _ _
3 _ _ _ _K
2  _ _ _ _
1 _ _ _ _ 

  abcdefgh
8  _ _ _ _
7 _ _ _B_ 
6  _ _ _Pk
5 _ p _ _r
4  _P_ _K_
3 _ _ _ _ 
2  _ _ _ _
1 _ _ _ _ 

  abcdefgh
8  _ _ _ _
7 _ _ _B_ 
6  _ _ _Pk
5 _ p r _ 
4  _P_ _K_
3 _ _ _ _ 
2  _ _ _ _
1 _ _ _ _ 

  abcdefgh
8  _ _ _ _
7 _ _ _B_ 
6  _ _ _Pk
5 _ p r _ 
4  _P_ K _
3 _ _ _ _ 
2  _ _ _ _
1 _ _ _ _ 

  abcdefgh
8  _ _ _ _
7 _ _ _B_ 
6  _ _ _Pk
5 _ p _ r 
4  _P_ K _
3 _ _ _ _ 
2  _ _ _ _
1 _ _ _ _ 

  abcdefgh
8  _ _B_ _
7 _ _ _ _ 
6  _ _ _Pk
5 _ p _ r 
4  _P_ K _
3 _ _ _ _ 
2  _ _ _ _
1 _ _ _ _ 

  abcdefgh
8  _ _B_ _
7 _ _ _ _ 
6  _ _ _Pk
5 _ p _ _r
4  _P_ K _
3 _ _ _ _ 
2  _ _ _ _
1 _ _ _ _ 

  abcdefgh
8  _ _B_ _
7 _ _ _ _ 
6  _ _ _Pk
5 _ p _ _r
4  _P_K_ _
3 _ _ _ _ 
2  _ _ _ _
1 _ _ _ _ 

  abcdefgh
8  _ _B_ _
7 _ _ _ k 
6  _ _ _P_
5 _ p _ _r
4  _P_K_ _
3 _ _ _ _ 
2  _ _ _ _
1 _ _ _ _ 

  abcdefgh
8  _ _ _ _
7 _ _ _Bk 
6  _ _ _P_
5 _ p _ _r
4  _P_K_ _
3 _ _ _ _ 
2  _ _ _ _
1 _ _ _ _ 

  abcdefgh
8  _ _ _ _
7 _ _ _B_ 
6  _ _ kP_
5 _ p _ _r
4  _P_K_ _
3 _ _ _ _ 
2  _ _ _ _
1 _ _ _ _ 

  abcdefgh
8  _ _ _ _
7 _ _ _B_ 
6  _ _ kP_
5 _ p _ _r
4  _P_ _ _
3 _ _K_ _ 
2  _ _ _ _
1 _ _ _ _ 

  abcdefgh
8  _ _ _ _
7 _ _ _B_ 
6  _ _ kP_
5 _ p _ _ 
4  _P_ _ r
3 _ _K_ _ 
2  _ _ _ _
1 _ _ _ _ 

  abcdefgh
8  _ _ _ _
7 _ _ _B_ 
6  _ _ kP_
5 _ p _ _ 
4  _P_ _ r
3 _ K _ _ 
2  _ _ _ _
1 _ _ _ _ 

  abcdefgh
8  _ _ _ _
7 _ _ _B_ 
6  _ _ kP_
5 _ p _ _ 
4  _P_ _ _
3 _ K _ _r
2  _ _ _ _
1 _ _ _ _ 

  abcdefgh
8  _ _ _ _
7 _ _ _B_ 
6  _ _ kP_
5 _ p _ _ 
4  _P_ _ _
3 _ _ _ _r
2  _K_ _ _
1 _ _ _ _ 

  abcdefgh
8  _ _ _ _
7 _ _ _B_ 
6  _ _ kP_
5 _ p _ _ 
4  _P_ _ _
3 _ _ _r_ 
2  _K_ _ _
1 _ _ _ _ 

  abcdefgh
8  _ _ _ _
7 _ _ _B_ 
6  _ _ kP_
5 _ p _ _ 
4  _P_ _ _
3 _ _ _r_ 
2  _ K _ _
1 _ _ _ _ 

  abcdefgh
8  _ _ _ _
7 _ _ _B_ 
6  _ _ kP_
5 _ p _ _ 
4  _P_ _ _
3 _ _ _ r 
2  _ K _ _
1 _ _ _ _ 

  abcdefgh
8  _ _ _ _
7 _ _ _B_ 
6  _ _ kP_
5 _ p _ _ 
4  _P_ _ _
3 _ _ _ r 
2  _K_ _ _
1 _ _ _ _ 

  abcdefgh
8  _ _ _ _
7 _ _ _B_ 
6  _ _ _P_
5 _ p k _ 
4  _P_ _ _
3 _ _ _ r 
2  _K_ _ _
1 _ _ _ _ 

  abcdefgh
8  _ _ _ _
7 _ _ _B_ 
6  _ _ _P_
5 _ p k _ 
4  _P_ _ _
3 _ _ _ r 
2  _ K _ _
1 _ _ _ _ 

  abcdefgh
8  _ _ _ _
7 _ _ _B_ 
6  _ _ _P_
5 _ p _ _ 
4  _Pk _ _
3 _ _ _ r 
2  _ K _ _
1 _ _ _ _ 

  abcdefgh
8  _ _ _ _
7 _ _ _B_ 
6  _ _ _P_
5 _ p _ _ 
4  _Pk _ _
3 _ _ _ r 
2  _K_ _ _
1 _ _ _ _ 

  abcdefgh
8  _ _ _ _
7 _ _ _B_ 
6  _ _ _r_
5 _ p _ _ 
4  _Pk _ _
3 _ _ _ _ 
2  _K_ _ _
1 _ _ _ _ 

  abcdefgh
8  _ _ _ _
7 _ _ _ _ 
6  _ _ _B_
5 _ p _ _ 
4  _Pk _ _
3 _ _ _ _ 
2  _K_ _ _
1 _ _ _ _ 

  abcdefgh
8  _ _ _ _
7 _ _ _ _ 
6  _ _ _B_
5 _ p _ _ 
4  _k_ _ _
3 _ _ _ _ 
2  _K_ _ _
1 _ _ _ _ 

  abcdefgh
8  _ _ _ _
7 _ _ _ _ 
6  _ _ _ _
5 _ p _ _ 
4  _k_ _ _
3 _ _B_ _ 
2  _K_ _ _
1 _ _ _ _ 

  abcdefgh
8  _ _ _ _
7 _ _ _ _ 
6  _ _ _ _
5 _ p _ _ 
4  _ k _ _
3 _ _B_ _ 
2  _K_ _ _
1 _ _ _ _ 

  abcdefgh
8  _ _ _ _
7 _ _ _ _ 
6  _ _ _ _
5 _ p _ _ 
4  _ k _ _
3 _ _B_ _ 
2  _ K _ _
1 _ _ _ _ 

  abcdefgh
8  _ _ _ _
7 _ _ _ _ 
6  _ _ _ _
5 _ p k _ 
4  _ _ _ _
3 _ _B_ _ 
2  _ K _ _
1 _ _ _ _ 

  abcdefgh
8  _ _ _ _
7 _ _ _ _ 
6  _ _ _ _
5 _ p k _ 
4  _ _ _ _
3 _ KB_ _ 
2  _ _ _ _
1 _ _ _ _ 

  abcdefgh
8  _ _ _ _
7 _ _ _ _ 
6  _ _ _ _
5 _ p _ _ 
4  _ _ k _
3 _ KB_ _ 
2  _ _ _ _
1 _ _ _ _ 

  abcdefgh
8  _ _ _ _
7 _ _ _ _ 
6  _ _ _ _
5 _ p _ _ 
4  _ _Bk _
3 _ K _ _ 
2  _ _ _ _
1 _ _ _ _ 

  abcdefgh
8  _ _ _ _
7 _ _ _ _ 
6  _ _ _ _
5 _ _ _ _ 
4  _p_Bk _
3 _ K _ _ 
2  _ _ _ _
1 _ _ _ _ 

  abcdefgh
8  _ _ _ _
7 _ _ _ _ 
6  _ _ _ _
5 _ _ _ _ 
4  _p_ k _
3 _ K _ _ 
2  _ _ _B_
1 _ _ _ _ 

  abcdefgh
8  _ _ _ _
7 _ _ _ _ 
6  _ _ _ _
5 _ _ _ _ 
4  _p_ _k_
3 _ K _ _ 
2  _ _ _B_
1 _ _ _ _ 

  abcdefgh
8  _ _ _ _
7 _ _ _ _ 
6  _ _ _ _
5 _ _ _ _ 
4  _p_ _k_
3 _ K _B_ 
2  _ _ _ _
1 _ _ _ _ 

  abcdefgh
8  _ _ _ _
7 _ _ _ _ 
6  _ _ _ _
5 _ _ _ k 
4  _p_ _ _
3 _ K _B_ 
2  _ _ _ _
1 _ _ _ _ 

  abcdefgh
8  _ _ _ _
7 _ _ _ _ 
6  _ _ _ _
5 _ _B_ k 
4  _p_ _ _
3 _ K _ _ 
2  _ _ _ _
1 _ _ _ _ 

  abcdefgh
8  _ _ _ _
7 _ _ _ _ 
6  _ _ _ _
5 _ _B_k_ 
4  _p_ _ _
3 _ K _ _ 
2  _ _ _ _
1 _ _ _ _ 

  abcdefgh
8  _ _ _ _
7 _ _ _ _ 
6  _ _ _ _
5 _ _ _k_ 
4  _p_ _ _
3 _ K _ _ 
2  _ _ _ _
1 _ _ _ _B

  abcdefgh
8  _ _ _ _
7 _ _ _ _ 
6  _ _ _k_
5 _ _ _ _ 
4  _p_ _ _
3 _ K _ _ 
2  _ _ _ _
1 _ _ _ _B

  abcdefgh
8  _ _ _ _
7 _ _ _ _ 
6  _ _ _k_
5 _ _ _ _ 
4  _p_B_ _
3 _ K _ _ 
2  _ _ _ _
1 _ _ _ _ 

  abcdefgh
8  _ _ _ _
7 _ _ _ _ 
6  _ _ k _
5 _ _ _ _ 
4  _p_B_ _
3 _ K _ _ 
2  _ _ _ _
1 _ _ _ _ 

  abcdefgh
8  _ _ _ _
7 _ _ _ _ 
6  _ _ k _
5 _ _B_ _ 
4  _p_ _ _
3 _ K _ _ 
2  _ _ _ _
1 _ _ _ _ 

  abcdefgh
8  _ _ _ _
7 _ _ _ _ 
6  _ _ _ _
5 _ _Bk _ 
4  _p_ _ _
3 _ K _ _ 
2  _ _ _ _
1 _ _ _ _ 

  abcdefgh
8  _ _ _ _
7 _ _ _ _ 
6  _ _ _ _
5 _ _ k _ 
4  _p_B_ _
3 _ K _ _ 
2  _ _ _ _
1 _ _ _ _ 

  abcdefgh
8  _ _ _ _
7 _ _ _ _ 
6  _ _k_ _
5 _ _ _ _ 
4  _p_B_ _
3 _ K _ _ 
2  _ _ _ _
1 _ _ _ _ 

  abcdefgh
8 B_ _ _ _
7 _ _ _ _ 
6  _ _k_ _
5 _ _ _ _ 
4  _p_ _ _
3 _ K _ _ 
2  _ _ _ _
1 _ _ _ _ 

  abcdefgh
8 B_ _ _ _
7 _ _ k _ 
6  _ _ _ _
5 _ _ _ _ 
4  _p_ _ _
3 _ K _ _ 
2  _ _ _ _
1 _ _ _ _ 

  abcdefgh
8  _ _ _ _
7 _ _ k _ 
6  _ _ _ _
5 _ _ _ _ 
4  _p_ _ _
3 _ K _B_ 
2  _ _ _ _
1 _ _ _ _ 

  abcdefgh
8  _ _ _ _
7 _ _ _ _ 
6  _ k _ _
5 _ _ _ _ 
4  _p_ _ _
3 _ K _B_ 
2  _ _ _ _
1 _ _ _ _ 

  abcdefgh
8  _ _ _ _
7 _ _ _ _ 
6  _ k _ _
5 _ _ _ _ 
4  _p_B_ _
3 _ K _ _ 
2  _ _ _ _
1 _ _ _ _ 

  abcdefgh
8  _ _ _ _
7 _ _ _ _ 
6  _ _ _ _
5 _ k _ _ 
4  _p_B_ _
3 _ K _ _ 
2  _ _ _ _
1 _ _ _ _ 

  abcdefgh
8 B_ _ _ _
7 _ _ _ _ 
6  _ _ _ _
5 _ k _ _ 
4  _p_ _ _
3 _ K _ _ 
2  _ _ _ _
1 _ _ _ _ 

  abcdefgh
8 B_ _ _ _
7 _ _ _ _ 
6  _ k _ _
5 _ _ _ _ 
4  _p_ _ _
3 _ K _ _ 
2  _ _ _ _
1 _ _ _ _ 

  abcdefgh
8  _ _ _ _
7 _ _ _ _ 
6  _Bk _ _
5 _ _ _ _ 
4  _p_ _ _
3 _ K _ _ 
2  _ _ _ _
1 _ _ _ _ 

  abcdefgh
8  _ _ _ _
7 _ _ _ _ 
6  _B_ _ _
5 _ _ k _ 
4  _p_ _ _
3 _ K _ _ 
2  _ _ _ _
1 _ _ _ _ 

  abcdefgh
8  _ _ _ _
7 _ _ _ _ 
6  _ _ _ _
5 _ _ k _ 
4  _p_B_ _
3 _ K _ _ 
2  _ _ _ _
1 _ _ _ _ 

  abcdefgh
8  _ _ _ _
7 _ _ _ _ 
6  _ _ k _
5 _ _ _ _ 
4  _p_B_ _
3 _ K _ _ 
2  _ _ _ _
1 _ _ _ _ 

  abcdefgh
8  _ _ _ _
7 _ _ _ _ 
6  _B_ k _
5 _ _ _ _ 
4  _p_ _ _
3 _ K _ _ 
2  _ _ _ _
1 _ _ _ _ 

  abcdefgh
8  _ _ _ _
7 _ _ _ _ 
6  _B_ _ _
5 _ _ _ k 
4  _p_ _ _
3 _ K _ _ 
2  _ _ _ _
1 _ _ _ _ 

  abcdefgh
8  _ _ _ _
7 _ _ _ _ 
6  _ _ _ _
5 _ _ _ k 
4  _p_ _ _
3 _ K _ _ 
2  _ _ _B_
1 _ _ _ _ 

  abcdefgh
8  _ _ _ _
7 _ _ _ _ 
6  _ _ k _
5 _ _ _ _ 
4  _p_ _ _
3 _ K _ _ 
2  _ _ _B_
1 _ _ _ _ 

  abcdefgh
8  _ _ _ _
7 _ _ _ _ 
6  _ _ k _
5 _ _ _ _ 
4  _p_B_ _
3 _ K _ _ 
2  _ _ _ _
1 _ _ _ _ 

  abcdefgh
8  _ _ _ _
7 _ _ _ _ 
6  _ _ _ _
5 _ _ k _ 
4  _p_B_ _
3 _ K _ _ 
2  _ _ _ _
1 _ _ _ _ 

  abcdefgh
8  _ _ _ _
7 _ _ _ _ 
6  _ _ _ _
5 _ _ k _ 
4  _p_ _ _
3 _ K _ _ 
2  _ _ _B_
1 _ _ _ _ 

  abcdefgh
8  _ _ _ _
7 _ _ _ _ 
6  _ _k_ _
5 _ _ _ _ 
4  _p_ _ _
3 _ K _ _ 
2  _ _ _B_
1 _ _ _ _ 

  abcdefgh
8  _ _ _ _
7 _ _ _ _ 
6  _ _k_ _
5 _ _ _ _ 
4  _p_B_ _
3 _ K _ _ 
2  _ _ _ _
1 _ _ _ _ 

  abcdefgh
8  _ _ _ _
7 _ _ k _ 
6  _ _ _ _
5 _ _ _ _ 
4  _p_B_ _
3 _ K _ _ 
2  _ _ _ _
1 _ _ _ _ 

  abcdefgh
8 B_ _ _ _
7 _ _ k _ 
6  _ _ _ _
5 _ _ _ _ 
4  _p_ _ _
3 _ K _ _ 
2  _ _ _ _
1 _ _ _ _ 

  abcdefgh
8 B_ _ _ _
7 _ _ _ _ 
6  _ _ k _
5 _ _ _ _ 
4  _p_ _ _
3 _ K _ _ 
2  _ _ _ _
1 _ _ _ _ 

  abcdefgh
8  _ _ _ _
7 _ _ _ _ 
6  _ _ k _
5 _ _B_ _ 
4  _p_ _ _
3 _ K _ _ 
2  _ _ _ _
1 _ _ _ _ 

  abcdefgh
8  _ _ _ _
7 _ _ _ _ 
6  _ _ _k_
5 _ _B_ _ 
4  _p_ _ _
3 _ K _ _ 
2  _ _ _ _
1 _ _ _ _ 

  abcdefgh
8 B_ _ _ _
7 _ _ _ _ 
6  _ _ _k_
5 _ _ _ _ 
4  _p_ _ _
3 _ K _ _ 
2  _ _ _ _
1 _ _ _ _ 

  abcdefgh
8 B_ _ _ _
7 _ _ _ _ 
6  _ _ _ _
5 _ _ _k_ 
4  _p_ _ _
3 _ K _ _ 
2  _ _ _ _
1 _ _ _ _ 

  abcdefgh
8  _ _ _ _
7 _ _ _ _ 
6  _ _ _ _
5 _ _B_k_ 
4  _p_ _ _
3 _ K _ _ 
2  _ _ _ _
1 _ _ _ _ 

  abcdefgh
8  _ _ _ _
7 _ _ _ _ 
6  _ _ _k_
5 _ _B_ _ 
4  _p_ _ _
3 _ K _ _ 
2  _ _ _ _
1 _ _ _ _ 

  abcdefgh
8  _ _ _ _
7 _ _ _ _ 
6  _ _ _k_
5 _ _ _ _ 
4  _p_ _ _
3 _ K _B_ 
2  _ _ _ _
1 _ _ _ _ 

  abcdefgh
8  _ _ _ _
7 _ _ _ k 
6  _ _ _ _
5 _ _ _ _ 
4  _p_ _ _
3 _ K _B_ 
2  _ _ _ _
1 _ _ _ _ 

  abcdefgh
8  _ _ _ _
7 _ _ _ k 
6  _B_ _ _
5 _ _ _ _ 
4  _p_ _ _
3 _ K _ _ 
2  _ _ _ _
1 _ _ _ _ 

  abcdefgh
8  _ _ _ _
7 _ _ _k_ 
6  _B_ _ _
5 _ _ _ _ 
4  _p_ _ _
3 _ K _ _ 
2  _ _ _ _
1 _ _ _ _ 

  abcdefgh
8  _ _ _ _
7 _ _ _k_ 
6  _ _ _ _
5 _ _ _ _ 
4  _p_B_ _
3 _ K _ _ 
2  _ _ _ _
1 _ _ _ _ 

  abcdefgh
8  _ _ _ _
7 _ _ _ _ 
6  _ _k_ _
5 _ _ _ _ 
4  _p_B_ _
3 _ K _ _ 
2  _ _ _ _
1 _ _ _ _ 

  abcdefgh
8  _ _ _ _
7 _ _ _ _ 
6  _ _k_ _
5 _ _ _ _ 
4  _p_ _ _
3 _ K _B_ 
2  _ _ _ _
1 _ _ _ _ 

  abcdefgh
8  _ _ _ _
7 _ _k_ _ 
6  _ _ _ _
5 _ _ _ _ 
4  _p_ _ _
3 _ K _B_ 
2  _ _ _ _
1 _ _ _ _ 

  abcdefgh
8 B_ _ _ _
7 _ _k_ _ 
6  _ _ _ _
5 _ _ _ _ 
4  _p_ _ _
3 _ K _ _ 
2  _ _ _ _
1 _ _ _ _ 

  abcdefgh
8 B_k_ _ _
7 _ _ _ _ 
6  _ _ _ _
5 _ _ _ _ 
4  _p_ _ _
3 _ K _ _ 
2  _ _ _ _
1 _ _ _ _ 

  abcdefgh
8  _k_ _ _
7 _ _ _ _ 
6  _ _ _ _
5 _ _ _ _ 
4  _p_ _ _
3 _ K _B_ 
2  _ _ _ _
1 _ _ _ _ 

  abcdefgh
8  _ k _ _
7 _ _ _ _ 
6  _ _ _ _
5 _ _ _ _ 
4  _p_ _ _
3 _ K _B_ 
2  _ _ _ _
1 _ _ _ _ 

  abcdefgh
8  _ k _ _
7 _ _ _ _ 
6  _B_ _ _
5 _ _ _ _ 
4  _p_ _ _
3 _ K _ _ 
2  _ _ _ _
1 _ _ _ _ 

  abcdefgh
8  _ _ _ _
7 _ k _ _ 
6  _B_ _ _
5 _ _ _ _ 
4  _p_ _ _
3 _ K _ _ 
2  _ _ _ _
1 _ _ _ _ 

  abcdefgh
8  _ _ _ _
7 _ k _ _ 
6  _ _ _ _
5 _ _ _ _ 
4  _p_B_ _
3 _ K _ _ 
2  _ _ _ _
1 _ _ _ _ 

  abcdefgh
8  _ _ _ _
7 _ _ _ _ 
6  k _ _ _
5 _ _ _ _ 
4  _p_B_ _
3 _ K _ _ 
2  _ _ _ _
1 _ _ _ _ 

  abcdefgh
8 B_ _ _ _
7 _ _ _ _ 
6  k _ _ _
5 _ _ _ _ 
4  _p_ _ _
3 _ K _ _ 
2  _ _ _ _
1 _ _ _ _ 

  abcdefgh
8 B_ _ _ _
7 k _ _ _ 
6  _ _ _ _
5 _ _ _ _ 
4  _p_ _ _
3 _ K _ _ 
2  _ _ _ _
1 _ _ _ _ 

  abcdefgh
8  _ _ _ _
7 k _ _ _ 
6  _ _ _ _
5 _ _ _ _ 
4  _p_ _ _
3 _ K _ _ 
2  _ _ _ _
1 _ _ _ _B

  abcdefgh
8  _ _ _ _
7 _ _ _ _ 
6 k_ _ _ _
5 _ _ _ _ 
4  _p_ _ _
3 _ K _ _ 
2  _ _ _ _
1 _ _ _ _B

  abcdefgh
8  _ _ _ _
7 _ _ _ _ 
6 k_B_ _ _
5 _ _ _ _ 
4  _p_ _ _
3 _ K _ _ 
2  _ _ _ _
1 _ _ _ _ 

  abcdefgh
8  _ _ _ _
7 _ _ _ _ 
6  kB_ _ _
5 _ _ _ _ 
4  _p_ _ _
3 _ K _ _ 
2  _ _ _ _
1 _ _ _ _ 

  abcdefgh
8  _ _ _ _
7 _ _ _ _ 
6  kB_ _ _
5 _ _ _ _ 
4  _K_ _ _
3 _ _ _ _ 
2  _ _ _ _
1 _ _ _ _ 

  abcdefgh
CTRL-D detected
