8  _ _ _ _
7 _ _ _ _ 
6  _ _ _ _
5 _ _ _ _ 
4  _ _ _ _
3 _ _ _ _ 
2  _ _ _ _
1 B _ _ _ 

  abcdefgh
8  _ _ _ _
7 _k_ _ _ 
6  _ _ _ _
5 _ _ _ _ 
4  _ _ _ _
3 _ _ _ _ 
2  _ _ _ _
1 B _ _ _ 

  abcdefgh
8  _ _ _ _
7 _k_ _ _ 
6  _ _ _ _
5 _ _ _ _ 
4  _ B _ _
3 _ _ _ _ 
2  _ _ _ _
1 _ _ _ _ 

  abcdefgh
8 k_ _ _ _
7 _ _ _ _ 
6  _ _ _ _
5 _ _ _ _ 
4  _ B _ _
3 _ _ _ _ 
2  _ _ _ _
1 _ _ _ _ 

  abcdefgh
8 k_ _ _ _
7 _ _ _ _ 
6  _ _ _ _
5 _ _ _ _ 
4  _ _ _ _
3 _ _ _ _ 
2  _ _ _ _
1 _ _ _ B 

  abcdefgh
CTRL-D detected
