8 rnbqkbnr
7 pppppppp
6  _ _ _ _
5 _ _ _ _ 
4  _ _P_ _
3 _ _ _ _ 
2 PPPP PPP
1 RNBQKBNR

  abcdefgh
8 rnbqkb r
7 pppppppp
6  _ _ n _
5 _ _ _ _ 
4  _ _P_ _
3 _ _ _ _ 
2 PPPP PPP
1 RNBQKBNR

  abcdefgh
8 rnbqkb r
7 pppppppp
6  _ _ n _
5 _ _ P _ 
4  _ _ _ _
3 _ _ _ _ 
2 PPPP PPP
1 RNBQKBNR

  abcdefgh
8 rnbqkb r
7 ppp pppp
6  _ _ n _
5 _ _pP _ 
4  _ _ _ _
3 _ _ _ _ 
2 PPPP PPP
1 RNBQKBNR

  abcdefgh
was here
8 rnbqkb r
7 ppp pppp
6  _ P n _
5 _ _ _ _ 
4  _ _ _ _
3 _ _ _ _ 
2 PPPP PPP
1 RNBQKBNR

  abcdefgh
CTRL-D detected
