8 rnbqkbnr
7 pppppppp
6  _ _ _ _
5 _ _ _ _ 
4  _ _P_ _
3 _ _ _ _ 
2 PPPP PPP
1 RNBQKBNR

  abcdefgh
8 rnbqkbnr
7 pp_ppppp
6  _ _ _ _
5 _ p _ _ 
4  _ _P_ _
3 _ _ _ _ 
2 PPPP PPP
1 RNBQKBNR

  abcdefgh
8 rnbqkbnr
7 pp_ppppp
6  _ _ _ _
5 _ p _ _ 
4  _ _P_ _
3 _ _ _N_ 
2 PPPP PPP
1 RNBQKB_R

  abcdefgh
8 r_bqkbnr
7 pp_ppppp
6  _n_ _ _
5 _ p _ _ 
4  _ _P_ _
3 _ _ _N_ 
2 PPPP PPP
1 RNBQKB_R

  abcdefgh
8 r_bqkbnr
7 pp_ppppp
6  _n_ _ _
5 _ p _ _ 
4  _ PP_ _
3 _ _ _N_ 
2 PPP_ PPP
1 RNBQKB_R

  abcdefgh
8 r_bqkbnr
7 pp_ppppp
6  _n_ _ _
5 _ _ _ _ 
4  _ pP_ _
3 _ _ _N_ 
2 PPP_ PPP
1 RNBQKB_R

  abcdefgh
8 r_bqkbnr
7 pp_ppppp
6  _n_ _ _
5 _ _ _ _ 
4  _ NP_ _
3 _ _ _ _ 
2 PPP_ PPP
1 RNBQKB_R

  abcdefgh
CTRL-D detected
