8  _ _ _ _
7 _ _ _ _ 
6  _ _ _ _
5 _ _ _ _ 
4  _ _Q_ _
3 _ _ _ _ 
2  _ _ _ _
1 _ _ _ _ 

  abcdefgh
8  _ _ _ _
7 _ k _ _ 
6  _ _ _ _
5 _ _ _ _ 
4  _ _Q_ _
3 _ _ _ _ 
2  _ _ _ _
1 _ _ _ _ 

  abcdefgh
8  _ _ _ _
7 _ k _ _ 
6  _ _ _ _
5 _ _ _ _ 
4  _ _ _ _
3 _ _ _ _ 
2  _ _ _ _
1 _ _ _ _Q

  abcdefgh
8  k _ _ _
7 _ _ _ _ 
6  _ _ _ _
5 _ _ _ _ 
4  _ _ _ _
3 _ _ _ _ 
2  _ _ _ _
1 _ _ _ _Q

  abcdefgh
CTRL-D detected
