8 rnbqkbnr
7 pppppppp
6  _ _ _ _
5 _ _ _ _ 
4  _ _ _ _
3 _ _ _N_ 
2 PPPPPPPP
1 RNBQKB_R

  abcdefgh
8 rnbqkbnr
7 ppp pppp
6  _ p _ _
5 _ _ _ _ 
4  _ _ _ _
3 _ _ _N_ 
2 PPPPPPPP
1 RNBQKB_R

  abcdefgh
8 rnbqkbnr
7 ppp pppp
6  _ p _ _
5 _ _ _ _ 
4  _P_ _ _
3 _ _ _N_ 
2 PP PPPPP
1 RNBQKB_R

  abcdefgh
8 rn qkbnr
7 ppp pppp
6  _ p _ _
5 _ _ _ _ 
4  _P_ _b_
3 _ _ _N_ 
2 PP PPPPP
1 RNBQKB_R

  abcdefgh
8 rn qkbnr
7 ppp pppp
6  _ p _ _
5 _ _ _ _ 
4  _P_P_b_
3 _ _ _N_ 
2 PP P PPP
1 RNBQKB_R

  abcdefgh
8 rn qkbnr
7 pp_ pppp
6  _ p _ _
5 _ p _ _ 
4  _P_P_b_
3 _ _ _N_ 
2 PP P PPP
1 RNBQKB_R

  abcdefgh
8 rn qkbnr
7 pp_ pppp
6  _ p _ _
5 _ p _ _ 
4  _P_P_b_
3 _ _ _N_ 
2 PP PBPPP
1 RNBQK _R

  abcdefgh
8 r_ qkbnr
7 pp_ pppp
6  _np _ _
5 _ p _ _ 
4  _P_P_b_
3 _ _ _N_ 
2 PP PBPPP
1 RNBQK _R

  abcdefgh
8 r_ qkbnr
7 pp_ pppp
6  _np _ _
5 _ p _ _ 
4  _P_P_b_
3 _ N _N_ 
2 PP PBPPP
1 R BQK _R

  abcdefgh
8 r_ qkbnr
7 pp_ pp_p
6  _np _p_
5 _ p _ _ 
4  _P_P_b_
3 _ N _N_ 
2 PP PBPPP
1 R BQK _R

  abcdefgh
8 r_ qkbnr
7 pp_ pp_p
6  _np _p_
5 _ p _ _ 
4  _P_P_b_
3 _ N _ _ 
2 PP PBPPP
1 R BQK NR

  abcdefgh
8 r_bqkbnr
7 pp_ pp_p
6  _np _p_
5 _ p _ _ 
4  _P_P_ _
3 _ N _ _ 
2 PP PBPPP
1 R BQK NR

  abcdefgh
8 r_bqkbnr
7 pp_ pp_p
6  _np _p_
5 _ p _ _ 
4  _P_P_ _
3 _ NP_ _ 
2 PP _BPPP
1 R BQK NR

  abcdefgh
8 r_bqk_nr
7 pp_ ppbp
6  _np _p_
5 _ p _ _ 
4  _P_P_ _
3 _ NP_ _ 
2 PP _BPPP
1 R BQK NR

  abcdefgh
8 r_bqk_nr
7 pp_ ppbp
6  _np _p_
5 _ p _ _ 
4  _P_P_ _
3 _ NP_ _P
2 PP _BPP_
1 R BQK NR

  abcdefgh
8 r_bqk_ r
7 pp_ ppbp
6  _np np_
5 _ p _ _ 
4  _P_P_ _
3 _ NP_ _P
2 PP _BPP_
1 R BQK NR

  abcdefgh
8 r_bqk_ r
7 pp_ ppbp
6  _np np_
5 _ p _ _ 
4  _P_P_ _
3 _ NPB _P
2 PP _BPP_
1 R _QK NR

  abcdefgh
was here
was here after all these checks
was here after all these checks
8 r_bq rk_
7 pp_ ppbp
6  _np np_
5 _ p _ _ 
4  _P_P_ _
3 _ NPB _P
2 PP _BPP_
1 R _QK NR

  abcdefgh
8 r_bq rk_
7 pp_ ppbp
6  _np np_
5 _ p _ _ 
4  _P_P_ _
3 _ NPB _P
2 PP QBPP_
1 R _ K NR

  abcdefgh
8 r_bq rk_
7 pp_ ppbp
6  _ p np_
5 _ p _ _ 
4  _PnP_ _
3 _ NPB _P
2 PP QBPP_
1 R _ K NR

  abcdefgh
8 r_bq rk_
7 pp_ ppbp
6  _ p np_
5 _ p _ _ 
4  _PnP_ _
3 _ NPB _P
2 PP Q PP_
1 R _BK NR

  abcdefgh
8 r_bq rk_
7 pp_nppbp
6  _ p _p_
5 _ p _ _ 
4  _PnP_ _
3 _ NPB _P
2 PP Q PP_
1 R _BK NR

  abcdefgh
8 r_bq rk_
7 pp_nppbp
6  _ p _p_
5 _ p _ _ 
4  _PnP_ _
3 _ NPBN_P
2 PP Q PP_
1 R _BK _R

  abcdefgh
8 r_bq rk_
7 p _nppbp
6  p p _p_
5 _ p _ _ 
4  _PnP_ _
3 _ NPBN_P
2 PP Q PP_
1 R _BK _R

  abcdefgh
8 r_bq rk_
7 p _nppbp
6  p p _p_
5 _ p _ _ 
4  _PnP_ P
3 _ NPBN_ 
2 PP Q PP_
1 R _BK _R

  abcdefgh
8 r_bq rk_
7 p _nppb 
6  p p _p_
5 _ p _ _p
4  _PnP_ P
3 _ NPBN_ 
2 PP Q PP_
1 R _BK _R

  abcdefgh
8 r_bq rk_
7 p _nppb 
6  p p _p_
5 _ p _ _p
4  _PBP_ P
3 _ NP_N_ 
2 PP Q PP_
1 R _BK _R

  abcdefgh
8 r_bq rk_
7 p _npp_ 
6  p p _p_
5 _ p _ _p
4  _PbP_ P
3 _ NP_N_ 
2 PP Q PP_
1 R _BK _R

  abcdefgh
8 r_bq rk_
7 p _npp_ 
6  p p _p_
5 _ p _ _p
4  _PNP_ P
3 _ NP_ _ 
2 PP Q PP_
1 R _BK _R

  abcdefgh
8 r_bq rk_
7 p _npp_ 
6  p p _p_
5 _ _ _ _p
4  _PpP_ P
3 _ NP_ _ 
2 PP Q PP_
1 R _BK _R

  abcdefgh
8 r_bq rk_
7 p _npp_ 
6  p p _p_
5 _N_ _ _p
4  _PpP_ P
3 _ _P_ _ 
2 PP Q PP_
1 R _BK _R

  abcdefgh
8 r_bq rk_
7 p _n_p_ 
6  p p _p_
5 _N_ p _p
4  _PpP_ P
3 _ _P_ _ 
2 PP Q PP_
1 R _BK _R

  abcdefgh
8 r_bq rk_
7 p _n_p_ 
6  p N _p_
5 _ _ p _p
4  _PpP_ P
3 _ _P_ _ 
2 PP Q PP_
1 R _BK _R

  abcdefgh
8 r_ q rk_
7 p _n_p_ 
6 bp N _p_
5 _ _ p _p
4  _PpP_ P
3 _ _P_ _ 
2 PP Q PP_
1 R _BK _R

  abcdefgh
8 r_ q rk_
7 p _n_p_ 
6 bp N _p_
5 _ _ p _p
4  PPpP_ P
3 _ _P_ _ 
2 P_ Q PP_
1 R _BK _R

  abcdefgh
8 r_ _ rk_
7 p _nqp_ 
6 bp N _p_
5 _ _ p _p
4  PPpP_ P
3 _ _P_ _ 
2 P_ Q PP_
1 R _BK _R

  abcdefgh
8 r_ _ rk_
7 p _nqp_ 
6 bp _ _p_
5 _N_ p _p
4  PPpP_ P
3 _ _P_ _ 
2 P_ Q PP_
1 R _BK _R

  abcdefgh
8 r_ _ rk_
7 p _nqp_ 
6  p _ _p_
5 _b_ p _p
4  PPpP_ P
3 _ _P_ _ 
2 P_ Q PP_
1 R _BK _R

  abcdefgh
8 r_ _ rk_
7 p _nqp_ 
6  p _ _p_
5 _P_ p _p
4  P pP_ P
3 _ _P_ _ 
2 P_ Q PP_
1 R _BK _R

  abcdefgh
8  _r_ rk_
7 p _nqp_ 
6  p _ _p_
5 _P_ p _p
4  P pP_ P
3 _ _P_ _ 
2 P_ Q PP_
1 R _BK _R

  abcdefgh
8  _r_ rk_
7 p _nqp_ 
6  p _ _p_
5 _P_ p _p
4  P pP_PP
3 _ _P_ _ 
2 P_ Q P _
1 R _BK _R

  abcdefgh
8  _r_ rk_
7 p _nqp_ 
6  p _ _p_
5 _P_ p _ 
4  P pP_pP
3 _ _P_ _ 
2 P_ Q P _
1 R _BK _R

  abcdefgh
8  _r_ rk_
7 p _nqp_ 
6  p _ _p_
5 _P_ p _P
4  P pP_p_
3 _ _P_ _ 
2 P_ Q P _
1 R _BK _R

  abcdefgh
8  _r_ r _
7 p _nqpk 
6  p _ _p_
5 _P_ p _P
4  P pP_p_
3 _ _P_ _ 
2 P_ Q P _
1 R _BK _R

  abcdefgh
8  _r_ r _
7 p _nqpk 
6  p _ _p_
5 _P_ p _P
4  P pP_B_
3 _ _P_ _ 
2 P_ Q P _
1 R _ K _R

  abcdefgh
8  _r_ r _
7 p _nq k 
6  p _ _p_
5 _P_ pp_P
4  P pP_B_
3 _ _P_ _ 
2 P_ Q P _
1 R _ K _R

  abcdefgh
8  _r_ r _
7 p _nq k 
6  p _ _P_
5 _P_ pp_ 
4  P pP_B_
3 _ _P_ _ 
2 P_ Q P _
1 R _ K _R

  abcdefgh
8  _r_ _ r
7 p _nq k 
6  p _ _P_
5 _P_ pp_ 
4  P pP_B_
3 _ _P_ _ 
2 P_ Q P _
1 R _ K _R

  abcdefgh
8  _r_ _ R
7 p _nq k 
6  p _ _P_
5 _P_ pp_ 
4  P pP_B_
3 _ _P_ _ 
2 P_ Q P _
1 R _ K _ 

  abcdefgh
8  _ _ _ r
7 p _nq k 
6  p _ _P_
5 _P_ pp_ 
4  P pP_B_
3 _ _P_ _ 
2 P_ Q P _
1 R _ K _ 

  abcdefgh
8  _ _ _ r
7 p _nq k 
6  p _ _P_
5 _P_ pp_ 
4  P pP_ _
3 _ _P_B_ 
2 P_ Q P _
1 R _ K _ 

  abcdefgh
8  _ _ _ _
7 p _nq k 
6  p _ _P_
5 _P_ pp_ 
4  P pP_ _
3 _ _P_B_r
2 P_ Q P _
1 R _ K _ 

  abcdefgh
8  _ _ _ _
7 p _nq k 
6  p _ _P_
5 _P_ pp_ 
4  P pP_ _
3 _ _P_B_r
2 P_ QKP _
1 R _ _ _ 

  abcdefgh
8  _ _ _ _
7 p _nq k 
6  p _ _P_
5 _P_ p _ 
4  P pp_ _
3 _ _P_B_r
2 P_ QKP _
1 R _ _ _ 

  abcdefgh
8  _ _ _ _
7 p _nq k 
6  p _ _P_
5 _P_ p _ 
4  P pB_ _
3 _ _P_ _r
2 P_ QKP _
1 R _ _ _ 

  abcdefgh
8  _ _ _ _
7 p _ q k 
6  p _ nP_
5 _P_ p _ 
4  P pB_ _
3 _ _P_ _r
2 P_ QKP _
1 R _ _ _ 

  abcdefgh
8  _ _ _ _
7 p _ q k 
6  p _ nP_
5 _P_ p _ 
4  P p _ _
3 _ _P_ _r
2 P_ QKPB_
1 R _ _ _ 

  abcdefgh
8  _ _ _ _
7 p _ q k 
6  p _ nP_
5 _P_ p _ 
4  P p _ _
3 _ _P_ _ 
2 P_ QKPBr
1 R _ _ _ 

  abcdefgh
8  _ _ _ _
7 p _ q k 
6  p _ nP_
5 _P_ p _ 
4  P p _ _
3 _ _P_ _ 
2 P_ QKPBr
1 _ _ _ R 

  abcdefgh
8  _ _ _ _
7 p _ q k 
6  p _ _P_
5 _P_ p _ 
4  P p _n_
3 _ _P_ _ 
2 P_ QKPBr
1 _ _ _ R 

  abcdefgh
8  _ _ _ _
7 p _ q k 
6  p _ _P_
5 _P_ p _ 
4  P p _n_
3 _ _P_ _ 
2 P_ _KPBr
1 _ Q _ R 

  abcdefgh
8  _ _ _ _
7 p _ q k 
6  p _ _P_
5 _P_ _ _ 
4  P pp_n_
3 _ _P_ _ 
2 P_ _KPBr
1 _ Q _ R 

  abcdefgh
8  _ _ _ _
7 p _ q k 
6  p _ _P_
5 _P_ _ _ 
4  P pP_n_
3 _ _ _ _ 
2 P_ _KPBr
1 _ Q _ R 

  abcdefgh
8  _ _ _ _
7 p _ q k 
6  p _ _P_
5 _P_ _ _ 
4  P _P_n_
3 _ _p_ _ 
2 P_ _KPBr
1 _ Q _ R 

  abcdefgh
8  _ _ _ _
7 p _ q k 
6  p _ _P_
5 _P_ _ _ 
4  P _P_n_
3 _ _K_ _ 
2 P_ _ PBr
1 _ Q _ R 

  abcdefgh
8  _ _ _ _
7 p _ q k 
6  p _ _P_
5 _P_ _ _ 
4  P _P_ _
3 _ _K_ _ 
2 P_ _ nBr
1 _ Q _ R 

  abcdefgh
8  _ _ _ _
7 p _ q k 
6  p _ _P_
5 _P_ _ _ 
4  P _P_ _
3 _ _ _ _ 
2 P_K_ nBr
1 _ Q _ R 

  abcdefgh
8  _ _ _ _
7 p _ _ k 
6  p _ _P_
5 _P_ _ _ 
4  q _P_ _
3 _ _ _ _ 
2 P_K_ nBr
1 _ Q _ R 

  abcdefgh
8  _ _ _ _
7 p _ _ k 
6  p _ _P_
5 _P_ _ _ 
4  q _P_ _
3 _ _ _ _ 
2 P_K_ nBr
1 Q _ _ R 

  abcdefgh
8  _ _ _ _
7 p _ _ _ 
6  p _ _k_
5 _P_ _ _ 
4  q _P_ _
3 _ _ _ _ 
2 P_K_ nBr
1 Q _ _ R 

  abcdefgh
8  _ _ _ _
7 p _ _ _ 
6  p _ _k_
5 _P_ _ _ 
4  q _P_ _
3 _ Q _ _ 
2 P_K_ nBr
1 _ _ _ R 

  abcdefgh
8  _ _ _ _
7 p _ _ _ 
6  p _ _k_
5 _P_ _ _ 
4  _ _P_ _
3 _ q _ _ 
2 P_K_ nBr
1 _ _ _ R 

  abcdefgh
8  _ _ _ _
7 p _ _ _ 
6  p _ _k_
5 _P_ _ _ 
4  _ _P_ _
3 _ K _ _ 
2 P_ _ nBr
1 _ _ _ R 

  abcdefgh
8  _ _ _ _
7 p _ _ _ 
6  p _ k _
5 _P_ _ _ 
4  _ _P_ _
3 _ K _ _ 
2 P_ _ nBr
1 _ _ _ R 

  abcdefgh
8  _ _ _ _
7 p _ _ _ 
6  p _ k _
5 _P_ _ _ 
4  _ KP_ _
3 _ _ _ _ 
2 P_ _ nBr
1 _ _ _ R 

  abcdefgh
8  _ _ _ _
7 p _ _ _ 
6  p _ k _
5 _P_ _ _ 
4  _ KP_n_
3 _ _ _ _ 
2 P_ _ _Br
1 _ _ _ R 

  abcdefgh
8  _ _ _ _
7 p _ _ _ 
6  p _ k _
5 _P_ _ _ 
4  _ KP_n_
3 P _ _ _ 
2  _ _ _Br
1 _ _ _ R 

  abcdefgh
8  _ _ _ _
7 p _ _ _ 
6  p _k_ _
5 _P_ _ _ 
4  _ KP_n_
3 P _ _ _ 
2  _ _ _Br
1 _ _ _ R 

  abcdefgh
8  _ _ _ _
7 p _ _ _ 
6  p _k_ _
5 _P_ _ _ 
4  _ KP_n_
3 P _ _ _ 
2  _ _ _ r
1 _ _ _BR 

  abcdefgh
8  _ _ _ _
7 p _ _ _ 
6  p _k_ _
5 _P_ n _ 
4  _ KP_ _
3 P _ _ _ 
2  _ _ _ r
1 _ _ _BR 

  abcdefgh
8  _ _ _ _
7 p _ _ R 
6  p _k_ _
5 _P_ n _ 
4  _ KP_ _
3 P _ _ _ 
2  _ _ _ r
1 _ _ _B_ 

  abcdefgh
8  _ _ _ _
7 p _ _ R 
6  p _k_ _
5 _P_ n _ 
4  _ KP_ _
3 P _ _ _ 
2  _ r _ _
1 _ _ _B_ 

  abcdefgh
8  _ _ _ _
7 p _ _ R 
6  p _k_ _
5 _P_ n _ 
4  _ _P_ _
3 P K _ _ 
2  _ r _ _
1 _ _ _B_ 

  abcdefgh
8  _ _ _ _
7 p _ _ R 
6  p _k_ _
5 _P_ n _ 
4  _ _P_ _
3 P K _ _ 
2  _ _ r _
1 _ _ _B_ 

  abcdefgh
8  _ _ _ _
7 p _ _ R 
6  p _k_ _
5 _P_ n _ 
4  _B_P_ _
3 P K _ _ 
2  _ _ r _
1 _ _ _ _ 

  abcdefgh
8  _ _ _ _
7 p _ _ R 
6  p k _ _
5 _P_ n _ 
4  _B_P_ _
3 P K _ _ 
2  _ _ r _
1 _ _ _ _ 

  abcdefgh
8  _ _ _ _
7 R _ _ _ 
6  p k _ _
5 _P_ n _ 
4  _B_P_ _
3 P K _ _ 
2  _ _ r _
1 _ _ _ _ 

  abcdefgh
8  _ _ _ _
7 R _ _ _ 
6  p k _ _
5 _P_ n _ 
4  _B_Pr _
3 P K _ _ 
2  _ _ _ _
1 _ _ _ _ 

  abcdefgh
8  _ _ _ _
7 R _ _ _ 
6  p k _ _
5 _P_Bn _ 
4  _ _Pr _
3 P K _ _ 
2  _ _ _ _
1 _ _ _ _ 

  abcdefgh
8  _ _ _ _
7 R _ _ _ 
6  p k _ _
5 _P_Bn _ 
4  _ _P_ _
3 P K _r_ 
2  _ _ _ _
1 _ _ _ _ 

  abcdefgh
8  _ _ _ _
7 R _ _ _ 
6  p k _ _
5 _P_Bn _ 
4  _ _P_ _
3 P _ _r_ 
2  _ K _ _
1 _ _ _ _ 

  abcdefgh
8  _ _ _ _
7 R _ _ _ 
6  p _ _ _
5 _PkBn _ 
4  _ _P_ _
3 P _ _r_ 
2  _ K _ _
1 _ _ _ _ 

  abcdefgh
8  _ _ _ _
7 R _ _ _ 
6  p _ _ _
5 _PkBn _ 
4  _ _P_ _
3 P _ _r_ 
2  _ _K_ _
1 _ _ _ _ 

  abcdefgh
8  _ _ _ _
7 R _ _ _ 
6  p _ _ _
5 _P_Bn _ 
4  _ kP_ _
3 P _ _r_ 
2  _ _K_ _
1 _ _ _ _ 

  abcdefgh
8  _ _ _ _
7 _ _ _ _ 
6  p _ _ _
5 _P_Bn _ 
4 R_ kP_ _
3 P _ _r_ 
2  _ _K_ _
1 _ _ _ _ 

  abcdefgh
8  _ _ _ _
7 _ _ _ _ 
6  p _ _ _
5 _PkBn _ 
4 R_ _P_ _
3 P _ _r_ 
2  _ _K_ _
1 _ _ _ _ 

  abcdefgh
8  _ _ _ _
7 R _ _ _ 
6  p _ _ _
5 _PkBn _ 
4  _ _P_ _
3 P _ _r_ 
2  _ _K_ _
1 _ _ _ _ 

  abcdefgh
8  _ _ _ _
7 R _ _ _ 
6  p _ _ _
5 _PkBn _ 
4  _ _P_ _
3 P _ _ r 
2  _ _K_ _
1 _ _ _ _ 

  abcdefgh
8  _ _ _ _
7 R _ _ _ 
6  p _ _ _
5 _PkBn _ 
4 P_ _P_ _
3 _ _ _ r 
2  _ _K_ _
1 _ _ _ _ 

  abcdefgh
8  _ _ _ _
7 R _ _ _ 
6  p _ _ _
5 _PkBn _ 
4 P_ _P_ _
3 r _ _ _ 
2  _ _K_ _
1 _ _ _ _ 

  abcdefgh
8  _ _ _ _
7 _ _ _ _ 
6 Rp _ _ _
5 _PkBn _ 
4 P_ _P_ _
3 r _ _ _ 
2  _ _K_ _
1 _ _ _ _ 

  abcdefgh
8  _ _ _ _
7 _ _ _ _ 
6 Rp _ _ _
5 _PkB_ _ 
4 P_ _P_ _
3 r _n_ _ 
2  _ _K_ _
1 _ _ _ _ 

  abcdefgh
8  _ _ _ _
7 _ _ _B_ 
6 Rp _ _ _
5 _Pk _ _ 
4 P_ _P_ _
3 r _n_ _ 
2  _ _K_ _
1 _ _ _ _ 

  abcdefgh
8  _ _ _ _
7 _ _ _B_ 
6 Rp _ _ _
5 _Pk n _ 
4 P_ _P_ _
3 r _ _ _ 
2  _ _K_ _
1 _ _ _ _ 

  abcdefgh
8  _ _ _B_
7 _ _ _ _ 
6 Rp _ _ _
5 _Pk n _ 
4 P_ _P_ _
3 r _ _ _ 
2  _ _K_ _
1 _ _ _ _ 

  abcdefgh
8  _ _ _B_
7 _ _ _ _ 
6 Rp _ _ _
5 _Pk _ _ 
4 P_ _P_n_
3 r _ _ _ 
2  _ _K_ _
1 _ _ _ _ 

  abcdefgh
8  _ _ _ _
7 _ _ _ _ 
6 Rp _ _ _
5 _PkB_ _ 
4 P_ _P_n_
3 r _ _ _ 
2  _ _K_ _
1 _ _ _ _ 

  abcdefgh
8  _ _ _ _
7 _ _ _ _ 
6 Rp _ _ _
5 _PkBn _ 
4 P_ _P_ _
3 r _ _ _ 
2  _ _K_ _
1 _ _ _ _ 

  abcdefgh
8  _ _ _ _
7 _ _ _ _ 
6 Rp _ _ _
5 _PkBn _ 
4 P_ _P_ _
3 r _ _ _ 
2  _ K _ _
1 _ _ _ _ 

  abcdefgh
8  _ _ _ _
7 _ _ _ _ 
6 Rp _ _ _
5 _PkB_ _ 
4 P_ _P_ _
3 r _n_ _ 
2  _ K _ _
1 _ _ _ _ 

  abcdefgh
8  _ _ _ _
7 R _ _ _ 
6  p _ _ _
5 _PkB_ _ 
4 P_ _P_ _
3 r _n_ _ 
2  _ K _ _
1 _ _ _ _ 

  abcdefgh
8  _ _ _ _
7 R _ _ _ 
6  p _ _ _
5 _PkBn _ 
4 P_ _P_ _
3 r _ _ _ 
2  _ K _ _
1 _ _ _ _ 

  abcdefgh
8  _ _ _ _
7 R _ _ _ 
6  p _ _ _
5 _PkBn _ 
4 P_ _P_ _
3 r _ _ _ 
2  _K_ _ _
1 _ _ _ _ 

  abcdefgh
8  _ _ _ _
7 R _ _ _ 
6  p _ _ _
5 _PkB_ _ 
4 P_ _P_ _
3 r _ _n_ 
2  _K_ _ _
1 _ _ _ _ 

  abcdefgh
8  _ _ _ _
7 _ R _ _ 
6  p _ _ _
5 _PkB_ _ 
4 P_ _P_ _
3 r _ _n_ 
2  _K_ _ _
1 _ _ _ _ 

  abcdefgh
8  _ _ _ _
7 _ R _ _ 
6  p _ _ _
5 _P_B_ _ 
4 Pk _P_ _
3 r _ _n_ 
2  _K_ _ _
1 _ _ _ _ 

  abcdefgh
8  _ _ _ _
7 _ _ _ _ 
6  p _ _ _
5 _P_B_ _ 
4 PkR_P_ _
3 r _ _n_ 
2  _K_ _ _
1 _ _ _ _ 

  abcdefgh
8  _ _ _ _
7 _ _ _ _ 
6  p _ _ _
5 kP_B_ _ 
4 P_R_P_ _
3 r _ _n_ 
2  _K_ _ _
1 _ _ _ _ 

  abcdefgh
8  _ _ _ _
7 _ _ _ _ 
6  p _ _ _
5 kP_B_ _ 
4 P_ _P_ _
3 r R _n_ 
2  _K_ _ _
1 _ _ _ _ 

  abcdefgh
8  _ _ _ _
7 _ _ _ _ 
6  p _ _ _
5 kP_B_ _ 
4 P_ nP_ _
3 r R _ _ 
2  _K_ _ _
1 _ _ _ _ 

  abcdefgh
8  _ _ _ _
7 _ _ _ _ 
6  p _ _ _
5 kP_B_ _ 
4 P_ nP_ _
3 r RK_ _ 
2  _ _ _ _
1 _ _ _ _ 

  abcdefgh
8  _ _ _ _
7 _ _ _ _ 
6  p _ _ _
5 kP_B_ _ 
4 r_ nP_ _
3 _ RK_ _ 
2  _ _ _ _
1 _ _ _ _ 

  abcdefgh
8  _ _ _ _
7 _ _ _ _ 
6  p _ _ _
5 kP_ _ _ 
4 r_ nP_ _
3 _BRK_ _ 
2  _ _ _ _
1 _ _ _ _ 

  abcdefgh
8  _ _ _ _
7 _ _ _ _ 
6  p _ _ _
5 kP_ _ _ 
4  r nP_ _
3 _BRK_ _ 
2  _ _ _ _
1 _ _ _ _ 

  abcdefgh
8  _ _ _ _
7 _ _ _ _ 
6  p _ _ _
5 kP_ _ _ 
4  rBnP_ _
3 _ RK_ _ 
2  _ _ _ _
1 _ _ _ _ 

  abcdefgh
8  _ _ _ _
7 _ _ _ _ 
6  p _ _ _
5 kn_ _ _ 
4  rB_P_ _
3 _ RK_ _ 
2  _ _ _ _
1 _ _ _ _ 

  abcdefgh
8  _ _ _ _
7 _ _ _ _ 
6  p _ _ _
5 kB_ _ _ 
4  r _P_ _
3 _ RK_ _ 
2  _ _ _ _
1 _ _ _ _ 

  abcdefgh
8  _ _ _ _
7 _ _ _ _ 
6  p _ _ _
5 kr_ _ _ 
4  _ _P_ _
3 _ RK_ _ 
2  _ _ _ _
1 _ _ _ _ 

  abcdefgh
8  _ _ _ _
7 _ _ _ _ 
6  p _ _ _
5 kr_ _ _ 
4  _ KP_ _
3 _ R _ _ 
2  _ _ _ _
1 _ _ _ _ 

  abcdefgh
8  _ _ _ _
7 _ _ _ _ 
6  p _ _ _
5 k _ _ _ 
4  _ KP_ _
3 _ R _ _ 
2  _ _ _ _
1 _r_ _ _ 

  abcdefgh
8  _ _ _ _
7 _ _ _ _ 
6  p _ _ _
5 k _ P _ 
4  _ K _ _
3 _ R _ _ 
2  _ _ _ _
1 _r_ _ _ 

  abcdefgh
8  _ _ _ _
7 _ _ _ _ 
6  p _ _ _
5 k _ P _ 
4  _ K _ _
3 _ R _ _ 
2  _ _ _ _
1 _ _ r _ 

  abcdefgh
8  _ _ _ _
7 _ _ _ _ 
6  p _ _ _
5 k _ P _ 
4  _ K _ _
3 _R_ _ _ 
2  _ _ _ _
1 _ _ r _ 

  abcdefgh
8  _ _ _ _
7 _ _ _ _ 
6  _ _ _ _
5 kp_ P _ 
4  _ K _ _
3 _R_ _ _ 
2  _ _ _ _
1 _ _ r _ 

  abcdefgh
8  _ _ _ _
7 _ _ _ _ 
6  _ _ _ _
5 kp_ P _ 
4  _ K _ _
3 _ _ R _ 
2  _ _ _ _
1 _ _ r _ 

  abcdefgh
8  _ _ _ _
7 _ _ _ _ 
6  _ _ _ _
5 kp_ P _ 
4  _ K _ _
3 _ _ r _ 
2  _ _ _ _
1 _ _ _ _ 

  abcdefgh
8  _ _ _ _
7 _ _ _ _ 
6  _ _ _ _
5 kp_ P _ 
4  _ _ _ _
3 _ _ K _ 
2  _ _ _ _
1 _ _ _ _ 

  abcdefgh
8  _ _ _ _
7 _ _ _ _ 
6  k _ _ _
5 _p_ P _ 
4  _ _ _ _
3 _ _ K _ 
2  _ _ _ _
1 _ _ _ _ 

  abcdefgh
8  _ _ _ _
7 _ _ _ _ 
6  k _P_ _
5 _p_ _ _ 
4  _ _ _ _
3 _ _ K _ 
2  _ _ _ _
1 _ _ _ _ 

  abcdefgh
8  _ _ _ _
7 _ k _ _ 
6  _ _P_ _
5 _p_ _ _ 
4  _ _ _ _
3 _ _ K _ 
2  _ _ _ _
1 _ _ _ _ 

  abcdefgh
8  _ _ _ _
7 _ k _ _ 
6  _ _P_ _
5 _p_ _ _ 
4  _ K _ _
3 _ _ _ _ 
2  _ _ _ _
1 _ _ _ _ 

  abcdefgh
8  _ _ _ _
7 _ _ _ _ 
6  _ kP_ _
5 _p_ _ _ 
4  _ K _ _
3 _ _ _ _ 
2  _ _ _ _
1 _ _ _ _ 

  abcdefgh
8  _ _ _ _
7 _ _ P _ 
6  _ k _ _
5 _p_ _ _ 
4  _ K _ _
3 _ _ _ _ 
2  _ _ _ _
1 _ _ _ _ 

  abcdefgh
8  _ _ _ _
7 _ _ k _ 
6  _ _ _ _
5 _p_ _ _ 
4  _ K _ _
3 _ _ _ _ 
2  _ _ _ _
1 _ _ _ _ 

  abcdefgh
8  _ _ _ _
7 _ _ k _ 
6  _ _ _ _
5 _pK _ _ 
4  _ _ _ _
3 _ _ _ _ 
2  _ _ _ _
1 _ _ _ _ 

  abcdefgh
8  _ _ _ _
7 _ _ _ _ 
6  _ _ k _
5 _pK _ _ 
4  _ _ _ _
3 _ _ _ _ 
2  _ _ _ _
1 _ _ _ _ 

  abcdefgh
8  _ _ _ _
7 _ _ _ _ 
6  _ _ k _
5 _K_ _ _ 
4  _ _ _ _
3 _ _ _ _ 
2  _ _ _ _
1 _ _ _ _ 

  abcdefgh
CTRL-D detected
