8 rnbqkbnr
7 pppppppp
6  _ _ _ _
5 _ _ _ _ 
4  _ _ _ _
3 _ _ _N_ 
2 PPPPPPPP
1 RNBQKB_R

  abcdefgh
8 rnbqkbnr
7 ppp pppp
6  _ _ _ _
5 _ _p_ _ 
4  _ _ _ _
3 _ _ _N_ 
2 PPPPPPPP
1 RNBQKB_R

  abcdefgh
8 rnbqkbnr
7 ppp pppp
6  _ _ _ _
5 _ _p_ _ 
4  _ P _ _
3 _ _ _N_ 
2 PPP_PPPP
1 RNBQKB_R

  abcdefgh
8 rnbqkb r
7 ppp pppp
6  _ _ n _
5 _ _p_ _ 
4  _ P _ _
3 _ _ _N_ 
2 PPP_PPPP
1 RNBQKB_R

  abcdefgh
8 rnbqkb r
7 ppp pppp
6  _ _ n _
5 _ _p_ _ 
4  _PP _ _
3 _ _ _N_ 
2 PP _PPPP
1 RNBQKB_R

  abcdefgh
8 rnbqkb r
7 ppp _ppp
6  _ _pn _
5 _ _p_ _ 
4  _PP _ _
3 _ _ _N_ 
2 PP _PPPP
1 RNBQKB_R

  abcdefgh
8 rnbqkb r
7 ppp _ppp
6  _ _pn _
5 _ _p_ _ 
4  _PP _ _
3 _ N _N_ 
2 PP _PPPP
1 R BQKB_R

  abcdefgh
8 rnbqkb r
7 pp_ _ppp
6  _ _pn _
5 _ pp_ _ 
4  _PP _ _
3 _ N _N_ 
2 PP _PPPP
1 R BQKB_R

  abcdefgh
8 rnbqkb r
7 pp_ _ppp
6  _ _pn _
5 _ pP_ _ 
4  _ P _ _
3 _ N _N_ 
2 PP _PPPP
1 R BQKB_R

  abcdefgh
8 rnbqkb r
7 pp_ _ppp
6  _ _p_ _
5 _ pn_ _ 
4  _ P _ _
3 _ N _N_ 
2 PP _PPPP
1 R BQKB_R

  abcdefgh
8 rnbqkb r
7 pp_ _ppp
6  _ _p_ _
5 _ pn_ _ 
4  _ PP_ _
3 _ N _N_ 
2 PP _ PPP
1 R BQKB_R

  abcdefgh
8 rnbqkb r
7 pp_ _ppp
6  _ _p_ _
5 _ p _ _ 
4  _ PP_ _
3 _ n _N_ 
2 PP _ PPP
1 R BQKB_R

  abcdefgh
8 rnbqkb r
7 pp_ _ppp
6  _ _p_ _
5 _ p _ _ 
4  _ PP_ _
3 _ P _N_ 
2 P_ _ PPP
1 R BQKB_R

  abcdefgh
8 rnbqkb r
7 pp_ _ppp
6  _ _p_ _
5 _ _ _ _ 
4  _ pP_ _
3 _ P _N_ 
2 P_ _ PPP
1 R BQKB_R

  abcdefgh
8 rnbqkb r
7 pp_ _ppp
6  _ _p_ _
5 _ _ _ _ 
4  _ PP_ _
3 _ _ _N_ 
2 P_ _ PPP
1 R BQKB_R

  abcdefgh
8 rnbqk_ r
7 pp_ _ppp
6  _ _p_ _
5 _ _ _ _ 
4  b PP_ _
3 _ _ _N_ 
2 P_ _ PPP
1 R BQKB_R

  abcdefgh
8 rnbqk_ r
7 pp_ _ppp
6  _ _p_ _
5 _ _ _ _ 
4  b PP_ _
3 _ _ _N_ 
2 P_ B PPP
1 R _QKB_R

  abcdefgh
8 rnbqk_ r
7 pp_ _ppp
6  _ _p_ _
5 _ _ _ _ 
4  _ PP_ _
3 _ _ _N_ 
2 P_ b PPP
1 R _QKB_R

  abcdefgh
8 rnbqk_ r
7 pp_ _ppp
6  _ _p_ _
5 _ _ _ _ 
4  _ PP_ _
3 _ _ _N_ 
2 P_ Q PPP
1 R _ KB_R

  abcdefgh
was here
was here after all these checks
was here after all these checks
8 rnbq rk_
7 pp_ _ppp
6  _ _p_ _
5 _ _ _ _ 
4  _ PP_ _
3 _ _ _N_ 
2 P_ Q PPP
1 R _ KB_R

  abcdefgh
8 rnbq rk_
7 pp_ _ppp
6  _ _p_ _
5 _ _ _ _ 
4  _BPP_ _
3 _ _ _N_ 
2 P_ Q PPP
1 R _ K _R

  abcdefgh
8 rnbq rk_
7 p _ _ppp
6  p _p_ _
5 _ _ _ _ 
4  _BPP_ _
3 _ _ _N_ 
2 P_ Q PPP
1 R _ K _R

  abcdefgh
was here
was here after all these checks
was here after all these checks
8 rnbq rk_
7 p _ _ppp
6  p _p_ _
5 _ _ _ _ 
4  _BPP_ _
3 _ _ _N_ 
2 P_ Q PPP
1 R _ _RK 

  abcdefgh
8 rn q rk_
7 pb_ _ppp
6  p _p_ _
5 _ _ _ _ 
4  _BPP_ _
3 _ _ _N_ 
2 P_ Q PPP
1 R _ _RK 

  abcdefgh
8 rn q rk_
7 pb_ _ppp
6  p _p_ _
5 _ _P_ _ 
4  _B_P_ _
3 _ _ _N_ 
2 P_ Q PPP
1 R _ _RK 

  abcdefgh
8 rn q rk_
7 pb_ _ppp
6  p _ _ _
5 _ _p_ _ 
4  _B_P_ _
3 _ _ _N_ 
2 P_ Q PPP
1 R _ _RK 

  abcdefgh
8 rn q rk_
7 pb_ _ppp
6  p _ _ _
5 _ _B_ _ 
4  _ _P_ _
3 _ _ _N_ 
2 P_ Q PPP
1 R _ _RK 

  abcdefgh
8 rn q rk_
7 p _ _ppp
6  p _ _ _
5 _ _b_ _ 
4  _ _P_ _
3 _ _ _N_ 
2 P_ Q PPP
1 R _ _RK 

  abcdefgh
8 rn q rk_
7 p _ _ppp
6  p _ _ _
5 _ _P_ _ 
4  _ _ _ _
3 _ _ _N_ 
2 P_ Q PPP
1 R _ _RK 

  abcdefgh
8 rn _ rk_
7 p _ _ppp
6  p q _ _
5 _ _P_ _ 
4  _ _ _ _
3 _ _ _N_ 
2 P_ Q PPP
1 R _ _RK 

  abcdefgh
8 rn _ rk_
7 p _ _ppp
6  p q _ _
5 _ _P_ _ 
4  _ _ _ _
3 _ _ _N_ 
2 P_ Q PPP
1 _ R _RK 

  abcdefgh
8 rn r _k_
7 p _ _ppp
6  p q _ _
5 _ _P_ _ 
4  _ _ _ _
3 _ _ _N_ 
2 P_ Q PPP
1 _ R _RK 

  abcdefgh
8 rn r _k_
7 p _ _ppp
6  p q _ _
5 _ _P_ N 
4  _ _ _ _
3 _ _ _ _ 
2 P_ Q PPP
1 _ R _RK 

  abcdefgh
8 r_ r _k_
7 p _ _ppp
6 np q _ _
5 _ _P_ N 
4  _ _ _ _
3 _ _ _ _ 
2 P_ Q PPP
1 _ R _RK 

  abcdefgh
8 r_ r _k_
7 p _ _ppp
6 np q _ _
5 _ _P_ N 
4  _ _ _ _
3 _ _Q_ _ 
2 P_ _ PPP
1 _ R _RK 

  abcdefgh
8 r_ r _k_
7 p _ _ppp
6 np _ _q_
5 _ _P_ N 
4  _ _ _ _
3 _ _Q_ _ 
2 P_ _ PPP
1 _ R _RK 

  abcdefgh
8 r_ r _k_
7 p _ _ppp
6 Qp _ _q_
5 _ _P_ N 
4  _ _ _ _
3 _ _ _ _ 
2 P_ _ PPP
1 _ R _RK 

  abcdefgh
8 r_ r _k_
7 p _ _ppp
6 Qp _ _ _
5 _ _P_ q 
4  _ _ _ _
3 _ _ _ _ 
2 P_ _ PPP
1 _ R _RK 

  abcdefgh
8 r_ r _k_
7 p _ _ppp
6 Qp _ _ _
5 _ _P_ q 
4  _ _ _ _
3 _ _ _ _ 
2 P_ _ PPP
1 _ RR_ K 

  abcdefgh
8 r_ _ _k_
7 p _r_ppp
6 Qp _ _ _
5 _ _P_ q 
4  _ _ _ _
3 _ _ _ _ 
2 P_ _ PPP
1 _ RR_ K 

  abcdefgh
8 r_ _ _k_
7 p _r_ppp
6 Qp P _ _
5 _ _ _ q 
4  _ _ _ _
3 _ _ _ _ 
2 P_ _ PPP
1 _ RR_ K 

  abcdefgh
8  _ r _k_
7 p _r_ppp
6 Qp P _ _
5 _ _ _ q 
4  _ _ _ _
3 _ _ _ _ 
2 P_ _ PPP
1 _ RR_ K 

  abcdefgh
8  _Rr _k_
7 p _r_ppp
6 Qp P _ _
5 _ _ _ q 
4  _ _ _ _
3 _ _ _ _ 
2 P_ _ PPP
1 _ _R_ K 

  abcdefgh
8  _Rr _k_
7 p _r_p_p
6 Qp P _p_
5 _ _ _ q 
4  _ _ _ _
3 _ _ _ _ 
2 P_ _ PPP
1 _ _R_ K 

  abcdefgh
8  _Rr _k_
7 p _r_p_p
6  p P _p_
5 _ _ _ q 
4  _Q_ _ _
3 _ _ _ _ 
2 P_ _ PPP
1 _ _R_ K 

  abcdefgh
8  _r_ _k_
7 p _r_p_p
6  p P _p_
5 _ _ _ q 
4  _Q_ _ _
3 _ _ _ _ 
2 P_ _ PPP
1 _ _R_ K 

  abcdefgh
8  _Q_ _k_
7 p _r_p_p
6  p P _p_
5 _ _ _ q 
4  _ _ _ _
3 _ _ _ _ 
2 P_ _ PPP
1 _ _R_ K 

  abcdefgh
8  _Qq _k_
7 p _r_p_p
6  p P _p_
5 _ _ _ _ 
4  _ _ _ _
3 _ _ _ _ 
2 P_ _ PPP
1 _ _R_ K 

  abcdefgh
8  _ q _k_
7 p _r_p_p
6  pQP _p_
5 _ _ _ _ 
4  _ _ _ _
3 _ _ _ _ 
2 P_ _ PPP
1 _ _R_ K 

  abcdefgh
8  _ _q_k_
7 p _r_p_p
6  pQP _p_
5 _ _ _ _ 
4  _ _ _ _
3 _ _ _ _ 
2 P_ _ PPP
1 _ _R_ K 

  abcdefgh
8  _ _q_k_
7 p _r_p_p
6  pQP _p_
5 _ _ _ _ 
4 P_ _ _ _
3 _ _ _ _ 
2  _ _ PPP
1 _ _R_ K 

  abcdefgh
8  _ _ _k_
7 p _r_p_p
6  pQPq_p_
5 _ _ _ _ 
4 P_ _ _ _
3 _ _ _ _ 
2  _ _ PPP
1 _ _R_ K 

  abcdefgh
8  _ _ _k_
7 p _r_p_p
6  pQPq_p_
5 _ _ _ _ 
4 P_ _ _ _
3 _ _ _ _ 
2  _ _ PPP
1 _ _R_K_ 

  abcdefgh
8  _ _ _k_
7 p _r_p_ 
6  pQPq_pp
5 _ _ _ _ 
4 P_ _ _ _
3 _ _ _ _ 
2  _ _ PPP
1 _ _R_K_ 

  abcdefgh
8  _Q_ _k_
7 p _r_p_ 
6  p Pq_pp
5 _ _ _ _ 
4 P_ _ _ _
3 _ _ _ _ 
2  _ _ PPP
1 _ _R_K_ 

  abcdefgh
8  _Q_ _ _
7 p _r_p_k
6  p Pq_pp
5 _ _ _ _ 
4 P_ _ _ _
3 _ _ _ _ 
2  _ _ PPP
1 _ _R_K_ 

  abcdefgh
8  _ _ _ _
7 p _r_p_k
6  pQPq_pp
5 _ _ _ _ 
4 P_ _ _ _
3 _ _ _ _ 
2  _ _ PPP
1 _ _R_K_ 

  abcdefgh
8  _ _ _ _
7 p _r_p_k
6  pQP _pp
5 _ _ _ _ 
4 P_ _ _ _
3 _q_ _ _ 
2  _ _ PPP
1 _ _R_K_ 

  abcdefgh
8  _ _ _ _
7 p _r_p_k
6  pQP _pp
5 _ _ _ _ 
4 P_ _ _ _
3 _q_ _ _ 
2  _ R PPP
1 _ _ _K_ 

  abcdefgh
8  _ _ _ _
7 p _r_p_k
6  pQPq_pp
5 _ _ _ _ 
4 P_ _ _ _
3 _ _ _ _ 
2  _ R PPP
1 _ _ _K_ 

  abcdefgh
8  _ _ _ _
7 p _r_p_k
6  pQPq_pp
5 _ _ _ _ 
4 P_ _ _ _
3 _ _ _P_ 
2  _ R _PP
1 _ _ _K_ 

  abcdefgh
8  _ _ _ _
7 p _r_p_k
6  pQPq_p_
5 _ _ _ _p
4 P_ _ _ _
3 _ _ _P_ 
2  _ R _PP
1 _ _ _K_ 

  abcdefgh
8  _ _ _ _
7 p _r_p_k
6  pQPq_p_
5 _ _ _ _p
4 P_ _ _ _
3 _ _ _PP 
2  _ R _ P
1 _ _ _K_ 

  abcdefgh
8  _ r _ _
7 p _ _p_k
6  pQPq_p_
5 _ _ _ _p
4 P_ _ _ _
3 _ _ _PP 
2  _ R _ P
1 _ _ _K_ 

  abcdefgh
8  _ r _ _
7 p _ _p_k
6  pQPq_p_
5 _ _ _ _p
4 P_ _ _ _
3 _ _ _PP 
2  _ R K P
1 _ _ _ _ 

  abcdefgh
8  _ _ _ _
7 p _r_p_k
6  pQPq_p_
5 _ _ _ _p
4 P_ _ _ _
3 _ _ _PP 
2  _ R K P
1 _ _ _ _ 

  abcdefgh
8  _ _ _ _
7 p _r_p_k
6  pQPq_p_
5 _ _ _ _p
4 P_ _ _ _
3 _ _ _PP 
2  _ R _KP
1 _ _ _ _ 

  abcdefgh
8  _ r _ _
7 p _ _p_k
6  pQPq_p_
5 _ _ _ _p
4 P_ _ _ _
3 _ _ _PP 
2  _ R _KP
1 _ _ _ _ 

  abcdefgh
8  _ r _ _
7 p _ _p_k
6  pQPq_p_
5 _ _ _ _p
4 P_ _ _ _
3 _ _ _PP 
2  _ R K P
1 _ _ _ _ 

  abcdefgh
8  _ _ _ _
7 p _r_p_k
6  pQPq_p_
5 _ _ _ _p
4 P_ _ _ _
3 _ _ _PP 
2  _ R K P
1 _ _ _ _ 

  abcdefgh
8  _ _ _ _
7 p _r_p_k
6  pQPq_p_
5 _ _ _ _p
4 P_ _ _ _
3 _ _ _PP 
2  _ R _KP
1 _ _ _ _ 

  abcdefgh
8  _ r _ _
7 p _ _p_k
6  pQPq_p_
5 _ _ _ _p
4 P_ _ _ _
3 _ _ _PP 
2  _ R _KP
1 _ _ _ _ 

  abcdefgh
8  _ r _ _
7 p _ _p_k
6  pQPq_p_
5 _ _ _ _p
4 P_ _ _ _
3 _ _ _PP 
2  _ R _ P
1 _ _ _K_ 

  abcdefgh
8  _ _ _ _
7 p _r_p_k
6  pQPq_p_
5 _ _ _ _p
4 P_ _ _ _
3 _ _ _PP 
2  _ R _ P
1 _ _ _K_ 

  abcdefgh
8  _ _ _ _
7 p _r_p_k
6  pQPq_p_
5 _ _ _ _p
4 P_ _ _ _
3 _ _ _PP 
2  _ R K P
1 _ _ _ _ 

  abcdefgh
8  _ _ _ _
7 p _r_p_k
6  pQP _p_
5 _ _ _ _p
4 P_ _ _ _
3 _ _ _PPq
2  _ R K P
1 _ _ _ _ 

  abcdefgh
8  _ _ _ _
7 p _r_p_k
6  pQP _p_
5 _ _ _ _p
4 P_ _ _ _
3 _ _ _PPq
2  _ R _ P
1 _ _ K _ 

  abcdefgh
8  _ _ _ _
7 p _r_p_k
6  pQPq_p_
5 _ _ _ _p
4 P_ _ _ _
3 _ _ _PP 
2  _ R _ P
1 _ _ K _ 

  abcdefgh
8  _ _ _ _
7 p _r_p_k
6  pQPq_p_
5 _ _ _ _p
4 P_ _ _ _
3 _ _ _PP 
2  _ R K P
1 _ _ _ _ 

  abcdefgh
8  _ _ _ _
7 p _r_p_k
6  pQP _p_
5 _ _ _ _p
4 P_ _ _ _
3 _ _ _PPq
2  _ R K P
1 _ _ _ _ 

  abcdefgh
8  _ _ _ _
7 p _r_p_k
6  pQP _p_
5 _ _ _ _p
4 P_ _ _ _
3 _ _ _PPq
2  _ R _ P
1 _ _ K _ 

  abcdefgh
8  _ _ _ _
7 p _r_p_k
6  pQPq_p_
5 _ _ _ _p
4 P_ _ _ _
3 _ _ _PP 
2  _ R _ P
1 _ _ K _ 

  abcdefgh
8  _ _ _ _
7 p _r_p_k
6  pQPq_p_
5 _ _ _ _p
4 P_ _ _ _
3 _ _ _PP 
2  _ R _ P
1 _ _ _K_ 

  abcdefgh
8  _ _ _ _
7 p _r_p_k
6  pQP _p_
5 _ _ _ _p
4 P_ _ _ _
3 _ _ _PPq
2  _ R _ P
1 _ _ _K_ 

  abcdefgh
8  _ _ _ _
7 p _r_p_k
6  pQP _p_
5 _ _ _ _p
4 P_ _ _ _
3 _ _ _PPq
2  _ R _ P
1 _ _ _ K 

  abcdefgh
8  _ _ _ _
7 p _r_p_k
6  pQPq_p_
5 _ _ _ _p
4 P_ _ _ _
3 _ _ _PP 
2  _ R _ P
1 _ _ _ K 

  abcdefgh
8  _ _ _ _
7 p _r_p_k
6  pQPq_p_
5 _ _ _ _p
4 P_ _ _ _
3 _ _ _PP 
2  _ R K P
1 _ _ _ _ 

  abcdefgh
8  _ _ _ _
7 p _r_p_k
6  pQP _p_
5 _ _ _ _p
4 P_ _ _ _
3 _ _ _PPq
2  _ R K P
1 _ _ _ _ 

  abcdefgh
8  _ _ _ _
7 p _r_p_k
6  pQP _p_
5 _ _ _ _p
4 P_ _ _ _
3 _ _ _PPq
2  _ R _ P
1 _ _ _ K 

  abcdefgh
8  _ _ _ _
7 p _r_p_k
6  pQPq_p_
5 _ _ _ _p
4 P_ _ _ _
3 _ _ _PP 
2  _ R _ P
1 _ _ _ K 

  abcdefgh
8  _ _ _ _
7 p _r_p_k
6  pQPq_p_
5 _ _ _ _p
4 P_ _ _ _
3 _ _ _PP 
2  _ R _ P
1 _ _ _K_ 

  abcdefgh
8  _ _ _ _
7 p _r_p_k
6  pQP _p_
5 _ _ _ _p
4 P_ _ _ _
3 _ _ _PPq
2  _ R _ P
1 _ _ _K_ 

  abcdefgh
8  _ _ _ _
7 p _r_p_k
6  pQP _p_
5 _ _ _ _p
4 P_ _ _ _
3 _ _ _PPq
2  _ RK_ P
1 _ _ _ _ 

  abcdefgh
8  _ r _ _
7 p _ _p_k
6  pQP _p_
5 _ _ _ _p
4 P_ _ _ _
3 _ _ _PPq
2  _ RK_ P
1 _ _ _ _ 

  abcdefgh
8  _ r _ _
7 p _ _p_k
6  pQP _p_
5 _ _ _ _p
4 P_ _ _ _
3 _ _ _PPq
2  _ R _ P
1 _ _ K _ 

  abcdefgh
8  _ r _ _
7 p _ _p_k
6  pQPq_p_
5 _ _ _ _p
4 P_ _ _ _
3 _ _ _PP 
2  _ R _ P
1 _ _ K _ 

  abcdefgh
8  _ r _ _
7 p _ _p_k
6  pQPq_p_
5 _ _ _ _p
4 P_ _ _ _
3 _ _ _PP 
2  _ R _ P
1 _ _ _K_ 

  abcdefgh
8  _ _ _ _
7 p _r_p_k
6  pQPq_p_
5 _ _ _ _p
4 P_ _ _ _
3 _ _ _PP 
2  _ R _ P
1 _ _ _K_ 

  abcdefgh
8  _ _ _ _
7 p _r_p_k
6  pQPq_p_
5 _ _ _ _p
4 P_ _ _ _
3 _ _ _PP 
2  _ _ _ P
1 _ _R_K_ 

  abcdefgh
8  _ _ _ _
7 p _r_p_k
6  pQP _p_
5 _ _ _ _p
4 P_ _ _ _
3 _ _ _PPq
2  _ _ _ P
1 _ _R_K_ 

  abcdefgh
8  _ _ _ _
7 p _r_p_k
6  pQP _p_
5 _ _ _ _p
4 P_ _ _ _
3 _ _ _PPq
2  _ _ _ P
1 _ _RK _ 

  abcdefgh
8  _ _ _ _
7 p _r_p_k
6  pQP _p_
5 _ _ _q_p
4 P_ _ _ _
3 _ _ _PP 
2  _ _ _ P
1 _ _RK _ 

  abcdefgh
8  _ _ _ _
7 p _r_p_k
6  pQP _p_
5 _ _ _q_p
4 P_ _ _ P
3 _ _ _PP 
2  _ _ _ _
1 _ _RK _ 

  abcdefgh
8  _ _ _ _
7 p _r_p_k
6  pQPq_p_
5 _ _ _ _p
4 P_ _ _ P
3 _ _ _PP 
2  _ _ _ _
1 _ _RK _ 

  abcdefgh
8  _ _ _ _
7 p _r_p_k
6  pQPq_p_
5 _ _ _ _p
4 P_ _ _ P
3 _ _ _PP 
2  _ _ K _
1 _ _R_ _ 

  abcdefgh
8  _ _ _ _
7 p _r_p_k
6  pQP _p_
5 _ _ _ _p
4 P_ _ _ P
3 _ _ _PP 
2 q_ _ K _
1 _ _R_ _ 

  abcdefgh
8  _ _ _ _
7 p _r_p_k
6  pQP _p_
5 _ _ _ _p
4 P_ _ _ P
3 _ _ _PP 
2 q_ _ _ _
1 _ _R_K_ 

  abcdefgh
8  _ _ _ _
7 p _r_p_k
6  pQP _p_
5 _ _ _ _p
4 P_ _ _ P
3 _q_ _PP 
2  _ _ _ _
1 _ _R_K_ 

  abcdefgh
8  _ _ _ _
7 p _r_p_k
6  pQP _p_
5 _ _ _ _p
4 P_ _ _ P
3 _q_ _PP 
2  _ R _ _
1 _ _ _K_ 

  abcdefgh
8  _ _ _ _
7 p _r_p_k
6  pQPq_p_
5 _ _ _ _p
4 P_ _ _ P
3 _ _ _PP 
2  _ R _ _
1 _ _ _K_ 

  abcdefgh
8  _ _ _ _
7 p _r_p_k
6  pQPq_p_
5 _ _ _ _p
4 P_ _ _ P
3 _ _ _PP 
2  _ R _K_
1 _ _ _ _ 

  abcdefgh
8  _ r _ _
7 p _ _p_k
6  pQPq_p_
5 _ _ _ _p
4 P_ _ _ P
3 _ _ _PP 
2  _ R _K_
1 _ _ _ _ 

  abcdefgh
8  _ r _ _
7 p Q _p_k
6  p Pq_p_
5 _ _ _ _p
4 P_ _ _ P
3 _ _ _PP 
2  _ R _K_
1 _ _ _ _ 

  abcdefgh
8  _ _ _ _
7 p Qr_p_k
6  p Pq_p_
5 _ _ _ _p
4 P_ _ _ P
3 _ _ _PP 
2  _ R _K_
1 _ _ _ _ 

  abcdefgh
8  _ _ _ _
7 p _r_p_k
6  pQPq_p_
5 _ _ _ _p
4 P_ _ _ P
3 _ _ _PP 
2  _ R _K_
1 _ _ _ _ 

  abcdefgh
8  _ r _ _
7 p _ _p_k
6  pQPq_p_
5 _ _ _ _p
4 P_ _ _ P
3 _ _ _PP 
2  _ R _K_
1 _ _ _ _ 

  abcdefgh
8  _ r _ _
7 p _ _p_k
6  pQPq_p_
5 _ _ _ _p
4 P_ _ _ P
3 _ _ _PP 
2  _ R K _
1 _ _ _ _ 

  abcdefgh
8  _ _ _ _
7 p _r_p_k
6  pQPq_p_
5 _ _ _ _p
4 P_ _ _ P
3 _ _ _PP 
2  _ R K _
1 _ _ _ _ 

  abcdefgh
8  _ _ _ _
7 p _r_p_k
6  pQPq_p_
5 _ _ _ _p
4 P_ _ _ P
3 _ _ _PP 
2  _ _ K _
1 _ _R_ _ 

  abcdefgh
8  _ r _ _
7 p _ _p_k
6  pQPq_p_
5 _ _ _ _p
4 P_ _ _ P
3 _ _ _PP 
2  _ _ K _
1 _ _R_ _ 

  abcdefgh
8  _ r _ _
7 p _ _p_k
6  pQPq_p_
5 _ _ _ _p
4 P_ _ _ P
3 _ _ _PP 
2  _ R K _
1 _ _ _ _ 

  abcdefgh
8  _ r _ _
7 p _ _p_k
6  pQP _p_
5 _ _ _ _p
4 P_ _ _ P
3 _ _ _PPq
2  _ R K _
1 _ _ _ _ 

  abcdefgh
8  _ r _ _
7 p Q _p_k
6  p P _p_
5 _ _ _ _p
4 P_ _ _ P
3 _ _ _PPq
2  _ R K _
1 _ _ _ _ 

  abcdefgh
8  _ _ _ _
7 p Qr_p_k
6  p P _p_
5 _ _ _ _p
4 P_ _ _ P
3 _ _ _PPq
2  _ R K _
1 _ _ _ _ 

  abcdefgh
8  _ _ _ _
7 p _r_p_k
6  pQP _p_
5 _ _ _ _p
4 P_ _ _ P
3 _ _ _PPq
2  _ R K _
1 _ _ _ _ 

  abcdefgh
8  _ r _ _
7 p _ _p_k
6  pQP _p_
5 _ _ _ _p
4 P_ _ _ P
3 _ _ _PPq
2  _ R K _
1 _ _ _ _ 

  abcdefgh
8  _ r _ _
7 p _ _p_k
6  p P _p_
5 _ _Q_ _p
4 P_ _ _ P
3 _ _ _PPq
2  _ R K _
1 _ _ _ _ 

  abcdefgh
8  _ _ _ _
7 p _r_p_k
6  p P _p_
5 _ _Q_ _p
4 P_ _ _ P
3 _ _ _PPq
2  _ R K _
1 _ _ _ _ 

  abcdefgh
8  _ _ _ _
7 p _r_p_k
6  p P _p_
5 _ _ Q _p
4 P_ _ _ P
3 _ _ _PPq
2  _ R K _
1 _ _ _ _ 

  abcdefgh
8  _ _ _ _
7 p _r_p_k
6  p P _p_
5 _ _ Q _p
4 P_ _ _ P
3 _ _ _PP 
2  _ R K q
1 _ _ _ _ 

  abcdefgh
8  _ _ _ _
7 p _r_p_k
6  p P _p_
5 _ _ Q _p
4 P_ _ _ P
3 _ _ KPP 
2  _ R _ q
1 _ _ _ _ 

  abcdefgh
8  _ _ _ _
7 p _r_p_k
6  p P _p_
5 _ _ Q _p
4 P_ _ _ P
3 _ _ KPP 
2  _ R _ _
1 _ _ _ q 

  abcdefgh
8  _ _ _ _
7 p _r_p_k
6  p P _p_
5 _ _ Q _p
4 P_ _ K P
3 _ _ _PP 
2  _ R _ _
1 _ _ _ q 

  abcdefgh
8  _ _ _ _
7 p _r_p_k
6  p P _p_
5 _ _ Q _p
4 P_ _ K P
3 _ _ _PP 
2  _ R _ _
1 _ q _ _ 

  abcdefgh
8  _ _ _ _
7 p _r_p_k
6  p P _p_
5 _ _ _ _p
4 P_ Q K P
3 _ _ _PP 
2  _ R _ _
1 _ q _ _ 

  abcdefgh
8  _ _ _ _
7 p _r_p_k
6  p P _p_
5 _ _ _ _p
4 P_ Q K P
3 _ _ _PP 
2  _ R _ _
1 _q_ _ _ 

  abcdefgh
8  _ _ _ _
7 p _r_p_k
6  p P _p_
5 _ _ _ _p
4 P_ Q KPP
3 _ _ _P_ 
2  _ R _ _
1 _q_ _ _ 

  abcdefgh
8  _ _ _ _
7 p _r_p_k
6  p P _p_
5 _ _ _ _p
4 P_ Q KPP
3 _ _ _P_ 
2  _ R _ _
1 _ _ _ _q

  abcdefgh
8  _ _ _ _
7 p _r_p_k
6  p P _p_
5 _ _ _ _p
4 P_ _ KPP
3 _ _ _P_ 
2  _ R Q _
1 _ _ _ _q

  abcdefgh
8  _ _ _ _
7 p _r_p_k
6  p P _p_
5 _ _ _ _p
4 P_ _ KPP
3 _ _ _P_q
2  _ R Q _
1 _ _ _ _ 

  abcdefgh
8  _ _ _ _
7 p _r_p_k
6  p P _p_
5 _ _ _ _p
4 P_ _ KPP
3 _ _ _P_q
2  _ _ Q _
1 _ _R_ _ 

  abcdefgh
8  _ _ _ _
7 p _r_p_k
6  p P _p_
5 _ _ _ _ 
4 P_ _ KpP
3 _ _ _P_q
2  _ _ Q _
1 _ _R_ _ 

  abcdefgh
8  _ _ _ _
7 p _r_p_k
6  p P _p_
5 _ _ _ _ 
4 P_ _ KPP
3 _ _ _ _q
2  _ _ Q _
1 _ _R_ _ 

  abcdefgh
8  _ _ _ _
7 p _r_p_k
6  p P _p_
5 _ _ _ _ 
4 P_ _ KPP
3 _ q _ _ 
2  _ _ Q _
1 _ _R_ _ 

  abcdefgh
8  _ _ _ _
7 p _r_p_k
6  p P _p_
5 _ _ _ _ 
4 P_ Q KPP
3 _ q _ _ 
2  _ _ _ _
1 _ _R_ _ 

  abcdefgh
8  _ _ _ _
7 p _r_p_k
6  p P _p_
5 _ _ _ _ 
4 P_ Q KPP
3 _ _ _ _q
2  _ _ _ _
1 _ _R_ _ 

  abcdefgh
8  _ _ _ _
7 p _r_p_k
6  p P _p_
5 _ _ _ K 
4 P_ Q _PP
3 _ _ _ _q
2  _ _ _ _
1 _ _R_ _ 

  abcdefgh
8  _ _ _ _
7 p _r_p_k
6  p P _p_
5 _ _ _ K 
4 P_ Q _PP
3 _ _ _q_ 
2  _ _ _ _
1 _ _R_ _ 

  abcdefgh
8  _ _ _ _
7 p _r_p_k
6  p P _p_
5 _ _ _ K 
4 P_ Q _PP
3 _ _ _q_ 
2  _ _ _ _
1 _ _ R _ 

  abcdefgh
8  _ _ _ _
7 p _r_ _k
6  p P pp_
5 _ _ _ K 
4 P_ Q _PP
3 _ _ _q_ 
2  _ _ _ _
1 _ _ R _ 

  abcdefgh
8  _ _ _ _
7 p _r_ _k
6  p P Qp_
5 _ _ _ K 
4 P_ _ _PP
3 _ _ _q_ 
2  _ _ _ _
1 _ _ R _ 

  abcdefgh
8  _ _ _ _
7 p _r_ _k
6  p P qp_
5 _ _ _ K 
4 P_ _ _PP
3 _ _ _ _ 
2  _ _ _ _
1 _ _ R _ 

  abcdefgh
8  _ _ _ _
7 p _r_ _k
6  p P Kp_
5 _ _ _ _ 
4 P_ _ _PP
3 _ _ _ _ 
2  _ _ _ _
1 _ _ R _ 

  abcdefgh
8  _ _ _ _
7 p _ _ _k
6  p r Kp_
5 _ _ _ _ 
4 P_ _ _PP
3 _ _ _ _ 
2  _ _ _ _
1 _ _ R _ 

  abcdefgh
8  _ _ _ _
7 p _ _ _k
6  p rRKp_
5 _ _ _ _ 
4 P_ _ _PP
3 _ _ _ _ 
2  _ _ _ _
1 _ _ _ _ 

  abcdefgh
8  _ _ _ _
7 p _ _ _k
6  p _rKp_
5 _ _ _ _ 
4 P_ _ _PP
3 _ _ _ _ 
2  _ _ _ _
1 _ _ _ _ 

  abcdefgh
8  _ _ _ _
7 p _ _ _k
6  p _K_p_
5 _ _ _ _ 
4 P_ _ _PP
3 _ _ _ _ 
2  _ _ _ _
1 _ _ _ _ 

  abcdefgh
8  _ _ _ _
7 p _ _ k 
6  p _K_p_
5 _ _ _ _ 
4 P_ _ _PP
3 _ _ _ _ 
2  _ _ _ _
1 _ _ _ _ 

  abcdefgh
8  _ _ _ _
7 p _ _ k 
6  p _ _p_
5 _ _K_ _ 
4 P_ _ _PP
3 _ _ _ _ 
2  _ _ _ _
1 _ _ _ _ 

  abcdefgh
8  _ _ _ _
7 _ _ _ k 
6 pp _ _p_
5 _ _K_ _ 
4 P_ _ _PP
3 _ _ _ _ 
2  _ _ _ _
1 _ _ _ _ 

  abcdefgh
8  _ _ _ _
7 _ _ _ k 
6 ppK_ _p_
5 _ _ _ _ 
4 P_ _ _PP
3 _ _ _ _ 
2  _ _ _ _
1 _ _ _ _ 

  abcdefgh
8  _ _ _ _
7 _ _ _ k 
6 p_K_ _p_
5 _p_ _ _ 
4 P_ _ _PP
3 _ _ _ _ 
2  _ _ _ _
1 _ _ _ _ 

  abcdefgh
8  _ _ _ _
7 _ _ _ k 
6 p_K_ _p_
5 _P_ _ _ 
4  _ _ _PP
3 _ _ _ _ 
2  _ _ _ _
1 _ _ _ _ 

  abcdefgh
8  _ _ _ _
7 _ _ _ k 
6  _K_ _p_
5 _p_ _ _ 
4  _ _ _PP
3 _ _ _ _ 
2  _ _ _ _
1 _ _ _ _ 

  abcdefgh
8  _ _ _ _
7 _ _ _ k 
6  _ _ _p_
5 _K_ _ _ 
4  _ _ _PP
3 _ _ _ _ 
2  _ _ _ _
1 _ _ _ _ 

  abcdefgh
8  _ _ _ _
7 _ _ _ _ 
6  _ _ kp_
5 _K_ _ _ 
4  _ _ _PP
3 _ _ _ _ 
2  _ _ _ _
1 _ _ _ _ 

  abcdefgh
8  _ _ _ _
7 _ _ _ _ 
6  _K_ kp_
5 _ _ _ _ 
4  _ _ _PP
3 _ _ _ _ 
2  _ _ _ _
1 _ _ _ _ 

  abcdefgh
8  _ _ _ _
7 _ _ _ _ 
6  _K_ _p_
5 _ _ k _ 
4  _ _ _PP
3 _ _ _ _ 
2  _ _ _ _
1 _ _ _ _ 

  abcdefgh
8  _ _ _ _
7 _ _ _ _ 
6  _K_ _p_
5 _ _ k _P
4  _ _ _P_
3 _ _ _ _ 
2  _ _ _ _
1 _ _ _ _ 

  abcdefgh
8  _ _ _ _
7 _ _ _ _ 
6  _K_ _ _
5 _ _ k _p
4  _ _ _P_
3 _ _ _ _ 
2  _ _ _ _
1 _ _ _ _ 

  abcdefgh
8  _ _ _ _
7 _ _ _ _ 
6  _K_ _ _
5 _ _ k _P
4  _ _ _ _
3 _ _ _ _ 
2  _ _ _ _
1 _ _ _ _ 

  abcdefgh
8  _ _ _ _
7 _ _ _ _ 
6  _K_ k _
5 _ _ _ _P
4  _ _ _ _
3 _ _ _ _ 
2  _ _ _ _
1 _ _ _ _ 

  abcdefgh
8  _ _ _ _
7 _ K _ _ 
6  _ _ k _
5 _ _ _ _P
4  _ _ _ _
3 _ _ _ _ 
2  _ _ _ _
1 _ _ _ _ 

  abcdefgh
8  _ _ _ _
7 _ K _ _ 
6  _ _ _ _
5 _ _ _ kP
4  _ _ _ _
3 _ _ _ _ 
2  _ _ _ _
1 _ _ _ _ 

  abcdefgh
8  _ _ _ _
7 _ K _ _ 
6  _ _ _ P
5 _ _ _ k 
4  _ _ _ _
3 _ _ _ _ 
2  _ _ _ _
1 _ _ _ _ 

  abcdefgh
8  _ _ _ _
7 _ K _ _ 
6  _ _ _ k
5 _ _ _ _ 
4  _ _ _ _
3 _ _ _ _ 
2  _ _ _ _
1 _ _ _ _ 

  abcdefgh
CTRL-D detected
