8 rnbqkbnr
7 pppppppp
6  _ _ _ _
5 _ _ _ _ 
4  _ P _ _
3 _ _ _ _ 
2 PPP_PPPP
1 RNBQKBNR

  abcdefgh
8 rnbqkb r
7 pppppppp
6  _ _ n _
5 _ _ _ _ 
4  _ P _ _
3 _ _ _ _ 
2 PPP_PPPP
1 RNBQKBNR

  abcdefgh
8 rnbqkb r
7 pppppppp
6  _ _ n _
5 _ _ _ _ 
4  _ P _ _
3 _ _ _N_ 
2 PPP_PPPP
1 RNBQKB_R

  abcdefgh
8 rnbqkb r
7 pppppp_p
6  _ _ np_
5 _ _ _ _ 
4  _ P _ _
3 _ _ _N_ 
2 PPP_PPPP
1 RNBQKB_R

  abcdefgh
8 rnbqkb r
7 pppppp_p
6  _ _ np_
5 _ _ _ B 
4  _ P _ _
3 _ _ _N_ 
2 PPP_PPPP
1 RN_QKB_R

  abcdefgh
8 rnbqk_ r
7 ppppppbp
6  _ _ np_
5 _ _ _ B 
4  _ P _ _
3 _ _ _N_ 
2 PPP_PPPP
1 RN_QKB_R

  abcdefgh
8 rnbqk_ r
7 ppppppbp
6  _ _ np_
5 _ _ _ B 
4  _ P _ _
3 _ P _N_ 
2 PP _PPPP
1 RN_QKB_R

  abcdefgh
was here
8 rnbq rk_
7 ppppppbp
6  _ _ np_
5 _ _ _ B 
4  _ P _ _
3 _ P _N_ 
2 PP _PPPP
1 RN_QKB_R

  abcdefgh
8 rnbq rk_
7 ppppppbp
6  _ _ np_
5 _ _ _ B 
4  _ P _ _
3 _ P _N_ 
2 PP NPPPP
1 R _QKB_R

  abcdefgh
8 rnbq rk_
7 ppp ppbp
6  _ _ np_
5 _ _p_ B 
4  _ P _ _
3 _ P _N_ 
2 PP NPPPP
1 R _QKB_R

  abcdefgh
8 rnbq rk_
7 ppp ppbp
6  _ _ np_
5 _ _p_ B 
4  _ P _ _
3 _ P PN_ 
2 PP N PPP
1 R _QKB_R

  abcdefgh
8 rnbq rk_
7 pp_ ppbp
6  _ _ np_
5 _ pp_ B 
4  _ P _ _
3 _ P PN_ 
2 PP N PPP
1 R _QKB_R

  abcdefgh
8 rnbq rk_
7 pp_ ppbp
6  _ _ np_
5 _ pp_ B 
4  _ P _ _
3 _ P PN_P
2 PP N PP_
1 R _QKB_R

  abcdefgh
8 rnb_ rk_
7 pp_ ppbp
6  q _ np_
5 _ pp_ B 
4  _ P _ _
3 _ P PN_P
2 PP N PP_
1 R _QKB_R

  abcdefgh
8 rnb_ rk_
7 pp_ ppbp
6  q _ np_
5 _ pp_ B 
4  _ P _ _
3 _QP PN_P
2 PP N PP_
1 R _ KB_R

  abcdefgh
8 rnb_ rk_
7 pp_ ppbp
6  q _ np_
5 _ _p_ B 
4  _pP _ _
3 _QP PN_P
2 PP N PP_
1 R _ KB_R

  abcdefgh
8 rnb_ rk_
7 pp_ ppbp
6  Q _ np_
5 _ _p_ B 
4  _pP _ _
3 _ P PN_P
2 PP N PP_
1 R _ KB_R

  abcdefgh
8 rnb_ rk_
7 _p_ ppbp
6  p _ np_
5 _ _p_ B 
4  _pP _ _
3 _ P PN_P
2 PP N PP_
1 R _ KB_R

  abcdefgh
8 rnb_ rk_
7 _p_ ppbp
6  p _ np_
5 _ _p_ B 
4  _pP _ _
3 _ P PN_P
2 PP NBPP_
1 R _ K _R

  abcdefgh
8 rnb_ rk_
7 _p_ ppbp
6  _ _ np_
5 _p_p_ B 
4  _pP _ _
3 _ P PN_P
2 PP NBPP_
1 R _ K _R

  abcdefgh
8 rnb_ rk_
7 _p_ ppbp
6  _ _ np_
5 _p_pN B 
4  _pP _ _
3 _ P P _P
2 PP NBPP_
1 R _ K _R

  abcdefgh
8 r_b_ rk_
7 _p_ ppbp
6  _n_ np_
5 _p_pN B 
4  _pP _ _
3 _ P P _P
2 PP NBPP_
1 R _ K _R

  abcdefgh
8 r_b_ rk_
7 _p_ ppbp
6  _n_ np_
5 _p_pN B 
4  _pP _ _
3 P P P _P
2  P NBPP_
1 R _ K _R

  abcdefgh
8 r_b_r_k_
7 _p_ ppbp
6  _n_ np_
5 _p_pN B 
4  _pP _ _
3 P P P _P
2  P NBPP_
1 R _ K _R

  abcdefgh
8 r_b_r_k_
7 _p_ ppbp
6  _n_ np_
5 _p_pN _ 
4  _pP B _
3 P P P _P
2  P NBPP_
1 R _ K _R

  abcdefgh
8 r_b_r_k_
7 _p_ ppbp
6  _n_ _p_
5 _p_pN _ 
4  _pPnB _
3 P P P _P
2  P NBPP_
1 R _ K _R

  abcdefgh
8 r_b_r_k_
7 _p_ ppbp
6  _N_ _p_
5 _p_p_ _ 
4  _pPnB _
3 P P P _P
2  P NBPP_
1 R _ K _R

  abcdefgh
8 r_b_r_k_
7 _ _ ppbp
6  _p_ _p_
5 _p_p_ _ 
4  _pPnB _
3 P P P _P
2  P NBPP_
1 R _ K _R

  abcdefgh
8 r_b_r_k_
7 _ _ ppbp
6  _p_ _p_
5 _p_p_ _ 
4  _pPNB _
3 P P P _P
2  P _BPP_
1 R _ K _R

  abcdefgh
8 r_b_r_k_
7 _ _ ppbp
6  _p_ _p_
5 _p_ _ _ 
4  _pPpB _
3 P P P _P
2  P _BPP_
1 R _ K _R

  abcdefgh
8 r_b_r_k_
7 _ _ ppbp
6  _p_ _p_
5 _p_ _ _ 
4  _pPpB P
3 P P P _ 
2  P _BPP_
1 R _ K _R

  abcdefgh
8 r_b_r_k_
7 _ _ ppb 
6  _p_ _p_
5 _p_ _ _p
4  _pPpB P
3 P P P _ 
2  P _BPP_
1 R _ K _R

  abcdefgh
8 r_b_r_k_
7 _ _ ppb 
6  _p_ _p_
5 _p_ _ _p
4  _pPpB P
3 P P PP_ 
2  P _B_P_
1 R _ K _R

  abcdefgh
8 r_b_r_k_
7 _ _ _pb 
6  _p_ _p_
5 _p_ p _p
4  _pPpB P
3 P P PP_ 
2  P _B_P_
1 R _ K _R

  abcdefgh
8 r_b_r_k_
7 _ _ _pb 
6  _p_ _p_
5 _p_ B _p
4  _pPp_ P
3 P P PP_ 
2  P _B_P_
1 R _ K _R

  abcdefgh
8 r_b_r_k_
7 _ _ _p_ 
6  _p_ _p_
5 _p_ b _p
4  _pPp_ P
3 P P PP_ 
2  P _B_P_
1 R _ K _R

  abcdefgh
8 r_b_r_k_
7 _ _ _p_ 
6  _p_ _p_
5 _p_ P _p
4  _p_p_ P
3 P P PP_ 
2  P _B_P_
1 R _ K _R

  abcdefgh
8 r_b_ _k_
7 _ _ _p_ 
6  _p_ _p_
5 _p_ r _p
4  _p_p_ P
3 P P PP_ 
2  P _B_P_
1 R _ K _R

  abcdefgh
was here
8 r_b_ _k_
7 _ _ _p_ 
6  _p_ _p_
5 _p_ r _p
4  _p_p_ P
3 P P PP_ 
2  P _B_P_
1 _ KR_ _R

  abcdefgh
8 r_ _ _k_
7 _ _ _p_ 
6  _p_ _p_
5 _p_ rb_p
4  _p_p_ P
3 P P PP_ 
2  P _B_P_
1 _ KR_ _R

  abcdefgh
8 r_ _ _k_
7 _ _ _p_ 
6  _p_ _p_
5 _p_ rb_p
4  _p_pP P
3 P P P _ 
2  P _B_P_
1 _ KR_ _R

  abcdefgh
8 r_ _ _k_
7 _ _ _p_ 
6  _p_ _p_
5 _p_r_b_p
4  _p_pP P
3 P P P _ 
2  P _B_P_
1 _ KR_ _R

  abcdefgh
8 r_ _ _k_
7 _ _ _p_ 
6  _p_ _p_
5 _p_R_b_p
4  _p_pP P
3 P P P _ 
2  P _B_P_
1 _ K _ _R

  abcdefgh
8 r_ _ _k_
7 _ _ _p_ 
6  _ _ _p_
5 _p_p_b_p
4  _p_pP P
3 P P P _ 
2  P _B_P_
1 _ K _ _R

  abcdefgh
8 r_ _ _k_
7 _ _ _p_ 
6  _ _ _p_
5 _p_p_b_p
4  _p_pP P
3 P P P _ 
2  P _B_P_
1 _ KR_ _ 

  abcdefgh
8  _ r _k_
7 _ _ _p_ 
6  _ _ _p_
5 _p_p_b_p
4  _p_pP P
3 P P P _ 
2  P _B_P_
1 _ KR_ _ 

  abcdefgh
8  _ r _k_
7 _ _ _p_ 
6  _ _ _p_
5 _p_p_b_p
4  _p_pP P
3 P P P _ 
2  PK_B_P_
1 _ _R_ _ 

  abcdefgh
8  _ r _k_
7 _ _ _ _ 
6  _ _ pp_
5 _p_p_b_p
4  _p_pP P
3 P P P _ 
2  PK_B_P_
1 _ _R_ _ 

  abcdefgh
8  _ r _k_
7 _ _ _ _ 
6  _ _ pp_
5 _p_p_b_p
4  _p_pP P
3 P P P _ 
2  PK_B_P_
1 R _ _ _ 

  abcdefgh
8 r_ _ _k_
7 _ _ _ _ 
6  _ _ pp_
5 _p_p_b_p
4  _p_pP P
3 P P P _ 
2  PK_B_P_
1 R _ _ _ 

  abcdefgh
8 r_ _ _k_
7 _ _ _ _ 
6  _ _ pp_
5 _p_p_b_p
4  _p_pP P
3 P P P _ 
2  PK_B_P_
1 _ _R_ _ 

  abcdefgh
8  _ r _k_
7 _ _ _ _ 
6  _ _ pp_
5 _p_p_b_p
4  _p_pP P
3 P P P _ 
2  PK_B_P_
1 _ _R_ _ 

  abcdefgh
8  _ r _k_
7 _ _ _ _ 
6  _ _ pp_
5 _p_p_b_p
4 P_p_pP P
3 _ P P _ 
2  PK_B_P_
1 _ _R_ _ 

  abcdefgh
8  _ r _k_
7 _ _ _ _ 
6  _ _bpp_
5 _p_p_ _p
4 P_p_pP P
3 _ P P _ 
2  PK_B_P_
1 _ _R_ _ 

  abcdefgh
8  _ r _k_
7 _ _ _ _ 
6  _ _bpp_
5 _P_p_ _p
4  _p_pP P
3 _ P P _ 
2  PK_B_P_
1 _ _R_ _ 

  abcdefgh
8  r _ _k_
7 _ _ _ _ 
6  _ _bpp_
5 _P_p_ _p
4  _p_pP P
3 _ P P _ 
2  PK_B_P_
1 _ _R_ _ 

  abcdefgh
8  r _ _k_
7 _ _ _ _ 
6  _ _bpp_
5 _P_p_ _p
4  Pp_pP P
3 _ P P _ 
2  _K_B_P_
1 _ _R_ _ 

  abcdefgh
8  _ _ _k_
7 _ _ _ _ 
6  _ _bpp_
5 _r_p_ _p
4  Pp_pP P
3 _ P P _ 
2  _K_B_P_
1 _ _R_ _ 

  abcdefgh
8  _ _ _k_
7 _ _ _ _ 
6  _ _bpp_
5 _r_p_ _p
4  Pp_pP P
3 _ P P _ 
2  _K_B_P_
1 R _ _ _ 

  abcdefgh
8  _ _ _k_
7 _r_ _ _ 
6  _ _bpp_
5 _ _p_ _p
4  Pp_pP P
3 _ P P _ 
2  _K_B_P_
1 R _ _ _ 

  abcdefgh
8  _ _ _k_
7 _r_ _ _ 
6  _ _bpp_
5 R _p_ _p
4  Pp_pP P
3 _ P P _ 
2  _K_B_P_
1 _ _ _ _ 

  abcdefgh
8  _ _ k _
7 _r_ _ _ 
6  _ _bpp_
5 R _p_ _p
4  Pp_pP P
3 _ P P _ 
2  _K_B_P_
1 _ _ _ _ 

  abcdefgh
8  _ _ k _
7 _r_ _ _ 
6  _ _bpp_
5 R _p_ _p
4  Pp_pP P
3 _ P P _ 
2  K _B_P_
1 _ _ _ _ 

  abcdefgh
8  _ _ k _
7 _r_ _ _ 
6  _ _bp _
5 R _p_ pp
4  Pp_pP P
3 _ P P _ 
2  K _B_P_
1 _ _ _ _ 

  abcdefgh
8  _ _ k _
7 _r_ _ _ 
6 R_ _bp _
5 _ _p_ pp
4  Pp_pP P
3 _ P P _ 
2  K _B_P_
1 _ _ _ _ 

  abcdefgh
8  _ _ _ _
7 _r_ k _ 
6 R_ _bp _
5 _ _p_ pp
4  Pp_pP P
3 _ P P _ 
2  K _B_P_
1 _ _ _ _ 

  abcdefgh
8  _ _ _ _
7 _r_ k _ 
6 R_ _bp _
5 _ _p_ Pp
4  Pp_p_ P
3 _ P P _ 
2  K _B_P_
1 _ _ _ _ 

  abcdefgh
8  _ _ _ _
7 _r_ k _ 
6 R_ _b_ _
5 _ _p_ pp
4  Pp_p_ P
3 _ P P _ 
2  K _B_P_
1 _ _ _ _ 

  abcdefgh
8  _ _ _ _
7 _r_ k _ 
6 R_ _b_ _
5 _ _p_ Pp
4  Pp_p_ _
3 _ P P _ 
2  K _B_P_
1 _ _ _ _ 

  abcdefgh
8  _ _ _ _
7 _r_ k _ 
6 R_ _b_ _
5 _ _p_ P 
4  Pp_p_ p
3 _ P P _ 
2  K _B_P_
1 _ _ _ _ 

  abcdefgh
8 R_ _ _ _
7 _r_ k _ 
6  _ _b_ _
5 _ _p_ P 
4  Pp_p_ p
3 _ P P _ 
2  K _B_P_
1 _ _ _ _ 

  abcdefgh
8 R_ _ _ _
7 _r_ _ _ 
6  _ kb_ _
5 _ _p_ P 
4  Pp_p_ p
3 _ P P _ 
2  K _B_P_
1 _ _ _ _ 

  abcdefgh
8 R_ _ _ _
7 _r_ _ _ 
6  _ kb_ _
5 _ _p_ PB
4  Pp_p_ p
3 _ P P _ 
2  K _ _P_
1 _ _ _ _ 

  abcdefgh
8 R_ _ _ _
7 _r_ _ _ 
6  _ _b_ _
5 _ _pk PB
4  Pp_p_ p
3 _ P P _ 
2  K _ _P_
1 _ _ _ _ 

  abcdefgh
8 R_ _B_ _
7 _r_ _ _ 
6  _ _b_ _
5 _ _pk P 
4  Pp_p_ p
3 _ P P _ 
2  K _ _P_
1 _ _ _ _ 

  abcdefgh
8 R_ _B_ _
7 _r_ _ _ 
6  _ _b_ _
5 _ _p_kP 
4  Pp_p_ p
3 _ P P _ 
2  K _ _P_
1 _ _ _ _ 

  abcdefgh
8 R_ _B_ _
7 _r_ _ _ 
6  _ _b_P_
5 _ _p_k_ 
4  Pp_p_ p
3 _ P P _ 
2  K _ _P_
1 _ _ _ _ 

  abcdefgh
8 R_ _B_ _
7 _r_b_ _ 
6  _ _ _P_
5 _ _p_k_ 
4  Pp_p_ p
3 _ P P _ 
2  K _ _P_
1 _ _ _ _ 

  abcdefgh
8 R_ _ _ _
7 _r_b_B_ 
6  _ _ _P_
5 _ _p_k_ 
4  Pp_p_ p
3 _ P P _ 
2  K _ _P_
1 _ _ _ _ 

  abcdefgh
8 R_ _ _ _
7 _r_ _B_ 
6  _ _b_P_
5 _ _p_k_ 
4  Pp_p_ p
3 _ P P _ 
2  K _ _P_
1 _ _ _ _ 

  abcdefgh
8  _ _ R _
7 _r_ _B_ 
6  _ _b_P_
5 _ _p_k_ 
4  Pp_p_ p
3 _ P P _ 
2  K _ _P_
1 _ _ _ _ 

  abcdefgh
8  _ _ R _
7 _r_ _B_ 
6  _ _bkP_
5 _ _p_ _ 
4  Pp_p_ p
3 _ P P _ 
2  K _ _P_
1 _ _ _ _ 

  abcdefgh
8  _ _BR _
7 _r_ _ _ 
6  _ _bkP_
5 _ _p_ _ 
4  Pp_p_ p
3 _ P P _ 
2  K _ _P_
1 _ _ _ _ 

  abcdefgh
8  _ _BR _
7 _r_ _ k 
6  _ _b_P_
5 _ _p_ _ 
4  Pp_p_ p
3 _ P P _ 
2  K _ _P_
1 _ _ _ _ 

  abcdefgh
8  _ _B_ _
7 _r_ _ k 
6  _ _b_P_
5 _ _p_ _ 
4  Pp_pR p
3 _ P P _ 
2  K _ _P_
1 _ _ _ _ 

  abcdefgh
8  r _B_ _
7 _ _ _ k 
6  _ _b_P_
5 _ _p_ _ 
4  Pp_pR p
3 _ P P _ 
2  K _ _P_
1 _ _ _ _ 

  abcdefgh
8  r _ _ _
7 _ _ _ k 
6  _B_b_P_
5 _ _p_ _ 
4  Pp_pR p
3 _ P P _ 
2  K _ _P_
1 _ _ _ _ 

  abcdefgh
8  r _ _ _
7 _ _ _ _ 
6  _B_b_k_
5 _ _p_ _ 
4  Pp_pR p
3 _ P P _ 
2  K _ _P_
1 _ _ _ _ 

  abcdefgh
8  r _ _ _
7 _ _ _ _ 
6  _B_b_k_
5 _P_p_ _ 
4  _p_pR p
3 _ P P _ 
2  K _ _P_
1 _ _ _ _ 

  abcdefgh
8  r _ _ _
7 _ _ _ _ 
6  _B_b_ _
5 _P_p_ k 
4  _p_pR p
3 _ P P _ 
2  K _ _P_
1 _ _ _ _ 

  abcdefgh
8  r _ _ _
7 _ _ _ _ 
6  _B_b_ _
5 _P_p_ k 
4  _p_pR p
3 K P P _ 
2  _ _ _P_
1 _ _ _ _ 

  abcdefgh
8  _r_ _ _
7 _ _ _ _ 
6  _B_b_ _
5 _P_p_ k 
4  _p_pR p
3 K P P _ 
2  _ _ _P_
1 _ _ _ _ 

  abcdefgh
8  _r_ _ _
7 _ _ _ _ 
6  _B_b_ _
5 _P_p_ k 
4  Kp_pR p
3 _ P P _ 
2  _ _ _P_
1 _ _ _ _ 

  abcdefgh
8  _ r _ _
7 _ _ _ _ 
6  _B_b_ _
5 _P_p_ k 
4  Kp_pR p
3 _ P P _ 
2  _ _ _P_
1 _ _ _ _ 

  abcdefgh
8  _ r _ _
7 _ _ _ _ 
6  PB_b_ _
5 _ _p_ k 
4  Kp_pR p
3 _ P P _ 
2  _ _ _P_
1 _ _ _ _ 

  abcdefgh
8  _ r _ _
7 _ _ _ _ 
6  PB_b_ _
5 _ _ _ k 
4  KpppR p
3 _ P P _ 
2  _ _ _P_
1 _ _ _ _ 

  abcdefgh
8  _ r _ _
7 _ _ _ _ 
6  PB_b_ _
5 _ _ _ k 
4  KpPpR p
3 _ _ P _ 
2  _ _ _P_
1 _ _ _ _ 

  abcdefgh
8  _ _ _ _
7 _ _ _ _ 
6  PB_b_ _
5 _ _ _ k 
4  KprpR p
3 _ _ P _ 
2  _ _ _P_
1 _ _ _ _ 

  abcdefgh
8  _ _ _ _
7 _ _ _ _ 
6  PB_b_ _
5 _ _ _ k 
4  KprR_ p
3 _ _ P _ 
2  _ _ _P_
1 _ _ _ _ 

  abcdefgh
8  _ _ _ _
7 _ _ _ _ 
6  PB_b_ _
5 _ _ _ k 
4  Kp_R_ p
3 _ _ P _ 
2  _ r _P_
1 _ _ _ _ 

  abcdefgh
8  _ _ _ _
7 _ _ _ _ 
6  PB_R_ _
5 _ _ _ k 
4  Kp_ _ p
3 _ _ P _ 
2  _ r _P_
1 _ _ _ _ 

  abcdefgh
8  _ _ _ _
7 _ _ _ _ 
6  PB_R_ _
5 _ _ _ k 
4  Kp_ _ p
3 _ _ P _ 
2  r _ _P_
1 _ _ _ _ 

  abcdefgh
8  _ _ _ _
7 _ _ _ _ 
6  PB_R_ _
5 K _ _ k 
4  _p_ _ p
3 _ _ P _ 
2  r _ _P_
1 _ _ _ _ 

  abcdefgh
8  _ _ _ _
7 _ _ _ _ 
6  PB_R_ _
5 K _ _k_ 
4  _p_ _ p
3 _ _ P _ 
2  r _ _P_
1 _ _ _ _ 

  abcdefgh
8  _ _ _ _
7 _ _ _ _ 
6  PB_ _ _
5 K _ _k_ 
4  _p_R_ p
3 _ _ P _ 
2  r _ _P_
1 _ _ _ _ 

  abcdefgh
8  _ _ _ _
7 _ _ _ _ 
6  PB_ _ _
5 K _ _k_ 
4  _p_R_ _
3 _ _ P _p
2  r _ _P_
1 _ _ _ _ 

  abcdefgh
8  _ _ _ _
7 _ _ _ _ 
6  PB_ _ _
5 K _ _k_ 
4  _p_R_ _
3 _ _ P _P
2  r _ _ _
1 _ _ _ _ 

  abcdefgh
8  _ _ _ _
7 _ _ _ _ 
6  PB_ _ _
5 K _ _k_ 
4  _ _R_ _
3 _ p P _P
2  r _ _ _
1 _ _ _ _ 

  abcdefgh
8  _ _ _ _
7 _ _ _ _ 
6  PB_ _ _
5 K _ _k_ 
4  _R_ _ _
3 _ p P _P
2  r _ _ _
1 _ _ _ _ 

  abcdefgh
8  _ _ _ _
7 _ _ _ _ 
6  PB_ _ _
5 K _ _k_ 
4  _R_ _ _
3 _ _ P _P
2  rp_ _ _
1 _ _ _ _ 

  abcdefgh
8  _ _ _ _
7 _ _ _ _ 
6  P _ _ _
5 K _ _k_ 
4 B_R_ _ _
3 _ _ P _P
2  rp_ _ _
1 _ _ _ _ 

  abcdefgh
8  _ _ _ _
7 _ _ _ _ 
6  P _ _ _
5 K _ _k_ 
4 B_R_ _ _
3 _ _ P _P
2  r _ _ _
1 _ r _ _ 

  abcdefgh
8  _ _ _ _
7 _ _ _ _ 
6  P _ _ _
5 K _ _k_ 
4 B_ _ _ _
3 _ _ P _P
2  r _ _ _
1 _ R _ _ 

  abcdefgh
8  _ _ _ _
7 _ _ _ _ 
6  P _ _ _
5 K _ _ k 
4 B_ _ _ _
3 _ _ P _P
2  r _ _ _
1 _ R _ _ 

  abcdefgh
8  _ _ _ _
7 _ _ _ _ 
6  P _ _ _
5 K R _ k 
4 B_ _ _ _
3 _ _ P _P
2  r _ _ _
1 _ _ _ _ 

  abcdefgh
8  _ _ _ _
7 _ _ _ _ 
6  P _ k _
5 K R _ _ 
4 B_ _ _ _
3 _ _ P _P
2  r _ _ _
1 _ _ _ _ 

  abcdefgh
8  _ _ _ _
7 _ _ _ _ 
6  P _ k _
5 K _ _ _ 
4 B_ _ _ _
3 _ R P _P
2  r _ _ _
1 _ _ _ _ 

  abcdefgh
8  _ _ _ _
7 _ _ _ _ 
6  P _ k _
5 K _ _ _ 
4 B_ _ _ _
3 _ R P _P
2  _ _ _ _
1 _r_ _ _ 

  abcdefgh
8  _ _ _ _
7 _ _ _ _ 
6  P _ k _
5 K _ _ _ 
4 B_ _ _ P
3 _ R P _ 
2  _ _ _ _
1 _r_ _ _ 

  abcdefgh
8  _ _ _ _
7 _ _ _ k 
6  P _ _ _
5 K _ _ _ 
4 B_ _ _ P
3 _ R P _ 
2  _ _ _ _
1 _r_ _ _ 

  abcdefgh
8  _ _ _ _
7 _ _ _ k 
6  P _ _ _
5 KB_ _ _ 
4  _ _ _ P
3 _ R P _ 
2  _ _ _ _
1 _r_ _ _ 

  abcdefgh
8  _ _ _ _
7 _ _ _ k 
6  P _ _ _
5 KB_ _ _ 
4  _ _ _ P
3 _ R P _ 
2  _ _ _ _
1 r _ _ _ 

  abcdefgh
8  _ _ _ _
7 _ _ _ k 
6  P _ _ _
5 _B_ _ _ 
4  K _ _ P
3 _ R P _ 
2  _ _ _ _
1 r _ _ _ 

  abcdefgh
8  _ _ _ _
7 _ _ _ _ 
6  P _ _ k
5 _B_ _ _ 
4  K _ _ P
3 _ R P _ 
2  _ _ _ _
1 r _ _ _ 

  abcdefgh
8  _ _ _ _
7 _P_ _ _ 
6  _ _ _ k
5 _B_ _ _ 
4  K _ _ P
3 _ R P _ 
2  _ _ _ _
1 r _ _ _ 

  abcdefgh
8  _ _ _ _
7 _P_ _ _ 
6  _ _ _ _
5 _B_ _ _k
4  K _ _ P
3 _ R P _ 
2  _ _ _ _
1 r _ _ _ 

  abcdefgh
8  _ _ _ _
7 _P_ _ _ 
6  _ _ _ _
5 _BK _ _k
4  _ _ _ P
3 _ R P _ 
2  _ _ _ _
1 r _ _ _ 

  abcdefgh
8  _ _ _ _
7 _P_ _ _ 
6  _ _ _ _
5 _BK _ _k
4  _ _ _ P
3 _ R P _ 
2  _ _ _ _
1 _ _ _ r 

  abcdefgh
8  _ _ _ _
7 _P_ _ _ 
6  _ _ _ _
5 _BK _ _k
4  _ _P_ P
3 _ R _ _ 
2  _ _ _ _
1 _ _ _ r 

  abcdefgh
8  _ _ _r_
7 _P_ _ _ 
6  _ _ _ _
5 _BK _ _k
4  _ _P_ P
3 _ R _ _ 
2  _ _ _ _
1 _ _ _ _ 

  abcdefgh
8  _ _ _r_
7 _P_ _ _ 
6  K _ _ _
5 _B_ _ _k
4  _ _P_ P
3 _ R _ _ 
2  _ _ _ _
1 _ _ _ _ 

  abcdefgh
8  _ _ _ _
7 _P_ _ _ 
6  K _ _ _
5 _B_ _ _k
4  _ _P_ P
3 _ R _ _ 
2  _ _ _ _
1 _ _ _ r 

  abcdefgh
8  _ _ _ _
7 _PK _ _ 
6  _ _ _ _
5 _B_ _ _k
4  _ _P_ P
3 _ R _ _ 
2  _ _ _ _
1 _ _ _ r 

  abcdefgh
8  _ _ _ _
7 _PK _ _ 
6  _ _ _ k
5 _B_ _ _ 
4  _ _P_ P
3 _ R _ _ 
2  _ _ _ _
1 _ _ _ r 

  abcdefgh
8  _ _ _ _
7 _PK _ _ 
6  _ _ _ k
5 _B_ _ _P
4  _ _P_ _
3 _ R _ _ 
2  _ _ _ _
1 _ _ _ r 

  abcdefgh
8  _ _ _ _
7 _PK _ _ 
6  _ _ _ k
5 _B_ _ rP
4  _ _P_ _
3 _ R _ _ 
2  _ _ _ _
1 _ _ _ _ 

  abcdefgh
8  _ _ _ _
7 _PKB_ _ 
6  _ _ _ k
5 _ _ _ rP
4  _ _P_ _
3 _ R _ _ 
2  _ _ _ _
1 _ _ _ _ 

  abcdefgh
8  _ _ _ _
7 _PKB_ r 
6  _ _ _ k
5 _ _ _ _P
4  _ _P_ _
3 _ R _ _ 
2  _ _ _ _
1 _ _ _ _ 

  abcdefgh
8  _ _ _ _
7 _PKB_ r 
6  _R_ _ k
5 _ _ _ _P
4  _ _P_ _
3 _ _ _ _ 
2  _ _ _ _
1 _ _ _ _ 

  abcdefgh
8  _ _ _ _
7 _PKB_ rk
6  _R_ _ _
5 _ _ _ _P
4  _ _P_ _
3 _ _ _ _ 
2  _ _ _ _
1 _ _ _ _ 

  abcdefgh
8  _ _ _ _
7 _PKB_ rk
6  _ _ _R_
5 _ _ _ _P
4  _ _P_ _
3 _ _ _ _ 
2  _ _ _ _
1 _ _ _ _ 

  abcdefgh
8  _ _ _ _
7 _PKB_r_k
6  _ _ _R_
5 _ _ _ _P
4  _ _P_ _
3 _ _ _ _ 
2  _ _ _ _
1 _ _ _ _ 

  abcdefgh
8  Q _ _ _
7 _ KB_r_k
6  _ _ _R_
5 _ _ _ _P
4  _ _P_ _
3 _ _ _ _ 
2  _ _ _ _
1 _ _ _ _ 

  abcdefgh
8  Q _ _ _
7 _ Kr_ _k
6  _ _ _R_
5 _ _ _ _P
4  _ _P_ _
3 _ _ _ _ 
2  _ _ _ _
1 _ _ _ _ 

  abcdefgh
8  Q _ _ _
7 _ _r_ _k
6  K _ _R_
5 _ _ _ _P
4  _ _P_ _
3 _ _ _ _ 
2  _ _ _ _
1 _ _ _ _ 

  abcdefgh
8  Q _ _ _
7 _ _ _ rk
6  K _ _R_
5 _ _ _ _P
4  _ _P_ _
3 _ _ _ _ 
2  _ _ _ _
1 _ _ _ _ 

  abcdefgh
8  Q _ _ _
7 _ _ _ Rk
6  K _ _ _
5 _ _ _ _P
4  _ _P_ _
3 _ _ _ _ 
2  _ _ _ _
1 _ _ _ _ 

  abcdefgh
8  Q _ _ _
7 _ _ _ k 
6  K _ _ _
5 _ _ _ _P
4  _ _P_ _
3 _ _ _ _ 
2  _ _ _ _
1 _ _ _ _ 

  abcdefgh
8  _ _ _ _
7 _ _ _ k 
6  K _ _ _
5 _ _ Q _P
4  _ _P_ _
3 _ _ _ _ 
2  _ _ _ _
1 _ _ _ _ 

  abcdefgh
8  _ _ _ _
7 _ _ _ _ 
6  K _ _ k
5 _ _ Q _P
4  _ _P_ _
3 _ _ _ _ 
2  _ _ _ _
1 _ _ _ _ 

  abcdefgh
8  _ _ _ _
7 _ K _ _ 
6  _ _ _ k
5 _ _ Q _P
4  _ _P_ _
3 _ _ _ _ 
2  _ _ _ _
1 _ _ _ _ 

  abcdefgh
8  _ _ _ _
7 _ K _ _k
6  _ _ _ _
5 _ _ Q _P
4  _ _P_ _
3 _ _ _ _ 
2  _ _ _ _
1 _ _ _ _ 

  abcdefgh
8  _ _ _ _
7 _ K _ _k
6  _ _ _ _
5 _ _ _ _P
4  _ _P_ _
3 _ _ _ Q 
2  _ _ _ _
1 _ _ _ _ 

  abcdefgh
8  _ _ _ k
7 _ K _ _ 
6  _ _ _ _
5 _ _ _ _P
4  _ _P_ _
3 _ _ _ Q 
2  _ _ _ _
1 _ _ _ _ 

  abcdefgh
8  _ _ _ k
7 _ K _ _ 
6  _ _ _ P
5 _ _ _ _ 
4  _ _P_ _
3 _ _ _ Q 
2  _ _ _ _
1 _ _ _ _ 

  abcdefgh
8  _ _ _ _
7 _ K _ _k
6  _ _ _ P
5 _ _ _ _ 
4  _ _P_ _
3 _ _ _ Q 
2  _ _ _ _
1 _ _ _ _ 

  abcdefgh
8  _ _ _ _
7 _ K _ Qk
6  _ _ _ P
5 _ _ _ _ 
4  _ _P_ _
3 _ _ _ _ 
2  _ _ _ _
1 _ _ _ _ 

  abcdefgh
CTRL-D detected
