8 rnbqkbnr
7 pppppppp
6  _ _ _ _
5 _ _ _ _ 
4  _ _ _ _
3 _ _ _N_ 
2 PPPPPPPP
1 RNBQKB_R

  abcdefgh
8 rnbqkbnr
7 ppp pppp
6  _ _ _ _
5 _ _p_ _ 
4  _ _ _ _
3 _ _ _N_ 
2 PPPPPPPP
1 RNBQKB_R

  abcdefgh
8 rnbqkbnr
7 ppp pppp
6  _ _ _ _
5 _ _p_ _ 
4  _P_ _ _
3 _ _ _N_ 
2 PP PPPPP
1 RNBQKB_R

  abcdefgh
8 rnbqkbnr
7 ppp pppp
6  _ _ _ _
5 _ _ _ _ 
4  _Pp _ _
3 _ _ _N_ 
2 PP PPPPP
1 RNBQKB_R

  abcdefgh
8 rnbqkbnr
7 ppp pppp
6  _ _ _ _
5 _ _ _ _ 
4  PPp _ _
3 _ _ _N_ 
2 P_ PPPPP
1 RNBQKB_R

  abcdefgh
8 rnbqkbnr
7 ppp pp_p
6  _ _ _p_
5 _ _ _ _ 
4  PPp _ _
3 _ _ _N_ 
2 P_ PPPPP
1 RNBQKB_R

  abcdefgh
8 rnbqkbnr
7 ppp pp_p
6  _ _ _p_
5 _ _ _ _ 
4  PPp _ _
3 _ _ _NP 
2 P_ PPP P
1 RNBQKB_R

  abcdefgh
8 rnbqk_nr
7 ppp ppbp
6  _ _ _p_
5 _ _ _ _ 
4  PPp _ _
3 _ _ _NP 
2 P_ PPP P
1 RNBQKB_R

  abcdefgh
8 rnbqk_nr
7 ppp ppbp
6  _ _ _p_
5 _ _ _ _ 
4  PPp _ _
3 _ _P_NP 
2 P_ _PP P
1 RNBQKB_R

  abcdefgh
8 rnbqk_nr
7 ppp _pbp
6  _ _ _p_
5 _ _ p _ 
4  PPp _ _
3 _ _P_NP 
2 P_ _PP P
1 RNBQKB_R

  abcdefgh
8 rnbqk_nr
7 ppp _pbp
6  _ _ _p_
5 _ _ p _ 
4  PPp _ _
3 _ _P_NP 
2 P_ _PPBP
1 RNBQK _R

  abcdefgh
8 r_bqk_nr
7 pppn_pbp
6  _ _ _p_
5 _ _ p _ 
4  PPp _ _
3 _ _P_NP 
2 P_ _PPBP
1 RNBQK _R

  abcdefgh
8 r_bqk_nr
7 pppn_pbp
6  _ _ _p_
5 _ _ p _ 
4 PPPp _ _
3 _ _P_NP 
2  _ _PPBP
1 RNBQK _R

  abcdefgh
8 r_bqk_ r
7 pppn_pbp
6  _ _ np_
5 _ _ p _ 
4 PPPp _ _
3 _ _P_NP 
2  _ _PPBP
1 RNBQK _R

  abcdefgh
8 r_bqk_ r
7 pppn_pbp
6  _ _ np_
5 _ _ p _ 
4 PPPp _ _
3 _ _P_NP 
2  _ NPPBP
1 R BQK _R

  abcdefgh
was here
8 r_bq rk_
7 pppn_pbp
6  _ _ np_
5 _ _ p _ 
4 PPPp _ _
3 _ _P_NP 
2  _ NPPBP
1 R BQK _R

  abcdefgh
8 r_bq rk_
7 pppn_pbp
6  _ _ np_
5 P _ p _ 
4  PPp _ _
3 _ _P_NP 
2  _ NPPBP
1 R BQK _R

  abcdefgh
8 r_bqr_k_
7 pppn_pbp
6  _ _ np_
5 P _ p _ 
4  PPp _ _
3 _ _P_NP 
2  _ NPPBP
1 R BQK _R

  abcdefgh
was here
8 r_bqr_k_
7 pppn_pbp
6  _ _ np_
5 P _ p _ 
4  PPp _ _
3 _ _P_NP 
2  _ NPPBP
1 R BQ_RK 

  abcdefgh
8  rbqr_k_
7 pppn_pbp
6  _ _ np_
5 P _ p _ 
4  PPp _ _
3 _ _P_NP 
2  _ NPPBP
1 R BQ_RK 

  abcdefgh
8  rbqr_k_
7 pppn_pbp
6  _ _ np_
5 P _ p _ 
4  PPp _ _
3 _ _P_ P 
2  _ NPPBP
1 R BQNRK 

  abcdefgh
8  rbqr_k_
7 pp_n_pbp
6  _ _ np_
5 P p p _ 
4  PPp _ _
3 _ _P_ P 
2  _ NPPBP
1 R BQNRK 

  abcdefgh
8  rbqr_k_
7 pp_n_pbp
6  _ _ np_
5 P p p _ 
4  PPp _ _
3 _ _P_ P 
2  _NNPPBP
1 R BQ_RK 

  abcdefgh
8  rbqr_k_
7 pp_n_pb 
6  _ _ np_
5 P p p _p
4  PPp _ _
3 _ _P_ P 
2  _NNPPBP
1 R BQ_RK 

  abcdefgh
8  rbqr_k_
7 pp_n_pb 
6  _ _ np_
5 P p p _p
4  PPp _ _
3 _N_P_ P 
2  _N_PPBP
1 R BQ_RK 

  abcdefgh
8  rbqr_k_
7 p _n_pb 
6  _ _ np_
5 Ppp p _p
4  PPp _ _
3 _N_P_ P 
2  _N_PPBP
1 R BQ_RK 

  abcdefgh
was here
8  rbqr_k_
7 p _n_pb 
6  P _ np_
5 _ p p _p
4  PPp _ _
3 _N_P_ P 
2  _N_PPBP
1 R BQ_RK 

  abcdefgh
8  rb_r_k_
7 p _n_pb 
6  q _ np_
5 _ p p _p
4  PPp _ _
3 _N_P_ P 
2  _N_PPBP
1 R BQ_RK 

  abcdefgh
8  rb_r_k_
7 p _n_pb 
6  q _ np_
5 _ p p _p
4  PPp _ _
3 _N_PP P 
2  _N_ PBP
1 R BQ_RK 

  abcdefgh
8  rb_r_k_
7 p _n_pb 
6  q _ np_
5 _ _ p _p
4  pPp _ _
3 _N_PP P 
2  _N_ PBP
1 R BQ_RK 

  abcdefgh
8  rb_r_k_
7 p _n_pb 
6  q _ np_
5 _ _ p _p
4  pPP _ _
3 _N_P_ P 
2  _N_ PBP
1 R BQ_RK 

  abcdefgh
8  rb_rbk_
7 p _n_p_ 
6  q _ np_
5 _ _ p _p
4  pPP _ _
3 _N_P_ P 
2  _N_ PBP
1 R BQ_RK 

  abcdefgh
8  rb_rbk_
7 p _n_p_ 
6  q _ np_
5 _ _ p _p
4  pPP _ _
3 _N_PB P 
2  _N_ PBP
1 R _Q_RK 

  abcdefgh
8  rb_rbk_
7 p _n_p_ 
6  q _ np_
5 _ _ _ _p
4  pPp _ _
3 _N_PB P 
2  _N_ PBP
1 R _Q_RK 

  abcdefgh
8  rb_rbk_
7 p _n_p_ 
6  q _ np_
5 _ _ _ _p
4  pPB _ _
3 _N_P_ P 
2  _N_ PBP
1 R _Q_RK 

  abcdefgh
8  rb_rbk_
7 p _ _p_ 
6  q _ np_
5 _ n _ _p
4  pPB _ _
3 _N_P_ P 
2  _N_ PBP
1 R _Q_RK 

  abcdefgh
8  rb_rbk_
7 p _ _p_ 
6  q _ np_
5 R n _ _p
4  pPB _ _
3 _N_P_ P 
2  _N_ PBP
1 _ _Q_RK 

  abcdefgh
8  r _rbk_
7 p _ _p_ 
6  q _ np_
5 R n _ _p
4  pPB _b_
3 _N_P_ P 
2  _N_ PBP
1 _ _Q_RK 

  abcdefgh
8  r _rbk_
7 p _ _p_ 
6  q _ np_
5 R n _ _p
4  pPB _b_
3 _N_P_PP 
2  _N_ _BP
1 _ _Q_RK 

  abcdefgh
8  r _rbk_
7 p _ _p_ 
6  q _ np_
5 R _ _ _p
4  pPB _b_
3 _n_P_PP 
2  _N_ _BP
1 _ _Q_RK 

  abcdefgh
8  r _rbk_
7 p _ _p_ 
6  B _ np_
5 R _ _ _p
4  pP_ _b_
3 _n_P_PP 
2  _N_ _BP
1 _ _Q_RK 

  abcdefgh
8  _ _rbk_
7 p _ _p_ 
6  r _ np_
5 R _ _ _p
4  pP_ _b_
3 _n_P_PP 
2  _N_ _BP
1 _ _Q_RK 

  abcdefgh
8  _ _rbk_
7 p _ _p_ 
6  r _ np_
5 R P _ _p
4  p _ _b_
3 _n_P_PP 
2  _N_ _BP
1 _ _Q_RK 

  abcdefgh
8  _ _rbk_
7 p _ _p_ 
6  _ _rnp_
5 R P _ _p
4  p _ _b_
3 _n_P_PP 
2  _N_ _BP
1 _ _Q_RK 

  abcdefgh
8  _ _rbk_
7 p _ _p_ 
6  _ _rnp_
5 R P _ _p
4  p _ _P_
3 _n_P_ P 
2  _N_ _BP
1 _ _Q_RK 

  abcdefgh
8  _ _rbk_
7 p _ _p_ 
6  _ _rnp_
5 n P _ _p
4  p _ _P_
3 _ _P_ P 
2  _N_ _BP
1 _ _Q_RK 

  abcdefgh
8  _ _rbk_
7 p _ _p_ 
6  _ _rnp_
5 n P _ _P
4  p _ _ _
3 _ _P_ P 
2  _N_ _BP
1 _ _Q_RK 

  abcdefgh
8  _ _rbk_
7 p _ _p_ 
6  _ _r_p_
5 n P _ _n
4  p _ _ _
3 _ _P_ P 
2  _N_ _BP
1 _ _Q_RK 

  abcdefgh
8  _ _rbk_
7 p _ _p_ 
6  _ _r_p_
5 n PB_ _n
4  p _ _ _
3 _ _P_ P 
2  _N_ _ P
1 _ _Q_RK 

  abcdefgh
8  _ _rbk_
7 p _ _p_ 
6  _ _r_p_
5 n PB_ _n
4  _ _ _ _
3 _p_P_ P 
2  _N_ _ P
1 _ _Q_RK 

  abcdefgh
8  _ _rbk_
7 p _ _p_ 
6  _ _B_p_
5 n P _ _n
4  _ _ _ _
3 _p_P_ P 
2  _N_ _ P
1 _ _Q_RK 

  abcdefgh
8  _ _ bk_
7 p _ _p_ 
6  _ _r_p_
5 n P _ _n
4  _ _ _ _
3 _p_P_ P 
2  _N_ _ P
1 _ _Q_RK 

  abcdefgh
8  _ _ bk_
7 p _ _p_ 
6  _ _r_p_
5 n P _ _n
4  _ _ _ _
3 _p_P_ P 
2  _ _ _ P
1 N _Q_RK 

  abcdefgh
8  _ _ bk_
7 p _ _p_ 
6  _ _r_p_
5 n P _ _n
4  _ _ _ _
3 _ _P_ P 
2  p _ _ P
1 N _Q_RK 

  abcdefgh
8  _ _ bk_
7 p _ _p_ 
6  _ _r_p_
5 n P _ _n
4  _ P _ _
3 _ _ _ P 
2  p _ _ P
1 N _Q_RK 

  abcdefgh
8  _ _ bk_
7 p _ _p_ 
6  _ _r_p_
5 _ P _ _n
4  _nP _ _
3 _ _ _ P 
2  p _ _ P
1 N _Q_RK 

  abcdefgh
8  _ _ bk_
7 p _ _p_ 
6  _ _r_p_
5 _ P _ _n
4  _nP _ _
3 _N_ _ P 
2  p _ _ P
1 _ _Q_RK 

  abcdefgh
8  _ _ bk_
7 p _ _p_ 
6  _ _ rp_
5 _ P _ _n
4  _nP _ _
3 _N_ _ P 
2  p _ _ P
1 _ _Q_RK 

  abcdefgh
8  _ _ bk_
7 p _ _p_ 
6  _ _ rp_
5 _ P _ _n
4  _nP _ _
3 _N_ _ P 
2  p _ _ P
1 _ _QR K 

  abcdefgh
8  _ _ _k_
7 p _ _p_ 
6  _ _ rpb
5 _ P _ _n
4  _nP _ _
3 _N_ _ P 
2  p _ _ P
1 _ _QR K 

  abcdefgh
8  _ _ _k_
7 p _ _p_ 
6  _ _ rpb
5 _ P _ _n
4  _nP _ _
3 _N_Q_ P 
2  p _ _ P
1 _ _ R K 

  abcdefgh
8  _ _ _k_
7 p _ _p_ 
6  _ _ rpb
5 _ P _ _n
4  _ P _ _
3 nN_Q_ P 
2  p _ _ P
1 _ _ R K 

  abcdefgh
8  _ _ _k_
7 p _ _p_ 
6  _ _ rpb
5 _ PP_ _n
4  _ _ _ _
3 nN_Q_ P 
2  p _ _ P
1 _ _ R K 

  abcdefgh
8  _ _ _k_
7 p _ _p_ 
6  _ _ rp_
5 _ PP_ bn
4  _ _ _ _
3 nN_Q_ P 
2  p _ _ P
1 _ _ R K 

  abcdefgh
8  _ _ _k_
7 p _ _p_ 
6  _P_ rp_
5 _ _P_ bn
4  _ _ _ _
3 nN_Q_ P 
2  p _ _ P
1 _ _ R K 

  abcdefgh
8  _ _ _k_
7 p _ _p_ 
6  _P_ rp_
5 _ _P_ _n
4  _ _ b _
3 nN_Q_ P 
2  p _ _ P
1 _ _ R K 

  abcdefgh
8  _ _ _k_
7 p _ _p_ 
6  _P_ rp_
5 _ _P_ _n
4  _ Q b _
3 nN_ _ P 
2  p _ _ P
1 _ _ R K 

  abcdefgh
8  _ _ _k_
7 p _ _p_ 
6  _P_ rp_
5 _ _P_ _n
4  _ Q b _
3 nN_ _ P 
2  _ _ _ P
1 _q_ R K 

  abcdefgh
8  _ _ _k_
7 p _ _p_ 
6  _P_ rp_
5 _ _P_ _n
4  _ Q b _
3 nN_ _ P 
2  _ _ _ P
1 _R_ _ K 

  abcdefgh
8  _ _ _ _
7 p _ _pk 
6  _P_ rp_
5 _ _P_ _n
4  _ Q b _
3 nN_ _ P 
2  _ _ _ P
1 _R_ _ K 

  abcdefgh
8  _ _ _ _
7 p _ _pk 
6  _P_ rp_
5 _ _P_ _n
4  _ Q P _
3 nN_ _ _ 
2  _ _ _ P
1 _R_ _ K 

  abcdefgh
8  _ _ _ _
7 p _ _pk 
6  _P_ rp_
5 _ _P_ _ 
4  _ Q n _
3 nN_ _ _ 
2  _ _ _ P
1 _R_ _ K 

  abcdefgh
8  _ _ _ _
7 p _ _pk 
6  _P_ rp_
5 _ _P_ _ 
4  _ Q n _
3 nN_ _ _ 
2  R _ _ P
1 _ _ _ K 

  abcdefgh
8  _ _ _ _
7 p _ _pk 
6  _P_ rp_
5 _ _P_ _ 
4  _ Q _ _
3 nN_ _ _n
2  R _ _ P
1 _ _ _ K 

  abcdefgh
8  _ _ _ _
7 p _ _pk 
6  _P_ rp_
5 _ _P_ _ 
4  _ Q _ _
3 nN_ _ _n
2  R _ _ P
1 _ _ _ _K

  abcdefgh
8  _ _ _ _
7 p _ _pk 
6  _P_ rp_
5 _n_P_ _ 
4  _ Q _ _
3 _N_ _ _n
2  R _ _ P
1 _ _ _ _K

  abcdefgh
8  _ _ _ _
7 p _ _pk 
6  _P_ rp_
5 _n_PQ _ 
4  _ _ _ _
3 _N_ _ _n
2  R _ _ P
1 _ _ _ _K

  abcdefgh
8  _ _ _ _
7 p _ _pk 
6  _P_ rp_
5 _n_PQ n 
4  _ _ _ _
3 _N_ _ _ 
2  R _ _ P
1 _ _ _ _K

  abcdefgh
8  _ _ _ _
7 p _ _pk 
6  _P_ rp_
5 _n_P_ Q 
4  _ _ _ _
3 _N_ _ _ 
2  R _ _ P
1 _ _ _ _K

  abcdefgh
8  _ _ _ _
7 p _ _pk 
6  _P_ _p_
5 _n_P_ Q 
4  _ _ _ _
3 _N_ _ _ 
2  R _ _ P
1 _ _ _r_K

  abcdefgh
8  _ _ _ _
7 p _ _pk 
6  _P_ _p_
5 _n_P_ Q 
4  _ _ _ _
3 _N_ _ _ 
2  R _ _KP
1 _ _ _r_ 

  abcdefgh
8  _ _ _ _
7 p _ _pk 
6  _P_ _p_
5 _n_P_rQ 
4  _ _ _ _
3 _N_ _ _ 
2  R _ _KP
1 _ _ _ _ 

  abcdefgh
8  _ Q _ _
7 p _ _pk 
6  _P_ _p_
5 _n_P_r_ 
4  _ _ _ _
3 _N_ _ _ 
2  R _ _KP
1 _ _ _ _ 

  abcdefgh
8  _ Q _ _
7 p n _pk 
6  _P_ _p_
5 _ _P_r_ 
4  _ _ _ _
3 _N_ _ _ 
2  R _ _KP
1 _ _ _ _ 

  abcdefgh
8  _ Q _ _
7 p n _pk 
6  _PP _p_
5 _ _ _r_ 
4  _ _ _ _
3 _N_ _ _ 
2  R _ _KP
1 _ _ _ _ 

  abcdefgh
8  _ Q _ _
7 p _ _pk 
6  _PPn_p_
5 _ _ _r_ 
4  _ _ _ _
3 _N_ _ _ 
2  R _ _KP
1 _ _ _ _ 

  abcdefgh
8  _ Q _ _
7 p P _pk 
6  _ Pn_p_
5 _ _ _r_ 
4  _ _ _ _
3 _N_ _ _ 
2  R _ _KP
1 _ _ _ _ 

  abcdefgh
8  _ n _ _
7 p P _pk 
6  _ P _p_
5 _ _ _r_ 
4  _ _ _ _
3 _N_ _ _ 
2  R _ _KP
1 _ _ _ _ 

  abcdefgh
8  _ Q _ _
7 p _ _pk 
6  _ P _p_
5 _ _ _r_ 
4  _ _ _ _
3 _N_ _ _ 
2  R _ _KP
1 _ _ _ _ 

  abcdefgh
8  _ Q _ _
7 p _ _pk 
6  _ P _p_
5 _ _r_ _ 
4  _ _ _ _
3 _N_ _ _ 
2  R _ _KP
1 _ _ _ _ 

  abcdefgh
8  _ _ _ _
7 p _ Qpk 
6  _ P _p_
5 _ _r_ _ 
4  _ _ _ _
3 _N_ _ _ 
2  R _ _KP
1 _ _ _ _ 

  abcdefgh
8  _ _ _ _
7 p _ Qp_ 
6  _ P _pk
5 _ _r_ _ 
4  _ _ _ _
3 _N_ _ _ 
2  R _ _KP
1 _ _ _ _ 

  abcdefgh
8  _ _ _ _
7 p _ Qp_ 
6  _ P _pk
5 _ _r_ _ 
4  _ _ _ _
3 _N_ _ _ 
2  _ _ RKP
1 _ _ _ _ 

  abcdefgh
8  _ _ _ _
7 p _ Qp_ 
6  _ P _pk
5 _ _ _ r 
4  _ _ _ _
3 _N_ _ _ 
2  _ _ RKP
1 _ _ _ _ 

  abcdefgh
8  _ _ _ _
7 p _ Qp_ 
6  _ P _pk
5 _ _ _ r 
4  _ _ _ _
3 _N_ _ _ 
2  _ _ R P
1 _ _ _ _K

  abcdefgh
8  _ _ _ _
7 p _ Qp_ 
6  _ P _pk
5 _ _ _r_ 
4  _ _ _ _
3 _N_ _ _ 
2  _ _ R P
1 _ _ _ _K

  abcdefgh
8  _ _ _ _
7 p _ Qp_ 
6  _ P _pk
5 _ _ _R_ 
4  _ _ _ _
3 _N_ _ _ 
2  _ _ _ P
1 _ _ _ _K

  abcdefgh
8  _ _ _ _
7 p _ Qp_ 
6  _ P _ k
5 _ _ _p_ 
4  _ _ _ _
3 _N_ _ _ 
2  _ _ _ P
1 _ _ _ _K

  abcdefgh
8  _ _ _ _
7 p _PQp_ 
6  _ _ _ k
5 _ _ _p_ 
4  _ _ _ _
3 _N_ _ _ 
2  _ _ _ P
1 _ _ _ _K

  abcdefgh
8  _ _ _ _
7 p _PQp_ 
6  _ _ _ k
5 _ _ _ _ 
4  _ _ p _
3 _N_ _ _ 
2  _ _ _ P
1 _ _ _ _K

  abcdefgh
8  _ Q _ _
7 p _ Qp_ 
6  _ _ _ k
5 _ _ _ _ 
4  _ _ p _
3 _N_ _ _ 
2  _ _ _ P
1 _ _ _ _K

  abcdefgh
8  _ Q _ _
7 p _ Qp_ 
6  _ _ _ k
5 _ _ _ _ 
4  _ _ _ _
3 _N_ _p_ 
2  _ _ _ P
1 _ _ _ _K

  abcdefgh
8  _ Q _ _
7 p _ _p_ 
6  _ _ Q k
5 _ _ _ _ 
4  _ _ _ _
3 _N_ _p_ 
2  _ _ _ P
1 _ _ _ _K

  abcdefgh
8  _ Q _ _
7 p _ _p_k
6  _ _ Q _
5 _ _ _ _ 
4  _ _ _ _
3 _N_ _p_ 
2  _ _ _ P
1 _ _ _ _K

  abcdefgh
8  _ _ _ Q
7 p _ _p_k
6  _ _ Q _
5 _ _ _ _ 
4  _ _ _ _
3 _N_ _p_ 
2  _ _ _ P
1 _ _ _ _K

  abcdefgh
CTRL-D detected
