8 rnbqkbnr
7 pppppppp
6  _ _ _ _
5 _ _ _ _ 
4  _ _ _ _
3 _ _ _N_ 
2 PPPPPPPP
1 RNBQKB_R

  abcdefgh
8 rnbqkbnr
7 ppp pppp
6  _ _ _ _
5 _ _p_ _ 
4  _ _ _ _
3 _ _ _N_ 
2 PPPPPPPP
1 RNBQKB_R

  abcdefgh
8 rnbqkbnr
7 ppp pppp
6  _ _ _ _
5 _ _p_ _ 
4  _ _ _ _
3 _ _ _NP 
2 PPPPPP P
1 RNBQKB_R

  abcdefgh
8 rn qkbnr
7 ppp pppp
6  _ _ _ _
5 _ _p_ _ 
4  _ _ _b_
3 _ _ _NP 
2 PPPPPP P
1 RNBQKB_R

  abcdefgh
8 rn qkbnr
7 ppp pppp
6  _ _ _ _
5 _ _p_ _ 
4  _ _ _b_
3 _ _ _NP 
2 PPPPPPBP
1 RNBQK _R

  abcdefgh
8 r_ qkbnr
7 pppnpppp
6  _ _ _ _
5 _ _p_ _ 
4  _ _ _b_
3 _ _ _NP 
2 PPPPPPBP
1 RNBQK _R

  abcdefgh
was here
8 r_ qkbnr
7 pppnpppp
6  _ _ _ _
5 _ _p_ _ 
4  _ _ _b_
3 _ _ _NP 
2 PPPPPPBP
1 RNBQ_RK 

  abcdefgh
8 r_ qkbnr
7 pppn_ppp
6  _ _p_ _
5 _ _p_ _ 
4  _ _ _b_
3 _ _ _NP 
2 PPPPPPBP
1 RNBQ_RK 

  abcdefgh
8 r_ qkbnr
7 pppn_ppp
6  _ _p_ _
5 _ _p_ _ 
4  _ _ _b_
3 _ _P_NP 
2 PPP_PPBP
1 RNBQ_RK 

  abcdefgh
8 r_ qkb r
7 pppn_ppp
6  _ _pn _
5 _ _p_ _ 
4  _ _ _b_
3 _ _P_NP 
2 PPP_PPBP
1 RNBQ_RK 

  abcdefgh
8 r_ qkb r
7 pppn_ppp
6  _ _pn _
5 _ _p_ _ 
4  _ _ _b_
3 _P_P_NP 
2 P_P_PPBP
1 RNBQ_RK 

  abcdefgh
8 r_ qkb r
7 pp_n_ppp
6  _p_pn _
5 _ _p_ _ 
4  _ _ _b_
3 _P_P_NP 
2 P_P_PPBP
1 RNBQ_RK 

  abcdefgh
8 r_ qkb r
7 pp_n_ppp
6  _p_pn _
5 _ _p_ _ 
4  _ _ _b_
3 _P_P_NP 
2 P_PNPPBP
1 R BQ_RK 

  abcdefgh
8 r_ qk_ r
7 pp_nbppp
6  _p_pn _
5 _ _p_ _ 
4  _ _ _b_
3 _P_P_NP 
2 P_PNPPBP
1 R BQ_RK 

  abcdefgh
8 r_ qk_ r
7 pp_nbppp
6  _p_pn _
5 _ _p_ _ 
4  _ _ _b_
3 _P_P_NP 
2 PBPNPPBP
1 R _Q_RK 

  abcdefgh
8 r_ qk_ r
7 _p_nbppp
6  _p_pn _
5 p _p_ _ 
4  _ _ _b_
3 _P_P_NP 
2 PBPNPPBP
1 R _Q_RK 

  abcdefgh
8 r_ qk_ r
7 _p_nbppp
6  _p_pn _
5 p _p_ _ 
4  _ _ _b_
3 _P_P_NPP
2 PBPNPPB_
1 R _Q_RK 

  abcdefgh
8 r_ qk_ r
7 _p_nbppp
6  _p_pn _
5 p _p_ _b
4  _ _ _ _
3 _P_P_NPP
2 PBPNPPB_
1 R _Q_RK 

  abcdefgh
8 r_ qk_ r
7 _p_nbppp
6  _p_pn _
5 p _p_ _b
4  _ _ _P_
3 _P_P_N_P
2 PBPNPPB_
1 R _Q_RK 

  abcdefgh
8 r_ qk_ r
7 _p_nbppp
6  _p_pnb_
5 p _p_ _ 
4  _ _ _P_
3 _P_P_N_P
2 PBPNPPB_
1 R _Q_RK 

  abcdefgh
8 r_ qk_ r
7 _p_nbppp
6  _p_pnb_
5 p _p_ _ 
4  _ _ _PN
3 _P_P_ _P
2 PBPNPPB_
1 R _Q_RK 

  abcdefgh
was here
8 r_ q rk_
7 _p_nbppp
6  _p_pnb_
5 p _p_ _ 
4  _ _ _PN
3 _P_P_ _P
2 PBPNPPB_
1 R _Q_RK 

  abcdefgh
8 r_ q rk_
7 _p_nbppp
6  _p_pnN_
5 p _p_ _ 
4  _ _ _P_
3 _P_P_ _P
2 PBPNPPB_
1 R _Q_RK 

  abcdefgh
8 r_ q rk_
7 _p_nbpp 
6  _p_pnp_
5 p _p_ _ 
4  _ _ _P_
3 _P_P_ _P
2 PBPNPPB_
1 R _Q_RK 

  abcdefgh
8 r_ q rk_
7 _p_nbpp 
6  _p_pnp_
5 p _p_ _ 
4  _P_ _P_
3 _P_P_ _P
2 PB NPPB_
1 R _Q_RK 

  abcdefgh
8 r_ q rk_
7 _p_nbppn
6  _p_p_p_
5 p _p_ _ 
4  _P_ _P_
3 _P_P_ _P
2 PB NPPB_
1 R _Q_RK 

  abcdefgh
8 r_ q rk_
7 _p_nbppn
6  _p_p_p_
5 p _p_ _ 
4  _P_ _P_
3 _P_P_ _P
2 PB NPPB_
1 R _Q_R_K

  abcdefgh
8 r_ q rk_
7 _p_n_ppn
6  _pbp_p_
5 p _p_ _ 
4  _P_ _P_
3 _P_P_ _P
2 PB NPPB_
1 R _Q_R_K

  abcdefgh
8 r_ q rk_
7 _p_n_ppn
6  _pbp_p_
5 p _p_ _ 
4  _P_ _P_
3 _P_PP _P
2 PB N PB_
1 R _Q_R_K

  abcdefgh
8 r_ qr_k_
7 _p_n_ppn
6  _pbp_p_
5 p _p_ _ 
4  _P_ _P_
3 _P_PP _P
2 PB N PB_
1 R _Q_R_K

  abcdefgh
8 r_ qr_k_
7 _p_n_ppn
6  _pbp_p_
5 p _p_ _ 
4  _P_ _P_
3 _P_PP _P
2 PBQN PB_
1 R _ _R_K

  abcdefgh
8 r_ qr_k_
7 _p_n_ppn
6  _pbp_ _
5 p _p_ p 
4  _P_ _P_
3 _P_PP _P
2 PBQN PB_
1 R _ _R_K

  abcdefgh
8 r_ qr_k_
7 _p_n_ppn
6  _pbp_ _
5 p _p_ p 
4  _P_ _P_
3 _P_PP _P
2 PBQN PB_
1 _ R _R_K

  abcdefgh
8  _rqr_k_
7 _p_n_ppn
6  _pbp_ _
5 p _p_ p 
4  _P_ _P_
3 _P_PP _P
2 PBQN PB_
1 _ R _R_K

  abcdefgh
8  _rqr_k_
7 _p_n_ppn
6  _pbp_ _
5 p _p_ p 
4  _P_ _P_
3 _P_PP _P
2 PBQN PB_
1 _ R _RK 

  abcdefgh
8  _rqrnk_
7 _p_n_pp 
6  _pbp_ _
5 p _p_ p 
4  _P_ _P_
3 _P_PP _P
2 PBQN PB_
1 _ R _RK 

  abcdefgh
8  _rqrnk_
7 _p_n_pp 
6  _pbp_ _
5 p _p_ p 
4  _PP _P_
3 _P_ P _P
2 PBQN PB_
1 _ R _RK 

  abcdefgh
8  _r_rnk_
7 _p_nqpp 
6  _pbp_ _
5 p _p_ p 
4  _PP _P_
3 _P_ P _P
2 PBQN PB_
1 _ R _RK 

  abcdefgh
8  _r_rnk_
7 _p_nqpp 
6  _pbp_ _
5 p _p_ p 
4  _PP _P_
3 _P_ PN_P
2 PBQ_ PB_
1 _ R _RK 

  abcdefgh
8  _r_r_k_
7 _p_nqpp 
6  _pbp_n_
5 p _p_ p 
4  _PP _P_
3 _P_ PN_P
2 PBQ_ PB_
1 _ R _RK 

  abcdefgh
8  _r_r_k_
7 _p_nqpp 
6  _pbp_n_
5 p _p_ p 
4  _PP _P_
3 _P_ PN_P
2 PBQ_ PB_
1 _ R _R_K

  abcdefgh
8  _rr _k_
7 _p_nqpp 
6  _pbp_n_
5 p _p_ p 
4  _PP _P_
3 _P_ PN_P
2 PBQ_ PB_
1 _ R _R_K

  abcdefgh
8  _rr _k_
7 _p_nqpp 
6  _pbp_n_
5 p _p_ p 
4  _PP _P_
3 _P_ PN_P
2 PBQ_ PB_
1 _ RR_ _K

  abcdefgh
8  _r_ rk_
7 _p_nqpp 
6  _pbp_n_
5 p _p_ p 
4  _PP _P_
3 _P_ PN_P
2 PBQ_ PB_
1 _ RR_ _K

  abcdefgh
8  _r_ rk_
7 _p_nqpp 
6  _pbp_n_
5 p _P_ p 
4  _ P _P_
3 _P_ PN_P
2 PBQ_ PB_
1 _ RR_ _K

  abcdefgh
8  _r_ rk_
7 _p_nqpp 
6  _pb _n_
5 p _p_ p 
4  _ P _P_
3 _P_ PN_P
2 PBQ_ PB_
1 _ RR_ _K

  abcdefgh
8  _r_ rk_
7 _p_nqpp 
6  _pb _n_
5 p _p_Qp 
4  _ P _P_
3 _P_ PN_P
2 PB _ PB_
1 _ RR_ _K

  abcdefgh
8  _r_ rk_
7 _p_ qpp 
6  _pb nn_
5 p _p_Qp 
4  _ P _P_
3 _P_ PN_P
2 PB _ PB_
1 _ RR_ _K

  abcdefgh
8  _r_ rk_
7 _p_ qpp 
6  _pb nn_
5 p _p_ Q 
4  _ P _P_
3 _P_ PN_P
2 PB _ PB_
1 _ RR_ _K

  abcdefgh
8  _r_r_k_
7 _p_ qpp 
6  _pb nn_
5 p _p_ Q 
4  _ P _P_
3 _P_ PN_P
2 PB _ PB_
1 _ RR_ _K

  abcdefgh
8  _r_r_k_
7 _p_ qpp 
6  _pb nn_
5 p _p_ Q 
4  _ P _P_
3 _PB PN_P
2 P_ _ PB_
1 _ RR_ _K

  abcdefgh
8  _r_r_k_
7 _p_ _pp 
6  _pbqnn_
5 p _p_ Q 
4  _ P _P_
3 _PB PN_P
2 P_ _ PB_
1 _ RR_ _K

  abcdefgh
8  _r_r_k_
7 _p_ _pp 
6  _pbqnn_
5 p _p_ Q 
4  _ P _P_
3 _P_ PN_P
2 P_ _ PB_
1 _ RRB _K

  abcdefgh
8  _r_r_k_
7 _p_ _pp 
6  _pbq_n_
5 p _p_ Q 
4  _ Pn_P_
3 _P_ PN_P
2 P_ _ PB_
1 _ RRB _K

  abcdefgh
8  _r_r_k_
7 _p_ _pp 
6  _pbq_n_
5 p _p_ _Q
4  _ Pn_P_
3 _P_ PN_P
2 P_ _ PB_
1 _ RRB _K

  abcdefgh
8  _r_r_k_
7 _p_ _pp 
6  _pbqnn_
5 p _p_ _Q
4  _ P _P_
3 _P_ PN_P
2 P_ _ PB_
1 _ RRB _K

  abcdefgh
8  _r_r_k_
7 _p_ _pp 
6  _pbqnn_
5 p _p_Q_ 
4  _ P _P_
3 _P_ PN_P
2 P_ _ PB_
1 _ RRB _K

  abcdefgh
8  _r_r_k_
7 _p_ qpp 
6  _pb nn_
5 p _p_Q_ 
4  _ P _P_
3 _P_ PN_P
2 P_ _ PB_
1 _ RRB _K

  abcdefgh
8  _r_r_k_
7 _p_ qpp 
6  _pb nn_
5 p _p_Q_ 
4  _ P _PP
3 _P_ PN_ 
2 P_ _ PB_
1 _ RRB _K

  abcdefgh
8  _r_r_k_
7 _p_ qpp 
6  _pb _n_
5 p _p_Q_ 
4  _ Pn_PP
3 _P_ PN_ 
2 P_ _ PB_
1 _ RRB _K

  abcdefgh
8  _r_r_k_
7 _p_ qpp 
6  _pb _n_
5 p _p_QP 
4  _ Pn_ P
3 _P_ PN_ 
2 P_ _ PB_
1 _ RRB _K

  abcdefgh
8  _ _r_k_
7 _pr qpp 
6  _pb _n_
5 p _p_QP 
4  _ Pn_ P
3 _P_ PN_ 
2 P_ _ PB_
1 _ RRB _K

  abcdefgh
8  _ _r_k_
7 _pr qpp 
6  _pb _n_
5 p _p_ P 
4  _ Pn_ P
3 _P_ PN_Q
2 P_ _ PB_
1 _ RRB _K

  abcdefgh
8  _ _r_k_
7 _pr qpp 
6  _p_ _n_
5 p _p_ P 
4  _ Pn_ P
3 bP_ PN_Q
2 P_ _ PB_
1 _ RRB _K

  abcdefgh
8  _ _r_k_
7 _pr qpp 
6  _p_ _n_
5 p _p_ P 
4  _ Pn_ P
3 bP_ PN_Q
2 P_R_ PB_
1 _ _RB _K

  abcdefgh
8  _ _r_k_
7 _pr qpp 
6  _p_ _n_
5 p _p_ P 
4  b Pn_ P
3 _P_ PN_Q
2 P_R_ PB_
1 _ _RB _K

  abcdefgh
8  _ _r_k_
7 _pr qpp 
6  _p_ _n_
5 p _p_ P 
4  b Pn_ P
3 _P_ PN_Q
2 P_R_ PB_
1 _ _RB K 

  abcdefgh
8  _ qr_k_
7 _pr _pp 
6  _p_ _n_
5 p _p_ P 
4  b Pn_ P
3 _P_ PN_Q
2 P_R_ PB_
1 _ _RB K 

  abcdefgh
8  _ qr_k_
7 _pr _pp 
6  _p_ _n_
5 p _p_ P 
4  b Pn_QP
3 _P_ PN_ 
2 P_R_ PB_
1 _ _RB K 

  abcdefgh
8  _ q _k_
7 _pr _pp 
6  _p_r_n_
5 p _p_ P 
4  b Pn_QP
3 _P_ PN_ 
2 P_R_ PB_
1 _ _RB K 

  abcdefgh
8  _ q _k_
7 _pr _pp 
6  _p_r_n_
5 p _p_ P 
4  b Pn_QP
3 _P_ PN_ 
2 P_R_ P _
1 _ _RBBK 

  abcdefgh
8  _ q _k_
7 _p_ rpp 
6  _p_r_n_
5 p _p_ P 
4  b Pn_QP
3 _P_ PN_ 
2 P_R_ P _
1 _ _RBBK 

  abcdefgh
8  _ q _k_
7 _p_ rpp 
6  _p_r_n_
5 p _p_ P 
4  B Pn_QP
3 _P_ PN_ 
2 P_R_ P _
1 _ _R_BK 

  abcdefgh
8  _ q _k_
7 _p_ rpp 
6  _p_r_n_
5 _ _p_ P 
4  p Pn_QP
3 _P_ PN_ 
2 P_R_ P _
1 _ _R_BK 

  abcdefgh
8  _ q _k_
7 _p_ rpp 
6  _p_r_n_
5 _ _p_ P 
4  p Pn_QP
3 _P_BPN_ 
2 P_R_ P _
1 _ _R_ K 

  abcdefgh
8  _ _q_k_
7 _p_ rpp 
6  _p_r_n_
5 _ _p_ P 
4  p Pn_QP
3 _P_BPN_ 
2 P_R_ P _
1 _ _R_ K 

  abcdefgh
8  _ _q_k_
7 _p_ rpp 
6  _p_r_n_
5 _ _p_ P 
4  p Pn_QP
3 _P_BPN_ 
2 P_R_ P _
1 _ R _ K 

  abcdefgh
8  _ _qnk_
7 _p_ rpp 
6  _p_r_ _
5 _ _p_ P 
4  p Pn_QP
3 _P_BPN_ 
2 P_R_ P _
1 _ R _ K 

  abcdefgh
8  _ _qnk_
7 _p_ rpp 
6  _p_r_ _
5 _ _pN P 
4  p Pn_QP
3 _P_BP _ 
2 P_R_ P _
1 _ R _ K 

  abcdefgh
8  _ _qnk_
7 _p_ r p 
6  _p_rp _
5 _ _pN P 
4  p Pn_QP
3 _P_BP _ 
2 P_R_ P _
1 _ R _ K 

  abcdefgh
8  _ _qnk_
7 _p_ r p 
6  _p_rp _
5 _ _pN P 
4  p PB_QP
3 _P_ P _ 
2 P_R_ P _
1 _ R _ K 

  abcdefgh
8  _ _qnk_
7 _p_ r p 
6  _p_rp _
5 _ _ N P 
4  p Pp_QP
3 _P_ P _ 
2 P_R_ P _
1 _ R _ K 

  abcdefgh
8  _ _qnk_
7 _p_ r p 
6  _p_rP _
5 _ _ N _ 
4  p Pp_QP
3 _P_ P _ 
2 P_R_ P _
1 _ R _ K 

  abcdefgh
8  _ _qnk_
7 _p_ r p 
6  _p_ r _
5 _ _ N _ 
4  p Pp_QP
3 _P_ P _ 
2 P_R_ P _
1 _ R _ K 

  abcdefgh
8  _ _qnk_
7 _p_ r p 
6  _p_ r _
5 _ R N _ 
4  p Pp_QP
3 _P_ P _ 
2 P_ _ P _
1 _ R _ K 

  abcdefgh
8  _ q nk_
7 _p_ r p 
6  _p_ r _
5 _ R N _ 
4  p Pp_QP
3 _P_ P _ 
2 P_ _ P _
1 _ R _ K 

  abcdefgh
8  _ q nk_
7 _p_ r p 
6  _p_ r _
5 _ R N _P
4  p Pp_Q_
3 _P_ P _ 
2 P_ _ P _
1 _ R _ K 

  abcdefgh
8  _ _qnk_
7 _p_ r p 
6  _p_ r _
5 _ R N _P
4  p Pp_Q_
3 _P_ P _ 
2 P_ _ P _
1 _ R _ K 

  abcdefgh
8  _ _qnk_
7 _p_ r p 
6  _p_ r _
5 R _ N _P
4  p Pp_Q_
3 _P_ P _ 
2 P_ _ P _
1 _ R _ K 

  abcdefgh
8  _ _qnk_
7 _p_ r p 
6  _p_ _ r
5 R _ N _P
4  p Pp_Q_
3 _P_ P _ 
2 P_ _ P _
1 _ R _ K 

  abcdefgh
8  _ _qnk_
7 _p_ r p 
6  _p_ _ r
5 R _ N _P
4  p Pp_Q_
3 _P_ P _ 
2 P_ _ PK_
1 _ R _ _ 

  abcdefgh
8  _ _qnk_
7 _p_ r p 
6  _p_ _ _
5 R _ N _r
4  p Pp_Q_
3 _P_ P _ 
2 P_ _ PK_
1 _ R _ _ 

  abcdefgh
8 R_ _qnk_
7 _p_ r p 
6  _p_ _ _
5 _ _ N _r
4  p Pp_Q_
3 _P_ P _ 
2 P_ _ PK_
1 _ R _ _ 

  abcdefgh
8 R_ _qnk_
7 _p_ r p 
6  _p_ _ _
5 _ _ N _ 
4  p Pp_Q_
3 _P_ P _ 
2 P_ _ PKr
1 _ R _ _ 

  abcdefgh
8 R_ _qnk_
7 _p_ r p 
6  _p_ _ _
5 _ _ N _ 
4  p Pp_Q_
3 _P_ P _ 
2 P_ _ P K
1 _ R _ _ 

  abcdefgh
8 q_ _ nk_
7 _p_ r p 
6  _p_ _ _
5 _ _ N _ 
4  p Pp_Q_
3 _P_ P _ 
2 P_ _ P K
1 _ R _ _ 

  abcdefgh
8 q_ _ nk_
7 _p_ r p 
6  _p_ _ _
5 _ _ N _ 
4  p Pp_Q_
3 _P_ P _ 
2 P_ _ P K
1 _ _ _ _R

  abcdefgh
8  _ _ nk_
7 _p_ r p 
6  _p_ _ _
5 _ _ N _ 
4  p Pp_Q_
3 _P_ P _ 
2 q_ _ P K
1 _ _ _ _R

  abcdefgh
8  _ _ nk_
7 _p_ r p 
6  _p_ _ _
5 _ _ N _ 
4  p Pp_Q_
3 _P_ P _ 
2 q_ _ PK_
1 _ _ _ _R

  abcdefgh
8  _ _ nk_
7 _p_ r p 
6  _p_ _ _
5 _ _ N _ 
4  p Pp_Q_
3 _q_ P _ 
2  _ _ PK_
1 _ _ _ _R

  abcdefgh
8  _ _ nk_
7 _p_ r p 
6  _p_ _ _
5 _ _ N _Q
4  p Pp_ _
3 _q_ P _ 
2  _ _ PK_
1 _ _ _ _R

  abcdefgh
8  _ _ nk_
7 _p_ _ p 
6  _p_ _ _
5 _ _ r _Q
4  p Pp_ _
3 _q_ P _ 
2  _ _ PK_
1 _ _ _ _R

  abcdefgh
8  _ _ nk_
7 _p_ _ p 
6  _p_ _ _
5 _ _ Q _ 
4  p Pp_ _
3 _q_ P _ 
2  _ _ PK_
1 _ _ _ _R

  abcdefgh
8  _ _ nk_
7 _p_ _ p 
6  _p_ _ _
5 _ _ Q _ 
4  pqPp_ _
3 _ _ P _ 
2  _ _ PK_
1 _ _ _ _R

  abcdefgh
8  _ _ nk_
7 _p_ _ p 
6  _p_ _ _
5 _ _ Q _ 
4  pqPp_ R
3 _ _ P _ 
2  _ _ PK_
1 _ _ _ _ 

  abcdefgh
8  _ _ nk_
7 _p_ _ p 
6  _p_q_ _
5 _ _ Q _ 
4  p Pp_ R
3 _ _ P _ 
2  _ _ PK_
1 _ _ _ _ 

  abcdefgh
8  _ _ nk_
7 _p_ _ p 
6  _p_q_ _
5 _ _ _ _Q
4  p Pp_ R
3 _ _ P _ 
2  _ _ PK_
1 _ _ _ _ 

  abcdefgh
8  _ _ nk_
7 _p_ _ p 
6  _p_ _q_
5 _ _ _ _Q
4  p Pp_ R
3 _ _ P _ 
2  _ _ PK_
1 _ _ _ _ 

  abcdefgh
8  _ _ nk_
7 _p_ _ p 
6  _p_ _Q_
5 _ _ _ _ 
4  p Pp_ R
3 _ _ P _ 
2  _ _ PK_
1 _ _ _ _ 

  abcdefgh
8  _ _ _k_
7 _p_ _ p 
6  _p_ _n_
5 _ _ _ _ 
4  p Pp_ R
3 _ _ P _ 
2  _ _ PK_
1 _ _ _ _ 

  abcdefgh
8  _ _ _k_
7 _p_ _ p 
6  _p_ _n_
5 _ _ _ _ 
4  p PR_ _
3 _ _ P _ 
2  _ _ PK_
1 _ _ _ _ 

  abcdefgh
8  _ _ _k_
7 _p_ _ p 
6  _p_ _n_
5 _ _ _ _ 
4  _ PR_ _
3 _p_ P _ 
2  _ _ PK_
1 _ _ _ _ 

  abcdefgh
8  _ _ _k_
7 _p_ _ p 
6  _p_ _n_
5 _ _P_ _ 
4  _ _R_ _
3 _p_ P _ 
2  _ _ PK_
1 _ _ _ _ 

  abcdefgh
8  _ _ _k_
7 _p_ _ p 
6  _ _ _n_
5 _ pP_ _ 
4  _ _R_ _
3 _p_ P _ 
2  _ _ PK_
1 _ _ _ _ 

  abcdefgh
8  _ _ _k_
7 _p_ _ p 
6  _ P _n_
5 _ p _ _ 
4  _ _R_ _
3 _p_ P _ 
2  _ _ PK_
1 _ _ _ _ 

  abcdefgh
8  _ _ nk_
7 _p_ _ p 
6  _ P _ _
5 _ p _ _ 
4  _ _R_ _
3 _p_ P _ 
2  _ _ PK_
1 _ _ _ _ 

  abcdefgh
8  _ _Rnk_
7 _p_ _ p 
6  _ P _ _
5 _ p _ _ 
4  _ _ _ _
3 _p_ P _ 
2  _ _ PK_
1 _ _ _ _ 

  abcdefgh
8  _ _Rnk_
7 _p_ _ p 
6  _ P _ _
5 _ p _ _ 
4  _ _ _ _
3 _ _ P _ 
2  p _ PK_
1 _ _ _ _ 

  abcdefgh
8  _ _Rnk_
7 _p_P_ p 
6  _ _ _ _
5 _ p _ _ 
4  _ _ _ _
3 _ _ P _ 
2  p _ PK_
1 _ _ _ _ 

  abcdefgh
8  _ _Rnk_
7 _p_P_ p 
6  _ _ _ _
5 _ p _ _ 
4  _ _ _ _
3 _ _ P _ 
2  _ _ PK_
1 _q_ _ _ 

  abcdefgh
8  _ QRnk_
7 _p_ _ p 
6  _ _ _ _
5 _ p _ _ 
4  _ _ _ _
3 _ _ P _ 
2  _ _ PK_
1 _q_ _ _ 

  abcdefgh
8  _ QRnk_
7 _p_ _ p 
6  _ _ _ _
5 _ p _q_ 
4  _ _ _ _
3 _ _ P _ 
2  _ _ PK_
1 _ _ _ _ 

  abcdefgh
8  _ QRnk_
7 _p_ _ p 
6  _ _ _ _
5 _ p _q_ 
4  _ _P_ _
3 _ _ _ _ 
2  _ _ PK_
1 _ _ _ _ 

  abcdefgh
8  _ QRnk_
7 _p_ _ p 
6  _ _ _q_
5 _ p _ _ 
4  _ _P_ _
3 _ _ _ _ 
2  _ _ PK_
1 _ _ _ _ 

  abcdefgh
8  _ QRnk_
7 _p_ _ p 
6  _ _ _q_
5 _ p _ _ 
4  _ _P_ _
3 _ _ _ _ 
2  _ _ P _
1 _ _ _K_ 

  abcdefgh
8  _ QRnk_
7 _p_ _qp 
6  _ _ _ _
5 _ p _ _ 
4  _ _P_ _
3 _ _ _ _ 
2  _ _ P _
1 _ _ _K_ 

  abcdefgh
8  _ Q nk_
7 _p_ Rqp 
6  _ _ _ _
5 _ p _ _ 
4  _ _P_ _
3 _ _ _ _ 
2  _ _ P _
1 _ _ _K_ 

  abcdefgh
8  _ Q nk_
7 _p_ R p 
6  _ _ _q_
5 _ p _ _ 
4  _ _P_ _
3 _ _ _ _ 
2  _ _ P _
1 _ _ _K_ 

  abcdefgh
8  _ _ nk_
7 _p_ R p 
6  _ _ _q_
5 _ pQ_ _ 
4  _ _P_ _
3 _ _ _ _ 
2  _ _ P _
1 _ _ _K_ 

  abcdefgh
8  _ _ n _
7 _p_ R pk
6  _ _ _q_
5 _ pQ_ _ 
4  _ _P_ _
3 _ _ _ _ 
2  _ _ P _
1 _ _ _K_ 

  abcdefgh
8  _ _ n _
7 _R_ _ pk
6  _ _ _q_
5 _ pQ_ _ 
4  _ _P_ _
3 _ _ _ _ 
2  _ _ P _
1 _ _ _K_ 

  abcdefgh
8  _ _ n _
7 _R_ _ pk
6 q_ _ _ _
5 _ pQ_ _ 
4  _ _P_ _
3 _ _ _ _ 
2  _ _ P _
1 _ _ _K_ 

  abcdefgh
8  _ _ n _
7 _R_ _ pk
6 q_ _ _ _
5 _ pQ_ _ 
4  _ _P_ _
3 _ _ _ _ 
2  _ _ P _
1 _ _ K _ 

  abcdefgh
8  _ _ n _
7 _R_ _ pk
6  _ _ _ _
5 _ pQ_ _ 
4  _ _P_ _
3 _ _ _ _ 
2  _ _ P _
1 q _ K _ 

  abcdefgh
8  _ _ n _
7 _R_ _ pk
6  _ _ _ _
5 _ pQ_ _ 
4  _ _P_ _
3 _ _ _ _ 
2  _ K P _
1 q _ _ _ 

  abcdefgh
8  _ _ n _
7 _R_ _ p 
6  _ _ _ k
5 _ pQ_ _ 
4  _ _P_ _
3 _ _ _ _ 
2  _ K P _
1 q _ _ _ 

  abcdefgh
8  _ _ n _
7 _ _ _ p 
6  R _ _ k
5 _ pQ_ _ 
4  _ _P_ _
3 _ _ _ _ 
2  _ K P _
1 q _ _ _ 

  abcdefgh
8  _ _ n _
7 _ _ _ _ 
6  R _ _pk
5 _ pQ_ _ 
4  _ _P_ _
3 _ _ _ _ 
2  _ K P _
1 q _ _ _ 

  abcdefgh
8  _ _ n _
7 _ _ _ _ 
6  R Q _pk
5 _ p _ _ 
4  _ _P_ _
3 _ _ _ _ 
2  _ K P _
1 q _ _ _ 

  abcdefgh
8  _ _ n _
7 _ _ _ _ 
6  R Q _p_
5 _ p _ _k
4  _ _P_ _
3 _ _ _ _ 
2  _ K P _
1 q _ _ _ 

  abcdefgh
8  _ _ n _
7 _ _ _ _ 
6  R Q _p_
5 _ p _ _k
4  _ _P_ _
3 _ _ _ _ 
2  _ _KP _
1 q _ _ _ 

  abcdefgh
8  _ _ n _
7 _ _ _ _ 
6  R Q _p_
5 _ p _ _k
4  _ _P_ _
3 _ q _ _ 
2  _ _KP _
1 _ _ _ _ 

  abcdefgh
8  _ _ n _
7 _ _ _ _ 
6  R _ _p_
5 _ p _ _k
4  _ _P_ _
3 _ qQ_ _ 
2  _ _KP _
1 _ _ _ _ 

  abcdefgh
8  _ _ n _
7 _ _ _ _ 
6  R _ _p_
5 _ p _ _k
4  _ _P_ _
3 _ _q_ _ 
2  _ _KP _
1 _ _ _ _ 

  abcdefgh
8  _ _ n _
7 _ _ _ _ 
6  R _ _p_
5 _ p _ _k
4  _ _P_ _
3 _ _K_ _ 
2  _ _ P _
1 _ _ _ _ 

  abcdefgh
8  _ _ _ _
7 _ _n_ _ 
6  R _ _p_
5 _ p _ _k
4  _ _P_ _
3 _ _K_ _ 
2  _ _ P _
1 _ _ _ _ 

  abcdefgh
8  _ _ _ _
7 _ _n_ _ 
6  _ _R_p_
5 _ p _ _k
4  _ _P_ _
3 _ _K_ _ 
2  _ _ P _
1 _ _ _ _ 

  abcdefgh
8  _ _ _ _
7 _ _n_ _ 
6  _ _R_ _
5 _ p _ pk
4  _ _P_ _
3 _ _K_ _ 
2  _ _ P _
1 _ _ _ _ 

  abcdefgh
8  _ _ _ _
7 _ _n_ _ 
6  _ _R_ _
5 _ p _ pk
4  _ _P_ _
3 _ _ K _ 
2  _ _ P _
1 _ _ _ _ 

  abcdefgh
8  _ _ _ _
7 _ _n_ _ 
6  _ _R_ _
5 _ _ _ pk
4  _p_P_ _
3 _ _ K _ 
2  _ _ P _
1 _ _ _ _ 

  abcdefgh
8  _ _ _ _
7 _ _n_ _ 
6  _R_ _ _
5 _ _ _ pk
4  _p_P_ _
3 _ _ K _ 
2  _ _ P _
1 _ _ _ _ 

  abcdefgh
8  _ _ _ _
7 _ _ _ _ 
6  _R_ _ _
5 _ _ n pk
4  _p_P_ _
3 _ _ K _ 
2  _ _ P _
1 _ _ _ _ 

  abcdefgh
8  _ _ _ _
7 _ _ _ _ 
6  _ _ _ _
5 _ R n pk
4  _p_P_ _
3 _ _ K _ 
2  _ _ P _
1 _ _ _ _ 

  abcdefgh
8  _ _ _ _
7 _ _ _ _ 
6  _ _ _ _
5 _ R _ pk
4  _p_P_n_
3 _ _ K _ 
2  _ _ P _
1 _ _ _ _ 

  abcdefgh
8  _ _ _ _
7 _ _ _ _ 
6  _ _ _ _
5 _ R _ pk
4  _p_P_n_
3 _ _ _ _ 
2  _ _KP _
1 _ _ _ _ 

  abcdefgh
8  _ _ _ _
7 _ _ _ _ 
6  _ _ _ _
5 _ R _ pk
4  _p_P_ _
3 _ _ _ _ 
2  _ _KP n
1 _ _ _ _ 

  abcdefgh
8  _ _ _ _
7 _ _ _ _ 
6  _ _ _ _
5 _ _ _ pk
4  _R_P_ _
3 _ _ _ _ 
2  _ _KP n
1 _ _ _ _ 

  abcdefgh
8  _ _ _ _
7 _ _ _ _ 
6  _ _ _k_
5 _ _ _ p 
4  _R_P_ _
3 _ _ _ _ 
2  _ _KP n
1 _ _ _ _ 

  abcdefgh
8  _ _ _ _
7 _ _ _ _ 
6  _R_ _k_
5 _ _ _ p 
4  _ _P_ _
3 _ _ _ _ 
2  _ _KP n
1 _ _ _ _ 

  abcdefgh
8  _ _ _ _
7 _ _ _ _ 
6  _R_ _ _
5 _ _ _ pk
4  _ _P_ _
3 _ _ _ _ 
2  _ _KP n
1 _ _ _ _ 

  abcdefgh
8  _R_ _ _
7 _ _ _ _ 
6  _ _ _ _
5 _ _ _ pk
4  _ _P_ _
3 _ _ _ _ 
2  _ _KP n
1 _ _ _ _ 

  abcdefgh
8  _R_ _ _
7 _ _ _ _ 
6  _ _ _ _
5 _ _ _ pk
4  _ _P_n_
3 _ _ _ _ 
2  _ _KP _
1 _ _ _ _ 

  abcdefgh
8  _R_ _ _
7 _ _ _ _ 
6  _ _ _ _
5 _ _ _ pk
4  _ _P_n_
3 _ _ _P_ 
2  _ _K_ _
1 _ _ _ _ 

  abcdefgh
8  _R_ _ _
7 _ _ _ _ 
6  _ _ _ _
5 _ _ n pk
4  _ _P_ _
3 _ _ _P_ 
2  _ _K_ _
1 _ _ _ _ 

  abcdefgh
8  _ _ _ _
7 _ _ _ _ 
6  _ _ _ _
5 _ R n pk
4  _ _P_ _
3 _ _ _P_ 
2  _ _K_ _
1 _ _ _ _ 

  abcdefgh
8  _ _ _ _
7 _ _ _n_ 
6  _ _ _ _
5 _ R _ pk
4  _ _P_ _
3 _ _ _P_ 
2  _ _K_ _
1 _ _ _ _ 

  abcdefgh
8  _ _ _ _
7 _ _ _n_ 
6  _ _ _ _
5 _ R _ pk
4  _ _P_ _
3 _ _ KP_ 
2  _ _ _ _
1 _ _ _ _ 

  abcdefgh
8  _ _ _ _
7 _ _ _ _ 
6  _ _ _ n
5 _ R _ pk
4  _ _P_ _
3 _ _ KP_ 
2  _ _ _ _
1 _ _ _ _ 

  abcdefgh
8  _ _ _ _
7 _ _ _ _ 
6  _ _ _ n
5 _ R P pk
4  _ _ _ _
3 _ _ KP_ 
2  _ _ _ _
1 _ _ _ _ 

  abcdefgh
8  _ _ _ _
7 _ _ _ _ 
6  _ _ _kn
5 _ R P p 
4  _ _ _ _
3 _ _ KP_ 
2  _ _ _ _
1 _ _ _ _ 

  abcdefgh
8  _ _ _ _
7 _ _ _ _ 
6  _ _ _kn
5 _ R P p 
4  _ _K_ _
3 _ _ _P_ 
2  _ _ _ _
1 _ _ _ _ 

  abcdefgh
8  _ _ _ _
7 _ _ _ _ 
6  _ _ _ n
5 _ R P pk
4  _ _K_ _
3 _ _ _P_ 
2  _ _ _ _
1 _ _ _ _ 

  abcdefgh
8  _ _ _ _
7 _ _ _ _ 
6  _R_ _ n
5 _ _ P pk
4  _ _K_ _
3 _ _ _P_ 
2  _ _ _ _
1 _ _ _ _ 

  abcdefgh
8  _ _ _ _
7 _ _ _n_ 
6  _R_ _ _
5 _ _ P pk
4  _ _K_ _
3 _ _ _P_ 
2  _ _ _ _
1 _ _ _ _ 

  abcdefgh
8  _ _ _ _
7 _ _ _n_ 
6  _R_P_ _
5 _ _ _ pk
4  _ _K_ _
3 _ _ _P_ 
2  _ _ _ _
1 _ _ _ _ 

  abcdefgh
8  _ _ _ n
7 _ _ _ _ 
6  _R_P_ _
5 _ _ _ pk
4  _ _K_ _
3 _ _ _P_ 
2  _ _ _ _
1 _ _ _ _ 

  abcdefgh
8  _ _ _ n
7 _ _ P _ 
6  _R_ _ _
5 _ _ _ pk
4  _ _K_ _
3 _ _ _P_ 
2  _ _ _ _
1 _ _ _ _ 

  abcdefgh
8  _ _ _ _
7 _ _ P _ 
6  _R_ _n_
5 _ _ _ pk
4  _ _K_ _
3 _ _ _P_ 
2  _ _ _ _
1 _ _ _ _ 

  abcdefgh
8  _ _ _ _
7 _ _ P _ 
6  _ _ _R_
5 _ _ _ pk
4  _ _K_ _
3 _ _ _P_ 
2  _ _ _ _
1 _ _ _ _ 

  abcdefgh
8  _ _ _ _
7 _ _ P _ 
6  _ _ _k_
5 _ _ _ p 
4  _ _K_ _
3 _ _ _P_ 
2  _ _ _ _
1 _ _ _ _ 

  abcdefgh
8  _ _Q_ _
7 _ _ _ _ 
6  _ _ _k_
5 _ _ _ p 
4  _ _K_ _
3 _ _ _P_ 
2  _ _ _ _
1 _ _ _ _ 

  abcdefgh
8  _ _Q_ _
7 _ _ _ _ 
6  _ _ k _
5 _ _ _ p 
4  _ _K_ _
3 _ _ _P_ 
2  _ _ _ _
1 _ _ _ _ 

  abcdefgh
8  _ _ _ _
7 _ _ _ _ 
6  _ _ k _
5 _ _ Q p 
4  _ _K_ _
3 _ _ _P_ 
2  _ _ _ _
1 _ _ _ _ 

  abcdefgh
8  _ _ _ _
7 _ _ _ _ 
6  _ _ _k_
5 _ _ Q p 
4  _ _K_ _
3 _ _ _P_ 
2  _ _ _ _
1 _ _ _ _ 

  abcdefgh
8  _ _ _ _
7 _ _ _ _ 
6  _ Q _k_
5 _ _ _ p 
4  _ _K_ _
3 _ _ _P_ 
2  _ _ _ _
1 _ _ _ _ 

  abcdefgh
8  _ _ _ _
7 _ _ _ _k
6  _ Q _ _
5 _ _ _ p 
4  _ _K_ _
3 _ _ _P_ 
2  _ _ _ _
1 _ _ _ _ 

  abcdefgh
8  _ _ _ _
7 _ _ _ _k
6  _ Q _ _
5 _ _ _Kp 
4  _ _ _ _
3 _ _ _P_ 
2  _ _ _ _
1 _ _ _ _ 

  abcdefgh
8  _ _ _ _
7 _ _ _ _k
6  _ Q _ _
5 _ _ _K_ 
4  _ _ _p_
3 _ _ _P_ 
2  _ _ _ _
1 _ _ _ _ 

  abcdefgh
8  _ _ _ _
7 _ _ _ _k
6  _ Q K _
5 _ _ _ _ 
4  _ _ _p_
3 _ _ _P_ 
2  _ _ _ _
1 _ _ _ _ 

  abcdefgh
8  _ _ _ _
7 _ _ _ _k
6  _ Q K _
5 _ _ _ _ 
4  _ _ _ _
3 _ _ _Pp 
2  _ _ _ _
1 _ _ _ _ 

  abcdefgh
8  _ _ _ _
7 _ _Q_ _k
6  _ _ K _
5 _ _ _ _ 
4  _ _ _ _
3 _ _ _Pp 
2  _ _ _ _
1 _ _ _ _ 

  abcdefgh
8  _ _ _ k
7 _ _Q_ _ 
6  _ _ K _
5 _ _ _ _ 
4  _ _ _ _
3 _ _ _Pp 
2  _ _ _ _
1 _ _ _ _ 

  abcdefgh
8  _ _ _ k
7 _ _ _ Q 
6  _ _ K _
5 _ _ _ _ 
4  _ _ _ _
3 _ _ _Pp 
2  _ _ _ _
1 _ _ _ _ 

  abcdefgh
CTRL-D detected
