8 rnbqkbnr
7 pppppppp
6  _ _ _ _
5 _ _ _ _ 
4  _ _ _ _
3 _ _ _N_ 
2 PPPPPPPP
1 RNBQKB_R

  abcdefgh
8 rnbqkbnr
7 p pppppp
6  _ _ _ _
5 _p_ _ _ 
4  _ _ _ _
3 _ _ _N_ 
2 PPPPPPPP
1 RNBQKB_R

  abcdefgh
8 rnbqkbnr
7 p pppppp
6  _ _ _ _
5 _p_ _ _ 
4  _ _ _ _
3 _ _ PN_ 
2 PPPP PPP
1 RNBQKB_R

  abcdefgh
8 rnbqkbnr
7 _ pppppp
6 p_ _ _ _
5 _p_ _ _ 
4  _ _ _ _
3 _ _ PN_ 
2 PPPP PPP
1 RNBQKB_R

  abcdefgh
8 rnbqkbnr
7 _ pppppp
6 p_ _ _ _
5 _p_ _ _ 
4  _ P _ _
3 _ _ PN_ 
2 PPP_ PPP
1 RNBQKB_R

  abcdefgh
8 rnbqkbnr
7 _ pp_ppp
6 p_ _p_ _
5 _p_ _ _ 
4  _ P _ _
3 _ _ PN_ 
2 PPP_ PPP
1 RNBQKB_R

  abcdefgh
8 rnbqkbnr
7 _ pp_ppp
6 p_ _p_ _
5 _p_ _ _ 
4 P_ P _ _
3 _ _ PN_ 
2  PP_ PPP
1 RNBQKB_R

  abcdefgh
8 rnbqkbnr
7 _ pp_ppp
6 p_ _p_ _
5 _ _ _ _ 
4 Pp P _ _
3 _ _ PN_ 
2  PP_ PPP
1 RNBQKB_R

  abcdefgh
8 rnbqkbnr
7 _ pp_ppp
6 p_ _p_ _
5 _ _ _ _ 
4 Pp PP_ _
3 _ _ _N_ 
2  PP_ PPP
1 RNBQKB_R

  abcdefgh
8 rn qkbnr
7 _bpp_ppp
6 p_ _p_ _
5 _ _ _ _ 
4 Pp PP_ _
3 _ _ _N_ 
2  PP_ PPP
1 RNBQKB_R

  abcdefgh
8 rn qkbnr
7 _bpp_ppp
6 p_ _p_ _
5 _ _ _ _ 
4 Pp PP_ _
3 _ _ _N_ 
2  PPN PPP
1 R BQKB_R

  abcdefgh
8 rn qkbnr
7 _b_p_ppp
6 p_ _p_ _
5 _ p _ _ 
4 Pp PP_ _
3 _ _ _N_ 
2  PPN PPP
1 R BQKB_R

  abcdefgh
8 rn qkbnr
7 _b_p_ppp
6 p_ _p_ _
5 _ p _ _ 
4 Pp PP_ _
3 _ _B_N_ 
2  PPN PPP
1 R BQK _R

  abcdefgh
8 rn qkbnr
7 _b_ _ppp
6 p_ _p_ _
5 _ pp_ _ 
4 Pp PP_ _
3 _ _B_N_ 
2  PPN PPP
1 R BQK _R

  abcdefgh
8 rn qkbnr
7 _b_ _ppp
6 p_ _p_ _
5 _ Pp_ _ 
4 Pp _P_ _
3 _ _B_N_ 
2  PPN PPP
1 R BQK _R

  abcdefgh
8 rn qk_nr
7 _b_ _ppp
6 p_ _p_ _
5 _ bp_ _ 
4 Pp _P_ _
3 _ _B_N_ 
2  PPN PPP
1 R BQK _R

  abcdefgh
was here
8 rn qk_nr
7 _b_ _ppp
6 p_ _p_ _
5 _ bp_ _ 
4 Pp _P_ _
3 _ _B_N_ 
2  PPN PPP
1 R BQ_RK 

  abcdefgh
8 r_ qk_nr
7 _b_n_ppp
6 p_ _p_ _
5 _ bp_ _ 
4 Pp _P_ _
3 _ _B_N_ 
2  PPN PPP
1 R BQ_RK 

  abcdefgh
8 r_ qk_nr
7 _b_n_ppp
6 p_ _p_ _
5 _ bpP _ 
4 Pp _ _ _
3 _ _B_N_ 
2  PPN PPP
1 R BQ_RK 

  abcdefgh
8 r_ qk_ r
7 _b_nnppp
6 p_ _p_ _
5 _ bpP _ 
4 Pp _ _ _
3 _ _B_N_ 
2  PPN PPP
1 R BQ_RK 

  abcdefgh
8 r_ qk_ r
7 _b_nnppp
6 p_ _p_ _
5 _ bpP _ 
4 Pp _ _ _
3 _N_B_N_ 
2  PP_ PPP
1 R BQ_RK 

  abcdefgh
8 r_ qk_ r
7 bb_nnppp
6 p_ _p_ _
5 _ _pP _ 
4 Pp _ _ _
3 _N_B_N_ 
2  PP_ PPP
1 R BQ_RK 

  abcdefgh
8 r_ qk_ r
7 bb_nnppp
6 p_ _p_ _
5 _ _pP _ 
4 Pp _ _ _
3 _N_B_N_ 
2  PP_ PPP
1 R BQR K 

  abcdefgh
8 rq _k_ r
7 bb_nnppp
6 p_ _p_ _
5 _ _pP _ 
4 Pp _ _ _
3 _N_B_N_ 
2  PP_ PPP
1 R BQR K 

  abcdefgh
8 rq _k_ r
7 bb_nnppp
6 p_ _p_ _
5 _ _pP _ 
4 Pp _ _ _
3 _N_B_N_ 
2  PPQ PPP
1 R B R K 

  abcdefgh
8 rq _k_ r
7 bb_ nppp
6 p_ _p_ _
5 _ npP _ 
4 Pp _ _ _
3 _N_B_N_ 
2  PPQ PPP
1 R B R K 

  abcdefgh
8 rq _k_ r
7 bb_ nppp
6 p_ _p_ _
5 _ npP _ 
4 PQ _ _ _
3 _N_B_N_ 
2  PP_ PPP
1 R B R K 

  abcdefgh
8 rq _k_ r
7 bb_ nppp
6 p_ _p_ _
5 _ _pP _ 
4 PQ _ _ _
3 _N_n_N_ 
2  PP_ PPP
1 R B R K 

  abcdefgh
8 rq _k_ r
7 bb_ nppp
6 p_ _p_ _
5 _ _pP _ 
4 PQ _ _ _
3 _N_P_N_ 
2  P _ PPP
1 R B R K 

  abcdefgh
8 rq _k_ r
7 bb_ nppp
6 p_ _p_ _
5 _ _ P _ 
4 PQ p _ _
3 _N_P_N_ 
2  P _ PPP
1 R B R K 

  abcdefgh
8 rq _k_ r
7 bb_ nppp
6 p_ _p_ _
5 _ _ P _ 
4 PQ N _ _
3 _ _P_N_ 
2  P _ PPP
1 R B R K 

  abcdefgh
8 rq _k_ r
7 b _ nppp
6 p_ _p_ _
5 _ _ P _ 
4 PQ N _ _
3 _ _P_b_ 
2  P _ PPP
1 R B R K 

  abcdefgh
8 rQ _k_ r
7 b _ nppp
6 p_ _p_ _
5 _ _ P _ 
4 P_ N _ _
3 _ _P_b_ 
2  P _ PPP
1 R B R K 

  abcdefgh
8  r _k_ r
7 b _ nppp
6 p_ _p_ _
5 _ _ P _ 
4 P_ N _ _
3 _ _P_b_ 
2  P _ PPP
1 R B R K 

  abcdefgh
8  r _k_ r
7 b _ nppp
6 p_ _p_ _
5 _ _ P _ 
4 P_ _ _ _
3 _ _P_N_ 
2  P _ PPP
1 R B R K 

  abcdefgh
8  r _ _ r
7 b _knppp
6 p_ _p_ _
5 _ _ P _ 
4 P_ _ _ _
3 _ _P_N_ 
2  P _ PPP
1 R B R K 

  abcdefgh
8  r _ _ r
7 b _knppp
6 p_ _p_ _
5 _ _ P _ 
4 P_ _R_ _
3 _ _P_N_ 
2  P _ PPP
1 R B _ K 

  abcdefgh
8  rr_ _ _
7 b _knppp
6 p_ _p_ _
5 _ _ P _ 
4 P_ _R_ _
3 _ _P_N_ 
2  P _ PPP
1 R B _ K 

  abcdefgh
8  rr_ _ _
7 b _knppp
6 p_ _p_ _
5 _ _ P _ 
4 P_ _ R _
3 _ _P_N_ 
2  P _ PPP
1 R B _ K 

  abcdefgh
8  rr_k_ _
7 b _ nppp
6 p_ _p_ _
5 _ _ P _ 
4 P_ _ R _
3 _ _P_N_ 
2  P _ PPP
1 R B _ K 

  abcdefgh
8  rr_k_ _
7 b _ nppp
6 p_ _p_ _
5 _ _ P _ 
4 P_ _ R _
3 _ _P_N_ 
2  P _ PPP
1 R B _K_ 

  abcdefgh
8  rr_k_ _
7 b _ npp 
6 p_ _p_ _
5 _ _ P _p
4 P_ _ R _
3 _ _P_N_ 
2  P _ PPP
1 R B _K_ 

  abcdefgh
8  rr_k_ _
7 b _ npp 
6 p_ _p_ _
5 _ _ P _p
4 P_ _ R _
3 _ _P_N_ 
2  P _ PPP
1 _RB _K_ 

  abcdefgh
8  _r_k_ _
7 b _ npp 
6 p_ _p_ _
5 _ _ P _p
4 P_ _ R _
3 _r_P_N_ 
2  P _ PPP
1 _RB _K_ 

  abcdefgh
8  _r_k_ _
7 b _ npp 
6 p_ _p_ _
5 _ _ P _p
4 P_R_ _ _
3 _r_P_N_ 
2  P _ PPP
1 _RB _K_ 

  abcdefgh
8  _r_k_ _
7 b _ npp 
6 p_ _p_ _
5 _ _ P _p
4 P_R_ _ _
3 _ _r_N_ 
2  P _ PPP
1 _RB _K_ 

  abcdefgh
8  _R_k_ _
7 b _ npp 
6 p_ _p_ _
5 _ _ P _p
4 P_ _ _ _
3 _ _r_N_ 
2  P _ PPP
1 _RB _K_ 

  abcdefgh
8  _n_k_ _
7 b _ _pp 
6 p_ _p_ _
5 _ _ P _p
4 P_ _ _ _
3 _ _r_N_ 
2  P _ PPP
1 _RB _K_ 

  abcdefgh
8  _n_k_ _
7 b _ _pp 
6 p_ _p_ _
5 _ _ P _p
4 P_ _ _ _
3 _ _r_N_ 
2  P _KPPP
1 _RB _ _ 

  abcdefgh
8  _n_k_ _
7 b _ _pp 
6 p_ _p_ _
5 _ _ P _p
4 P_ _ _ _
3 _r_ _N_ 
2  P _KPPP
1 _RB _ _ 

  abcdefgh
8  _n_k_ _
7 b _ _pp 
6 p_ _p_ _
5 _ _ P _p
4 P_ _ _ _
3 _r_ _ _ 
2  P NKPPP
1 _RB _ _ 

  abcdefgh
8  rn_k_ _
7 b _ _pp 
6 p_ _p_ _
5 _ _ P _p
4 P_ _ _ _
3 _ _ _ _ 
2  P NKPPP
1 _RB _ _ 

  abcdefgh
8  rn_k_ _
7 b _ _pp 
6 p_ _p_ _
5 _ _ P _p
4 P_N_ _ _
3 _ _ _ _ 
2  P _KPPP
1 _RB _ _ 

  abcdefgh
8  rn_k_ _
7 _ _ _pp 
6 p_ _p_ _
5 _ b P _p
4 P_N_ _ _
3 _ _ _ _ 
2  P _KPPP
1 _RB _ _ 

  abcdefgh
8  rn_k_ _
7 _ _ _pp 
6 p_ _p_ _
5 _ b P _p
4 P_N_ _ _
3 _ _ B _ 
2  P _KPPP
1 _R_ _ _ 

  abcdefgh
8  rn_k_ _
7 _ _ _pp 
6 p_ _p_ _
5 _ _ P _p
4 P_N_ _ _
3 _ _ b _ 
2  P _KPPP
1 _R_ _ _ 

  abcdefgh
8  rn_k_ _
7 _ _ _pp 
6 p_ _p_ _
5 _ _ P _p
4 P_N_ _ _
3 _ _ K _ 
2  P _ PPP
1 _R_ _ _ 

  abcdefgh
8  r _k_ _
7 _ _ npp 
6 p_ _p_ _
5 _ _ P _p
4 P_N_ _ _
3 _ _ K _ 
2  P _ PPP
1 _R_ _ _ 

  abcdefgh
8  r _k_ _
7 _ _ npp 
6 p_ _p_ _
5 _ _ P _p
4 P_NK _ _
3 _ _ _ _ 
2  P _ PPP
1 _R_ _ _ 

  abcdefgh
8  r _k_ _
7 _ _ _pp 
6 p_ _p_ _
5 _ _nP _p
4 P_NK _ _
3 _ _ _ _ 
2  P _ PPP
1 _R_ _ _ 

  abcdefgh
8  r _k_ _
7 _ _ _pp 
6 p_ _p_ _
5 _ _nP _p
4 P_NK _ _
3 _P_ _ _ 
2  _ _ PPP
1 _R_ _ _ 

  abcdefgh
8  r _k_ _
7 _ _ _p_ 
6 p_ _p_ _
5 _ _nP pp
4 P_NK _ _
3 _P_ _ _ 
2  _ _ PPP
1 _R_ _ _ 

  abcdefgh
8  r _k_ _
7 _ _ _p_ 
6 p_ _p_ _
5 N _nP pp
4 P_ K _ _
3 _P_ _ _ 
2  _ _ PPP
1 _R_ _ _ 

  abcdefgh
8  _r_k_ _
7 _ _ _p_ 
6 p_ _p_ _
5 N _nP pp
4 P_ K _ _
3 _P_ _ _ 
2  _ _ PPP
1 _R_ _ _ 

  abcdefgh
8  _r_k_ _
7 _ _ _p_ 
6 p_ _p_ _
5 _ _nP pp
4 P_NK _ _
3 _P_ _ _ 
2  _ _ PPP
1 _R_ _ _ 

  abcdefgh
8  r _k_ _
7 _ _ _p_ 
6 p_ _p_ _
5 _ _nP pp
4 P_NK _ _
3 _P_ _ _ 
2  _ _ PPP
1 _R_ _ _ 

  abcdefgh
8  r _k_ _
7 _ _ _p_ 
6 p_ _p_ _
5 _ _nP pp
4 P_NK _ _
3 _P_ _ P 
2  _ _ P P
1 _R_ _ _ 

  abcdefgh
8  r _ _ _
7 _ _ kp_ 
6 p_ _p_ _
5 _ _nP pp
4 P_NK _ _
3 _P_ _ P 
2  _ _ P P
1 _R_ _ _ 

  abcdefgh
8  r _ _ _
7 _ _ kp_ 
6 p_ _p_ _
5 _ _nP pp
4 P_N_ _ _
3 _P_K_ P 
2  _ _ P P
1 _R_ _ _ 

  abcdefgh
8  r _ _ _
7 _ _ kp_ 
6 p_ _p_ _
5 _ _nP p 
4 P_N_ _ p
3 _P_K_ P 
2  _ _ P P
1 _R_ _ _ 

  abcdefgh
8  r _ _ _
7 _ _ kp_ 
6 p_ _p_ _
5 N _nP p 
4 P_ _ _ p
3 _P_K_ P 
2  _ _ P P
1 _R_ _ _ 

  abcdefgh
8  _r_ _ _
7 _ _ kp_ 
6 p_ _p_ _
5 N _nP p 
4 P_ _ _ p
3 _P_K_ P 
2  _ _ P P
1 _R_ _ _ 

  abcdefgh
8  _r_ _ _
7 _ _ kp_ 
6 p_ _p_ _
5 _ _nP p 
4 P_N_ _ p
3 _P_K_ P 
2  _ _ P P
1 _R_ _ _ 

  abcdefgh
8  _ r _ _
7 _ _ kp_ 
6 p_ _p_ _
5 _ _nP p 
4 P_N_ _ p
3 _P_K_ P 
2  _ _ P P
1 _R_ _ _ 

  abcdefgh
8  _ r _ _
7 _ _ kp_ 
6 p_ _p_ _
5 _ _nP p 
4 P_NK _ p
3 _P_ _ P 
2  _ _ P P
1 _R_ _ _ 

  abcdefgh
8  _ r _ _
7 _ _ kp_ 
6 p_ _p_ _
5 _ _nP p 
4 P_NK _ _
3 _P_ _ Pp
2  _ _ P P
1 _R_ _ _ 

  abcdefgh
8  _ r _ _
7 _ _ kp_ 
6 p_ _p_ _
5 _ _nP p 
4 P_NK _ _
3 _P_ _PPp
2  _ _ _ P
1 _R_ _ _ 

  abcdefgh
8  _ r _ _
7 _ _ kp_ 
6 p_ _p_ _
5 _ _ P p 
4 PnNK _ _
3 _P_ _PPp
2  _ _ _ P
1 _R_ _ _ 

  abcdefgh
8  _ r _ _
7 _ _ kp_ 
6 p_ _p_ _
5 _ K P p 
4 PnN_ _ _
3 _P_ _PPp
2  _ _ _ P
1 _R_ _ _ 

  abcdefgh
8  r _ _ _
7 _ _ kp_ 
6 p_ _p_ _
5 _ K P p 
4 PnN_ _ _
3 _P_ _PPp
2  _ _ _ P
1 _R_ _ _ 

  abcdefgh
8  r _ _ _
7 _ _ kp_ 
6 p_ _p_ _
5 _ K P p 
4 PnN_ _ _
3 _P_ _PPp
2  _ _ _ P
1 _ _R_ _ 

  abcdefgh
8  r _ _ _
7 _ _ kp_ 
6 p_ _p_ _
5 _ KnP p 
4 P_N_ _ _
3 _P_ _PPp
2  _ _ _ P
1 _ _R_ _ 

  abcdefgh
8  r _ _ _
7 _ _ kp_ 
6 p_ _p_ _
5 _ KnP p 
4 P_N_ _ _
3 _P_R_PPp
2  _ _ _ P
1 _ _ _ _ 

  abcdefgh
8  _r_ _ _
7 _ _ kp_ 
6 p_ _p_ _
5 _ KnP p 
4 P_N_ _ _
3 _P_R_PPp
2  _ _ _ P
1 _ _ _ _ 

  abcdefgh
8  _r_ _ _
7 _ _ kp_ 
6 p_ _p_ _
5 _ _nP p 
4 P_NK _ _
3 _P_R_PPp
2  _ _ _ P
1 _ _ _ _ 

  abcdefgh
8  _ r _ _
7 _ _ kp_ 
6 p_ _p_ _
5 _ _nP p 
4 P_NK _ _
3 _P_R_PPp
2  _ _ _ P
1 _ _ _ _ 

  abcdefgh
8  _ r _ _
7 _ _ kp_ 
6 p_ _p_ _
5 _ _nP p 
4 P_N_K_ _
3 _P_R_PPp
2  _ _ _ P
1 _ _ _ _ 

  abcdefgh
8  _r_ _ _
7 _ _ kp_ 
6 p_ _p_ _
5 _ _nP p 
4 P_N_K_ _
3 _P_R_PPp
2  _ _ _ P
1 _ _ _ _ 

  abcdefgh
8  _r_ _ _
7 _ _ kp_ 
6 p_ _p_ _
5 _ _nP p 
4 P_NRK_ _
3 _P_ _PPp
2  _ _ _ P
1 _ _ _ _ 

  abcdefgh
8  r _ _ _
7 _ _ kp_ 
6 p_ _p_ _
5 _ _nP p 
4 P_NRK_ _
3 _P_ _PPp
2  _ _ _ P
1 _ _ _ _ 

  abcdefgh
8  r _ _ _
7 _ _ kp_ 
6 p_ _p_ _
5 N _nP p 
4 P_ RK_ _
3 _P_ _PPp
2  _ _ _ P
1 _ _ _ _ 

  abcdefgh
8  r _ k _
7 _ _ _p_ 
6 p_ _p_ _
5 N _nP p 
4 P_ RK_ _
3 _P_ _PPp
2  _ _ _ P
1 _ _ _ _ 

  abcdefgh
8  r _ k _
7 _ _ _p_ 
6 p_ _p_ _
5 N _nP p 
4 P_ RKP _
3 _P_ _ Pp
2  _ _ _ P
1 _ _ _ _ 

  abcdefgh
8  r _ k _
7 _ _ _p_ 
6 p_ _p_ _
5 N _nP _ 
4 P_ RKp _
3 _P_ _ Pp
2  _ _ _ P
1 _ _ _ _ 

  abcdefgh
8  r _ k _
7 _ _ _p_ 
6 p_ _p_ _
5 N _nP _ 
4 P_ RKP _
3 _P_ _ _p
2  _ _ _ P
1 _ _ _ _ 

  abcdefgh
8  r _ k _
7 _ _ _ _ 
6 p_ _p_ _
5 N _nPp_ 
4 P_ RKP _
3 _P_ _ _p
2  _ _ _ P
1 _ _ _ _ 

  abcdefgh
was here
8  r _ k _
7 _ _ _ _ 
6 p_ _pP _
5 N _n_ _ 
4 P_ RKP _
3 _P_ _ _p
2  _ _ _ P
1 _ _ _ _ 

  abcdefgh
8  r _ k _
7 _ _ _ _ 
6 p_ _pn _
5 N _ _ _ 
4 P_ RKP _
3 _P_ _ _p
2  _ _ _ P
1 _ _ _ _ 

  abcdefgh
8  r _ k _
7 _ _ _ _ 
6 p_ _pn _
5 N _ _ _ 
4 P_ R P _
3 _P_ _K_p
2  _ _ _ P
1 _ _ _ _ 

  abcdefgh
8  r _ _ _
7 _ _ _k_ 
6 p_ _pn _
5 N _ _ _ 
4 P_ R P _
3 _P_ _K_p
2  _ _ _ P
1 _ _ _ _ 

  abcdefgh
8  r _ _ _
7 _ _ _k_ 
6 p_ Rpn _
5 N _ _ _ 
4 P_ _ P _
3 _P_ _K_p
2  _ _ _ P
1 _ _ _ _ 

  abcdefgh
8  _ _ _r_
7 _ _ _k_ 
6 p_ Rpn _
5 N _ _ _ 
4 P_ _ P _
3 _P_ _K_p
2  _ _ _ P
1 _ _ _ _ 

  abcdefgh
8  _ _ _r_
7 _ _ _k_ 
6 p_ Rpn _
5 _ _ _ _ 
4 P_N_ P _
3 _P_ _K_p
2  _ _ _ P
1 _ _ _ _ 

  abcdefgh
8  _ _ _ _
7 _ _ _k_ 
6 p_ Rpn _
5 _ _ _ _ 
4 P_N_ P _
3 _P_ _K_p
2  _ _ _rP
1 _ _ _ _ 

  abcdefgh
8  _ _ _ _
7 _ _ _k_ 
6 p_ _pn _
5 _ _ _ _ 
4 P_N_ P _
3 _P_ _K_p
2  _ R _rP
1 _ _ _ _ 

  abcdefgh
8  _ _ _ _
7 _ _ _k_ 
6 p_ _pn _
5 _ _ _ _ 
4 P_N_ P _
3 _P_ _K_p
2  _ R _ P
1 _ _ _ r 

  abcdefgh
8  _ _ _ _
7 _ _ _k_ 
6 p_ _pn _
5 _ _ _ _ 
4 PPN_ P _
3 _ _ _K_p
2  _ R _ P
1 _ _ _ r 

  abcdefgh
8  _ _ _ _
7 _ _ _k_ 
6 p_ _p_ _
5 _ _n_ _ 
4 PPN_ P _
3 _ _ _K_p
2  _ R _ P
1 _ _ _ r 

  abcdefgh
8  _ _ _ _
7 _ _ _k_ 
6 p_ _p_ _
5 _P_n_ _ 
4 P_N_ P _
3 _ _ _K_p
2  _ R _ P
1 _ _ _ r 

  abcdefgh
8  _ _ _ _
7 _ _ _k_ 
6  _ _p_ _
5 _p_n_ _ 
4 P_N_ P _
3 _ _ _K_p
2  _ R _ P
1 _ _ _ r 

  abcdefgh
8  _ _ _ _
7 _ _ _k_ 
6  _ _p_ _
5 _P_n_ _ 
4  _N_ P _
3 _ _ _K_p
2  _ R _ P
1 _ _ _ r 

  abcdefgh
8  _ _ _ _
7 _ _ _ _ 
6  _ _pk _
5 _P_n_ _ 
4  _N_ P _
3 _ _ _K_p
2  _ R _ P
1 _ _ _ r 

  abcdefgh
8  _ _ _ _
7 _ _ _ _ 
6  _ _pk _
5 _P_n_ _ 
4  _N_ P _
3 _ _ _K_p
2  R _ _ P
1 _ _ _ r 

  abcdefgh
8  _ _ _ _
7 _ _ _ _ 
6  _ _pk _
5 _P_n_ _ 
4  _N_ P _
3 _ _ _K_p
2  R _ _ P
1 _ _ _r_ 

  abcdefgh
8  _ _ _ _
7 _ _ _ _ 
6  _ _pk _
5 _P_n_ _ 
4  _N_ P _
3 _ _ _ Kp
2  R _ _ P
1 _ _ _r_ 

  abcdefgh
8  _ _ _ _
7 _ _ _ _ 
6  _ _pk _
5 _P_n_ _ 
4  _N_ P _
3 _ _ _ Kp
2  R _ _ P
1 _ _ _ r 

  abcdefgh
8  _ _ _ _
7 _ _ _ _ 
6  _ _pk _
5 _P_n_ _ 
4  _N_ P _
3 _ _ _K_p
2  R _ _ P
1 _ _ _ r 

  abcdefgh
8  _ _ _ _
7 _ _ _ _ 
6  _ _pk _
5 _P_n_ _ 
4  _N_ P _
3 _ _ _K_p
2  R _ _ P
1 _ _ _r_ 

  abcdefgh
8  _ _ _ _
7 _ _ _ _ 
6  _ _pk _
5 _P_n_ _ 
4  _N_ P _
3 _ _ _ _p
2  R _K_ P
1 _ _ _r_ 

  abcdefgh
8  _ _ _ _
7 _ _ _ _ 
6  _ _pk _
5 _P_n_ _ 
4  _N_ P _
3 _ _ _ _p
2  R _K_ P
1 _ _ _ _r

  abcdefgh
8  _ _ _ _
7 _ _ _ _ 
6  _ _pk _
5 _P_n_ _ 
4  _N_ P _
3 _ _K_ _p
2  R _ _ P
1 _ _ _ _r

  abcdefgh
8  _ _ _ _
7 _ _ _ _ 
6  _ _pk _
5 _P_n_ _ 
4  _N_ P _
3 _ _K_ _p
2  R _ _ P
1 _ _r_ _ 

  abcdefgh
8  _ _ _ _
7 _ _ _ _ 
6  _ _pk _
5 _P_n_ _ 
4  _N_ P _
3 _ _ _ _p
2  R _K_ P
1 _ _r_ _ 

  abcdefgh
8  _ _ _ _
7 _ _ _ _ 
6  _ _pk _
5 _P_n_ _ 
4  _N_ P _
3 _ _ _ _p
2  R _K_ P
1 _ _ _ r 

  abcdefgh
8  _ _ _ _
7 _ _ _ _ 
6  _ _pk _
5 _P_n_ _ 
4  _N_ P _
3 _R_ _ _p
2  _ _K_ P
1 _ _ _ r 

  abcdefgh
8  _ _ _ _
7 _ _ _ _ 
6  _ _pk _
5 _P_n_ _ 
4  _N_ P _
3 _R_ _ _p
2  _ _K_rP
1 _ _ _ _ 

  abcdefgh
8  _ _ _ _
7 _ _ _ _ 
6  _ _pk _
5 _P_n_ _ 
4  _N_ P _
3 _R_ _K_p
2  _ _ _rP
1 _ _ _ _ 

  abcdefgh
8  _ _ _ _
7 _ _ _ _ 
6  _ _pk _
5 _P_n_ _ 
4  _N_ P _
3 _R_ _K_p
2  _ _ _ r
1 _ _ _ _ 

  abcdefgh
8  _ _ _ _
7 _ _ _ _ 
6  P _pk _
5 _ _n_ _ 
4  _N_ P _
3 _R_ _K_p
2  _ _ _ r
1 _ _ _ _ 

  abcdefgh
8  _ _ _ _
7 _ _ _ _ 
6  n _pk _
5 _ _ _ _ 
4  _N_ P _
3 _R_ _K_p
2  _ _ _ r
1 _ _ _ _ 

  abcdefgh
8  _ _ _ _
7 _ _ _ _ 
6  R _pk _
5 _ _ _ _ 
4  _N_ P _
3 _ _ _K_p
2  _ _ _ r
1 _ _ _ _ 

  abcdefgh
8  _ _ _ _
7 _ _ _ _ 
6  R _pk _
5 _ _ _ _ 
4  _N_ P _
3 _ _ _K_p
2  _r_ _ _
1 _ _ _ _ 

  abcdefgh
8  _ _ _ _
7 _ _ _ _ 
6  R _pk _
5 _ _ _ _ 
4  _ _ P _
3 _ _ NK_p
2  _r_ _ _
1 _ _ _ _ 

  abcdefgh
8  _ _ _ _
7 _ _ _ _ 
6  R _pk _
5 _ _ _ _ 
4  _ _ P _
3 _ _ NK_ 
2  _r_ _ p
1 _ _ _ _ 

  abcdefgh
8  _ _ _ _
7 _ _ _ _ 
6  R _pk _
5 _ _ _ _ 
4  _ _ PN_
3 _ _ _K_ 
2  _r_ _ p
1 _ _ _ _ 

  abcdefgh
8  _ _ _ _
7 _ _ _k_ 
6  R _p_ _
5 _ _ _ _ 
4  _ _ PN_
3 _ _ _K_ 
2  _r_ _ p
1 _ _ _ _ 

  abcdefgh
8  _ _ _ _
7 _ _ _k_ 
6  R _p_ _
5 _ _ N _ 
4  _ _ P _
3 _ _ _K_ 
2  _r_ _ p
1 _ _ _ _ 

  abcdefgh
8  _ _ _ _
7 _ _ _ _ 
6  R _pk _
5 _ _ N _ 
4  _ _ P _
3 _ _ _K_ 
2  _r_ _ p
1 _ _ _ _ 

  abcdefgh
8  _ _ _ _
7 _ _ _ _ 
6  R _pk _
5 _ _ _ _ 
4  _ _ PN_
3 _ _ _K_ 
2  _r_ _ p
1 _ _ _ _ 

  abcdefgh
8  _ _ _ _
7 _ _ k _ 
6  R _p_ _
5 _ _ _ _ 
4  _ _ PN_
3 _ _ _K_ 
2  _r_ _ p
1 _ _ _ _ 

  abcdefgh
8  _ _ _ _
7 _R_ k _ 
6  _ _p_ _
5 _ _ _ _ 
4  _ _ PN_
3 _ _ _K_ 
2  _r_ _ p
1 _ _ _ _ 

  abcdefgh
8  _ _ k _
7 _R_ _ _ 
6  _ _p_ _
5 _ _ _ _ 
4  _ _ PN_
3 _ _ _K_ 
2  _r_ _ p
1 _ _ _ _ 

  abcdefgh
8  _ _ k _
7 _ _ _ _R
6  _ _p_ _
5 _ _ _ _ 
4  _ _ PN_
3 _ _ _K_ 
2  _r_ _ p
1 _ _ _ _ 

  abcdefgh
8  _ _ k _
7 _ _ _ _R
6  _ _p_ _
5 _ _ _ _ 
4  _ _ PN_
3 _ _ _K_ 
2 r_ _ _ p
1 _ _ _ _ 

  abcdefgh
8  _ _ k _
7 _ _ _ _R
6  _ _p_ _
5 _ _ _ _ 
4  _ _ P _
3 _ _ _K_ 
2 r_ _ _ N
1 _ _ _ _ 

  abcdefgh
8  _ _ _k_
7 _ _ _ _R
6  _ _p_ _
5 _ _ _ _ 
4  _ _ P _
3 _ _ _K_ 
2 r_ _ _ N
1 _ _ _ _ 

  abcdefgh
8  _ _ _k_
7 _ _ _ _ 
6  _ _p_ _
5 _ _ _ _ 
4  _ _ P _
3 _ _ _K_R
2 r_ _ _ N
1 _ _ _ _ 

  abcdefgh
8  _ _ _ _
7 _ _ _k_ 
6  _ _p_ _
5 _ _ _ _ 
4  _ _ P _
3 _ _ _K_R
2 r_ _ _ N
1 _ _ _ _ 

  abcdefgh
8  _ _ _ _
7 _ _ _k_ 
6  _ _p_ _
5 _ _ _ _ 
4  _ _ P _
3 _ _ _ KR
2 r_ _ _ N
1 _ _ _ _ 

  abcdefgh
8  _ _ _ _
7 _ _ _ _ 
6  _ _p_k_
5 _ _ _ _ 
4  _ _ P _
3 _ _ _ KR
2 r_ _ _ N
1 _ _ _ _ 

  abcdefgh
8  _ _ _ _
7 _ _ _ _ 
6  _ _p_k_
5 _ _ _ _ 
4  _ _ P _
3 _ _ _NKR
2 r_ _ _ _
1 _ _ _ _ 

  abcdefgh
8  _ _ _ _
7 _ _ _ _ 
6  _ _p_k_
5 _ _ _ _ 
4  _ _ P _
3 r _ _NKR
2  _ _ _ _
1 _ _ _ _ 

  abcdefgh
8  _ _ _ _
7 _ _ _ _ 
6  _ _p_k_
5 _ _ _ _ 
4  _ _ PK_
3 r _ _N_R
2  _ _ _ _
1 _ _ _ _ 

  abcdefgh
8  _ _ _ _
7 _ _ _ _ 
6  _ _p_k_
5 _ _ _ _ 
4  _ _ PK_
3 _ _ _N_R
2  _ _ _ _
1 r _ _ _ 

  abcdefgh
8  _ _ _ _
7 _ _ _ _ 
6  _ _p_k_
5 _ _ _ _R
4  _ _ PK_
3 _ _ _N_ 
2  _ _ _ _
1 r _ _ _ 

  abcdefgh
8  _ _ _ _
7 _ _ _ k 
6  _ _p_ _
5 _ _ _ _R
4  _ _ PK_
3 _ _ _N_ 
2  _ _ _ _
1 r _ _ _ 

  abcdefgh
8  _ _ _ _
7 _ _ _ k 
6  _ _p_ _
5 _ _ R _ 
4  _ _ PK_
3 _ _ _N_ 
2  _ _ _ _
1 r _ _ _ 

  abcdefgh
8  _ _ _ _
7 _ _ _ _ 
6  _ _pk _
5 _ _ R _ 
4  _ _ PK_
3 _ _ _N_ 
2  _ _ _ _
1 r _ _ _ 

  abcdefgh
8  _ _ _ _
7 _ _ _ _ 
6  _ _pk _
5 _ _ _ _ 
4  _ _ PK_
3 _ _ _N_ 
2  _ _ _ _
1 r _ R _ 

  abcdefgh
8  _ _ _ _
7 _ _ _ _ 
6  _ _pk _
5 _ _ _ _ 
4  _ _ PK_
3 _ _ _N_ 
2 r_ _ _ _
1 _ _ R _ 

  abcdefgh
8  _ _ _ _
7 _ _ _ _ 
6  _ _pk _
5 _ _ _ _ 
4  _ N PK_
3 _ _ _ _ 
2 r_ _ _ _
1 _ _ R _ 

  abcdefgh
8  _ _ _ _
7 _ _ _ _ 
6  _ _pk _
5 _ _ _ _ 
4  _ N PK_
3 _ _ _ _ 
2  _ _ _r_
1 _ _ R _ 

  abcdefgh
8  _ _ _ _
7 _ _ _ _ 
6  _ _pk _
5 _ _ _ _ 
4  _ N P _
3 _ _ _K_ 
2  _ _ _r_
1 _ _ R _ 

  abcdefgh
8  _ _ _ _
7 _ _ _ _ 
6  _ _pk _
5 _ _ _ _ 
4  _ N P _
3 _ _ _K_ 
2  _ r _ _
1 _ _ R _ 

  abcdefgh
8  _ _ _ _
7 _ _ _ _ 
6  _ _Rk _
5 _ _ _ _ 
4  _ N P _
3 _ _ _K_ 
2  _ r _ _
1 _ _ _ _ 

  abcdefgh
8  _ _ _ _
7 _ _ _k_ 
6  _ _R_ _
5 _ _ _ _ 
4  _ N P _
3 _ _ _K_ 
2  _ r _ _
1 _ _ _ _ 

  abcdefgh
8  _ _ _ _
7 _ _ _k_ 
6  _ R _ _
5 _ _ _ _ 
4  _ N P _
3 _ _ _K_ 
2  _ r _ _
1 _ _ _ _ 

  abcdefgh
8  _ _ _ _
7 _ _ _k_ 
6  _ R _ _
5 _ _ _ _ 
4  _ N P _
3 _ _ _K_ 
2  _ _ _ _
1 _ _r_ _ 

  abcdefgh
8  _ _ _ _
7 _ _ _k_ 
6  _ R _ _
5 _ _ _N_ 
4  _ _ P _
3 _ _ _K_ 
2  _ _ _ _
1 _ _r_ _ 

  abcdefgh
8  _ _ _ _
7 _ _ _k_ 
6  _ R _ _
5 _ _ _N_ 
4  _ _ P _
3 _ _ _K_ 
2  _ _ _ _
1 _ _ _r_ 

  abcdefgh
8  _ _ _ _
7 _ _ _k_ 
6  _ R _ _
5 _ _ _N_ 
4  _ _ PK_
3 _ _ _ _ 
2  _ _ _ _
1 _ _ _r_ 

  abcdefgh
8  _ _ _ _
7 _ _ _k_ 
6  _ R _ _
5 _ _ _N_ 
4  _ _ PK_
3 _ _ _ _ 
2  _ _ _ _
1 _ _ _ r 

  abcdefgh
8  _ _ _ _
7 _ _ _k_ 
6  _ R _ _
5 _ _ _N_ 
4  _ _ P _
3 _ _ _K_ 
2  _ _ _ _
1 _ _ _ r 

  abcdefgh
8  _ _ _ _
7 _ _ _k_ 
6  _ R _ _
5 _ _ _N_ 
4  _ _ P _
3 _ _ _K_ 
2  _ _ _ _
1 _ _ _r_ 

  abcdefgh
8  _ _ _ _
7 _ _ _k_ 
6  _ R _ _
5 _ _ _N_ 
4  _ _ PK_
3 _ _ _ _ 
2  _ _ _ _
1 _ _ _r_ 

  abcdefgh
8  _ _ _ _
7 _ _ _k_ 
6  _ R _ _
5 _ _ _N_ 
4  _ _ PK_
3 _ _ _ _ 
2  _ _ _ _
1 _ _ _ r 

  abcdefgh
8  _ _ _ _
7 _ _ _k_ 
6  _ R _ _
5 _ _ _ _ 
4  _ _ PK_
3 _ _ _ N 
2  _ _ _ _
1 _ _ _ r 

  abcdefgh
8  _ _ _ _
7 _ _ _k_ 
6  _ R _ _
5 _ _ _ _ 
4  _ _ PK_
3 _ _ _ N 
2  _ _ _ _
1 _r_ _ _ 

  abcdefgh
8  _ _ _ _
7 _ _ _k_ 
6 R_ _ _ _
5 _ _ _ _ 
4  _ _ PK_
3 _ _ _ N 
2  _ _ _ _
1 _r_ _ _ 

  abcdefgh
8  _ _ _ _
7 _ _ _ k 
6 R_ _ _ _
5 _ _ _ _ 
4  _ _ PK_
3 _ _ _ N 
2  _ _ _ _
1 _r_ _ _ 

  abcdefgh
8  _ _ _ _
7 _ _ _ k 
6 R_ _ _ _
5 _ _ _P_ 
4  _ _ _K_
3 _ _ _ N 
2  _ _ _ _
1 _r_ _ _ 

  abcdefgh
8  _ _ _ _
7 _ _ _ k 
6 R_ _ _ _
5 _ _ _P_ 
4  _ _ _K_
3 _ _ _ N 
2  _ _ _ _
1 _ _ _ r 

  abcdefgh
8  _ _ _ _
7 _ _ _ k 
6 R_ _ _ _
5 _ _ _P_ 
4  _ _ K _
3 _ _ _ N 
2  _ _ _ _
1 _ _ _ r 

  abcdefgh
8  _ _ _ _
7 _ _ _ _k
6 R_ _ _ _
5 _ _ _P_ 
4  _ _ K _
3 _ _ _ N 
2  _ _ _ _
1 _ _ _ r 

  abcdefgh
8  _ _ _ _
7 _ _ _ _k
6  R _ _ _
5 _ _ _P_ 
4  _ _ K _
3 _ _ _ N 
2  _ _ _ _
1 _ _ _ r 

  abcdefgh
8  _ _ _ _
7 _ _ _ _k
6  R _ _ _
5 _ _ _P_ 
4  _ _ K _
3 _ _ _ N 
2  _ _ _r_
1 _ _ _ _ 

  abcdefgh
8  _ _ _ _
7 _ _ _ _k
6  R _ _ _
5 _ _ _P_ 
4  _ _NK _
3 _ _ _ _ 
2  _ _ _r_
1 _ _ _ _ 

  abcdefgh
8  _ _ _ _
7 _ _ _ k 
6  R _ _ _
5 _ _ _P_ 
4  _ _NK _
3 _ _ _ _ 
2  _ _ _r_
1 _ _ _ _ 

  abcdefgh
8  _ _ _ _
7 _ _ _ k 
6  R _ N _
5 _ _ _P_ 
4  _ _ K _
3 _ _ _ _ 
2  _ _ _r_
1 _ _ _ _ 

  abcdefgh
8  _ _ k _
7 _ _ _ _ 
6  R _ N _
5 _ _ _P_ 
4  _ _ K _
3 _ _ _ _ 
2  _ _ _r_
1 _ _ _ _ 

  abcdefgh
8  _ _ k _
7 _ _ _ _ 
6  R _ _ _
5 _ _ _P_ 
4  _ _ KN_
3 _ _ _ _ 
2  _ _ _r_
1 _ _ _ _ 

  abcdefgh
8  _ _ k _
7 _ _ _ _ 
6  R _ _ _
5 _ _ _P_ 
4  _ _ KN_
3 _ _ _ _ 
2  _ _ _ _
1 _ _ _ r 

  abcdefgh
8  _ _ k _
7 _ _ _ _ 
6  R _ _ _
5 _ _ _PK 
4  _ _ _N_
3 _ _ _ _ 
2  _ _ _ _
1 _ _ _ r 

  abcdefgh
8  _ _ _ _
7 _ _ k _ 
6  R _ _ _
5 _ _ _PK 
4  _ _ _N_
3 _ _ _ _ 
2  _ _ _ _
1 _ _ _ r 

  abcdefgh
8  _ _ _ _
7 _ _ k _ 
6  R _ P _
5 _ _ _ K 
4  _ _ _N_
3 _ _ _ _ 
2  _ _ _ _
1 _ _ _ r 

  abcdefgh
8  _ _ _ _
7 _ _k_ _ 
6  R _ P _
5 _ _ _ K 
4  _ _ _N_
3 _ _ _ _ 
2  _ _ _ _
1 _ _ _ r 

  abcdefgh
8  _ _ _ _
7 _R_k_ _ 
6  _ _ P _
5 _ _ _ K 
4  _ _ _N_
3 _ _ _ _ 
2  _ _ _ _
1 _ _ _ r 

  abcdefgh
8  _ _ _ _
7 _R_ _ _ 
6  _ k P _
5 _ _ _ K 
4  _ _ _N_
3 _ _ _ _ 
2  _ _ _ _
1 _ _ _ r 

  abcdefgh
8  _ _ _ _
7 _ _ R _ 
6  _ k P _
5 _ _ _ K 
4  _ _ _N_
3 _ _ _ _ 
2  _ _ _ _
1 _ _ _ r 

  abcdefgh
8  _ _ _ _
7 _ _ R _ 
6  _ k P _
5 _ _ _ K 
4  _ _ _N_
3 _ _ _ _ 
2  _ _ _ _
1 _ r _ _ 

  abcdefgh
8  _ _R_ _
7 _ _ _ _ 
6  _ k P _
5 _ _ _ K 
4  _ _ _N_
3 _ _ _ _ 
2  _ _ _ _
1 _ r _ _ 

  abcdefgh
8  _ _R_ _
7 _ r _ _ 
6  _ k P _
5 _ _ _ K 
4  _ _ _N_
3 _ _ _ _ 
2  _ _ _ _
1 _ _ _ _ 

  abcdefgh
8  _ _R_ _
7 _ r _ _ 
6  _ k P _
5 _ _ _ K 
4  _ _ _ _
3 _ _ N _ 
2  _ _ _ _
1 _ _ _ _ 

  abcdefgh
8  _ _R_ _
7 r _ _ _ 
6  _ k P _
5 _ _ _ K 
4  _ _ _ _
3 _ _ N _ 
2  _ _ _ _
1 _ _ _ _ 

  abcdefgh
8  _ _R_ _
7 r _ _ _ 
6  _ k PK_
5 _ _ _ _ 
4  _ _ _ _
3 _ _ N _ 
2  _ _ _ _
1 _ _ _ _ 

  abcdefgh
8  _ _R_ _
7 r _ _ _ 
6  _k_ PK_
5 _ _ _ _ 
4  _ _ _ _
3 _ _ N _ 
2  _ _ _ _
1 _ _ _ _ 

  abcdefgh
8  _ _ _ _
7 r _ _ _ 
6  _k_ PK_
5 _ _ R _ 
4  _ _ _ _
3 _ _ N _ 
2  _ _ _ _
1 _ _ _ _ 

  abcdefgh
8  _ _ _ _
7 _ _ _ _ 
6  _k_ PK_
5 _ _ R _ 
4  _ _ _ _
3 r _ N _ 
2  _ _ _ _
1 _ _ _ _ 

  abcdefgh
8  _ _ _ _
7 _ _ _P_ 
6  _k_ _K_
5 _ _ R _ 
4  _ _ _ _
3 r _ N _ 
2  _ _ _ _
1 _ _ _ _ 

  abcdefgh
8  _ _ _ _
7 _ _ _P_ 
6  _k_ _K_
5 _ _ R _ 
4  _ _ _ _
3 _ _ N _ 
2  _ _ _ _
1 r _ _ _ 

  abcdefgh
8  _ _ _ _
7 _ _ _P_ 
6  _k_ _K_
5 _ _ _R_ 
4  _ _ _ _
3 _ _ N _ 
2  _ _ _ _
1 r _ _ _ 

  abcdefgh
8  _ _ _ _
7 _k_ _P_ 
6  _ _ _K_
5 _ _ _R_ 
4  _ _ _ _
3 _ _ N _ 
2  _ _ _ _
1 r _ _ _ 

  abcdefgh
8  _ _ _ _
7 _k_ _P_ 
6  _ _ _K_
5 _ _ _ _ 
4  _ _ R _
3 _ _ N _ 
2  _ _ _ _
1 r _ _ _ 

  abcdefgh
8  _ _ _ _
7 _k_ _P_ 
6 r_ _ _K_
5 _ _ _ _ 
4  _ _ R _
3 _ _ N _ 
2  _ _ _ _
1 _ _ _ _ 

  abcdefgh
8  _ _ _ _
7 _k_ _P_ 
6 r_ _ RK_
5 _ _ _ _ 
4  _ _ _ _
3 _ _ N _ 
2  _ _ _ _
1 _ _ _ _ 

  abcdefgh
8  _ _ _ _
7 _k_ _P_ 
6  _ _ RK_
5 _ _ _ _ 
4  _ _ _ _
3 _ _ N _ 
2  _ _ _ _
1 r _ _ _ 

  abcdefgh
8  _ _ _ _
7 _k_ _PK 
6  _ _ R _
5 _ _ _ _ 
4  _ _ _ _
3 _ _ N _ 
2  _ _ _ _
1 r _ _ _ 

  abcdefgh
8  _ _ _ _
7 _k_ _PK 
6  _ _ R _
5 _ _ _ _ 
4  _ _ _ _
3 _ _ N _ 
2  _ _ _ _
1 _ _ _ r 

  abcdefgh
8  _ _ _ _
7 _k_ _PK 
6  _ _ _R_
5 _ _ _ _ 
4  _ _ _ _
3 _ _ N _ 
2  _ _ _ _
1 _ _ _ r 

  abcdefgh
8  _ _ _ _
7 _k_ _PK 
6  _ _ _R_
5 _ _ _ _ 
4  _ _ _ _
3 _ _ N _ 
2  _ _ _ _
1 r _ _ _ 

  abcdefgh
8  _ _ Q _
7 _k_ _ K 
6  _ _ _R_
5 _ _ _ _ 
4  _ _ _ _
3 _ _ N _ 
2  _ _ _ _
1 r _ _ _ 

  abcdefgh
8  _ _ Q _
7 rk_ _ K 
6  _ _ _R_
5 _ _ _ _ 
4  _ _ _ _
3 _ _ N _ 
2  _ _ _ _
1 _ _ _ _ 

  abcdefgh
8  _ _ Q _
7 rk_ _ K 
6  _ _ R _
5 _ _ _ _ 
4  _ _ _ _
3 _ _ N _ 
2  _ _ _ _
1 _ _ _ _ 

  abcdefgh
8  _ _ Q _
7 _k_ _ K 
6  _ _ R _
5 _ _ _ _ 
4  _ _ _ _
3 _ _ N _ 
2  _ _ _ _
1 r _ _ _ 

  abcdefgh
8  _ _ _ _
7 _k_ Q K 
6  _ _ R _
5 _ _ _ _ 
4  _ _ _ _
3 _ _ N _ 
2  _ _ _ _
1 r _ _ _ 

  abcdefgh
8  _k_ _ _
7 _ _ Q K 
6  _ _ R _
5 _ _ _ _ 
4  _ _ _ _
3 _ _ N _ 
2  _ _ _ _
1 r _ _ _ 

  abcdefgh
8  _k_ R _
7 _ _ Q K 
6  _ _ _ _
5 _ _ _ _ 
4  _ _ _ _
3 _ _ N _ 
2  _ _ _ _
1 r _ _ _ 

  abcdefgh
CTRL-D detected
