8 rnbqkbnr
7 pppppppp
6  _ _ _ _
5 _ _ _ _ 
4  _ P _ _
3 _ _ _ _ 
2 PPP_PPPP
1 RNBQKBNR

  abcdefgh
8 rnbqkb r
7 pppppppp
6  _ _ n _
5 _ _ _ _ 
4  _ P _ _
3 _ _ _ _ 
2 PPP_PPPP
1 RNBQKBNR

  abcdefgh
8 rnbqkb r
7 pppppppp
6  _ _ n _
5 _ _ _ _ 
4  _PP _ _
3 _ _ _ _ 
2 PP _PPPP
1 RNBQKBNR

  abcdefgh
8 rnbqkb r
7 pppppp_p
6  _ _ np_
5 _ _ _ _ 
4  _PP _ _
3 _ _ _ _ 
2 PP _PPPP
1 RNBQKBNR

  abcdefgh
8 rnbqkb r
7 pppppp_p
6  _ _ np_
5 _ _ _ _ 
4  _PP _ _
3 _ N _ _ 
2 PP _PPPP
1 R BQKBNR

  abcdefgh
8 rnbqkb r
7 ppp pp_p
6  _ _ np_
5 _ _p_ _ 
4  _PP _ _
3 _ N _ _ 
2 PP _PPPP
1 R BQKBNR

  abcdefgh
8 rnbqkb r
7 ppp pp_p
6  _ _ np_
5 _ _P_ _ 
4  _ P _ _
3 _ N _ _ 
2 PP _PPPP
1 R BQKBNR

  abcdefgh
8 rnbqkb r
7 ppp pp_p
6  _ _ _p_
5 _ _n_ _ 
4  _ P _ _
3 _ N _ _ 
2 PP _PPPP
1 R BQKBNR

  abcdefgh
8 rnbqkb r
7 ppp pp_p
6  _ _ _p_
5 _ _n_ _ 
4  _ PP_ _
3 _ N _ _ 
2 PP _ PPP
1 R BQKBNR

  abcdefgh
8 rnbqkb r
7 ppp pp_p
6  _ _ _p_
5 _ _ _ _ 
4  _ PP_ _
3 _ n _ _ 
2 PP _ PPP
1 R BQKBNR

  abcdefgh
8 rnbqkb r
7 ppp pp_p
6  _ _ _p_
5 _ _ _ _ 
4  _ PP_ _
3 _ P _ _ 
2 P_ _ PPP
1 R BQKBNR

  abcdefgh
8 rnbqk_ r
7 ppp ppbp
6  _ _ _p_
5 _ _ _ _ 
4  _ PP_ _
3 _ P _ _ 
2 P_ _ PPP
1 R BQKBNR

  abcdefgh
8 rnbqk_ r
7 ppp ppbp
6  _ _ _p_
5 _ _ _ _ 
4  _ PP_ _
3 B P _ _ 
2 P_ _ PPP
1 R _QKBNR

  abcdefgh
8 r_bqk_ r
7 pppnppbp
6  _ _ _p_
5 _ _ _ _ 
4  _ PP_ _
3 B P _ _ 
2 P_ _ PPP
1 R _QKBNR

  abcdefgh
8 r_bqk_ r
7 pppnppbp
6  _ _ _p_
5 _ _ _ _ 
4  _ PP_ _
3 B P _N_ 
2 P_ _ PPP
1 R _QKB_R

  abcdefgh
8 r_bqk_ r
7 pp_nppbp
6  _ _ _p_
5 _ p _ _ 
4  _ PP_ _
3 B P _N_ 
2 P_ _ PPP
1 R _QKB_R

  abcdefgh
8 r_bqk_ r
7 pp_nppbp
6  _ _ _p_
5 _ p _ _ 
4  _ PP_ _
3 BQP _N_ 
2 P_ _ PPP
1 R _ KB_R

  abcdefgh
was here
8 r_bq rk_
7 pp_nppbp
6  _ _ _p_
5 _ p _ _ 
4  _ PP_ _
3 BQP _N_ 
2 P_ _ PPP
1 R _ KB_R

  abcdefgh
8 r_bq rk_
7 pp_nppbp
6  _ _ _p_
5 _ p _ _ 
4  _BPP_ _
3 BQP _N_ 
2 P_ _ PPP
1 R _ K _R

  abcdefgh
8  rbq rk_
7 pp_nppbp
6  _ _ _p_
5 _ p _ _ 
4  _BPP_ _
3 BQP _N_ 
2 P_ _ PPP
1 R _ K _R

  abcdefgh
8  rbq rk_
7 pp_nppbp
6  _ _ _p_
5 _ p _ N 
4  _BPP_ _
3 BQP _ _ 
2 P_ _ PPP
1 R _ K _R

  abcdefgh
8  rb_qrk_
7 pp_nppbp
6  _ _ _p_
5 _ p _ N 
4  _BPP_ _
3 BQP _ _ 
2 P_ _ PPP
1 R _ K _R

  abcdefgh
8  rb_qrk_
7 pp_nppbp
6  _ _ _p_
5 _ p P N 
4  _BP _ _
3 BQP _ _ 
2 P_ _ PPP
1 R _ K _R

  abcdefgh
8  rb_qrk_
7 pp_ ppbp
6  n _ _p_
5 _ p P N 
4  _BP _ _
3 BQP _ _ 
2 P_ _ PPP
1 R _ K _R

  abcdefgh
8  rb_qrk_
7 pp_ ppbp
6  n _ _p_
5 _Bp P N 
4  _ P _ _
3 BQP _ _ 
2 P_ _ PPP
1 R _ K _R

  abcdefgh
8  r _qrk_
7 pp_bppbp
6  n _ _p_
5 _Bp P N 
4  _ P _ _
3 BQP _ _ 
2 P_ _ PPP
1 R _ K _R

  abcdefgh
8  r _qrk_
7 pp_Bppbp
6  n _ _p_
5 _ p P N 
4  _ P _ _
3 BQP _ _ 
2 P_ _ PPP
1 R _ K _R

  abcdefgh
8  r _ rk_
7 pp_qppbp
6  n _ _p_
5 _ p P N 
4  _ P _ _
3 BQP _ _ 
2 P_ _ PPP
1 R _ K _R

  abcdefgh
8  r _ rk_
7 pp_qppbp
6  n _ _p_
5 _ B P N 
4  _ P _ _
3 _QP _ _ 
2 P_ _ PPP
1 R _ K _R

  abcdefgh
8  r _ rk_
7 pp_qppbp
6  _ _ _p_
5 _ BnP N 
4  _ P _ _
3 _QP _ _ 
2 P_ _ PPP
1 R _ K _R

  abcdefgh
was here
8  r _ rk_
7 pp_qppbp
6  _ _ _p_
5 _ BnP N 
4  _ P _ _
3 _QP _ _ 
2 P_ _ PPP
1 R _ _RK 

  abcdefgh
8  _r_ rk_
7 pp_qppbp
6  _ _ _p_
5 _ BnP N 
4  _ P _ _
3 _QP _ _ 
2 P_ _ PPP
1 R _ _RK 

  abcdefgh
8  _r_ rk_
7 pp_qppbp
6  _ _ _p_
5 _ BnP N 
4  _PP _ _
3 _Q_ _ _ 
2 P_ _ PPP
1 R _ _RK 

  abcdefgh
8  _r_ rk_
7 p _qppbp
6  p _ _p_
5 _ BnP N 
4  _PP _ _
3 _Q_ _ _ 
2 P_ _ PPP
1 R _ _RK 

  abcdefgh
8  _r_ rk_
7 p _qppbp
6  p _P_p_
5 _ Bn_ N 
4  _PP _ _
3 _Q_ _ _ 
2 P_ _ PPP
1 R _ _RK 

  abcdefgh
8  _r_ rk_
7 p _qp bp
6  p _p_p_
5 _ Bn_ N 
4  _PP _ _
3 _Q_ _ _ 
2 P_ _ PPP
1 R _ _RK 

  abcdefgh
8  _r_ rk_
7 p _qp bp
6  p _p_p_
5 _ BP_ N 
4  _ P _ _
3 _Q_ _ _ 
2 P_ _ PPP
1 R _ _RK 

  abcdefgh
8  _r_ rk_
7 p _qp bp
6  _ _p_p_
5 _ pP_ N 
4  _ P _ _
3 _Q_ _ _ 
2 P_ _ PPP
1 R _ _RK 

  abcdefgh
8  _r_ rk_
7 p _qp bp
6  _ _N_p_
5 _ pP_ _ 
4  _ P _ _
3 _Q_ _ _ 
2 P_ _ PPP
1 R _ _RK 

  abcdefgh
8  _r_ _k_
7 p _qp bp
6  _ _N_p_
5 _ pP_r_ 
4  _ P _ _
3 _Q_ _ _ 
2 P_ _ PPP
1 R _ _RK 

  abcdefgh
8  _r_ _k_
7 p _qp bp
6  _ _N_p_
5 _ pP_r_ 
4  _ P _ _
3 _Q_ _ _ 
2 P_ _ PPP
1 _ R _RK 

  abcdefgh
8  _r_ _k_
7 p _ p bp
6  _ _N_p_
5 _ pq_r_ 
4  _ P _ _
3 _Q_ _ _ 
2 P_ _ PPP
1 _ R _RK 

  abcdefgh
8  _r_ _k_
7 p _ p bp
6  _ _N_p_
5 _ Rq_r_ 
4  _ P _ _
3 _Q_ _ _ 
2 P_ _ PPP
1 _ _ _RK 

  abcdefgh
8  _ _ _k_
7 p _ p bp
6  _ _N_p_
5 _ rq_r_ 
4  _ P _ _
3 _Q_ _ _ 
2 P_ _ PPP
1 _ _ _RK 

  abcdefgh
8  _ _ _k_
7 p _ p bp
6  _ _N_p_
5 _ Pq_r_ 
4  _ _ _ _
3 _Q_ _ _ 
2 P_ _ PPP
1 _ _ _RK 

  abcdefgh
8  _ _ _ _
7 p _ pkbp
6  _ _N_p_
5 _ Pq_r_ 
4  _ _ _ _
3 _Q_ _ _ 
2 P_ _ PPP
1 _ _ _RK 

  abcdefgh
8  _ _ _ _
7 p _ pkbp
6  _ _N_p_
5 _ Pq_r_ 
4  _ _ _ _
3 _Q_ _ _ 
2 P_ _ PPP
1 _ _ R K 

  abcdefgh
8  _ _ _ _
7 p _ pkbp
6  _ _N_p_
5 _ P _r_ 
4  _ _ _ _
3 _q_ _ _ 
2 P_ _ PPP
1 _ _ R K 

  abcdefgh
8  _ _ _ _
7 p _ pkbp
6  _ _N_p_
5 _ P _r_ 
4  _ _ _ _
3 _P_ _ _ 
2  _ _ PPP
1 _ _ R K 

  abcdefgh
8  _ _ _ _
7 p _ pk_p
6  _ _N_p_
5 _ P _r_ 
4  _ _ _ _
3 _Pb _ _ 
2  _ _ PPP
1 _ _ R K 

  abcdefgh
8  _ _ _ _
7 p _ pk_p
6  _ _N_p_
5 _ P _r_ 
4  _ _R_ _
3 _Pb _ _ 
2  _ _ PPP
1 _ _ _ K 

  abcdefgh
8  _ _ _ _
7 p _ pk_p
6  _ _N_p_
5 _ Pr_ _ 
4  _ _R_ _
3 _Pb _ _ 
2  _ _ PPP
1 _ _ _ K 

  abcdefgh
8  _ _ _ _
7 p _ pk_p
6  _ _N_p_
5 _ Pr_ _ 
4  _ _RP _
3 _Pb _ _ 
2  _ _ _PP
1 _ _ _ K 

  abcdefgh
8  _ _ _ _
7 p _ pk_p
6  _ _N_p_
5 b Pr_ _ 
4  _ _RP _
3 _P_ _ _ 
2  _ _ _PP
1 _ _ _ K 

  abcdefgh
8  _ _ _ _
7 p _ pk_p
6  _ _N_p_
5 b Pr_ _ 
4  _ _RP _
3 _P_ _ _ 
2  _ _ KPP
1 _ _ _ _ 

  abcdefgh
8  _ _ _ _
7 p _ pk_ 
6  _ _N_pp
5 b Pr_ _ 
4  _ _RP _
3 _P_ _ _ 
2  _ _ KPP
1 _ _ _ _ 

  abcdefgh
8  _ _ _ _
7 p _ pk_ 
6  _ _N_pp
5 b Pr_ _ 
4  _ _RPP_
3 _P_ _ _ 
2  _ _ K P
1 _ _ _ _ 

  abcdefgh
8  _ _ _ _
7 p _ pk_ 
6  _ _N_pp
5 b P _ _ 
4  _ _RPP_
3 _P_ _ _ 
2  _ r K P
1 _ _ _ _ 

  abcdefgh
8  _ _ _ _
7 p _ pk_ 
6  _ _N_pp
5 b P _ _ 
4  _ _RPP_
3 _P_ K _ 
2  _ r _ P
1 _ _ _ _ 

  abcdefgh
8  _ _ _ _
7 p _ pk_ 
6  _ _N_pp
5 b P _ _ 
4  _ _RPP_
3 _P_ K _ 
2  _ _ _ r
1 _ _ _ _ 

  abcdefgh
8  _ _ _ _
7 p _ pk_ 
6  _ _N_pp
5 b P _ _ 
4  _ _RPP_
3 _P_K_ _ 
2  _ _ _ r
1 _ _ _ _ 

  abcdefgh
8  _ _ _ _
7 p _ pk_ 
6  _ _N_pp
5 b P _ _ 
4  _ _RPP_
3 _P_K_ _ 
2  r _ _ _
1 _ _ _ _ 

  abcdefgh
8  _ _ _ _
7 p _ pk_ 
6  _ _ _pp
5 b P _ _ 
4  _ NRPP_
3 _P_K_ _ 
2  r _ _ _
1 _ _ _ _ 

  abcdefgh
8  _ _ _ _
7 p b pk_ 
6  _ _ _pp
5 _ P _ _ 
4  _ NRPP_
3 _P_K_ _ 
2  r _ _ _
1 _ _ _ _ 

  abcdefgh
8  _ _ _ _
7 p b pk_ 
6  _ _ _pp
5 _ P _ _ 
4  _ NRPP_
3 _PK _ _ 
2  r _ _ _
1 _ _ _ _ 

  abcdefgh
8  _ _ _ _
7 p b pk_ 
6  _ _ _pp
5 _ P _ _ 
4  _ NRPP_
3 _PK _ _ 
2  _ _ _ _
1 _r_ _ _ 

  abcdefgh
8  _ _ _ _
7 p b pk_ 
6  _N_ _pp
5 _ P _ _ 
4  _ _RPP_
3 _PK _ _ 
2  _ _ _ _
1 _r_ _ _ 

  abcdefgh
8  _ _ _ _
7 p b _k_ 
6  _N_p_pp
5 _ P _ _ 
4  _ _RPP_
3 _PK _ _ 
2  _ _ _ _
1 _r_ _ _ 

  abcdefgh
8  _ _ _ _
7 p b _k_ 
6  _ _p_pp
5 _ P _ _ 
4  _ NRPP_
3 _PK _ _ 
2  _ _ _ _
1 _r_ _ _ 

  abcdefgh
8  _ _ _ _
7 p b _k_ 
6  _ _p_pp
5 _ P _ _ 
4  _ NRPP_
3 _PK _ _ 
2  _ _ _ _
1 _ _ r _ 

  abcdefgh
8  _ _ _ _
7 p b _k_ 
6  _ _p_pp
5 _ P _ _ 
4  _ N PP_
3 _PK _ _ 
2  _ _ _ _
1 _ _ R _ 

  abcdefgh
8  _ _ _ _
7 p _ _k_ 
6  _ _p_pp
5 _ P _ _ 
4  _ N bP_
3 _PK _ _ 
2  _ _ _ _
1 _ _ R _ 

  abcdefgh
8  _ _ _ _
7 p _ _k_ 
6  _P_p_pp
5 _ _ _ _ 
4  _ N bP_
3 _PK _ _ 
2  _ _ _ _
1 _ _ R _ 

  abcdefgh
8  _ _ _ _
7 p b _k_ 
6  _P_p_pp
5 _ _ _ _ 
4  _ N _P_
3 _PK _ _ 
2  _ _ _ _
1 _ _ R _ 

  abcdefgh
8  _ _ _ _
7 p b _k_ 
6  _P_p_pp
5 _N_ _ _ 
4  _ _ _P_
3 _PK _ _ 
2  _ _ _ _
1 _ _ R _ 

  abcdefgh
8  _ _ _ _
7 p _ _k_ 
6  _P_p_pp
5 _N_ _ _ 
4  _ _ _P_
3 _PK _ _ 
2  _ _ _ b
1 _ _ R _ 

  abcdefgh
8  _ _ _ _
7 p P _k_ 
6  _ _p_pp
5 _N_ _ _ 
4  _ _ _P_
3 _PK _ _ 
2  _ _ _ b
1 _ _ R _ 

  abcdefgh
8  _ _ _ _
7 p b _k_ 
6  _ _p_pp
5 _N_ _ _ 
4  _ _ _P_
3 _PK _ _ 
2  _ _ _ _
1 _ _ R _ 

  abcdefgh
8  _ _ _ _
7 p N _k_ 
6  _ _p_pp
5 _ _ _ _ 
4  _ _ _P_
3 _PK _ _ 
2  _ _ _ _
1 _ _ R _ 

  abcdefgh
8  _ _ _ _
7 p N k _ 
6  _ _p_pp
5 _ _ _ _ 
4  _ _ _P_
3 _PK _ _ 
2  _ _ _ _
1 _ _ R _ 

  abcdefgh
8  _ _ _ _
7 p _ k _ 
6  _ _p_pp
5 _ _N_ _ 
4  _ _ _P_
3 _PK _ _ 
2  _ _ _ _
1 _ _ R _ 

  abcdefgh
8  _ _ k _
7 p _ _ _ 
6  _ _p_pp
5 _ _N_ _ 
4  _ _ _P_
3 _PK _ _ 
2  _ _ _ _
1 _ _ R _ 

  abcdefgh
8  _ _ k _
7 p _ _ _ 
6  _ _p_pp
5 _ _ _ _ 
4  _ _ _P_
3 _PK N _ 
2  _ _ _ _
1 _ _ R _ 

  abcdefgh
8  _ _ _k_
7 p _ _ _ 
6  _ _p_pp
5 _ _ _ _ 
4  _ _ _P_
3 _PK N _ 
2  _ _ _ _
1 _ _ R _ 

  abcdefgh
8  _ _ _k_
7 p _ _ _ 
6  _ _p_pp
5 _ _ _ _ 
4  _K_ _P_
3 _P_ N _ 
2  _ _ _ _
1 _ _ R _ 

  abcdefgh
8  _ _ _k_
7 p _ _ _ 
6  _ _p_p_
5 _ _ _ _p
4  _K_ _P_
3 _P_ N _ 
2  _ _ _ _
1 _ _ R _ 

  abcdefgh
8  _ _ _k_
7 p _ _ _ 
6  _ _p_p_
5 _ _ _ Pp
4  _K_ _ _
3 _P_ N _ 
2  _ _ _ _
1 _ _ R _ 

  abcdefgh
8  _ _ _k_
7 p _ _ _ 
6  _ _ _p_
5 _ _ p Pp
4  _K_ _ _
3 _P_ N _ 
2  _ _ _ _
1 _ _ R _ 

  abcdefgh
8  _ _ _k_
7 p _ _ _ 
6  _ _ _p_
5 _K_ p Pp
4  _ _ _ _
3 _P_ N _ 
2  _ _ _ _
1 _ _ R _ 

  abcdefgh
8  _ _ _ _
7 p _ _k_ 
6  _ _ _p_
5 _K_ p Pp
4  _ _ _ _
3 _P_ N _ 
2  _ _ _ _
1 _ _ R _ 

  abcdefgh
8  _ _ _ _
7 p _ _k_ 
6 K_ _ _p_
5 _ _ p Pp
4  _ _ _ _
3 _P_ N _ 
2  _ _ _ _
1 _ _ R _ 

  abcdefgh
8  _ _ _ _
7 p _ _k_ 
6 K_ _ _p_
5 _ _ _ Pp
4  _ _p_ _
3 _P_ N _ 
2  _ _ _ _
1 _ _ R _ 

  abcdefgh
8  _ _ _ _
7 p _ _k_ 
6 K_ _ _p_
5 _ _ _ Pp
4  P _p_ _
3 _ _ N _ 
2  _ _ _ _
1 _ _ R _ 

  abcdefgh
8  _ _ _ _
7 p _ k _ 
6 K_ _ _p_
5 _ _ _ Pp
4  P _p_ _
3 _ _ N _ 
2  _ _ _ _
1 _ _ R _ 

  abcdefgh
8  _ _ _ _
7 K _ k _ 
6  _ _ _p_
5 _ _ _ Pp
4  P _p_ _
3 _ _ N _ 
2  _ _ _ _
1 _ _ R _ 

  abcdefgh
8  _ _ _ _
7 K _ _ _ 
6  _ k _p_
5 _ _ _ Pp
4  P _p_ _
3 _ _ N _ 
2  _ _ _ _
1 _ _ R _ 

  abcdefgh
8  _ _ _ _
7 K _ _ _ 
6  _ k _p_
5 _P_ _ Pp
4  _ _p_ _
3 _ _ N _ 
2  _ _ _ _
1 _ _ R _ 

  abcdefgh
8  _ _ _ _
7 K _ _ _ 
6  _ _ _p_
5 _P_ k Pp
4  _ _p_ _
3 _ _ N _ 
2  _ _ _ _
1 _ _ R _ 

  abcdefgh
8  _ _ _ _
7 K _ _ _ 
6  P _ _p_
5 _ _ k Pp
4  _ _p_ _
3 _ _ N _ 
2  _ _ _ _
1 _ _ R _ 

  abcdefgh
8  _ _ _ _
7 K _ _ _ 
6  P _ _p_
5 _ _ _ Pp
4  _ _pk _
3 _ _ N _ 
2  _ _ _ _
1 _ _ R _ 

  abcdefgh
8  _ _ _ _
7 KP_ _ _ 
6  _ _ _p_
5 _ _ _ Pp
4  _ _pk _
3 _ _ N _ 
2  _ _ _ _
1 _ _ R _ 

  abcdefgh
8  _ _ _ _
7 KP_ _ _ 
6  _ _ _p_
5 _ _ _ kp
4  _ _p_ _
3 _ _ N _ 
2  _ _ _ _
1 _ _ R _ 

  abcdefgh
8  _ _ _ _
7 KP_ _ _ 
6  _ _ _p_
5 _ _ _ kp
4  _ _p_ _
3 _ _ N _ 
2  _ _ _ _
1 _ _ _R_ 

  abcdefgh
8  _ _ _ _
7 KP_ _ _ 
6  _ _ _pk
5 _ _ _ _p
4  _ _p_ _
3 _ _ N _ 
2  _ _ _ _
1 _ _ _R_ 

  abcdefgh
8  _ _ _ _
7 KP_ _ _ 
6  _ _ _pk
5 _ _ _ _p
4  _ _p_ _
3 _ _ N _ 
2  _ _ _ _
1 _ _ R _ 

  abcdefgh
8  _ _ _ _
7 KP_ _ _ 
6  _ _ _p_
5 _ _ _ kp
4  _ _p_ _
3 _ _ N _ 
2  _ _ _ _
1 _ _ R _ 

  abcdefgh
8  _ _ _ _
7 _P_ _ _ 
6 K_ _ _p_
5 _ _ _ kp
4  _ _p_ _
3 _ _ N _ 
2  _ _ _ _
1 _ _ R _ 

  abcdefgh
8  _ _ _ _
7 _P_ _ _ 
6 K_ _ _p_
5 _ _ _ k 
4  _ _p_ p
3 _ _ N _ 
2  _ _ _ _
1 _ _ R _ 

  abcdefgh
8  _ _ _ _
7 _P_ _ _ 
6 K_ _ _p_
5 _ _ _ k 
4  _ _p_ p
3 _ _ N _ 
2  _ _ _ _
1 _ _ _ R 

  abcdefgh
8  _ _ _ _
7 _P_ _ _ 
6 K_ _ _p_
5 _ _ _ _ 
4  _ _pk p
3 _ _ N _ 
2  _ _ _ _
1 _ _ _ R 

  abcdefgh
8  _ _ _ _
7 _P_ _ _ 
6 K_ _ _p_
5 _ _ _ _ 
4  _ _pkRp
3 _ _ N _ 
2  _ _ _ _
1 _ _ _ _ 

  abcdefgh
8  _ _ _ _
7 _P_ _ _ 
6 K_ _ _p_
5 _ _ _ _ 
4  _ _p_Rp
3 _ _ k _ 
2  _ _ _ _
1 _ _ _ _ 

  abcdefgh
8  _ _ _ _
7 _P_ _ _ 
6 K_ _ _p_
5 _ _ _ _ 
4  _ _p_ R
3 _ _ k _ 
2  _ _ _ _
1 _ _ _ _ 

  abcdefgh
8  _ _ _ _
7 _P_ _ _ 
6 K_ _ _p_
5 _ _ _ _ 
4  _ _p_ R
3 _ _ _k_ 
2  _ _ _ _
1 _ _ _ _ 

  abcdefgh
8  _ _ _ _
7 _P_ _ _ 
6 K_ _ _p_
5 _ _ _ _ 
4  _ _p_ _
3 _ _ _k_R
2  _ _ _ _
1 _ _ _ _ 

  abcdefgh
8  _ _ _ _
7 _P_ _ _ 
6 K_ _ _p_
5 _ _ _ _ 
4  _ _p_ _
3 _ _ _ _R
2  _ _ k _
1 _ _ _ _ 

  abcdefgh
8  _ _ _ _
7 _P_ _ _ 
6 K_ _ _p_
5 _ _ _ _ 
4  _ _p_ _
3 _ R _ _ 
2  _ _ k _
1 _ _ _ _ 

  abcdefgh
8  _ _ _ _
7 _P_ _ _ 
6 K_ _ _ _
5 _ _ _ p 
4  _ _p_ _
3 _ R _ _ 
2  _ _ k _
1 _ _ _ _ 

  abcdefgh
8  _ _ _ _
7 _P_ _ _ 
6 K_ _ _ _
5 _ R _ p 
4  _ _p_ _
3 _ _ _ _ 
2  _ _ k _
1 _ _ _ _ 

  abcdefgh
8  _ _ _ _
7 _P_ _ _ 
6 K_ _ _ _
5 _ R _ _ 
4  _ _p_p_
3 _ _ _ _ 
2  _ _ k _
1 _ _ _ _ 

  abcdefgh
8  _ _ _ _
7 _P_ _ _ 
6 K_ _ _ _
5 _ _ _R_ 
4  _ _p_p_
3 _ _ _ _ 
2  _ _ k _
1 _ _ _ _ 

  abcdefgh
8  _ _ _ _
7 _P_ _ _ 
6 K_ _ _ _
5 _ _ _R_ 
4  _ _p_p_
3 _ _ _ k 
2  _ _ _ _
1 _ _ _ _ 

  abcdefgh
8  Q _ _ _
7 _ _ _ _ 
6 K_ _ _ _
5 _ _ _R_ 
4  _ _p_p_
3 _ _ _ k 
2  _ _ _ _
1 _ _ _ _ 

  abcdefgh
8  Q _ _ _
7 _ _ _ _ 
6 K_ _ _ _
5 _ _ _R_ 
4  _ _p_p_
3 _ _ _ _k
2  _ _ _ _
1 _ _ _ _ 

  abcdefgh
8  _ _ _ _
7 _ _ _ _ 
6 K_ _ _ _
5 _ _ _R_ 
4  _ _pQp_
3 _ _ _ _k
2  _ _ _ _
1 _ _ _ _ 

  abcdefgh
8  _ _ _ _
7 _ _ _ _ 
6 K_ _ _ _
5 _ _ _R_ 
4  _ _ Qp_
3 _ _ p _k
2  _ _ _ _
1 _ _ _ _ 

  abcdefgh
8  _ _ _ _
7 _ _ _ _ 
6 K_ _ _ _
5 _ _ _ R 
4  _ _ Qp_
3 _ _ p _k
2  _ _ _ _
1 _ _ _ _ 

  abcdefgh
8  _ _ _ _
7 _ _ _ _ 
6 K_ _ _ _
5 _ _ _ R 
4  _ _ Qp_
3 _ _ _ _k
2  _ _p_ _
1 _ _ _ _ 

  abcdefgh
8  _ _ _ _
7 _ _ _ _ 
6 K_ _ _ _
5 _ _ _ R 
4  _ _ _Q_
3 _ _ _ _k
2  _ _p_ _
1 _ _ _ _ 

  abcdefgh
8  _ _ _ _
7 _ _ _ _ 
6 K_ _ _ _
5 _ _ _ R 
4  _ _ _Q_
3 _ _ _ _ 
2  _ _p_ k
1 _ _ _ _ 

  abcdefgh
8  _ _ _ _
7 _ _ _ _ 
6 K_ _ _ _
5 _ _ _ _R
4  _ _ _Q_
3 _ _ _ _ 
2  _ _p_ k
1 _ _ _ _ 

  abcdefgh
CTRL-D detected
