8 rnbqkbnr
7 pppppppp
6  _ _ _ _
5 _ _ _ _ 
4  _ _P_ _
3 _ _ _ _ 
2 PPPP PPP
1 RNBQKBNR

  abcdefgh
8 rnbqkbnr
7 pp_ppppp
6  _ _ _ _
5 _ p _ _ 
4  _ _P_ _
3 _ _ _ _ 
2 PPPP PPP
1 RNBQKBNR

  abcdefgh
8 rnbqkbnr
7 pp_ppppp
6  _ _ _ _
5 _ p _ _ 
4  _ _P_ _
3 _ _ _ P 
2 PPPP P P
1 RNBQKBNR

  abcdefgh
8 r_bqkbnr
7 pp_ppppp
6  _n_ _ _
5 _ p _ _ 
4  _ _P_ _
3 _ _ _ P 
2 PPPP P P
1 RNBQKBNR

  abcdefgh
8 r_bqkbnr
7 pp_ppppp
6  _n_ _ _
5 _ p _ _ 
4  _ _P_ _
3 _ _ _ P 
2 PPPP PBP
1 RNBQK NR

  abcdefgh
8 r_bqkbnr
7 pp_p_ppp
6  _n_p_ _
5 _ p _ _ 
4  _ _P_ _
3 _ _ _ P 
2 PPPP PBP
1 RNBQK NR

  abcdefgh
8 r_bqkbnr
7 pp_p_ppp
6  _n_p_ _
5 _ p _ _ 
4  _ _P_ _
3 _ N _ P 
2 PPPP PBP
1 R BQK NR

  abcdefgh
8 r_bqk_nr
7 pp_pbppp
6  _n_p_ _
5 _ p _ _ 
4  _ _P_ _
3 _ N _ P 
2 PPPP PBP
1 R BQK NR

  abcdefgh
8 r_bqk_nr
7 pp_pbppp
6  _n_p_ _
5 _ p _ _ 
4  _ _P_ _
3 _ N _ P 
2 PPPPNPBP
1 R BQK _R

  abcdefgh
8 r_bqk_ r
7 pp_pbppp
6  _n_pn _
5 _ p _ _ 
4  _ _P_ _
3 _ N _ P 
2 PPPPNPBP
1 R BQK _R

  abcdefgh
8 r_bqk_ r
7 pp_pbppp
6  _n_pn _
5 _ p _ _ 
4  _ PP_ _
3 _ N _ P 
2 PPP_NPBP
1 R BQK _R

  abcdefgh
8 r_bqk_ r
7 pp_pbppp
6  _n_pn _
5 _ _ _ _ 
4  _ pP_ _
3 _ N _ P 
2 PPP_NPBP
1 R BQK _R

  abcdefgh
8 r_bqk_ r
7 pp_pbppp
6  _n_pn _
5 _ _ _ _ 
4  _ NP_ _
3 _ N _ P 
2 PPP_ PBP
1 R BQK _R

  abcdefgh
was here
8 r_bq rk_
7 pp_pbppp
6  _n_pn _
5 _ _ _ _ 
4  _ NP_ _
3 _ N _ P 
2 PPP_ PBP
1 R BQK _R

  abcdefgh
was here
8 r_bq rk_
7 pp_pbppp
6  _n_pn _
5 _ _ _ _ 
4  _ NP_ _
3 _ N _ P 
2 PPP_ PBP
1 R BQ_RK 

  abcdefgh
8 r_bq rk_
7 pp_ bppp
6  _n_pn _
5 _ _p_ _ 
4  _ NP_ _
3 _ N _ P 
2 PPP_ PBP
1 R BQ_RK 

  abcdefgh
8 r_bq rk_
7 pp_ bppp
6  _n_pn _
5 _ _P_ _ 
4  _ N _ _
3 _ N _ P 
2 PPP_ PBP
1 R BQ_RK 

  abcdefgh
8 r_bq rk_
7 pp_ bppp
6  _n_ n _
5 _ _p_ _ 
4  _ N _ _
3 _ N _ P 
2 PPP_ PBP
1 R BQ_RK 

  abcdefgh
8 r_bq rk_
7 pp_ bppp
6  _n_ n _
5 _ _p_ _ 
4  _ N _ _
3 _ N _ PP
2 PPP_ PB_
1 R BQ_RK 

  abcdefgh
8 r_b_ rk_
7 pp_ bppp
6  qn_ n _
5 _ _p_ _ 
4  _ N _ _
3 _ N _ PP
2 PPP_ PB_
1 R BQ_RK 

  abcdefgh
8 r_b_ rk_
7 pp_ bppp
6  qn_ n _
5 _ _p_ _ 
4  _ N _ _
3 _ _ _ PP
2 PPP_NPB_
1 R BQ_RK 

  abcdefgh
8 r_b_r_k_
7 pp_ bppp
6  qn_ n _
5 _ _p_ _ 
4  _ N _ _
3 _ _ _ PP
2 PPP_NPB_
1 R BQ_RK 

  abcdefgh
8 r_b_r_k_
7 pp_ bppp
6  qn_ n _
5 _ _p_ _ 
4  _ N _ _
3 _ P _ PP
2 PP _NPB_
1 R BQ_RK 

  abcdefgh
8 r_b_r_k_
7 pp_ bpp 
6  qn_ n p
5 _ _p_ _ 
4  _ N _ _
3 _ P _ PP
2 PP _NPB_
1 R BQ_RK 

  abcdefgh
8 r_b_r_k_
7 pp_ bpp 
6  qn_ n p
5 _ _p_ _ 
4  _ N _ _
3 _QP _ PP
2 PP _NPB_
1 R B _RK 

  abcdefgh
8 r_b_r_k_
7 pp_ bpp 
6 q_n_ n p
5 _ _p_ _ 
4  _ N _ _
3 _QP _ PP
2 PP _NPB_
1 R B _RK 

  abcdefgh
8 r_b_r_k_
7 pp_ bpp 
6 q_n_ n p
5 _ _p_ _ 
4  _ N N _
3 _QP _ PP
2 PP _ PB_
1 R B _RK 

  abcdefgh
8 r_b_r_k_
7 pp_ _pp 
6 q_n_ n p
5 _ bp_ _ 
4  _ N N _
3 _QP _ PP
2 PP _ PB_
1 R B _RK 

  abcdefgh
8 r_b_r_k_
7 pp_ _pp 
6 q_n_ n p
5 _ bp_ _ 
4  _ N N _
3 _QP _ PP
2 PP _ PB_
1 R BR_ K 

  abcdefgh
8 r_b_r_k_
7 pp_ _pp 
6 q_n_ n p
5 _ _p_ _ 
4  _ b N _
3 _QP _ PP
2 PP _ PB_
1 R BR_ K 

  abcdefgh
8 r_b_r_k_
7 pp_ _pp 
6 q_n_ n p
5 _ _p_ _ 
4  _ P N _
3 _Q_ _ PP
2 PP _ PB_
1 R BR_ K 

  abcdefgh
8 r_ _r_k_
7 pp_ _pp 
6 q_n_bn p
5 _ _p_ _ 
4  _ P N _
3 _Q_ _ PP
2 PP _ PB_
1 R BR_ K 

  abcdefgh
8 r_ _r_k_
7 pp_ _pp 
6 q_n_bn p
5 _ _p_ _ 
4  _ P N _
3 _Q_ _ PP
2 PP _ P _
1 R BR_BK 

  abcdefgh
8 r_ _r_k_
7 pp_ _pp 
6  qn_bn p
5 _ _p_ _ 
4  _ P N _
3 _Q_ _ PP
2 PP _ P _
1 R BR_BK 

  abcdefgh
8 r_ _r_k_
7 pp_ _pp 
6  Qn_bn p
5 _ _p_ _ 
4  _ P N _
3 _ _ _ PP
2 PP _ P _
1 R BR_BK 

  abcdefgh
8 r_ _r_k_
7 _p_ _pp 
6  pn_bn p
5 _ _p_ _ 
4  _ P N _
3 _ _ _ PP
2 PP _ P _
1 R BR_BK 

  abcdefgh
8 r_ _r_k_
7 _p_ _pp 
6  pn_bn p
5 _ _p_ _ 
4  _ P N _
3 _ _ B PP
2 PP _ P _
1 R _R_BK 

  abcdefgh
8 r_ _r_k_
7 _p_ _p_ 
6  pn_bn p
5 _ _p_ p 
4  _ P N _
3 _ _ B PP
2 PP _ P _
1 R _R_BK 

  abcdefgh
8 r_ _r_k_
7 _p_ _p_ 
6  pn_Nn p
5 _ _p_ p 
4  _ P _ _
3 _ _ B PP
2 PP _ P _
1 R _R_BK 

  abcdefgh
8 r_ _ _k_
7 _p_ _p_ 
6  pn_rn p
5 _ _p_ p 
4  _ P _ _
3 _ _ B PP
2 PP _ P _
1 R _R_BK 

  abcdefgh
8 r_ _ _k_
7 _p_ _p_ 
6  pn_rn p
5 _ _p_ p 
4  _ P _ _
3 P _ B PP
2  P _ P _
1 R _R_BK 

  abcdefgh
8 r_ _ _k_
7 _p_ _p_ 
6  pn_r_ p
5 _ _p_ p 
4  _ Pn_ _
3 P _ B PP
2  P _ P _
1 R _R_BK 

  abcdefgh
8 r_ _ _k_
7 _p_ _p_ 
6  pn_r_ p
5 _ _p_ p 
4  _ Pn_P_
3 P _ B _P
2  P _ P _
1 R _R_BK 

  abcdefgh
8  _ _r_k_
7 _p_ _p_ 
6  pn_r_ p
5 _ _p_ p 
4  _ Pn_P_
3 P _ B _P
2  P _ P _
1 R _R_BK 

  abcdefgh
8  _ _r_k_
7 _p_ _p_ 
6  pn_r_ p
5 _ _p_ p 
4  _ Pn_P_
3 P _ B _P
2  P _ P _
1 _ RR_BK 

  abcdefgh
8  _ _r_ _
7 _p_ _pk 
6  pn_r_ p
5 _ _p_ p 
4  _ Pn_P_
3 P _ B _P
2  P _ P _
1 _ RR_BK 

  abcdefgh
8  _ _r_ _
7 _p_ _pk 
6  pn_r_ p
5 _ _p_ p 
4  _ Pn_P_
3 P _ B _P
2  P _ PB_
1 _ RR_ K 

  abcdefgh
8  _ _r_ _
7 _p_ _pk 
6  p _r_ p
5 n _p_ p 
4  _ Pn_P_
3 P _ B _P
2  P _ PB_
1 _ RR_ K 

  abcdefgh
8  _ _r_ _
7 _pR _pk 
6  p _r_ p
5 n _p_ p 
4  _ Pn_P_
3 P _ B _P
2  P _ PB_
1 _ _R_ K 

  abcdefgh
8  _ _r_ _
7 _pR _pk 
6  p _r_ p
5 _ _p_ p 
4  _nPn_P_
3 P _ B _P
2  P _ PB_
1 _ _R_ K 

  abcdefgh
8  _ _r_ _
7 _pR _pk 
6  p _r_ p
5 _ _p_ p 
4  _nPn_P_
3 P _ _ _P
2  P _ PB_
1 _ BR_ K 

  abcdefgh
8  _ _r_ _
7 _pR _pk 
6  p _rn p
5 _ _p_ p 
4  _nP _P_
3 P _ _ _P
2  P _ PB_
1 _ BR_ K 

  abcdefgh
8  _ _r_ _
7 _pR _pk 
6  p _rn p
5 _ _p_ p 
4  _nP _P_
3 P _ _ _P
2  P _ PB_
1 _ BR_K_ 

  abcdefgh
8  _ _r_ _
7 _pR _pk 
6  p _rn p
5 n _p_ p 
4  _ P _P_
3 P _ _ _P
2  P _ PB_
1 _ BR_K_ 

  abcdefgh
8  _ _r_ _
7 _pR _pk 
6  p _rn p
5 n _p_ p 
4  _ P _P_
3 P _ _ _P
2  P B PB_
1 _ _R_K_ 

  abcdefgh
8  _ _r_ _
7 _pR _pk 
6  pr_ n p
5 n _p_ p 
4  _ P _P_
3 P _ _ _P
2  P B PB_
1 _ _R_K_ 

  abcdefgh
8  _ _r_ _
7 _p_ _pk 
6  pR_ n p
5 n _p_ p 
4  _ P _P_
3 P _ _ _P
2  P B PB_
1 _ _R_K_ 

  abcdefgh
8  _ _r_ _
7 _ _ _pk 
6  pp_ n p
5 n _p_ p 
4  _ P _P_
3 P _ _ _P
2  P B PB_
1 _ _R_K_ 

  abcdefgh
8  _ _r_ _
7 _ _ _pk 
6  pp_ n p
5 n _p_ p 
4  _ P _P_
3 P _ _ _P
2  P B PB_
1 _ _ RK_ 

  abcdefgh
8  _ _r_ _
7 _ _ _pk 
6  pp_ n p
5 _ _p_ p 
4  _nP _P_
3 P _ _ _P
2  P B PB_
1 _ _ RK_ 

  abcdefgh
8  _ _r_ _
7 _ _ _pk 
6  pp_ n p
5 _ _p_ p 
4  _nP _P_
3 P B _ _P
2  P _ PB_
1 _ _ RK_ 

  abcdefgh
8  _ _r_ _
7 _ _ _p_ 
6  pp_ nkp
5 _ _p_ p 
4  _nP _P_
3 P B _ _P
2  P _ PB_
1 _ _ RK_ 

  abcdefgh
8  _ _r_ _
7 _ _ _p_ 
6  pp_ nkp
5 _ _p_ p 
4 P_nP _P_
3 _ B _ _P
2  P _ PB_
1 _ _ RK_ 

  abcdefgh
8 r_ _ _ _
7 _ _ _p_ 
6  pp_ nkp
5 _ _p_ p 
4 P_nP _P_
3 _ B _ _P
2  P _ PB_
1 _ _ RK_ 

  abcdefgh
8 r_ _ _ _
7 _ _ _p_ 
6  pp_ nkp
5 _ _p_ p 
4 P_nP _P_
3 _PB _ _P
2  _ _ PB_
1 _ _ RK_ 

  abcdefgh
8 r_ _ _ _
7 _ _ _p_ 
6  pp_ nkp
5 n _p_ p 
4 P_ P _P_
3 _PB _ _P
2  _ _ PB_
1 _ _ RK_ 

  abcdefgh
8 r_ _ _ _
7 _ _ _p_ 
6  pp_ nkp
5 n _p_ p 
4 P_ P _P_
3 _PB _B_P
2  _ _ P _
1 _ _ RK_ 

  abcdefgh
8 r_ _ _ _
7 _ _ _pk 
6  pp_ n p
5 n _p_ p 
4 P_ P _P_
3 _PB _B_P
2  _ _ P _
1 _ _ RK_ 

  abcdefgh
8 r_ _ _ _
7 _ _ _pk 
6  pp_ n p
5 n _p_ p 
4 P_ P _P_
3 _PB _B_P
2  _ _ PK_
1 _ _ R _ 

  abcdefgh
8 r_ _ _ _
7 _ _ _pk 
6  pp_ n p
5 _ _p_ p 
4 P_ P _P_
3 _nB _B_P
2  _ _ PK_
1 _ _ R _ 

  abcdefgh
8 r_ _ _ _
7 _ _ _pk 
6  pp_ n p
5 _ _p_ p 
4 P_ P _P_
3 _nB _B_P
2  _ _ PK_
1 _R_ _ _ 

  abcdefgh
8 r_ _ _ _
7 _ _ _pk 
6  pp_ n p
5 n _p_ p 
4 P_ P _P_
3 _ B _B_P
2  _ _ PK_
1 _R_ _ _ 

  abcdefgh
8 r_ _ _ _
7 _ _ _pk 
6  Rp_ n p
5 n _p_ p 
4 P_ P _P_
3 _ B _B_P
2  _ _ PK_
1 _ _ _ _ 

  abcdefgh
8 r_ _ _ _
7 _ _n_pk 
6  Rp_ _ p
5 n _p_ p 
4 P_ P _P_
3 _ B _B_P
2  _ _ PK_
1 _ _ _ _ 

  abcdefgh
8 r_ _ _ _
7 _ _n_pk 
6  _p_ _ p
5 n _p_ p 
4 P_ P _P_
3 _ B _B_P
2  R _ PK_
1 _ _ _ _ 

  abcdefgh
8 r_ _ n _
7 _ _ _pk 
6  _p_ _ p
5 n _p_ p 
4 P_ P _P_
3 _ B _B_P
2  R _ PK_
1 _ _ _ _ 

  abcdefgh
8 r_ _ n _
7 _ _ _pk 
6  _p_ _ p
5 n _p_ p 
4 P_ P _P_
3 _ B _ _P
2  R _BPK_
1 _ _ _ _ 

  abcdefgh
8 r_ _ _ _
7 _ _ _pk 
6  _p_n_ p
5 n _p_ p 
4 P_ P _P_
3 _ B _ _P
2  R _BPK_
1 _ _ _ _ 

  abcdefgh
8 r_ _ _ _
7 _ _ _pk 
6  _p_n_ p
5 n _p_ p 
4 P_ P _P_
3 _ B _K_P
2  R _BP _
1 _ _ _ _ 

  abcdefgh
8 r_ _ _ _
7 _ _ _pk 
6  _p_ _ p
5 n _p_ p 
4 P_ P nP_
3 _ B _K_P
2  R _BP _
1 _ _ _ _ 

  abcdefgh
8 r_ _ _ _
7 _ _ _pk 
6  _p_ _ p
5 n _p_ p 
4 P_ P nP_
3 _ B _K_P
2  R _ P _
1 _ _ _B_ 

  abcdefgh
8 r_ _ k _
7 _ _ _p_ 
6  _p_ _ p
5 n _p_ p 
4 P_ P nP_
3 _ B _K_P
2  R _ P _
1 _ _ _B_ 

  abcdefgh
8 r_ _ k _
7 _ _ _p_ 
6  Rp_ _ p
5 n _p_ p 
4 P_ P nP_
3 _ B _K_P
2  _ _ P _
1 _ _ _B_ 

  abcdefgh
8 r_ _ k _
7 _ _ _p_ 
6  Rp_n_ p
5 n _p_ p 
4 P_ P _P_
3 _ B _K_P
2  _ _ P _
1 _ _ _B_ 

  abcdefgh
8 r_ _ k _
7 _ _ _p_ 
6  Rp_n_ p
5 n _p_ p 
4 P_ P _P_
3 _ B K _P
2  _ _ P _
1 _ _ _B_ 

  abcdefgh
8 r_ _k_ _
7 _ _ _p_ 
6  Rp_n_ p
5 n _p_ p 
4 P_ P _P_
3 _ B K _P
2  _ _ P _
1 _ _ _B_ 

  abcdefgh
8 r_ _k_ _
7 _ _ _p_ 
6  Rp_n_ p
5 B _p_ p 
4 P_ P _P_
3 _ _ K _P
2  _ _ P _
1 _ _ _B_ 

  abcdefgh
8  _ _k_ _
7 _ _ _p_ 
6  Rp_n_ p
5 r _p_ p 
4 P_ P _P_
3 _ _ K _P
2  _ _ P _
1 _ _ _B_ 

  abcdefgh
8  _ _k_ _
7 _ _ _p_ 
6  _R_n_ p
5 r _p_ p 
4 P_ P _P_
3 _ _ K _P
2  _ _ P _
1 _ _ _B_ 

  abcdefgh
8  _ _ _ _
7 _ _ kp_ 
6  _R_n_ p
5 r _p_ p 
4 P_ P _P_
3 _ _ K _P
2  _ _ P _
1 _ _ _B_ 

  abcdefgh
8  _ _ _ _
7 _ _ kp_ 
6  _R_n_ p
5 rB_p_ p 
4 P_ P _P_
3 _ _ K _P
2  _ _ P _
1 _ _ _ _ 

  abcdefgh
8 r_ _ _ _
7 _ _ kp_ 
6  _R_n_ p
5 _B_p_ p 
4 P_ P _P_
3 _ _ K _P
2  _ _ P _
1 _ _ _ _ 

  abcdefgh
8 r_ _ _ _
7 _ _ kp_ 
6  R _n_ p
5 _B_p_ p 
4 P_ P _P_
3 _ _ K _P
2  _ _ P _
1 _ _ _ _ 

  abcdefgh
8  _ _ _ _
7 r _ kp_ 
6  R _n_ p
5 _B_p_ p 
4 P_ P _P_
3 _ _ K _P
2  _ _ P _
1 _ _ _ _ 

  abcdefgh
8  _ _ _ _
7 r _ kp_ 
6  R _n_ p
5 _B_p_ p 
4 P_ P _P_
3 _ _K_ _P
2  _ _ P _
1 _ _ _ _ 

  abcdefgh
8  _ _ _ _
7 r _ kp_ 
6  R _ _ p
5 _B_p_ p 
4 P_ P nP_
3 _ _K_ _P
2  _ _ P _
1 _ _ _ _ 

  abcdefgh
8  _ _ _ _
7 r _ kp_ 
6  R _ _ p
5 _B_p_ p 
4 P_ P nP_
3 _ K _ _P
2  _ _ P _
1 _ _ _ _ 

  abcdefgh
8  _ _ _ _
7 r _ kp_ 
6  R _ _ p
5 _B_p_ p 
4 P_ P _P_
3 _ K _ _n
2  _ _ P _
1 _ _ _ _ 

  abcdefgh
8  _ _ _ _
7 r _ kp_ 
6  R _ _ p
5 _B_p_ p 
4 PK P _P_
3 _ _ _ _n
2  _ _ P _
1 _ _ _ _ 

  abcdefgh
8  _ _ _ _
7 r _ kp_ 
6  R _ _ p
5 _B_p_ p 
4 PK P _P_
3 _ _ _ _ 
2  _ _ n _
1 _ _ _ _ 

  abcdefgh
8  _ _ _ _
7 r _ kp_ 
6  R _ _ p
5 PB_p_ p 
4  K P _P_
3 _ _ _ _ 
2  _ _ n _
1 _ _ _ _ 

  abcdefgh
8  _ _ _ _
7 r _ kp_ 
6  R _ _ p
5 PB_p_ p 
4  K P _n_
3 _ _ _ _ 
2  _ _ _ _
1 _ _ _ _ 

  abcdefgh
8  _ _ _ _
7 r _ kp_ 
6 PR _ _ p
5 _B_p_ p 
4  K P _n_
3 _ _ _ _ 
2  _ _ _ _
1 _ _ _ _ 

  abcdefgh
8  _ k _ _
7 r _ _p_ 
6 PR _ _ p
5 _B_p_ p 
4  K P _n_
3 _ _ _ _ 
2  _ _ _ _
1 _ _ _ _ 

  abcdefgh
8  _ k _ _
7 r _ _p_ 
6 P_ R _ p
5 _B_p_ p 
4  K P _n_
3 _ _ _ _ 
2  _ _ _ _
1 _ _ _ _ 

  abcdefgh
8  _ _ _ _
7 r k _p_ 
6 P_ R _ p
5 _B_p_ p 
4  K P _n_
3 _ _ _ _ 
2  _ _ _ _
1 _ _ _ _ 

  abcdefgh
8  _ _ _ _
7 r k _p_ 
6 P_ R _ p
5 _BKp_ p 
4  _ P _n_
3 _ _ _ _ 
2  _ _ _ _
1 _ _ _ _ 

  abcdefgh
8  _ _ _ _
7 r k _p_ 
6 P_ R _ p
5 _BKp_ p 
4  _ P _ _
3 _ _ n _ 
2  _ _ _ _
1 _ _ _ _ 

  abcdefgh
8  _ _ _ _
7 r k _p_ 
6 P_R_ _ p
5 _BKp_ p 
4  _ P _ _
3 _ _ n _ 
2  _ _ _ _
1 _ _ _ _ 

  abcdefgh
8  k _ _ _
7 r _ _p_ 
6 P_R_ _ p
5 _BKp_ p 
4  _ P _ _
3 _ _ n _ 
2  _ _ _ _
1 _ _ _ _ 

  abcdefgh
8  k _ _ _
7 r _ _p_ 
6 P_ _ _ R
5 _BKp_ p 
4  _ P _ _
3 _ _ n _ 
2  _ _ _ _
1 _ _ _ _ 

  abcdefgh
8  k _ _ _
7 r _ _p_ 
6 P_ _ _ R
5 _BKp_np 
4  _ P _ _
3 _ _ _ _ 
2  _ _ _ _
1 _ _ _ _ 

  abcdefgh
8  k _ _ _
7 r _ _p_ 
6 PR _ _ _
5 _BKp_np 
4  _ P _ _
3 _ _ _ _ 
2  _ _ _ _
1 _ _ _ _ 

  abcdefgh
8  _k_ _ _
7 r _ _p_ 
6 PR _ _ _
5 _BKp_np 
4  _ P _ _
3 _ _ _ _ 
2  _ _ _ _
1 _ _ _ _ 

  abcdefgh
8  _k_ _ _
7 r _ _p_ 
6 P_ _ R _
5 _BKp_np 
4  _ P _ _
3 _ _ _ _ 
2  _ _ _ _
1 _ _ _ _ 

  abcdefgh
8  _k_ _ _
7 _ r _p_ 
6 P_ _ R _
5 _BKp_np 
4  _ P _ _
3 _ _ _ _ 
2  _ _ _ _
1 _ _ _ _ 

  abcdefgh
8  _k_ _ _
7 _ r _p_ 
6 PK _ R _
5 _B_p_np 
4  _ P _ _
3 _ _ _ _ 
2  _ _ _ _
1 _ _ _ _ 

  abcdefgh
8  _k_ _ _
7 _ r _p_ 
6 PK _ R _
5 _B_p_ p 
4  _ n _ _
3 _ _ _ _ 
2  _ _ _ _
1 _ _ _ _ 

  abcdefgh
8  _k_B_ _
7 _ r _p_ 
6 PK _ R _
5 _ _p_ p 
4  _ n _ _
3 _ _ _ _ 
2  _ _ _ _
1 _ _ _ _ 

  abcdefgh
8  _k_B_ _
7 _ r _p_ 
6 PK _nR _
5 _ _p_ p 
4  _ _ _ _
3 _ _ _ _ 
2  _ _ _ _
1 _ _ _ _ 

  abcdefgh
8  _k_ _ _
7 _ r _p_ 
6 PKB_nR _
5 _ _p_ p 
4  _ _ _ _
3 _ _ _ _ 
2  _ _ _ _
1 _ _ _ _ 

  abcdefgh
8  _ k _ _
7 _ r _p_ 
6 PKB_nR _
5 _ _p_ p 
4  _ _ _ _
3 _ _ _ _ 
2  _ _ _ _
1 _ _ _ _ 

  abcdefgh
8  _ k _ _
7 _ r _p_ 
6 PKB_n_ _
5 _ _p_Rp 
4  _ _ _ _
3 _ _ _ _ 
2  _ _ _ _
1 _ _ _ _ 

  abcdefgh
8  _ k _ _
7 _ r _p_ 
6 PKB_n_ _
5 _ _ _Rp 
4  _ p _ _
3 _ _ _ _ 
2  _ _ _ _
1 _ _ _ _ 

  abcdefgh
8  _ k _ _
7 P r _p_ 
6  KB_n_ _
5 _ _ _Rp 
4  _ p _ _
3 _ _ _ _ 
2  _ _ _ _
1 _ _ _ _ 

  abcdefgh
8  _ k _ _
7 r _ _p_ 
6  KB_n_ _
5 _ _ _Rp 
4  _ p _ _
3 _ _ _ _ 
2  _ _ _ _
1 _ _ _ _ 

  abcdefgh
8  _ k _ _
7 K _ _p_ 
6  _B_n_ _
5 _ _ _Rp 
4  _ p _ _
3 _ _ _ _ 
2  _ _ _ _
1 _ _ _ _ 

  abcdefgh
8  _ _ _ _
7 K _ kp_ 
6  _B_n_ _
5 _ _ _Rp 
4  _ p _ _
3 _ _ _ _ 
2  _ _ _ _
1 _ _ _ _ 

  abcdefgh
8  _ _ _ _
7 _ _ kp_ 
6  KB_n_ _
5 _ _ _Rp 
4  _ p _ _
3 _ _ _ _ 
2  _ _ _ _
1 _ _ _ _ 

  abcdefgh
8  _ _ _ _
7 _ _ kp_ 
6  KB_n_ _
5 _ _ _R_ 
4  _ p _p_
3 _ _ _ _ 
2  _ _ _ _
1 _ _ _ _ 

  abcdefgh
8  _ _ _ _
7 _ _ kp_ 
6  _B_n_ _
5 _K_ _R_ 
4  _ p _p_
3 _ _ _ _ 
2  _ _ _ _
1 _ _ _ _ 

  abcdefgh
8  _ _ _ _
7 _ _ kp_ 
6  _B_n_ _
5 _K_ _R_ 
4  _ _ _p_
3 _ _p_ _ 
2  _ _ _ _
1 _ _ _ _ 

  abcdefgh
8  _ _ _ _
7 _ _ kp_ 
6  _B_n_ _
5 _ _ _R_ 
4  _K_ _p_
3 _ _p_ _ 
2  _ _ _ _
1 _ _ _ _ 

  abcdefgh
8  _ _ _ _
7 _ _ kp_ 
6  _B_n_ _
5 _ _ _R_ 
4  _K_ _p_
3 _ _ _ _ 
2  _ p _ _
1 _ _ _ _ 

  abcdefgh
8  _ _ _ _
7 _ _ kp_ 
6  _B_n_ _
5 _ _R_ _ 
4  _K_ _p_
3 _ _ _ _ 
2  _ p _ _
1 _ _ _ _ 

  abcdefgh
8  _ _ _ _
7 _ _ k _ 
6  _B_n_ _
5 _ _R_p_ 
4  _K_ _p_
3 _ _ _ _ 
2  _ p _ _
1 _ _ _ _ 

  abcdefgh
8  _ _ _ _
7 _ _ k _ 
6  _B_n_ _
5 _ _ _p_ 
4  _K_ _p_
3 _ _ _ _ 
2  _ R _ _
1 _ _ _ _ 

  abcdefgh
8  _ _ _ _
7 _ _ _ _ 
6  _B_nk _
5 _ _ _p_ 
4  _K_ _p_
3 _ _ _ _ 
2  _ R _ _
1 _ _ _ _ 

  abcdefgh
8  _ _ _ _
7 _ _ _ _ 
6  _B_nk _
5 _ _ _p_ 
4  _K_ _p_
3 _ _ _ _ 
2 R_ _ _ _
1 _ _ _ _ 

  abcdefgh
8  _ _ _ _
7 _ _ _ _ 
6  _B_n_ _
5 _ _ _pk 
4  _K_ _p_
3 _ _ _ _ 
2 R_ _ _ _
1 _ _ _ _ 

  abcdefgh
8  _ _ _ _
7 _ _ _ _ 
6  _B_n_ _
5 _ _ _pk 
4  _ _ _p_
3 _ _K_ _ 
2 R_ _ _ _
1 _ _ _ _ 

  abcdefgh
8  _ _ _ _
7 _ _ _ _ 
6  _B_n_ _
5 _ _ _p_ 
4  _ _ _pk
3 _ _K_ _ 
2 R_ _ _ _
1 _ _ _ _ 

  abcdefgh
8  _ _ _ _
7 _ _ _ _ 
6  _B_n_ _
5 R _ _p_ 
4  _ _ _pk
3 _ _K_ _ 
2  _ _ _ _
1 _ _ _ _ 

  abcdefgh
8  _ _ _ _
7 _ _ _ _ 
6  _B_n_ _
5 R _ _ _ 
4  _ _ ppk
3 _ _K_ _ 
2  _ _ _ _
1 _ _ _ _ 

  abcdefgh
8  _ _ _ _
7 _ _ _ _ 
6  _B_n_ _
5 _ _ _R_ 
4  _ _ ppk
3 _ _K_ _ 
2  _ _ _ _
1 _ _ _ _ 

  abcdefgh
8  _ _ _ _
7 _ _ _ _ 
6  _B_n_ _
5 _ _ _R_ 
4  _ _ p k
3 _ _K_ p 
2  _ _ _ _
1 _ _ _ _ 

  abcdefgh
8  _ _ _ _
7 _ _ _ _ 
6  _ _n_ _
5 _ _ _R_ 
4  _ _ p k
3 _ _K_Bp 
2  _ _ _ _
1 _ _ _ _ 

  abcdefgh
8  _ _ _ _
7 _ _ _ _ 
6  _ _n_ _
5 _ _ _R_ 
4  _ _ p k
3 _ _K_B_ 
2  _ _ _p_
1 _ _ _ _ 

  abcdefgh
8  _ _ _ _
7 _ _ _ _ 
6  _ _n_ _
5 _ _ _R_ 
4  _ _ p k
3 _ _K_ _ 
2  _ _ _B_
1 _ _ _ _ 

  abcdefgh
8  _ _ _ _
7 _ _ _ _ 
6  _ _n_ _
5 _ _ _R_ 
4  _ _ pk_
3 _ _K_ _ 
2  _ _ _B_
1 _ _ _ _ 

  abcdefgh
8  _ _ _ _
7 _ _ _ _ 
6  _ _n_ _
5 _ _ R _ 
4  _ _ pk_
3 _ _K_ _ 
2  _ _ _B_
1 _ _ _ _ 

  abcdefgh
8  _ _ _ _
7 _ _ _ _ 
6  _ _ _ _
5 _ _ R n 
4  _ _ pk_
3 _ _K_ _ 
2  _ _ _B_
1 _ _ _ _ 

  abcdefgh
8  _ _ _ _
7 _B_ _ _ 
6  _ _ _ _
5 _ _ R n 
4  _ _ pk_
3 _ _K_ _ 
2  _ _ _ _
1 _ _ _ _ 

  abcdefgh
8  _ _ _ _
7 _B_ _n_ 
6  _ _ _ _
5 _ _ R _ 
4  _ _ pk_
3 _ _K_ _ 
2  _ _ _ _
1 _ _ _ _ 

  abcdefgh
8  _ _ _ _
7 _B_ _n_ 
6  _ _R_ _
5 _ _ _ _ 
4  _ _ pk_
3 _ _K_ _ 
2  _ _ _ _
1 _ _ _ _ 

  abcdefgh
8  _ _ _ _
7 _B_ _n_ 
6  _ _R_ _
5 _ _ _k_ 
4  _ _ p _
3 _ _K_ _ 
2  _ _ _ _
1 _ _ _ _ 

  abcdefgh
8  _ _ _ _
7 _B_ Rn_ 
6  _ _ _ _
5 _ _ _k_ 
4  _ _ p _
3 _ _K_ _ 
2  _ _ _ _
1 _ _ _ _ 

  abcdefgh
8  _ _ _ _
7 _B_ R _ 
6  _ n _ _
5 _ _ _k_ 
4  _ _ p _
3 _ _K_ _ 
2  _ _ _ _
1 _ _ _ _ 

  abcdefgh
8  _ _ _ _
7 _B_ R _ 
6  _ n _ _
5 _ _ _k_ 
4  _ _ p _
3 _ _ _ _ 
2  _ _K_ _
1 _ _ _ _ 

  abcdefgh
8  _ _ _ _
7 _B_ R _ 
6  _ _ _ _
5 _n_ _k_ 
4  _ _ p _
3 _ _ _ _ 
2  _ _K_ _
1 _ _ _ _ 

  abcdefgh
8  _B_ _ _
7 _ _ R _ 
6  _ _ _ _
5 _n_ _k_ 
4  _ _ p _
3 _ _ _ _ 
2  _ _K_ _
1 _ _ _ _ 

  abcdefgh
8  _B_ _ _
7 _ _ R _ 
6  _ _ k _
5 _n_ _ _ 
4  _ _ p _
3 _ _ _ _ 
2  _ _K_ _
1 _ _ _ _ 

  abcdefgh
8  _B_ _ _
7 _ _ _ _ 
6  _ _Rk _
5 _n_ _ _ 
4  _ _ p _
3 _ _ _ _ 
2  _ _K_ _
1 _ _ _ _ 

  abcdefgh
8  _B_ _ _
7 _ _ _ k 
6  _ _R_ _
5 _n_ _ _ 
4  _ _ p _
3 _ _ _ _ 
2  _ _K_ _
1 _ _ _ _ 

  abcdefgh
8  _B_ _ _
7 _ _ _ k 
6 R_ _ _ _
5 _n_ _ _ 
4  _ _ p _
3 _ _ _ _ 
2  _ _K_ _
1 _ _ _ _ 

  abcdefgh
8  _B_ _ _
7 _ _ _ k 
6 R_ _ _ _
5 _ _ _ _ 
4  _ n p _
3 _ _ _ _ 
2  _ _K_ _
1 _ _ _ _ 

  abcdefgh
8  _B_ _ _
7 _ _ _ k 
6 R_ _ _ _
5 _ _ _ _ 
4  _ n p _
3 _ _K_ _ 
2  _ _ _ _
1 _ _ _ _ 

  abcdefgh
8  _B_ _ _
7 _ _ _ k 
6 R_ _ _ _
5 _ _ _ _ 
4  _ _ p _
3 _n_K_ _ 
2  _ _ _ _
1 _ _ _ _ 

  abcdefgh
8  _B_ _ _
7 _ _ _ k 
6  _R_ _ _
5 _ _ _ _ 
4  _ _ p _
3 _n_K_ _ 
2  _ _ _ _
1 _ _ _ _ 

  abcdefgh
8  _B_ _ _
7 _ _ _k_ 
6  _R_ _ _
5 _ _ _ _ 
4  _ _ p _
3 _n_K_ _ 
2  _ _ _ _
1 _ _ _ _ 

  abcdefgh
8  _ _ _ _
7 _ _ _k_ 
6  _R_ _ _
5 _ _ _ _ 
4  _ _ pB_
3 _n_K_ _ 
2  _ _ _ _
1 _ _ _ _ 

  abcdefgh
8  _ _ _ _
7 _ _ _k_ 
6  _R_ _ _
5 _ _ _ _ 
4  _ _ pB_
3 _ _K_ _ 
2  _ n _ _
1 _ _ _ _ 

  abcdefgh
8  _ _ _ _
7 _ _ _k_ 
6  _R_ _ _
5 _ _ _ _B
4  _ _ p _
3 _ _K_ _ 
2  _ n _ _
1 _ _ _ _ 

  abcdefgh
8  _ _ _ _
7 _ _ k _ 
6  _R_ _ _
5 _ _ _ _B
4  _ _ p _
3 _ _K_ _ 
2  _ n _ _
1 _ _ _ _ 

  abcdefgh
8  _ _ _ _
7 _ _ k _ 
6  _R_ _ _
5 _ _ _ _B
4  _ _ p _
3 _ _ _ _ 
2  _ K _ _
1 _ _ _ _ 

  abcdefgh
8  _ _ _ _
7 _ _ k _ 
6  _R_ _ _
5 _ _ _ _B
4  _ _ _ _
3 _ _ _p_ 
2  _ K _ _
1 _ _ _ _ 

  abcdefgh
8  _ _ _ _
7 _ _ k _ 
6  _R_ _ _
5 _ _ _ _B
4  _ _ _ _
3 _ _ _p_ 
2  _ _ _ _
1 _ _ K _ 

  abcdefgh
8  _ k _ _
7 _ _ _ _ 
6  _R_ _ _
5 _ _ _ _B
4  _ _ _ _
3 _ _ _p_ 
2  _ _ _ _
1 _ _ K _ 

  abcdefgh
8  _ k _ _
7 _ _ _ _ 
6  _R_ _ _
5 _ _ _ _ 
4  _ _ _ _
3 _ _ _B_ 
2  _ _ _ _
1 _ _ K _ 

  abcdefgh
8  _ _ _ _
7 _ _k_ _ 
6  _R_ _ _
5 _ _ _ _ 
4  _ _ _ _
3 _ _ _B_ 
2  _ _ _ _
1 _ _ K _ 

  abcdefgh
8  _ _ _ _
7 _ _k_ _ 
6  _ _ _ R
5 _ _ _ _ 
4  _ _ _ _
3 _ _ _B_ 
2  _ _ _ _
1 _ _ K _ 

  abcdefgh
8  _ _ _ _
7 _ _ k _ 
6  _ _ _ R
5 _ _ _ _ 
4  _ _ _ _
3 _ _ _B_ 
2  _ _ _ _
1 _ _ K _ 

  abcdefgh
8  _ _ _ _
7 _ _ k _ 
6  _ _ _ R
5 _ _ _ _B
4  _ _ _ _
3 _ _ _ _ 
2  _ _ _ _
1 _ _ K _ 

  abcdefgh
8  _ _ k _
7 _ _ _ _ 
6  _ _ _ R
5 _ _ _ _B
4  _ _ _ _
3 _ _ _ _ 
2  _ _ _ _
1 _ _ K _ 

  abcdefgh
8  _ _ k _
7 _ _ _ _R
6  _ _ _ _
5 _ _ _ _B
4  _ _ _ _
3 _ _ _ _ 
2  _ _ _ _
1 _ _ K _ 

  abcdefgh
8  _ _ _k_
7 _ _ _ _R
6  _ _ _ _
5 _ _ _ _B
4  _ _ _ _
3 _ _ _ _ 
2  _ _ _ _
1 _ _ K _ 

  abcdefgh
8  _ _ _k_
7 _ _ _ _R
6  _ _ _B_
5 _ _ _ _ 
4  _ _ _ _
3 _ _ _ _ 
2  _ _ _ _
1 _ _ K _ 

  abcdefgh
8  _ _ k _
7 _ _ _ _R
6  _ _ _B_
5 _ _ _ _ 
4  _ _ _ _
3 _ _ _ _ 
2  _ _ _ _
1 _ _ K _ 

  abcdefgh
8  _ _ k _
7 _ _ _ _R
6  _ _ _B_
5 _ _ _ _ 
4  _ _ _ _
3 _ _ _ _ 
2  _ K _ _
1 _ _ _ _ 

  abcdefgh
8  _ _ _k_
7 _ _ _ _R
6  _ _ _B_
5 _ _ _ _ 
4  _ _ _ _
3 _ _ _ _ 
2  _ K _ _
1 _ _ _ _ 

  abcdefgh
8  _ _ _k_
7 _ _ _ _R
6  _ _ _B_
5 _ _ _ _ 
4  _ _ _ _
3 _ _K_ _ 
2  _ _ _ _
1 _ _ _ _ 

  abcdefgh
8  _ _ k _
7 _ _ _ _R
6  _ _ _B_
5 _ _ _ _ 
4  _ _ _ _
3 _ _K_ _ 
2  _ _ _ _
1 _ _ _ _ 

  abcdefgh
8  _ _ k _
7 _ _ _ _R
6  _ _ _B_
5 _ _ _ _ 
4  _ _K_ _
3 _ _ _ _ 
2  _ _ _ _
1 _ _ _ _ 

  abcdefgh
8  _ _ _k_
7 _ _ _ _R
6  _ _ _B_
5 _ _ _ _ 
4  _ _K_ _
3 _ _ _ _ 
2  _ _ _ _
1 _ _ _ _ 

  abcdefgh
8  _ _ _k_
7 _ _ _ _R
6  _ _ _B_
5 _ _K_ _ 
4  _ _ _ _
3 _ _ _ _ 
2  _ _ _ _
1 _ _ _ _ 

  abcdefgh
8  _ _ k _
7 _ _ _ _R
6  _ _ _B_
5 _ _K_ _ 
4  _ _ _ _
3 _ _ _ _ 
2  _ _ _ _
1 _ _ _ _ 

  abcdefgh
8  _ _ k _
7 _ _ _ _R
6  _ _K_B_
5 _ _ _ _ 
4  _ _ _ _
3 _ _ _ _ 
2  _ _ _ _
1 _ _ _ _ 

  abcdefgh
8  _ _ _k_
7 _ _ _ _R
6  _ _K_B_
5 _ _ _ _ 
4  _ _ _ _
3 _ _ _ _ 
2  _ _ _ _
1 _ _ _ _ 

  abcdefgh
8  _ _ _k_
7 _ _ _ _R
6  _ _ KB_
5 _ _ _ _ 
4  _ _ _ _
3 _ _ _ _ 
2  _ _ _ _
1 _ _ _ _ 

  abcdefgh
8  _ _ k _
7 _ _ _ _R
6  _ _ KB_
5 _ _ _ _ 
4  _ _ _ _
3 _ _ _ _ 
2  _ _ _ _
1 _ _ _ _ 

  abcdefgh
8  _ _ k R
7 _ _ _ _ 
6  _ _ KB_
5 _ _ _ _ 
4  _ _ _ _
3 _ _ _ _ 
2  _ _ _ _
1 _ _ _ _ 

  abcdefgh
CTRL-D detected
