8 rnbqkbnr
7 pppppppp
6  _ _ _ _
5 _ _ _ _ 
4  _ _P_ _
3 _ _ _ _ 
2 PPPP PPP
1 RNBQKBNR

  abcdefgh
8 rnbqkbnr
7 pp_ppppp
6  _ _ _ _
5 _ p _ _ 
4  _ _P_ _
3 _ _ _ _ 
2 PPPP PPP
1 RNBQKBNR

  abcdefgh
8 rnbqkbnr
7 pp_ppppp
6  _ _ _ _
5 _ p _ _ 
4  _ _P_ _
3 _ _ _N_ 
2 PPPP PPP
1 RNBQKB_R

  abcdefgh
8 r_bqkbnr
7 pp_ppppp
6  _n_ _ _
5 _ p _ _ 
4  _ _P_ _
3 _ _ _N_ 
2 PPPP PPP
1 RNBQKB_R

  abcdefgh
8 r_bqkbnr
7 pp_ppppp
6  _n_ _ _
5 _ p _ _ 
4  _ PP_ _
3 _ _ _N_ 
2 PPP_ PPP
1 RNBQKB_R

  abcdefgh
8 r_bqkbnr
7 pp_ppppp
6  _n_ _ _
5 _ _ _ _ 
4  _ pP_ _
3 _ _ _N_ 
2 PPP_ PPP
1 RNBQKB_R

  abcdefgh
8 r_bqkbnr
7 pp_ppppp
6  _n_ _ _
5 _ _ _ _ 
4  _ NP_ _
3 _ _ _ _ 
2 PPP_ PPP
1 RNBQKB_R

  abcdefgh
8 r_bqkbnr
7 pp_ppp_p
6  _n_ _p_
5 _ _ _ _ 
4  _ NP_ _
3 _ _ _ _ 
2 PPP_ PPP
1 RNBQKB_R

  abcdefgh
8 r_bqkbnr
7 pp_ppp_p
6  _n_ _p_
5 _ _ _ _ 
4  _PNP_ _
3 _ _ _ _ 
2 PP _ PPP
1 RNBQKB_R

  abcdefgh
8 r_bqkb r
7 pp_ppp_p
6  _n_ np_
5 _ _ _ _ 
4  _PNP_ _
3 _ _ _ _ 
2 PP _ PPP
1 RNBQKB_R

  abcdefgh
8 r_bqkb r
7 pp_ppp_p
6  _n_ np_
5 _ _ _ _ 
4  _PNP_ _
3 _ N _ _ 
2 PP _ PPP
1 R BQKB_R

  abcdefgh
8 r_bqkb r
7 pp_ pp_p
6  _np np_
5 _ _ _ _ 
4  _PNP_ _
3 _ N _ _ 
2 PP _ PPP
1 R BQKB_R

  abcdefgh
8 r_bqkb r
7 pp_ pp_p
6  _np np_
5 _ _ _ _ 
4  _PNP_ _
3 _ N _ _ 
2 PP _BPPP
1 R BQK _R

  abcdefgh
8 r_bqk_ r
7 pp_ ppbp
6  _np np_
5 _ _ _ _ 
4  _PNP_ _
3 _ N _ _ 
2 PP _BPPP
1 R BQK _R

  abcdefgh
8 r_bqk_ r
7 pp_ ppbp
6  _np np_
5 _ _ _ _ 
4  _PNP_ _
3 _ N B _ 
2 PP _BPPP
1 R _QK _R

  abcdefgh
8 r_ qk_ r
7 pp_bppbp
6  _np np_
5 _ _ _ _ 
4  _PNP_ _
3 _ N B _ 
2 PP _BPPP
1 R _QK _R

  abcdefgh
8 r_ qk_ r
7 pp_bppbp
6  _np np_
5 _ _ _ _ 
4  _PNP_ _
3 _ N B _ 
2 PP QBPPP
1 R _ K _R

  abcdefgh
was here
8 r_ q rk_
7 pp_bppbp
6  _np np_
5 _ _ _ _ 
4  _PNP_ _
3 _ N B _ 
2 PP QBPPP
1 R _ K _R

  abcdefgh
was here
8 r_ q rk_
7 pp_bppbp
6  _np np_
5 _ _ _ _ 
4  _PNP_ _
3 _ N B _ 
2 PP QBPPP
1 R _ _RK 

  abcdefgh
8 r_ q rk_
7 pp_bppbp
6  _ p np_
5 _ _ _ _ 
4  _PnP_ _
3 _ N B _ 
2 PP QBPPP
1 R _ _RK 

  abcdefgh
8 r_ q rk_
7 pp_bppbp
6  _ p np_
5 _ _ _ _ 
4  _PBP_ _
3 _ N _ _ 
2 PP QBPPP
1 R _ _RK 

  abcdefgh
8 r_ q rk_
7 pp_ ppbp
6  _bp np_
5 _ _ _ _ 
4  _PBP_ _
3 _ N _ _ 
2 PP QBPPP
1 R _ _RK 

  abcdefgh
8 r_ q rk_
7 pp_ ppbp
6  _bp np_
5 _ _ _ _ 
4  _PBP_ _
3 _ N _P_ 
2 PP QB_PP
1 R _ _RK 

  abcdefgh
8 r_ q rk_
7 pp_nppbp
6  _bp _p_
5 _ _ _ _ 
4  _PBP_ _
3 _ N _P_ 
2 PP QB_PP
1 R _ _RK 

  abcdefgh
8 r_ q rk_
7 pp_nppbp
6  _bp _p_
5 _ _ _ _ 
4  _P_P_ _
3 _ N _P_ 
2 PP QBBPP
1 R _ _RK 

  abcdefgh
8 r_ _ rk_
7 pp_nppbp
6  _bp _p_
5 q _ _ _ 
4  _P_P_ _
3 _ N _P_ 
2 PP QBBPP
1 R _ _RK 

  abcdefgh
8 r_ _ rk_
7 pp_nppbp
6  _bp _p_
5 q _ _ _ 
4  _P_P_ _
3 _ N _P_ 
2 PP QBBPP
1 _ R _RK 

  abcdefgh
8 r_ _ rk_
7 _p_nppbp
6 p_bp _p_
5 q _ _ _ 
4  _P_P_ _
3 _ N _P_ 
2 PP QBBPP
1 _ R _RK 

  abcdefgh
8 r_ _ rk_
7 _p_nppbp
6 p_bp _p_
5 q _ _ _ 
4  _P_P_ _
3 _ N _P_ 
2 PP QBBPP
1 _ RR_ K 

  abcdefgh
8 r_r_ _k_
7 _p_nppbp
6 p_bp _p_
5 q _ _ _ 
4  _P_P_ _
3 _ N _P_ 
2 PP QBBPP
1 _ RR_ K 

  abcdefgh
8 r_r_ _k_
7 _p_nppbp
6 p_bp _p_
5 q _ _ _ 
4  _P_P_ B
3 _ N _P_ 
2 PP QB_PP
1 _ RR_ K 

  abcdefgh
8 r_ _r_k_
7 _p_nppbp
6 p_bp _p_
5 q _ _ _ 
4  _P_P_ B
3 _ N _P_ 
2 PP QB_PP
1 _ RR_ K 

  abcdefgh
8 r_ _r_k_
7 _p_nppbp
6 p_bp _p_
5 q _ _ _ 
4  _P_P_ B
3 _PN _P_ 
2 P_ QB_PP
1 _ RR_ K 

  abcdefgh
8 r_ _r_k_
7 _ _nppbp
6 p_bp _p_
5 qp_ _ _ 
4  _P_P_ B
3 _PN _P_ 
2 P_ QB_PP
1 _ RR_ K 

  abcdefgh
8 r_ _r_k_
7 _ _nppbp
6 p_bp _p_
5 qp_ _ _ 
4  _P_P_ B
3 _PN _P_P
2 P_ QB_P_
1 _ RR_ K 

  abcdefgh
8 r_ _r_k_
7 _ _ ppbp
6 p_bp _p_
5 qpn _ _ 
4  _P_P_ B
3 _PN _P_P
2 P_ QB_P_
1 _ RR_ K 

  abcdefgh
8 r_ _r_k_
7 _ _ ppbp
6 p_bp _p_
5 qpn _ _ 
4  _P_P_ B
3 _PN _P_P
2 P_RQB_P_
1 _ _R_ K 

  abcdefgh
8  r _r_k_
7 _ _ ppbp
6 p_bp _p_
5 qpn _ _ 
4  _P_P_ B
3 _PN _P_P
2 P_RQB_P_
1 _ _R_ K 

  abcdefgh
8  r _r_k_
7 _ _ ppbp
6 p_bp _p_
5 qpn _ _ 
4  _P_P_ B
3 _PN QP_P
2 P_R_B_P_
1 _ _R_ K 

  abcdefgh
8  r _r_k_
7 _ _ ppbp
6 p_bp _p_
5 q n _ _ 
4  pP_P_ B
3 _PN QP_P
2 P_R_B_P_
1 _ _R_ K 

  abcdefgh
8  r _r_k_
7 _ _ ppbp
6 p_bp _p_
5 q nN_ _ 
4  pP_P_ B
3 _P_ QP_P
2 P_R_B_P_
1 _ _R_ K 

  abcdefgh
8  r _r_k_
7 _ _ ppbp
6 p_ p _p_
5 q nb_ _ 
4  pP_P_ B
3 _P_ QP_P
2 P_R_B_P_
1 _ _R_ K 

  abcdefgh
8  r _r_k_
7 _ _ ppbp
6 p_ p _p_
5 q nP_ _ 
4  p _P_ B
3 _P_ QP_P
2 P_R_B_P_
1 _ _R_ K 

  abcdefgh
8  r _r_k_
7 _ _ pp_p
6 p_ p _p_
5 q nP_ _ 
4  p _P_ B
3 _Pb QP_P
2 P_R_B_P_
1 _ _R_ K 

  abcdefgh
8  r _r_k_
7 _ _ pp_p
6 p_ p _p_
5 q nP_ _ 
4  p _P_ _
3 _Pb QP_P
2 P_R_BBP_
1 _ _R_ K 

  abcdefgh
8  r _r_k_
7 _ _ pp_p
6 p_ p _p_
5 _ nP_ _ 
4  p _P_ _
3 qPb QP_P
2 P_R_BBP_
1 _ _R_ K 

  abcdefgh
8  r _r_k_
7 _ _ pp_p
6 p_ p _p_
5 _ nP_ _ 
4  p _PP _
3 qPb Q _P
2 P_R_BBP_
1 _ _R_ K 

  abcdefgh
8  r _r_k_
7 _ _ pp_p
6  _ p _p_
5 p nP_ _ 
4  p _PP _
3 qPb Q _P
2 P_R_BBP_
1 _ _R_ K 

  abcdefgh
8  r _r_k_
7 _ _ pp_p
6  _ p _p_
5 p nP_ _ 
4  pB_PP _
3 qPb Q _P
2 P_R_ BP_
1 _ _R_ K 

  abcdefgh
8  r _r_k_
7 _ _ pp_p
6  _ p _p_
5 _ nP_ _ 
4 ppB_PP _
3 qPb Q _P
2 P_R_ BP_
1 _ _R_ K 

  abcdefgh
8  r _r_k_
7 _ _ pp_p
6  _ p _p_
5 _ nP_ _ 
4 ppB_PP _
3 qPb Q _P
2 P_R_ BP_
1 _R_ _ K 

  abcdefgh
8  _r_r_k_
7 _ _ pp_p
6  _ p _p_
5 _ nP_ _ 
4 ppB_PP _
3 qPb Q _P
2 P_R_ BP_
1 _R_ _ K 

  abcdefgh
8  _r_r_k_
7 _ _ pp_p
6  _ p _p_
5 _ nP_ _ 
4 ppB_PP _
3 qPb Q _P
2 P_R_ BPK
1 _R_ _ _ 

  abcdefgh
8  _r_r_k_
7 _ _ pp_p
6  _ p _p_
5 _ nP_ _ 
4  pB_PP _
3 qpb Q _P
2 P_R_ BPK
1 _R_ _ _ 

  abcdefgh
8  _r_r_k_
7 _ _ pp_p
6  _ p _p_
5 _ nP_ _ 
4  pB_PP _
3 qPb Q _P
2  _R_ BPK
1 _R_ _ _ 

  abcdefgh
8  _r_r_k_
7 q _ pp_p
6  _ p _p_
5 _ nP_ _ 
4  pB_PP _
3 _Pb Q _P
2  _R_ BPK
1 _R_ _ _ 

  abcdefgh
8  _r_r_k_
7 q _ pp_p
6  _ p _p_
5 _ nPP _ 
4  pB_ P _
3 _Pb Q _P
2  _R_ BPK
1 _R_ _ _ 

  abcdefgh
8  qr_r_k_
7 _ _ pp_p
6  _ p _p_
5 _ nPP _ 
4  pB_ P _
3 _Pb Q _P
2  _R_ BPK
1 _R_ _ _ 

  abcdefgh
8  qr_r_k_
7 _ _ pp_p
6  _ p _p_
5 _ nPP _ 
4  pB_ P _
3 _Pb Q _P
2  _ _RBPK
1 _R_ _ _ 

  abcdefgh
8  qr_r_k_
7 _ _ p _p
6  _ p _p_
5 _ nPPp_ 
4  pB_ P _
3 _Pb Q _P
2  _ _RBPK
1 _R_ _ _ 

  abcdefgh
8  qr_r_k_
7 _ _ p _p
6  _ p _p_
5 _ nPPp_ 
4  pB_ PP_
3 _Pb Q _P
2  _ _RB K
1 _R_ _ _ 

  abcdefgh
8  qr_r_k_
7 _ _ p _p
6  _ _ _p_
5 _ nPpp_ 
4  pB_ PP_
3 _Pb Q _P
2  _ _RB K
1 _R_ _ _ 

  abcdefgh
8  qr_r_k_
7 _ _ p _p
6  _ _ _p_
5 _ nPpP_ 
4  pB_ P _
3 _Pb Q _P
2  _ _RB K
1 _R_ _ _ 

  abcdefgh
8  qr_r_k_
7 _ _ p _p
6  _ _ _ _
5 _ nPpp_ 
4  pB_ P _
3 _Pb Q _P
2  _ _RB K
1 _R_ _ _ 

  abcdefgh
8  qr_r_k_
7 _ _ p _p
6  _ P _ _
5 _ n pp_ 
4  pB_ P _
3 _Pb Q _P
2  _ _RB K
1 _R_ _ _ 

  abcdefgh
8  qr_r_ k
7 _ _ p _p
6  _ P _ _
5 _ n pp_ 
4  pB_ P _
3 _Pb Q _P
2  _ _RB K
1 _R_ _ _ 

  abcdefgh
8  qr_r_ k
7 _ _ p _p
6  _ P _ _
5 _ n Pp_ 
4  pB_ _ _
3 _Pb Q _P
2  _ _RB K
1 _R_ _ _ 

  abcdefgh
8  qr_r_ k
7 _ _np _p
6  _ P _ _
5 _ _ Pp_ 
4  pB_ _ _
3 _Pb Q _P
2  _ _RB K
1 _R_ _ _ 

  abcdefgh
8  qr_r_ k
7 _ _np _p
6  _ P _ _
5 _ _ Pp_ 
4  pB_ _ _
3 _Pb _ QP
2  _ _RB K
1 _R_ _ _ 

  abcdefgh
8  q _r_ k
7 _ _np _p
6  _ P _ _
5 _ _ Pp_ 
4  pr_ _ _
3 _Pb _ QP
2  _ _RB K
1 _R_ _ _ 

  abcdefgh
8  q _r_ k
7 _ _np _p
6  _ P _ _
5 _ _ Pp_ 
4  pP_ _ _
3 _ b _ QP
2  _ _RB K
1 _R_ _ _ 

  abcdefgh
8  q _r_ k
7 _ _n_ _p
6  _ p _ _
5 _ _ Pp_ 
4  pP_ _ _
3 _ b _ QP
2  _ _RB K
1 _R_ _ _ 

  abcdefgh
8  q _r_ k
7 _ _n_ _p
6  _ p _ _
5 _ _ Pp_ 
4  pP_ _ _
3 _ b _ QP
2  _ _RB K
1 _ _ _ R 

  abcdefgh
8  q _ _ k
7 _ _nr _p
6  _ p _ _
5 _ _ Pp_ 
4  pP_ _ _
3 _ b _ QP
2  _ _RB K
1 _ _ _ R 

  abcdefgh
8  q _ _ k
7 _ _nr _p
6  _ pP_ _
5 _ _ _p_ 
4  pP_ _ _
3 _ b _ QP
2  _ _RB K
1 _ _ _ R 

  abcdefgh
8  q _ _ k
7 _ _ r _p
6  _ pP_ _
5 _ _ np_ 
4  pP_ _ _
3 _ b _ QP
2  _ _RB K
1 _ _ _ R 

  abcdefgh
8  q _ _ k
7 _ _ r _p
6  _ pP_ _
5 _ _ np_ 
4  pP_ _ _
3 _ b _ _P
2  _ _RBQK
1 _ _ _ R 

  abcdefgh
8  q _ _ k
7 _ _ r _p
6  _ pP_n_
5 _ _ _p_ 
4  pP_ _ _
3 _ b _ _P
2  _ _RBQK
1 _ _ _ R 

  abcdefgh
8  q _ _ k
7 _ _ r _p
6  _ pP_n_
5 _ _Q_p_ 
4  pP_ _ _
3 _ b _ _P
2  _ _RB K
1 _ _ _ R 

  abcdefgh
8  q _ _ k
7 _ _ r _p
6  _ pP_n_
5 _ _Qbp_ 
4  pP_ _ _
3 _ _ _ _P
2  _ _RB K
1 _ _ _ R 

  abcdefgh
8  q _ _ k
7 _ _ r _p
6  _ pP_n_
5 _ _QRp_ 
4  pP_ _ _
3 _ _ _ _P
2  _ _ B K
1 _ _ _ R 

  abcdefgh
8  q _ _ k
7 _ _ r _p
6  _ _P_n_
5 _ _Qpp_ 
4  pP_ _ _
3 _ _ _ _P
2  _ _ B K
1 _ _ _ R 

  abcdefgh
8  q _ _ k
7 _ _ r _p
6  _ _P_n_
5 _ _Qpp_ 
4  pP_ _ _
3 _ _ _ _P
2  _ _ B K
1 R _ _ _ 

  abcdefgh
8  q _ _ _
7 _ _ r kp
6  _ _P_n_
5 _ _Qpp_ 
4  pP_ _ _
3 _ _ _ _P
2  _ _ B K
1 R _ _ _ 

  abcdefgh
8  q _ _ _
7 _ _ r kp
6  _ _P_n_
5 _ BQpp_ 
4  pP_ _ _
3 _ _ _ _P
2  _ _ _ K
1 R _ _ _ 

  abcdefgh
8  q _ _ _
7 _ _ r kp
6  _ _P_n_
5 _ BQpp_ 
4  _P_ _ _
3 _p_ _ _P
2  _ _ _ K
1 R _ _ _ 

  abcdefgh
8  q _ _ _
7 _ _ r kp
6  _ BP_n_
5 _ _Qpp_ 
4  _P_ _ _
3 _p_ _ _P
2  _ _ _ K
1 R _ _ _ 

  abcdefgh
8  q _ _ _
7 _ _ r kp
6  _ BP_n_
5 _ _Qpp_ 
4  _P_ _ _
3 _ _ _ _P
2  p _ _ K
1 R _ _ _ 

  abcdefgh
8  q _ _ _
7 _ _ r kp
6  _ BP_n_
5 _ _Qpp_ 
4  _P_ _ _
3 _ _ _ _P
2  p _ _ K
1 _R_ _ _ 

  abcdefgh
8  _ _q_ _
7 _ _ r kp
6  _ BP_n_
5 _ _Qpp_ 
4  _P_ _ _
3 _ _ _ _P
2  p _ _ K
1 _R_ _ _ 

  abcdefgh
8  _ _q_ _
7 _ _ r kp
6  _ _P_n_
5 _ _QBp_ 
4  _P_ _ _
3 _ _ _ _P
2  p _ _ K
1 _R_ _ _ 

  abcdefgh
8  _ _q_ _
7 _ _ r _p
6  _ _P_nk
5 _ _QBp_ 
4  _P_ _ _
3 _ _ _ _P
2  p _ _ K
1 _R_ _ _ 

  abcdefgh
8  _ _q_ _
7 _ _ r _p
6  _ _P_nk
5 _ _ Bp_ 
4  _P_ _ _
3 _ _ _ _P
2  p Q _ K
1 _R_ _ _ 

  abcdefgh
8  _ _q_ _
7 _ _ r _p
6  _ _P_nk
5 _ _ B _ 
4  _P_ p _
3 _ _ _ _P
2  p Q _ K
1 _R_ _ _ 

  abcdefgh
8  _ _q_ _
7 _ _ r _p
6  _ _P_nk
5 _ _ _ _ 
4  _P_ B _
3 _ _ _ _P
2  p Q _ K
1 _R_ _ _ 

  abcdefgh
8  _ _q_ _
7 _ _ r kp
6  _ _P_n_
5 _ _ _ _ 
4  _P_ B _
3 _ _ _ _P
2  p Q _ K
1 _R_ _ _ 

  abcdefgh
8  _ _q_ _
7 _ _ r kp
6  _ _P_n_
5 _ _ _ _ 
4  _PQ B _
3 _ _ _ _P
2  p _ _ K
1 _R_ _ _ 

  abcdefgh
8  _ _q_k_
7 _ _ r _p
6  _ _P_n_
5 _ _ _ _ 
4  _PQ B _
3 _ _ _ _P
2  p _ _ K
1 _R_ _ _ 

  abcdefgh
8  _ _q_k_
7 _ _ r _p
6  _ _P_n_
5 _ _ _ _ 
4  _PQ B _
3 _ _ _ _P
2  R _ _ K
1 _ _ _ _ 

  abcdefgh
8  _ _q_k_
7 _ _ r _p
6  _ _P_ _
5 _ _ _ _ 
4  _PQ n _
3 _ _ _ _P
2  R _ _ K
1 _ _ _ _ 

  abcdefgh
8  _ _q_k_
7 _ _ r _p
6  _ _P_ _
5 _ _ _ _ 
4  _P_ Q _
3 _ _ _ _P
2  R _ _ K
1 _ _ _ _ 

  abcdefgh
8  _ _ qk_
7 _ _ r _p
6  _ _P_ _
5 _ _ _ _ 
4  _P_ Q _
3 _ _ _ _P
2  R _ _ K
1 _ _ _ _ 

  abcdefgh
8  R _ qk_
7 _ _ r _p
6  _ _P_ _
5 _ _ _ _ 
4  _P_ Q _
3 _ _ _ _P
2  _ _ _ K
1 _ _ _ _ 

  abcdefgh
8  R _rqk_
7 _ _ _ _p
6  _ _P_ _
5 _ _ _ _ 
4  _P_ Q _
3 _ _ _ _P
2  _ _ _ K
1 _ _ _ _ 

  abcdefgh
8  R _rqk_
7 _ _ _ _p
6  _ _P_ _
5 _ _ _ Q 
4  _P_ _ _
3 _ _ _ _P
2  _ _ _ K
1 _ _ _ _ 

  abcdefgh
8  R _rq k
7 _ _ _ _p
6  _ _P_ _
5 _ _ _ Q 
4  _P_ _ _
3 _ _ _ _P
2  _ _ _ K
1 _ _ _ _ 

  abcdefgh
8  _ _Rq k
7 _ _ _ _p
6  _ _P_ _
5 _ _ _ Q 
4  _P_ _ _
3 _ _ _ _P
2  _ _ _ K
1 _ _ _ _ 

  abcdefgh
8  _ _q_ k
7 _ _ _ _p
6  _ _P_ _
5 _ _ _ Q 
4  _P_ _ _
3 _ _ _ _P
2  _ _ _ K
1 _ _ _ _ 

  abcdefgh
8  _ _q_ k
7 _ _ _ _p
6  _ _PQ _
5 _ _ _ _ 
4  _P_ _ _
3 _ _ _ _P
2  _ _ _ K
1 _ _ _ _ 

  abcdefgh
8  _ _q_k_
7 _ _ _ _p
6  _ _PQ _
5 _ _ _ _ 
4  _P_ _ _
3 _ _ _ _P
2  _ _ _ K
1 _ _ _ _ 

  abcdefgh
8  _ _q_k_
7 _ _ P _p
6  _ _ Q _
5 _ _ _ _ 
4  _P_ _ _
3 _ _ _ _P
2  _ _ _ K
1 _ _ _ _ 

  abcdefgh
8  _q_ _k_
7 _ _ P _p
6  _ _ Q _
5 _ _ _ _ 
4  _P_ _ _
3 _ _ _ _P
2  _ _ _ K
1 _ _ _ _ 

  abcdefgh
8  _q_ _k_
7 _ _ P _p
6  _ _ Q _
5 _ _ _ _ 
4  _P_ _ _
3 _ _ _ KP
2  _ _ _ _
1 _ _ _ _ 

  abcdefgh
8  _ _ _k_
7 _ q P _p
6  _ _ Q _
5 _ _ _ _ 
4  _P_ _ _
3 _ _ _ KP
2  _ _ _ _
1 _ _ _ _ 

  abcdefgh
8  _ _ _k_
7 _ q P _p
6  _ _ Q _
5 _ _ _ _ 
4  _P_ _ _
3 _ _ _K_P
2  _ _ _ _
1 _ _ _ _ 

  abcdefgh
8  _ _ _k_
7 _q_ P _p
6  _ _ Q _
5 _ _ _ _ 
4  _P_ _ _
3 _ _ _K_P
2  _ _ _ _
1 _ _ _ _ 

  abcdefgh
8  _ _ _k_
7 _q_ P _p
6  _ _ Q _
5 _ _ _ _ 
4  _P_ _ _
3 _ _ _ _P
2  _ _ K _
1 _ _ _ _ 

  abcdefgh
8  _q_ _k_
7 _ _ P _p
6  _ _ Q _
5 _ _ _ _ 
4  _P_ _ _
3 _ _ _ _P
2  _ _ K _
1 _ _ _ _ 

  abcdefgh
8  _q_ _k_
7 _ _ P _p
6  _ _ Q _
5 _ _ _ _ 
4  _P_ _ P
3 _ _ _ _ 
2  _ _ K _
1 _ _ _ _ 

  abcdefgh
8  _ _ _k_
7 _ _ P _p
6  _ _ Q _
5 _ q _ _ 
4  _P_ _ P
3 _ _ _ _ 
2  _ _ K _
1 _ _ _ _ 

  abcdefgh
8  _ _ _k_
7 _ _ P _p
6  _ _ Q _
5 _ q _ _ 
4  _P_ _ P
3 _ _ _K_ 
2  _ _ _ _
1 _ _ _ _ 

  abcdefgh
8  _ _ _k_
7 _ _ P _p
6  _ _ Q _
5 _ _ _ _q
4  _P_ _ P
3 _ _ _K_ 
2  _ _ _ _
1 _ _ _ _ 

  abcdefgh
8  _ _ _k_
7 _ _ P _p
6  _ _ Q _
5 _ _ _ _q
4  _P_ K P
3 _ _ _ _ 
2  _ _ _ _
1 _ _ _ _ 

  abcdefgh
8  _ _ _k_
7 _ _ Pq_p
6  _ _ Q _
5 _ _ _ _ 
4  _P_ K P
3 _ _ _ _ 
2  _ _ _ _
1 _ _ _ _ 

  abcdefgh
8  _ _ _k_
7 _ _ PQ_p
6  _ _ _ _
5 _ _ _ _ 
4  _P_ K P
3 _ _ _ _ 
2  _ _ _ _
1 _ _ _ _ 

  abcdefgh
8  _ _ _ _
7 _ _ Pk_p
6  _ _ _ _
5 _ _ _ _ 
4  _P_ K P
3 _ _ _ _ 
2  _ _ _ _
1 _ _ _ _ 

  abcdefgh
8  _ _ _ _
7 _ _ Pk_p
6  _ _ _ _
5 _ _ _ K 
4  _P_ _ P
3 _ _ _ _ 
2  _ _ _ _
1 _ _ _ _ 

  abcdefgh
8  _ _ _ _
7 _ _ Pk_ 
6  _ _ _ _
5 _ _ _ Kp
4  _P_ _ P
3 _ _ _ _ 
2  _ _ _ _
1 _ _ _ _ 

  abcdefgh
8  _ _ _ _
7 _ _ Pk_ 
6  _ _ _ _
5 _ _ _ _K
4  _P_ _ P
3 _ _ _ _ 
2  _ _ _ _
1 _ _ _ _ 

  abcdefgh
8  _ _ _ _
7 _ _ k _ 
6  _ _ _ _
5 _ _ _ _K
4  _P_ _ P
3 _ _ _ _ 
2  _ _ _ _
1 _ _ _ _ 

  abcdefgh
8  _ _ _ _
7 _ _ k _ 
6  _ _ _ K
5 _ _ _ _ 
4  _P_ _ P
3 _ _ _ _ 
2  _ _ _ _
1 _ _ _ _ 

  abcdefgh
8  _ _ _ _
7 _ _ _ _ 
6  _ k _ K
5 _ _ _ _ 
4  _P_ _ P
3 _ _ _ _ 
2  _ _ _ _
1 _ _ _ _ 

  abcdefgh
8  _ _ _ _
7 _ _ _ _ 
6  _ k _ K
5 _ _ _ _P
4  _P_ _ _
3 _ _ _ _ 
2  _ _ _ _
1 _ _ _ _ 

  abcdefgh
8  _ _ _ _
7 _ _ _ _ 
6  _ _ _ K
5 _ k _ _P
4  _P_ _ _
3 _ _ _ _ 
2  _ _ _ _
1 _ _ _ _ 

  abcdefgh
8  _ _ _ _
7 _ _ _ _ 
6  _ _ _K_
5 _ k _ _P
4  _P_ _ _
3 _ _ _ _ 
2  _ _ _ _
1 _ _ _ _ 

  abcdefgh
8  _ _ _ _
7 _ _ _ _ 
6  _ _ _K_
5 _ _ _ _P
4  kP_ _ _
3 _ _ _ _ 
2  _ _ _ _
1 _ _ _ _ 

  abcdefgh
8  _ _ _ _
7 _ _ _ _ 
6  _ _ _KP
5 _ _ _ _ 
4  kP_ _ _
3 _ _ _ _ 
2  _ _ _ _
1 _ _ _ _ 

  abcdefgh
8  _ _ _ _
7 _ _ _ _ 
6  _ _ _KP
5 _ _ _ _ 
4  _k_ _ _
3 _ _ _ _ 
2  _ _ _ _
1 _ _ _ _ 

  abcdefgh
8  _ _ _ _
7 _ _ _ K 
6  _ _ _ P
5 _ _ _ _ 
4  _k_ _ _
3 _ _ _ _ 
2  _ _ _ _
1 _ _ _ _ 

  abcdefgh
8  _ _ _ _
7 _ _ _ K 
6  _ _ _ P
5 _ _k_ _ 
4  _ _ _ _
3 _ _ _ _ 
2  _ _ _ _
1 _ _ _ _ 

  abcdefgh
8  _ _ _ _
7 _ _ _ _ 
6  _ _ K P
5 _ _k_ _ 
4  _ _ _ _
3 _ _ _ _ 
2  _ _ _ _
1 _ _ _ _ 

  abcdefgh
8  _ _ _ _
7 _ _ _ _ 
6  _k_ K P
5 _ _ _ _ 
4  _ _ _ _
3 _ _ _ _ 
2  _ _ _ _
1 _ _ _ _ 

  abcdefgh
8  _ _ _ _
7 _ _ _ _P
6  _k_ K _
5 _ _ _ _ 
4  _ _ _ _
3 _ _ _ _ 
2  _ _ _ _
1 _ _ _ _ 

  abcdefgh
8  _ _ _ _
7 _ _ _ _P
6  _ _ K _
5 _k_ _ _ 
4  _ _ _ _
3 _ _ _ _ 
2  _ _ _ _
1 _ _ _ _ 

  abcdefgh
8  _ _ _ Q
7 _ _ _ _ 
6  _ _ K _
5 _k_ _ _ 
4  _ _ _ _
3 _ _ _ _ 
2  _ _ _ _
1 _ _ _ _ 

  abcdefgh
8  _ _ _ Q
7 _ _ _ _ 
6  _ _ K _
5 _ _ _ _ 
4  _k_ _ _
3 _ _ _ _ 
2  _ _ _ _
1 _ _ _ _ 

  abcdefgh
8  _Q_ _ _
7 _ _ _ _ 
6  _ _ K _
5 _ _ _ _ 
4  _k_ _ _
3 _ _ _ _ 
2  _ _ _ _
1 _ _ _ _ 

  abcdefgh
8  _Q_ _ _
7 _ _ _ _ 
6  _ _ K _
5 _ _ _ _ 
4  _ _ _ _
3 _ _k_ _ 
2  _ _ _ _
1 _ _ _ _ 

  abcdefgh
8  Q _ _ _
7 _ _ _ _ 
6  _ _ K _
5 _ _ _ _ 
4  _ _ _ _
3 _ _k_ _ 
2  _ _ _ _
1 _ _ _ _ 

  abcdefgh
8  Q _ _ _
7 _ _ _ _ 
6  _ _ K _
5 _ _ _ _ 
4  _ _ _ _
3 _ k _ _ 
2  _ _ _ _
1 _ _ _ _ 

  abcdefgh
8  Q _ _ _
7 _ _ _ _ 
6  _ _ _ _
5 _ _ K _ 
4  _ _ _ _
3 _ k _ _ 
2  _ _ _ _
1 _ _ _ _ 

  abcdefgh
8  Q _ _ _
7 _ _ _ _ 
6  _ _ _ _
5 _ _ K _ 
4  _k_ _ _
3 _ _ _ _ 
2  _ _ _ _
1 _ _ _ _ 

  abcdefgh
8  _ _ _ _
7 _ Q _ _ 
6  _ _ _ _
5 _ _ K _ 
4  _k_ _ _
3 _ _ _ _ 
2  _ _ _ _
1 _ _ _ _ 

  abcdefgh
8  _ _ _ _
7 _ Q _ _ 
6  _ _ _ _
5 _ _ K _ 
4  _ _ _ _
3 _ _k_ _ 
2  _ _ _ _
1 _ _ _ _ 

  abcdefgh
8  _Q_ _ _
7 _ _ _ _ 
6  _ _ _ _
5 _ _ K _ 
4  _ _ _ _
3 _ _k_ _ 
2  _ _ _ _
1 _ _ _ _ 

  abcdefgh
8  _Q_ _ _
7 _ _ _ _ 
6  _ _ _ _
5 _ _ K _ 
4  _ _ _ _
3 _ _ k _ 
2  _ _ _ _
1 _ _ _ _ 

  abcdefgh
8  _ _ _ _
7 _ _ _ _ 
6  _ _ _ _
5 _ _ K _ 
4  _ _ _ _
3 _ Q k _ 
2  _ _ _ _
1 _ _ _ _ 

  abcdefgh
8  _ _ _ _
7 _ _ _ _ 
6  _ _ _ _
5 _ _ K _ 
4  _ _ _ _
3 _ Q _ _ 
2  _ _ k _
1 _ _ _ _ 

  abcdefgh
8  _ _ _ _
7 _ _ _ _ 
6  _ _ _ _
5 _ _ _ _ 
4  _ _ K _
3 _ Q _ _ 
2  _ _ k _
1 _ _ _ _ 

  abcdefgh
8  _ _ _ _
7 _ _ _ _ 
6  _ _ _ _
5 _ _ _ _ 
4  _ _ K _
3 _ Q _ _ 
2  _ _ _k_
1 _ _ _ _ 

  abcdefgh
8  _ _ _ _
7 _ _ _ _ 
6  _ _ _ _
5 _ _ _ _ 
4  _ _ K _
3 _ _ _ _ 
2  Q _ _k_
1 _ _ _ _ 

  abcdefgh
8  _ _ _ _
7 _ _ _ _ 
6  _ _ _ _
5 _ _ _ _ 
4  _ _ K _
3 _ _ _ _ 
2  Q _ _ _
1 _ _ _k_ 

  abcdefgh
8  _ _ _ _
7 _ _ _ _ 
6  _ _ _ _
5 _ _ _ _ 
4  _ _ _ _
3 _ _ _K_ 
2  Q _ _ _
1 _ _ _k_ 

  abcdefgh
8  _ _ _ _
7 _ _ _ _ 
6  _ _ _ _
5 _ _ _ _ 
4  _ _ _ _
3 _ _ _K_ 
2  Q _ _ _
1 _ _ k _ 

  abcdefgh
8  _ _ _ _
7 _ _ _ _ 
6  _ _ _ _
5 _ _ _ _ 
4  _ _ _ _
3 _ _ _K_ 
2  _ _ _ _
1 _ Q k _ 

  abcdefgh
CTRL-D detected
