8 rnbqkbnr
7 pppppppp
6  _ _ _ _
5 _ _ _ _ 
4  _ _P_ _
3 _ _ _ _ 
2 PPPP PPP
1 RNBQKBNR

  abcdefgh
8 rnbqkbnr
7 pp_ppppp
6  _ _ _ _
5 _ p _ _ 
4  _ _P_ _
3 _ _ _ _ 
2 PPPP PPP
1 RNBQKBNR

  abcdefgh
8 rnbqkbnr
7 pp_ppppp
6  _ _ _ _
5 _ p _ _ 
4  _ _P_ _
3 _ _ _N_ 
2 PPPP PPP
1 RNBQKB_R

  abcdefgh
8 rnbqkbnr
7 pp_ pppp
6  _ p _ _
5 _ p _ _ 
4  _ _P_ _
3 _ _ _N_ 
2 PPPP PPP
1 RNBQKB_R

  abcdefgh
8 rnbqkbnr
7 pp_ pppp
6  _ p _ _
5 _ p _ _ 
4  _ PP_ _
3 _ _ _N_ 
2 PPP_ PPP
1 RNBQKB_R

  abcdefgh
8 rnbqkbnr
7 pp_ pppp
6  _ p _ _
5 _ _ _ _ 
4  _ pP_ _
3 _ _ _N_ 
2 PPP_ PPP
1 RNBQKB_R

  abcdefgh
8 rnbqkbnr
7 pp_ pppp
6  _ p _ _
5 _ _ _ _ 
4  _ NP_ _
3 _ _ _ _ 
2 PPP_ PPP
1 RNBQKB_R

  abcdefgh
8 rnbqkb r
7 pp_ pppp
6  _ p n _
5 _ _ _ _ 
4  _ NP_ _
3 _ _ _ _ 
2 PPP_ PPP
1 RNBQKB_R

  abcdefgh
8 rnbqkb r
7 pp_ pppp
6  _ p n _
5 _ _ _ _ 
4  _ NP_ _
3 _ N _ _ 
2 PPP_ PPP
1 R BQKB_R

  abcdefgh
8 rnbqkb r
7 _p_ pppp
6 p_ p n _
5 _ _ _ _ 
4  _ NP_ _
3 _ N _ _ 
2 PPP_ PPP
1 R BQKB_R

  abcdefgh
8 rnbqkb r
7 _p_ pppp
6 p_ p n _
5 _ _ _ _ 
4  _ NP_ _
3 _ N _ _P
2 PPP_ PP_
1 R BQKB_R

  abcdefgh
8 rnbqkb r
7 _p_ _ppp
6 p_ p n _
5 _ _ p _ 
4  _ NP_ _
3 _ N _ _P
2 PPP_ PP_
1 R BQKB_R

  abcdefgh
8 rnbqkb r
7 _p_ _ppp
6 p_ p n _
5 _ _ p _ 
4  _ _P_ _
3 _NN _ _P
2 PPP_ PP_
1 R BQKB_R

  abcdefgh
8 rn qkb r
7 _p_ _ppp
6 p_ pbn _
5 _ _ p _ 
4  _ _P_ _
3 _NN _ _P
2 PPP_ PP_
1 R BQKB_R

  abcdefgh
8 rn qkb r
7 _p_ _ppp
6 p_ pbn _
5 _ _ p _ 
4  _ _P_ _
3 _NN B _P
2 PPP_ PP_
1 R _QKB_R

  abcdefgh
8 r_ qkb r
7 _p_n_ppp
6 p_ pbn _
5 _ _ p _ 
4  _ _P_ _
3 _NN B _P
2 PPP_ PP_
1 R _QKB_R

  abcdefgh
8 r_ qkb r
7 _p_n_ppp
6 p_ pbn _
5 _ _ p _ 
4  _ _P_ _
3 _NNQB _P
2 PPP_ PP_
1 R _ KB_R

  abcdefgh
8  _rqkb r
7 _p_n_ppp
6 p_ pbn _
5 _ _ p _ 
4  _ _P_ _
3 _NNQB _P
2 PPP_ PP_
1 R _ KB_R

  abcdefgh
was here
8  _rqkb r
7 _p_n_ppp
6 p_ pbn _
5 _ _ p _ 
4  _ _P_ _
3 _NNQB _P
2 PPP_ PP_
1 _ KR_B_R

  abcdefgh
8  _rqkb r
7 _ _n_ppp
6 p_ pbn _
5 _p_ p _ 
4  _ _P_ _
3 _NNQB _P
2 PPP_ PP_
1 _ KR_B_R

  abcdefgh
8  _rqkb r
7 _ _n_ppp
6 p_ pbn _
5 _p_ p _ 
4  _ _P_P_
3 _NNQB _P
2 PPP_ P _
1 _ KR_B_R

  abcdefgh
8  _rqkb r
7 _ _n_pp 
6 p_ pbn p
5 _p_ p _ 
4  _ _P_P_
3 _NNQB _P
2 PPP_ P _
1 _ KR_B_R

  abcdefgh
8  _rqkb r
7 _ _n_pp 
6 p_ pbn p
5 _p_ p _ 
4  _ _P_P_
3 _NNQB _P
2 PPP_ P _
1 _K_R_B_R

  abcdefgh
8  _rqk_ r
7 _ _nbpp 
6 p_ pbn p
5 _p_ p _ 
4  _ _P_P_
3 _NNQB _P
2 PPP_ P _
1 _K_R_B_R

  abcdefgh
8  _rqk_ r
7 _ _nbpp 
6 p_ pbn p
5 _p_ p _ 
4  _ _PPP_
3 _NNQB _P
2 PPP_ _ _
1 _K_R_B_R

  abcdefgh
8  _rqk_ r
7 _ _nbpp 
6 p_ pbn p
5 _p_ _ _ 
4  _ _PpP_
3 _NNQB _P
2 PPP_ _ _
1 _K_R_B_R

  abcdefgh
8  _rqk_ r
7 _ _nbpp 
6 p_ pbn p
5 _p_ _ _ 
4  _ _PBP_
3 _NNQ_ _P
2 PPP_ _ _
1 _K_R_B_R

  abcdefgh
8  _rqk_ r
7 _ _ bpp 
6 p_ pbn p
5 _p_ n _ 
4  _ _PBP_
3 _NNQ_ _P
2 PPP_ _ _
1 _K_R_B_R

  abcdefgh
8  _rqk_ r
7 _ _ bpp 
6 p_ pbn p
5 _p_ n _ 
4  _ _PBP_
3 _NN Q _P
2 PPP_ _ _
1 _K_R_B_R

  abcdefgh
8  _r_k_ r
7 _ q bpp 
6 p_ pbn p
5 _p_ n _ 
4  _ _PBP_
3 _NN Q _P
2 PPP_ _ _
1 _K_R_B_R

  abcdefgh
8  _r_k_ r
7 _ q bpp 
6 p_ pbn p
5 _p_ n _ 
4  _ _PBP_
3 PNN Q _P
2  PP_ _ _
1 _K_R_B_R

  abcdefgh
was here
8  _r_ rk_
7 _ q bpp 
6 p_ pbn p
5 _p_ n _ 
4  _ _PBP_
3 PNN Q _P
2  PP_ _ _
1 _K_R_B_R

  abcdefgh
8  _r_ rk_
7 _ q bpp 
6 p_ pbn p
5 _p_ n _ 
4  _ _PBP_
3 PNN Q _P
2  PP_ _ _
1 _K_R_BR 

  abcdefgh
8  _r_ rk_
7 _ q bp_ 
6 p_ pbn p
5 _p_ n p 
4  _ _PBP_
3 PNN Q _P
2  PP_ _ _
1 _K_R_BR 

  abcdefgh
8  _r_ rk_
7 _ q bp_ 
6 p_ pbn p
5 _p_ n p 
4  _ _P_P_
3 PNN Q BP
2  PP_ _ _
1 _K_R_BR 

  abcdefgh
8  _r_ rk_
7 _ q bp_ 
6 p_ pbn p
5 _ _ n p 
4  p _P_P_
3 PNN Q BP
2  PP_ _ _
1 _K_R_BR 

  abcdefgh
8  _r_ rk_
7 _ q bp_ 
6 p_ pbn p
5 _ _ n p 
4  P _P_P_
3 _NN Q BP
2  PP_ _ _
1 _K_R_BR 

  abcdefgh
8  r _ rk_
7 _ q bp_ 
6 p_ pbn p
5 _ _ n p 
4  P _P_P_
3 _NN Q BP
2  PP_ _ _
1 _K_R_BR 

  abcdefgh
8  r _ rk_
7 _ q bp_ 
6 p_ pbn p
5 _ _ n p 
4  P QP_P_
3 _NN _ BP
2  PP_ _ _
1 _K_R_BR 

  abcdefgh
8  r _ rk_
7 _ q bp_ 
6 p_ pbn p
5 _ _ _ p 
4  P QP_P_
3 _NN _nBP
2  PP_ _ _
1 _K_R_BR 

  abcdefgh
8  r _ rk_
7 _ q bp_ 
6 p_ pbn p
5 _ Q _ p 
4  P _P_P_
3 _NN _nBP
2  PP_ _ _
1 _K_R_BR 

  abcdefgh
8  r _ rk_
7 _ q bp_ 
6 p_ _bn p
5 _ p _ p 
4  P _P_P_
3 _NN _nBP
2  PP_ _ _
1 _K_R_BR 

  abcdefgh
8  r _ rk_
7 _ B bp_ 
6 p_ _bn p
5 _ p _ p 
4  P _P_P_
3 _NN _n_P
2  PP_ _ _
1 _K_R_BR 

  abcdefgh
8  r _ rk_
7 _ B bp_ 
6 p_ _bn p
5 _ p _ p 
4  P _P_P_
3 _NN _ _P
2  PP_ _ _
1 _K_R_Bn 

  abcdefgh
8  B _ rk_
7 _ _ bp_ 
6 p_ _bn p
5 _ p _ p 
4  P _P_P_
3 _NN _ _P
2  PP_ _ _
1 _K_R_Bn 

  abcdefgh
8  r _ _k_
7 _ _ bp_ 
6 p_ _bn p
5 _ p _ p 
4  P _P_P_
3 _NN _ _P
2  PP_ _ _
1 _K_R_Bn 

  abcdefgh
8  r _ _k_
7 _ _ bp_ 
6 p_ _bn p
5 _ N _ p 
4  P _P_P_
3 _ N _ _P
2  PP_ _ _
1 _K_R_Bn 

  abcdefgh
8  r _ _k_
7 _ _ bp_ 
6 p_ _bn p
5 _ N _ p 
4  P _P_P_
3 _ N _n_P
2  PP_ _ _
1 _K_R_B_ 

  abcdefgh
8  r _ _k_
7 _ _ bp_ 
6 p_ _bn p
5 _ NN_ p 
4  P _P_P_
3 _ _ _n_P
2  PP_ _ _
1 _K_R_B_ 

  abcdefgh
8  r _ k _
7 _ _ bp_ 
6 p_ _bn p
5 _ NN_ p 
4  P _P_P_
3 _ _ _n_P
2  PP_ _ _
1 _K_R_B_ 

  abcdefgh
8  r _ k _
7 _ _ bp_ 
6 p_ _bN p
5 _ N _ p 
4  P _P_P_
3 _ _ _n_P
2  PP_ _ _
1 _K_R_B_ 

  abcdefgh
8  r _ k _
7 _ _ _p_ 
6 p_ _bb p
5 _ N _ p 
4  P _P_P_
3 _ _ _n_P
2  PP_ _ _
1 _K_R_B_ 

  abcdefgh
8  r _ k _
7 _ _ _p_ 
6 p_ _bb p
5 _ N _ p 
4  P _P_P_
3 _ _ _n_P
2  PP_B_ _
1 _K_R_ _ 

  abcdefgh
8  r _ k _
7 _ _ _p_ 
6 p_ _bb p
5 _ N n p 
4  P _P_P_
3 _ _ _ _P
2  PP_B_ _
1 _K_R_ _ 

  abcdefgh
8  r _ k _
7 _ _ _p_ 
6 p_ _bb p
5 _ N n p 
4  P _P_P_
3 _ P _ _P
2  P _B_ _
1 _K_R_ _ 

  abcdefgh
8  r b k _
7 _ _ _p_ 
6 p_ _b_ p
5 _ N n p 
4  P _P_P_
3 _ P _ _P
2  P _B_ _
1 _K_R_ _ 

  abcdefgh
8  r b k _
7 _ _ _p_ 
6 N_ _b_ p
5 _ _ n p 
4  P _P_P_
3 _ P _ _P
2  P _B_ _
1 _K_R_ _ 

  abcdefgh
8 r_ b k _
7 _ _ _p_ 
6 N_ _b_ p
5 _ _ n p 
4  P _P_P_
3 _ P _ _P
2  P _B_ _
1 _K_R_ _ 

  abcdefgh
8 r_ b k _
7 _ _ _p_ 
6 N_ _b_ p
5 _P_ n p 
4  _ _P_P_
3 _ P _ _P
2  P _B_ _
1 _K_R_ _ 

  abcdefgh
8  _rb k _
7 _ _ _p_ 
6 N_ _b_ p
5 _P_ n p 
4  _ _P_P_
3 _ P _ _P
2  P _B_ _
1 _K_R_ _ 

  abcdefgh
8  _rb k _
7 _ _ _p_ 
6 N_ _b_ p
5 _P_ n p 
4  _ _P_P_
3 _ P _ _P
2  PK_B_ _
1 _ _R_ _ 

  abcdefgh
8  _rb k _
7 _ _ _p_ 
6 N_ _b_ p
5 _P_ _ p 
4  _n_P_P_
3 _ P _ _P
2  PK_B_ _
1 _ _R_ _ 

  abcdefgh
8  _rb k _
7 _ _ _p_ 
6 N_ _b_ p
5 _P_ _ p 
4  _n_P_P_
3 _ P _ _P
2  PK_B_ _
1 R _ _ _ 

  abcdefgh
8  _rb k _
7 _ _ _p_ 
6 N_ nb_ p
5 _P_ _ p 
4  _ _P_P_
3 _ P _ _P
2  PK_B_ _
1 R _ _ _ 

  abcdefgh
8  _rb k _
7 _ _ _p_ 
6 N_ nb_ p
5 _P_ _ p 
4  _ _P_P_
3 _ P _ _P
2  PK_B_ _
1 _ _R_ _ 

  abcdefgh
8  _rb k _
7 _ _ _p_ 
6 N_ _b_ p
5 _P_ _ p 
4  _n_P_P_
3 _ P _ _P
2  PK_B_ _
1 _ _R_ _ 

  abcdefgh
8  _rb k _
7 _ _ _p_ 
6 N_ _b_ p
5 _P_ _ p 
4  _n_P_P_
3 _ P _ _P
2  PK_B_ _
1 R _ _ _ 

  abcdefgh
8  _rb k _
7 _ _ _p_ 
6 N_ _b_ _
5 _P_ _ pp
4  _n_P_P_
3 _ P _ _P
2  PK_B_ _
1 R _ _ _ 

  abcdefgh
8  _rb k _
7 _ _ _p_ 
6 N_ _b_ _
5 _P_ _ pP
4  _n_P_ _
3 _ P _ _P
2  PK_B_ _
1 R _ _ _ 

  abcdefgh
8  _rb k _
7 _ _ _p_ 
6 N_ _ _ _
5 _P_ _ pP
4  _n_P_ _
3 _ P _ _b
2  PK_B_ _
1 R _ _ _ 

  abcdefgh
8  _rb k _
7 _ _ _p_ 
6 N_ _ _ _
5 _P_ _ pP
4  _B_P_ _
3 _ P _ _b
2  PK_ _ _
1 R _ _ _ 

  abcdefgh
8  _ b k _
7 _ _ _p_ 
6 N_ _ _ _
5 _P_ _ pP
4  _r_P_ _
3 _ P _ _b
2  PK_ _ _
1 R _ _ _ 

  abcdefgh
8  _ b k _
7 _ _ _p_ 
6 N_ _ _ _
5 _P_ _ pP
4  _r_P_ _
3 _ PK_ _b
2  P _ _ _
1 R _ _ _ 

  abcdefgh
8  _rb k _
7 _ _ _p_ 
6 N_ _ _ _
5 _P_ _ pP
4  _ _P_ _
3 _ PK_ _b
2  P _ _ _
1 R _ _ _ 

  abcdefgh
8  _rb k _
7 _ _ _p_ 
6 N_ _ _ _
5 _P_ _ pP
4  _P_P_ _
3 _ _K_ _b
2  P _ _ _
1 R _ _ _ 

  abcdefgh
8  _r_ k _
7 _ _ _p_ 
6 Nb _ _ _
5 _P_ _ pP
4  _P_P_ _
3 _ _K_ _b
2  P _ _ _
1 R _ _ _ 

  abcdefgh
8  _r_ k _
7 _ _ _p_ 
6  b _ _ _
5 _P_ _ pP
4  NP_P_ _
3 _ _K_ _b
2  P _ _ _
1 R _ _ _ 

  abcdefgh
8  _r_ k _
7 _ _ _ _ 
6  b _ _ _
5 _P_ _ppP
4  NP_P_ _
3 _ _K_ _b
2  P _ _ _
1 R _ _ _ 

  abcdefgh
8  _r_ k _
7 _ _ _ _ 
6  b _ _ _
5 _P_ PppP
4  NP_ _ _
3 _ _K_ _b
2  P _ _ _
1 R _ _ _ 

  abcdefgh
8  _r_ k _
7 _ _ _ _ 
6  b _ _ _
5 _P_ PppP
4  NP_ _ _
3 _ _K_ _ 
2  P _ _b_
1 R _ _ _ 

  abcdefgh
8  _r_ k _
7 _ _ _ _ 
6 Rb _ _ _
5 _P_ PppP
4  NP_ _ _
3 _ _K_ _ 
2  P _ _b_
1 _ _ _ _ 

  abcdefgh
8  _r_ k _
7 _ _ _ _ 
6 Rb _ _ _
5 _P_ PppP
4  NP_b_ _
3 _ _K_ _ 
2  P _ _ _
1 _ _ _ _ 

  abcdefgh
8  _r_ k _
7 _ _ _ _ 
6 Rb _ _ _
5 _P_ PppP
4  NP_b_ _
3 _ _ _ _ 
2  P K _ _
1 _ _ _ _ 

  abcdefgh
8  _r_ k _
7 _ _ _ _ 
6 R_ _ _ _
5 _P_ PppP
4  NPbb_ _
3 _ _ _ _ 
2  P K _ _
1 _ _ _ _ 

  abcdefgh
8  _r_ k _
7 _ _ _ _ 
6 R_ _P_ _
5 _P_ _ppP
4  NPbb_ _
3 _ _ _ _ 
2  P K _ _
1 _ _ _ _ 

  abcdefgh
8  _r_ k _
7 _ _ _ _ 
6 R_ _P_ _
5 _P_ _ pP
4  NPbbp _
3 _ _ _ _ 
2  P K _ _
1 _ _ _ _ 

  abcdefgh
8  _r_ k _
7 _ _ _ _ 
6 R_N_P_ _
5 _P_ _ pP
4  _Pbbp _
3 _ _ _ _ 
2  P K _ _
1 _ _ _ _ 

  abcdefgh
8  _r_ k _
7 _ _ _ _ 
6 R_N_P_ _
5 _P_ _ pP
4  _P_bp _
3 _ _ _ _ 
2  b K _ _
1 _ _ _ _ 

  abcdefgh
8  _r_ k _
7 _ _ _ _ 
6  _N_P_ _
5 _P_ _ pP
4  _P_bp _
3 _ _ _ _ 
2 Rb K _ _
1 _ _ _ _ 

  abcdefgh
8  _r_ k _
7 _ _ _ _ 
6  _b_P_ _
5 _P_ _ pP
4  _P_ p _
3 _ _ _ _ 
2 Rb K _ _
1 _ _ _ _ 

  abcdefgh
8  _r_ k _
7 _ _ _ _ 
6  _b_P_ _
5 _P_ _ pP
4  _P_ p _
3 _ _ _ _ 
2  R K _ _
1 _ _ _ _ 

  abcdefgh
8  _r_ k _
7 _ _ _ _ 
6  _ _P_ _
5 _P_ _ pP
4  _P_ p _
3 _ _ _b_ 
2  R K _ _
1 _ _ _ _ 

  abcdefgh
8  _r_ k _
7 _ _ _ _ 
6  _ _P_ P
5 _P_ _ p 
4  _P_ p _
3 _ _ _b_ 
2  R K _ _
1 _ _ _ _ 

  abcdefgh
8  _r_ k _
7 _ _ _ _ 
6  _ _P_ P
5 _P_ _ _ 
4  _P_ pp_
3 _ _ _b_ 
2  R K _ _
1 _ _ _ _ 

  abcdefgh
8  _r_ k _
7 _ _ _ _ 
6  P _P_ P
5 _ _ _ _ 
4  _P_ pp_
3 _ _ _b_ 
2  R K _ _
1 _ _ _ _ 

  abcdefgh
8  _r_ k _
7 _ _ _ _ 
6  P _P_ P
5 _ _ _ _ 
4  _P_ p _
3 _ _ _bp 
2  R K _ _
1 _ _ _ _ 

  abcdefgh
8  _r_ k _
7 _ _ _ _ 
6  P _P_ P
5 _ _ _ _ 
4  _P_ p _
3 _ _ _bp 
2  R _ _ _
1 _ _ K _ 

  abcdefgh
8  _ r k _
7 _ _ _ _ 
6  P _P_ P
5 _ _ _ _ 
4  _P_ p _
3 _ _ _bp 
2  R _ _ _
1 _ _ K _ 

  abcdefgh
8  _ r k _
7 _ _ _ _ 
6  P _P_ P
5 _ _ _ _ 
4  _P_ p _
3 _ _ _bp 
2  _ R _ _
1 _ _ K _ 

  abcdefgh
8  _ _rk _
7 _ _ _ _ 
6  P _P_ P
5 _ _ _ _ 
4  _P_ p _
3 _ _ _bp 
2  _ R _ _
1 _ _ K _ 

  abcdefgh
8  _ _rk _
7 _ _ _ _ 
6  P RP_ P
5 _ _ _ _ 
4  _P_ p _
3 _ _ _bp 
2  _ _ _ _
1 _ _ K _ 

  abcdefgh
8  _ _r_k_
7 _ _ _ _ 
6  P RP_ P
5 _ _ _ _ 
4  _P_ p _
3 _ _ _bp 
2  _ _ _ _
1 _ _ K _ 

  abcdefgh
8  _ _r_k_
7 _ _ _ _ 
6  P RP_ P
5 _ P _ _ 
4  _ _ p _
3 _ _ _bp 
2  _ _ _ _
1 _ _ K _ 

  abcdefgh
8  _ _r_k_
7 _ _ _ _ 
6  P RP_ P
5 _ P _ _ 
4  _ _bp _
3 _ _ _ p 
2  _ _ _ _
1 _ _ K _ 

  abcdefgh
8  _ _r_k_
7 _ _ _ _ 
6  P RP_ P
5 _ P _ _ 
4  _ _bp _
3 _ _ _ p 
2  _ _ _ _
1 _ _ _K_ 

  abcdefgh
8 r_ _ _k_
7 _ _ _ _ 
6  P RP_ P
5 _ P _ _ 
4  _ _bp _
3 _ _ _ p 
2  _ _ _ _
1 _ _ _K_ 

  abcdefgh
8 r_ _ _k_
7 _ _ _ _ 
6  P _P_ P
5 _ P _ _ 
4  _ _bp _
3 _ _ _ p 
2  _ _ _ _
1 _ _R_K_ 

  abcdefgh
8 r_ _ _k_
7 _ _ _ _ 
6  P _P_ P
5 _ P _ _ 
4  _ _b_ _
3 _ _ _pp 
2  _ _ _ _
1 _ _R_K_ 

  abcdefgh
8 r_ _ _k_
7 _ _ _ _P
6  P _P_ _
5 _ P _ _ 
4  _ _b_ _
3 _ _ _pp 
2  _ _ _ _
1 _ _R_K_ 

  abcdefgh
8 r_ _ _ _
7 _ _ _ _k
6  P _P_ _
5 _ P _ _ 
4  _ _b_ _
3 _ _ _pp 
2  _ _ _ _
1 _ _R_K_ 

  abcdefgh
8 r_ _ _ _
7 _ _ _ _k
6  P _P_ _
5 _ P _ _ 
4  _ _b_ _
3 _ _ _pp 
2  _ _ _ _
1 _ _R_ K 

  abcdefgh
8 r_ _ _ _
7 _ _ _ _k
6  Pb_P_ _
5 _ P _ _ 
4  _ _ _ _
3 _ _ _pp 
2  _ _ _ _
1 _ _R_ K 

  abcdefgh
8 r_ _ _ _
7 _P_ _ _k
6  _b_P_ _
5 _ P _ _ 
4  _ _ _ _
3 _ _ _pp 
2  _ _ _ _
1 _ _R_ K 

  abcdefgh
8 r_ _ _ _
7 _P_ _ _k
6  _b_P_ _
5 _ P _ _ 
4  _ _ _ _
3 _ _ _ p 
2  _ _ p _
1 _ _R_ K 

  abcdefgh
8 r_ _ _ _
7 _P_ _ _k
6  _b_P_ _
5 _ P _ _ 
4  _ _ _ _
3 _ _ _ p 
2  _ _ p _
1 _ _R_K_ 

  abcdefgh
8  _ _ _ _
7 _P_ _ _k
6  _b_P_ _
5 _ P _ _ 
4  _ _ _ _
3 _ _ _ p 
2 r_ _ p _
1 _ _R_K_ 

  abcdefgh
8  _ _ _ _
7 _P_R_ _k
6  _b_P_ _
5 _ P _ _ 
4  _ _ _ _
3 _ _ _ p 
2 r_ _ p _
1 _ _ _K_ 

  abcdefgh
8  _ _ _ _
7 _P_R_ _ 
6  _b_P_k_
5 _ P _ _ 
4  _ _ _ _
3 _ _ _ p 
2 r_ _ p _
1 _ _ _K_ 

  abcdefgh
8  _ _ _ _
7 _P_ _ R 
6  _b_P_k_
5 _ P _ _ 
4  _ _ _ _
3 _ _ _ p 
2 r_ _ p _
1 _ _ _K_ 

  abcdefgh
8  _ _ _ _
7 _P_ _ k 
6  _b_P_ _
5 _ P _ _ 
4  _ _ _ _
3 _ _ _ p 
2 r_ _ p _
1 _ _ _K_ 

  abcdefgh
8  _ _ _ _
7 _P_ P k 
6  _b_ _ _
5 _ P _ _ 
4  _ _ _ _
3 _ _ _ p 
2 r_ _ p _
1 _ _ _K_ 

  abcdefgh
8  _ _ _ _
7 _P_ P k 
6  _b_ _ _
5 _ P _ _ 
4  _ _ _ _
3 _ _ _ _ 
2 r_ _ pp_
1 _ _ _K_ 

  abcdefgh
CTRL-D detected
