8 rnbqkbnr
7 pppppppp
6  _ _ _ _
5 _ _ _ _ 
4  _ _ _ _
3 _ _ _N_ 
2 PPPPPPPP
1 RNBQKB_R

  abcdefgh
8 rnbqkbnr
7 ppp pppp
6  _ _ _ _
5 _ _p_ _ 
4  _ _ _ _
3 _ _ _N_ 
2 PPPPPPPP
1 RNBQKB_R

  abcdefgh
8 rnbqkbnr
7 ppp pppp
6  _ _ _ _
5 _ _p_ _ 
4  _ P _ _
3 _ _ _N_ 
2 PPP_PPPP
1 RNBQKB_R

  abcdefgh
8 rnbqkb r
7 ppp pppp
6  _ _ n _
5 _ _p_ _ 
4  _ P _ _
3 _ _ _N_ 
2 PPP_PPPP
1 RNBQKB_R

  abcdefgh
8 rnbqkb r
7 ppp pppp
6  _ _ n _
5 _ _p_ _ 
4  _ P B _
3 _ _ _N_ 
2 PPP_PPPP
1 RN_QKB_R

  abcdefgh
8 rnbqkb r
7 pp_ pppp
6  _ _ n _
5 _ pp_ _ 
4  _ P B _
3 _ _ _N_ 
2 PPP_PPPP
1 RN_QKB_R

  abcdefgh
8 rnbqkb r
7 pp_ pppp
6  _ _ n _
5 _ pp_ _ 
4  _ P B _
3 _ _ PN_ 
2 PPP_ PPP
1 RN_QKB_R

  abcdefgh
8 rnbqkb r
7 pp_ pppp
6  _ _ n _
5 _ _p_ _ 
4  _ p B _
3 _ _ PN_ 
2 PPP_ PPP
1 RN_QKB_R

  abcdefgh
8 rnbqkb r
7 pp_ pppp
6  _ _ n _
5 _ _p_ _ 
4  _ P B _
3 _ _ _N_ 
2 PPP_ PPP
1 RN_QKB_R

  abcdefgh
8 r_bqkb r
7 pp_ pppp
6  _n_ n _
5 _ _p_ _ 
4  _ P B _
3 _ _ _N_ 
2 PPP_ PPP
1 RN_QKB_R

  abcdefgh
8 r_bqkb r
7 pp_ pppp
6  _n_ n _
5 _ _p_ _ 
4  _ P B _
3 _ _B_N_ 
2 PPP_ PPP
1 RN_QK _R

  abcdefgh
8 r_ qkb r
7 pp_ pppp
6  _n_ n _
5 _ _p_ _ 
4  _ P Bb_
3 _ _B_N_ 
2 PPP_ PPP
1 RN_QK _R

  abcdefgh
8 r_ qkb r
7 pp_ pppp
6  _n_ n _
5 _ _p_ _ 
4  _ P Bb_
3 _ PB_N_ 
2 PP _ PPP
1 RN_QK _R

  abcdefgh
8 r_ qkb r
7 pp_ _ppp
6  _n_pn _
5 _ _p_ _ 
4  _ P Bb_
3 _ PB_N_ 
2 PP _ PPP
1 RN_QK _R

  abcdefgh
was here
8 r_ qkb r
7 pp_ _ppp
6  _n_pn _
5 _ _p_ _ 
4  _ P Bb_
3 _ PB_N_ 
2 PP _ PPP
1 RN_Q_RK 

  abcdefgh
8 r_ qkb r
7 pp_ _ppp
6  _n_p_ _
5 _ _p_ _n
4  _ P Bb_
3 _ PB_N_ 
2 PP _ PPP
1 RN_Q_RK 

  abcdefgh
8 r_ qkb r
7 pp_ _ppp
6  _n_p_ _
5 _ _p_ _n
4  _ P _b_
3 _ PB_N_ 
2 PP B PPP
1 RN_Q_RK 

  abcdefgh
8 r_ qkb r
7 pp_ _ppp
6  _n_pn _
5 _ _p_ _ 
4  _ P _b_
3 _ PB_N_ 
2 PP B PPP
1 RN_Q_RK 

  abcdefgh
8 r_ qkb r
7 pp_ _ppp
6  _n_pn _
5 _ _p_ _ 
4  _ P _b_
3 _ PB_N_P
2 PP B PP_
1 RN_Q_RK 

  abcdefgh
8 r_ qkb r
7 pp_ _ppp
6  _n_pn _
5 _ _p_ _b
4  _ P _ _
3 _ PB_N_P
2 PP B PP_
1 RN_Q_RK 

  abcdefgh
8 r_ qkb r
7 pp_ _ppp
6  _n_pn _
5 _ _p_ _b
4  _ P B _
3 _ PB_N_P
2 PP _ PP_
1 RN_Q_RK 

  abcdefgh
8 r_ qkb r
7 pp_ _ppp
6  _n_p_ _
5 _ _p_ _b
4  _ PnB _
3 _ PB_N_P
2 PP _ PP_
1 RN_Q_RK 

  abcdefgh
8 r_ qkb r
7 pp_ _ppp
6  _n_p_ _
5 _ _p_ _b
4  _ PnB _
3 _ PB_N_P
2 PP N PP_
1 R _Q_RK 

  abcdefgh
8 r_ qk_ r
7 pp_ _ppp
6  _nbp_ _
5 _ _p_ _b
4  _ PnB _
3 _ PB_N_P
2 PP N PP_
1 R _Q_RK 

  abcdefgh
8 r_ qk_ r
7 pp_ _ppp
6  _nBp_ _
5 _ _p_ _b
4  _ Pn_ _
3 _ PB_N_P
2 PP N PP_
1 R _Q_RK 

  abcdefgh
8 r_ qk_ r
7 pp_ _ppp
6  _nnp_ _
5 _ _p_ _b
4  _ P _ _
3 _ PB_N_P
2 PP N PP_
1 R _Q_RK 

  abcdefgh
8 r_ qk_ r
7 pp_ _ppp
6  _nnp_ _
5 _ _p_ _b
4  _ P _ _
3 _ PB_N_P
2 PP N PP_
1 R _QR K 

  abcdefgh
8 r_ qk_ r
7 _p_ _ppp
6 p_nnp_ _
5 _ _p_ _b
4  _ P _ _
3 _ PB_N_P
2 PP N PP_
1 R _QR K 

  abcdefgh
8 r_ qk_ r
7 _p_ _ppp
6 p_nnp_ _
5 _ _p_ _b
4  _ P _ _
3 _QPB_N_P
2 PP N PP_
1 R _ R K 

  abcdefgh
was here
8 r_ q rk_
7 _p_ _ppp
6 p_nnp_ _
5 _ _p_ _b
4  _ P _ _
3 _QPB_N_P
2 PP N PP_
1 R _ R K 

  abcdefgh
8 r_ q rk_
7 _p_ _ppp
6 p_nnp_ _
5 _ _pN _b
4  _ P _ _
3 _QPB_ _P
2 PP N PP_
1 R _ R K 

  abcdefgh
8  _rq rk_
7 _p_ _ppp
6 p_nnp_ _
5 _ _pN _b
4  _ P _ _
3 _QPB_ _P
2 PP N PP_
1 R _ R K 

  abcdefgh
8  _rq rk_
7 _p_ _ppp
6 p_nnp_ _
5 _ _pN _b
4  _ P _ _
3 _ PB_ _P
2 PPQN PP_
1 R _ R K 

  abcdefgh
8  _rq rk_
7 _p_ _ppp
6 p_ np_ _
5 _ _pN _b
4  _ n _ _
3 _ PB_ _P
2 PPQN PP_
1 R _ R K 

  abcdefgh
8  _rq rk_
7 _p_ _ppp
6 p_ np_ _
5 _ _pN _b
4  _ n _ _
3 _ PB_ _P
2 PP N PP_
1 RQ_ R K 

  abcdefgh
8  _rq rk_
7 _p_ _ppp
6 p_ np_ _
5 _ _pNn_b
4  _ _ _ _
3 _ PB_ _P
2 PP N PP_
1 RQ_ R K 

  abcdefgh
8  _rq rk_
7 _p_ _ppp
6 p_ np_ _
5 _ _pNn_b
4  _ _ _P_
3 _ PB_ _P
2 PP N P _
1 RQ_ R K 

  abcdefgh
8  _rq rk_
7 _p_ _ppp
6 p_ np_ _
5 _ _pN _b
4  _ _ _Pn
3 _ PB_ _P
2 PP N P _
1 RQ_ R K 

  abcdefgh
8  _rq rk_
7 _p_ _ppB
6 p_ np_ _
5 _ _pN _b
4  _ _ _Pn
3 _ P _ _P
2 PP N P _
1 RQ_ R K 

  abcdefgh
8  _rq r k
7 _p_ _ppB
6 p_ np_ _
5 _ _pN _b
4  _ _ _Pn
3 _ P _ _P
2 PP N P _
1 RQ_ R K 

  abcdefgh
8  _rq r k
7 _p_ _pp 
6 p_ np_ _
5 _ _pN _b
4  _ _ _Pn
3 _ PB_ _P
2 PP N P _
1 RQ_ R K 

  abcdefgh
8  _rq r k
7 _p_ _ p 
6 p_ np_ _
5 _ _pNp_b
4  _ _ _Pn
3 _ PB_ _P
2 PP N P _
1 RQ_ R K 

  abcdefgh
8  _rq r k
7 _p_ _ p 
6 p_ np_ _
5 _ _pNp_b
4  _ _ _Pn
3 _ PBR _P
2 PP N P _
1 RQ_ _ K 

  abcdefgh
8  _rq r k
7 _p_ _ p 
6 p_ np_ _
5 _ _pN _b
4  _ _ _pn
3 _ PBR _P
2 PP N P _
1 RQ_ _ K 

  abcdefgh
8  _rq r k
7 _p_ _ p 
6 p_ np_ _
5 _ _pN _b
4  _ _ _Pn
3 _ PBR _ 
2 PP N P _
1 RQ_ _ K 

  abcdefgh
8  _r_ r k
7 _p_ _ p 
6 p_ np_ _
5 _ _pN qb
4  _ _ _Pn
3 _ PBR _ 
2 PP N P _
1 RQ_ _ K 

  abcdefgh
8  _r_ r k
7 _p_ _ p 
6 p_ np_ _
5 _ _pN qb
4  _ _ _Pn
3 _ PBR _ 
2 PP N P _
1 R _ Q K 

  abcdefgh
8  _r_ _ k
7 _p_ _ p 
6 p_ np_ _
5 _ _pN qb
4  _ _ rPn
3 _ PBR _ 
2 PP N P _
1 R _ Q K 

  abcdefgh
8  _r_ _ k
7 _p_ _ p 
6 p_ np_ _
5 _ _pN qb
4  _ _ rPn
3 _ P R _ 
2 PP NBP _
1 R _ Q K 

  abcdefgh
8  _ _ r k
7 _p_ _ p 
6 p_ np_ _
5 _ _pN qb
4  _ _ rPn
3 _ P R _ 
2 PP NBP _
1 R _ Q K 

  abcdefgh
8  _ _ r k
7 _p_ _ p 
6 p_ np_ _
5 _ _pN qb
4  _ _ rPn
3 _ P _ _R
2 PP NBP _
1 R _ Q K 

  abcdefgh
8  _ _ rk_
7 _p_ _ p 
6 p_ np_ _
5 _ _pN qb
4  _ _ rPn
3 _ P _ _R
2 PP NBP _
1 R _ Q K 

  abcdefgh
8  _ _ rk_
7 _p_ _ p 
6 p_ np_ _
5 _ _p_ qb
4  _ _ rPn
3 _ PN_ _R
2 PP NBP _
1 R _ Q K 

  abcdefgh
8  _ _ rk_
7 _p_ _ p 
6 p_ np_ _
5 _ _p_ q 
4  _ _ rbn
3 _ PN_ _R
2 PP NBP _
1 R _ Q K 

  abcdefgh
8  _ _ rk_
7 _p_ _ p 
6 p_ np_ _
5 _ _p_ q 
4  _ _ rbn
3 _ PN_ R 
2 PP NBP _
1 R _ Q K 

  abcdefgh
8  _ _ rk_
7 _p_ _ p 
6 p_ _p_ _
5 _ _p_ q 
4  _ _nrbn
3 _ PN_ R 
2 PP NBP _
1 R _ Q K 

  abcdefgh
8  _ _ rk_
7 _p_ _ p 
6 p_ _p_ _
5 _ _p_ q 
4  _ _Nrbn
3 _ PN_ R 
2 PP _BP _
1 R _ Q K 

  abcdefgh
8  _ _ rk_
7 _p_ _ p 
6 p_ _p_ _
5 _ _p_ q 
4  _ _r_bn
3 _ PN_ R 
2 PP _BP _
1 R _ Q K 

  abcdefgh
8  _ _ rk_
7 _p_ _ p 
6 p_ _p_ _
5 _ _p_ q 
4  _ _rPbn
3 _ PN_ R 
2 PP _B_ _
1 R _ Q K 

  abcdefgh
8  _ _ _k_
7 _p_ _ p 
6 p_ _p_ _
5 _ _p_ q 
4  _ _rrbn
3 _ PN_ R 
2 PP _B_ _
1 R _ Q K 

  abcdefgh
8  _ _ _k_
7 _p_ _ p 
6 p_ _p_ _
5 _ _p_ q 
4  _ _rNbn
3 _ P _ R 
2 PP _B_ _
1 R _ Q K 

  abcdefgh
8  _ _ _k_
7 _p_ _ p 
6 p_ _p_ _
5 _ _p_ q 
4  _ _rNb_
3 _ P _nR 
2 PP _B_ _
1 R _ Q K 

  abcdefgh
8  _ _ _k_
7 _p_ _ p 
6 p_ _p_ _
5 _ _p_ q 
4  _ _rNb_
3 _ P _BR 
2 PP _ _ _
1 R _ Q K 

  abcdefgh
8  _ _ _k_
7 _p_ _ p 
6 p_ _p_ _
5 _ _p_ q 
4  _ _ Nb_
3 _ P _BR 
2 PP _ _ _
1 R _ r K 

  abcdefgh
8  _ _ _k_
7 _p_ _ p 
6 p_ _p_ _
5 _ _p_ q 
4  _ _ Nb_
3 _ P _BR 
2 PP _ _ _
1 _ _ R K 

  abcdefgh
8  _ _ _k_
7 _p_ _ p 
6 p_ _p_ _
5 _ _p_ _ 
4  _ _ qb_
3 _ P _BR 
2 PP _ _ _
1 _ _ R K 

  abcdefgh
8  _ _ _k_
7 _p_ _ p 
6 p_ _p_ _
5 _ _p_ _ 
4  _ _ qR_
3 _ P _B_ 
2 PP _ _ _
1 _ _ R K 

  abcdefgh
8  _ _ _k_
7 _p_ _ p 
6 p_ _p_ _
5 _ _p_ _ 
4  _ _ _R_
3 _ P _q_ 
2 PP _ _ _
1 _ _ R K 

  abcdefgh
8  _ _ _k_
7 _p_ _ p 
6 p_ _p_ _
5 _ _p_ _ 
4  _ _ _ _
3 _ P _q_ 
2 PP _ _R_
1 _ _ R K 

  abcdefgh
8  _ _ _k_
7 _p_ _ p 
6 p_ _p_ _
5 _ _p_ _ 
4  _ _ _ _
3 _ P _ _q
2 PP _ _R_
1 _ _ R K 

  abcdefgh
8  _ _ _k_
7 _p_ _ p 
6 p_ _p_ _
5 _ _p_ _ 
4  _ _ _ _
3 _ P _ _q
2 PP _R_R_
1 _ _ _ K 

  abcdefgh
8  _ _ _k_
7 _p_ _ p 
6  _ _p_ _
5 p _p_ _ 
4  _ _ _ _
3 _ P _ _q
2 PP _R_R_
1 _ _ _ K 

  abcdefgh
8  _ _ _k_
7 _p_ _ p 
6  _ _p_ _
5 p _p_ _ 
4 P_ _ _ _
3 _ P _ _q
2  P _R_R_
1 _ _ _ K 

  abcdefgh
8  _ _ _k_
7 _p_ _ p 
6  _ _p_ q
5 p _p_ _ 
4 P_ _ _ _
3 _ P _ _ 
2  P _R_R_
1 _ _ _ K 

  abcdefgh
8  _ _ _k_
7 _p_ _ p 
6  _ _p_ q
5 p _p_ _ 
4 P_ _ _ _
3 _ P _ R 
2  P _R_ _
1 _ _ _ K 

  abcdefgh
8  _ _ _k_
7 _ _ _ p 
6  p _p_ q
5 p _p_ _ 
4 P_ _ _ _
3 _ P _ R 
2  P _R_ _
1 _ _ _ K 

  abcdefgh
8  _ _ _k_
7 _ _ _ p 
6  p _p_ q
5 p _p_ _ 
4 P_ _ _ _
3 _ P _ R 
2  P _R_K_
1 _ _ _ _ 

  abcdefgh
8  _ _ _ _
7 _ _ _kp 
6  p _p_ q
5 p _p_ _ 
4 P_ _ _ _
3 _ P _ R 
2  P _R_K_
1 _ _ _ _ 

  abcdefgh
8  _ _ _ _
7 _ _ _kp 
6  p _p_ q
5 p _p_ _ 
4 P_ _ _ _
3 _ P _ _R
2  P _R_K_
1 _ _ _ _ 

  abcdefgh
8  _ _ _ _
7 _ _ _kp 
6  p _p_ _
5 p _p_ q 
4 P_ _ _ _
3 _ P _ _R
2  P _R_K_
1 _ _ _ _ 

  abcdefgh
8  _ _ _ _
7 _ _ _kp 
6  p _p_ _
5 p _p_ q 
4 P_ _ _ _
3 _ P _ R 
2  P _R_K_
1 _ _ _ _ 

  abcdefgh
8  _ _ _ _
7 _ _ _kp 
6  p _p_ q
5 p _p_ _ 
4 P_ _ _ _
3 _ P _ R 
2  P _R_K_
1 _ _ _ _ 

  abcdefgh
8  _ _ _ _
7 _ _ _kp 
6  p _p_ q
5 p _p_ _ 
4 P_ _ _ _
3 _ P _KR 
2  P _R_ _
1 _ _ _ _ 

  abcdefgh
8  _ _ _ _
7 _ _ _k_ 
6  p _p_pq
5 p _p_ _ 
4 P_ _ _ _
3 _ P _KR 
2  P _R_ _
1 _ _ _ _ 

  abcdefgh
8  _ _ _ _
7 _ _ _k_ 
6  p _p_pq
5 p _p_ _ 
4 P_ _ _ _
3 _ P _KR 
2  P _ R _
1 _ _ _ _ 

  abcdefgh
8  _ _ _ _
7 _ _ _k_ 
6  p _p_p_
5 p _p_ _ 
4 P_ _ _ _
3 _ P _KR 
2  P _ R _
1 _ _ _ _q

  abcdefgh
8  _ _ _ _
7 _ _ _k_ 
6  p _p_p_
5 p _p_ _ 
4 P_ _ _ _
3 _ P _KR 
2  P _ _R_
1 _ _ _ _q

  abcdefgh
8  _ _ _ _
7 _ _ _k_ 
6  p _ _p_
5 p _pp _ 
4 P_ _ _ _
3 _ P _KR 
2  P _ _R_
1 _ _ _ _q

  abcdefgh
8  _ _ _ _
7 _ _ _k_ 
6  p _ _p_
5 p _pp R 
4 P_ _ _ _
3 _ P _K_ 
2  P _ _R_
1 _ _ _ _q

  abcdefgh
8  _ _ _ _
7 _ _ _k_ 
6  p _ _p_
5 p _pp R 
4 P_ _ _ _
3 _ P _K_ 
2  P _ _R_
1 _ _ q _ 

  abcdefgh
8  _ _ _ _
7 _ _ _k_ 
6  p _ _p_
5 p _pp R 
4 P_ _ _R_
3 _ P _K_ 
2  P _ _ _
1 _ _ q _ 

  abcdefgh
8  _ _ _ _
7 _ _ _k_ 
6  p _ _p_
5 p _pp R 
4 P_ _ _R_
3 _ P _K_ 
2  P _ _ _
1 _ _q_ _ 

  abcdefgh
8  _ _ _ _
7 _ _ _k_ 
6  p _ _p_
5 p _pp R 
4 P_ _ _R_
3 _ P _ K 
2  P _ _ _
1 _ _q_ _ 

  abcdefgh
8  _ _ _ _
7 _ _ _k_ 
6  p _ _p_
5 p _pp R 
4 P_ _ _R_
3 _ P _ K 
2  P _q_ _
1 _ _ _ _ 

  abcdefgh
8  _ _ _ _
7 _ _ _k_ 
6  p _ _p_
5 p _pp R 
4 P_ _ _R_
3 _ P _ _K
2  P _q_ _
1 _ _ _ _ 

  abcdefgh
8  _ _ _ _
7 _ _ _k_ 
6  p _ _p_
5 p _pp R 
4 P_ _ _R_
3 _ P _ _K
2  q _ _ _
1 _ _ _ _ 

  abcdefgh
8  _ _ _ _
7 _ _ _k_ 
6  p _ _R_
5 p _pp _ 
4 P_ _ _R_
3 _ P _ _K
2  q _ _ _
1 _ _ _ _ 

  abcdefgh
8  _ _ _ _
7 _ _ _k_ 
6  p _ _R_
5 p _pp _ 
4 P_ _ _R_
3 _ q _ _K
2  _ _ _ _
1 _ _ _ _ 

  abcdefgh
8  _ _ _ _
7 _ _ _k_ 
6  p _ _R_
5 p _pp _ 
4 P_ _ _RK
3 _ q _ _ 
2  _ _ _ _
1 _ _ _ _ 

  abcdefgh
8  _ _ _ _
7 _ _ _k_ 
6  p _ _R_
5 p _pp _ 
4 P_ _ _RK
3 _ _ _ _ 
2  _q_ _ _
1 _ _ _ _ 

  abcdefgh
8  _ _ _ _
7 _ _ _k_ 
6  p _ _R_
5 p _pp _K
4 P_ _ _R_
3 _ _ _ _ 
2  _q_ _ _
1 _ _ _ _ 

  abcdefgh
8  _ _ _ _
7 _ _ _k_ 
6  p _ _R_
5 p _ppq_K
4 P_ _ _R_
3 _ _ _ _ 
2  _ _ _ _
1 _ _ _ _ 

  abcdefgh
8  _ _ _ _
7 _ _ _k_ 
6  p _ _RK
5 p _ppq_ 
4 P_ _ _R_
3 _ _ _ _ 
2  _ _ _ _
1 _ _ _ _ 

  abcdefgh
8  _ _ _ _
7 _ _ _k_ 
6  p _ _RK
5 p _ pq_ 
4 P_ p _R_
3 _ _ _ _ 
2  _ _ _ _
1 _ _ _ _ 

  abcdefgh
8  _ _ _ _
7 _ _ _k_ 
6  p _ _ K
5 p _ pqR 
4 P_ p _R_
3 _ _ _ _ 
2  _ _ _ _
1 _ _ _ _ 

  abcdefgh
8  _ _ _ _
7 _ _ _k_ 
6  p _ _ K
5 p _ p R 
4 P_ p _R_
3 _ _ _q_ 
2  _ _ _ _
1 _ _ _ _ 

  abcdefgh
8  _ _ _ _
7 _ _ _kR 
6  p _ _ K
5 p _ p _ 
4 P_ p _R_
3 _ _ _q_ 
2  _ _ _ _
1 _ _ _ _ 

  abcdefgh
8  _ _ _ _
7 _ _ _ R 
6  p _k_ K
5 p _ p _ 
4 P_ p _R_
3 _ _ _q_ 
2  _ _ _ _
1 _ _ _ _ 

  abcdefgh
8  _ _ _ _
7 _ _ _ R 
6  p _k_RK
5 p _ p _ 
4 P_ p _ _
3 _ _ _q_ 
2  _ _ _ _
1 _ _ _ _ 

  abcdefgh
8  _ _ _ _
7 _ _ _ R 
6  p _ _RK
5 p _kp _ 
4 P_ p _ _
3 _ _ _q_ 
2  _ _ _ _
1 _ _ _ _ 

  abcdefgh
8  _ _ _ _
7 _ _R_ _ 
6  p _ _RK
5 p _kp _ 
4 P_ p _ _
3 _ _ _q_ 
2  _ _ _ _
1 _ _ _ _ 

  abcdefgh
8  _ _ _ _
7 _ _R_ _ 
6  p _ _RK
5 p _ p _ 
4 P_kp _ _
3 _ _ _q_ 
2  _ _ _ _
1 _ _ _ _ 

  abcdefgh
8  _ _ _ _
7 _ _R_ _ 
6  p R _ K
5 p _ p _ 
4 P_kp _ _
3 _ _ _q_ 
2  _ _ _ _
1 _ _ _ _ 

  abcdefgh
8  _ _ _ _
7 _ _R_ _ 
6  p R _ K
5 p _ p _ 
4 P_kp _ _
3 _ _ _ _ 
2  _ _ q _
1 _ _ _ _ 

  abcdefgh
8  _ _ _ _
7 _ _R_ _ 
6  p R _ _
5 p _ p _K
4 P_kp _ _
3 _ _ _ _ 
2  _ _ q _
1 _ _ _ _ 

  abcdefgh
8  _ _ _ _
7 _ _R_ _ 
6  p R _ _
5 p _ p _K
4 P_ p _ _
3 _ _k_ _ 
2  _ _ q _
1 _ _ _ _ 

  abcdefgh
8  _ _ _ _
7 _ _R_ _ 
6  p R _ _
5 p _ p K 
4 P_ p _ _
3 _ _k_ _ 
2  _ _ q _
1 _ _ _ _ 

  abcdefgh
8  _ _ _ _
7 _ _R_ _ 
6  p R _ _
5 p _ _ K 
4 P_ pp_ _
3 _ _k_ _ 
2  _ _ q _
1 _ _ _ _ 

  abcdefgh
8  _ _ _ _
7 _ _R_ _ 
6  p R _ _
5 p _ _ _ 
4 P_ pp_K_
3 _ _k_ _ 
2  _ _ q _
1 _ _ _ _ 

  abcdefgh
8  _ _ _ _
7 _ _R_ _ 
6  p R _ _
5 p _ _ _ 
4 P_ pp_K_
3 _ _k_q_ 
2  _ _ _ _
1 _ _ _ _ 

  abcdefgh
8  _ _ _ _
7 _ _R_ _ 
6  p R _ _
5 p _ _ K 
4 P_ pp_ _
3 _ _k_q_ 
2  _ _ _ _
1 _ _ _ _ 

  abcdefgh
8  _ _ _ _
7 _ _R_ _ 
6  p R _ _
5 p _ _ K 
4 P_ pp_ _
3 _ _k_ _ 
2  _ _ q _
1 _ _ _ _ 

  abcdefgh
8  _ _ _ _
7 _ _R_ _ 
6  p R _K_
5 p _ _ _ 
4 P_ pp_ _
3 _ _k_ _ 
2  _ _ q _
1 _ _ _ _ 

  abcdefgh
8  _ _ _ _
7 _ _R_ _ 
6  p R _K_
5 p _ _ _ 
4 P_ pp_ _
3 _ _k_ _ 
2  q _ _ _
1 _ _ _ _ 

  abcdefgh
8  _ _ _ _
7 _ _R_ _ 
6  p _R_K_
5 p _ _ _ 
4 P_ pp_ _
3 _ _k_ _ 
2  q _ _ _
1 _ _ _ _ 

  abcdefgh
8  _ _ _ _
7 _ _R_ _ 
6  p _R_K_
5 p _ _ _ 
4 P_ p _ _
3 _ _kp _ 
2  q _ _ _
1 _ _ _ _ 

  abcdefgh
8  _ _ _ _
7 _ _ R _ 
6  p _R_K_
5 p _ _ _ 
4 P_ p _ _
3 _ _kp _ 
2  q _ _ _
1 _ _ _ _ 

  abcdefgh
8  _ _ _ _
7 _ _ R _ 
6  p _R_K_
5 p _ _ _ 
4 P_ p _ _
3 _ _kp _ 
2  _ _ _ q
1 _ _ _ _ 

  abcdefgh
8  _ _ _ _
7 _ _ R _ 
6  p _RK _
5 p _ _ _ 
4 P_ p _ _
3 _ _kp _ 
2  _ _ _ q
1 _ _ _ _ 

  abcdefgh
8  _ _ _ _
7 _ _ R _ 
6  p _RK _
5 p _ _ _ 
4 P_ p _ _
3 _ _k_ _ 
2  _ _p_ q
1 _ _ _ _ 

  abcdefgh
8  _ _ _ _
7 _ _ R _ 
6  p _ K _
5 p _ R _ 
4 P_ p _ _
3 _ _k_ _ 
2  _ _p_ q
1 _ _ _ _ 

  abcdefgh
8  _ _ _ _
7 _ _ R _ 
6  p _ K _
5 p _ R _ 
4 P_ p _ _
3 _ _k_ _ 
2  _ _pq _
1 _ _ _ _ 

  abcdefgh
8  _ _ _ _
7 _ _ R _ 
6  p _ _ _
5 p _ R K 
4 P_ p _ _
3 _ _k_ _ 
2  _ _pq _
1 _ _ _ _ 

  abcdefgh
8  _ _ _ _
7 _ _ R _ 
6  p _ _ _
5 p _ R K 
4 P_ p _ _
3 _ _ _ _ 
2  _ kpq _
1 _ _ _ _ 

  abcdefgh
8  _ _ _ _
7 _ _ R _ 
6  p _ _K_
5 p _ R _ 
4 P_ p _ _
3 _ _ _ _ 
2  _ kpq _
1 _ _ _ _ 

  abcdefgh
8  _ _ _ _
7 _ _ R _ 
6  p _ _K_
5 p _ R _ 
4 P_ _ _ _
3 _ _p_ _ 
2  _ kpq _
1 _ _ _ _ 

  abcdefgh
8  _ _ _ _
7 _ _ R K 
6  p _ _ _
5 p _ R _ 
4 P_ _ _ _
3 _ _p_ _ 
2  _ kpq _
1 _ _ _ _ 

  abcdefgh
8  _ _ _ _
7 _ _ R K 
6  p _ _ _
5 p _ R _ 
4 P_ _ _ _
3 _ _p_ _ 
2  _ k q _
1 _ _ r _ 

  abcdefgh
8  _ _ _ _
7 _ _ R K 
6  p _ _ _
5 p _ _ _ 
4 P_ _ _ _
3 _ _p_ _ 
2  _ k q _
1 _ _ R _ 

  abcdefgh
8  _ _ _ _
7 _ _ R K 
6  p _ _ _
5 p _ _ _ 
4 P_ _ _ _
3 _ _p_ _ 
2  _ k _ _
1 _ _ q _ 

  abcdefgh
8  _ _ _ _
7 _ _ _RK 
6  p _ _ _
5 p _ _ _ 
4 P_ _ _ _
3 _ _p_ _ 
2  _ k _ _
1 _ _ q _ 

  abcdefgh
8  _ _ _ _
7 _ _ _RK 
6  p _ _ _
5 p _ _ _ 
4 P_ _ _ q
3 _ _p_ _ 
2  _ k _ _
1 _ _ _ _ 

  abcdefgh
8  _ _ _ _
7 _ _ _ K 
6  p _ _ _
5 p _ _ _ 
4 P_ _ _ q
3 _ _p_ _ 
2  _ k R _
1 _ _ _ _ 

  abcdefgh
8  _ _ _ _
7 _ _ _ K 
6  p _ _ _
5 p _ _ _ 
4 P_ _ _ q
3 _ kp_ _ 
2  _ _ R _
1 _ _ _ _ 

  abcdefgh
8  _ _ R _
7 _ _ _ K 
6  p _ _ _
5 p _ _ _ 
4 P_ _ _ q
3 _ kp_ _ 
2  _ _ _ _
1 _ _ _ _ 

  abcdefgh
8  _ _ R _
7 _ _ _ K 
6  p _ _ _
5 p _ _ _ 
4 P_ _ _q_
3 _ kp_ _ 
2  _ _ _ _
1 _ _ _ _ 

  abcdefgh
8  _ _ R _
7 _ _ _ _K
6  p _ _ _
5 p _ _ _ 
4 P_ _ _q_
3 _ kp_ _ 
2  _ _ _ _
1 _ _ _ _ 

  abcdefgh
8  _ _ R _
7 _ _ _ _K
6  p _ _ _
5 p _ _ _ 
4 P_ _ _q_
3 _ k _ _ 
2  _ p _ _
1 _ _ _ _ 

  abcdefgh
8  _ _R_ _
7 _ _ _ _K
6  p _ _ _
5 p _ _ _ 
4 P_ _ _q_
3 _ k _ _ 
2  _ p _ _
1 _ _ _ _ 

  abcdefgh
8  _ _R_ _
7 _ _ _ _K
6  p _ _ _
5 p _ _ _ 
4 P_ _ _q_
3 _ k _ _ 
2  _ _ _ _
1 _ _q_ _ 

  abcdefgh
8  _ _ _ _
7 _ _ _ _K
6  p _ _ _
5 p _ _ _ 
4 P_ _ _q_
3 _ k R _ 
2  _ _ _ _
1 _ _q_ _ 

  abcdefgh
8  _ _ _ _
7 _ _ _ _K
6  p _ _ _
5 p _ _ _ 
4 P_ _ _q_
3 _ _ R _ 
2  _ k _ _
1 _ _q_ _ 

  abcdefgh
8  _ _ _ _
7 _ _ _ _K
6  p _ _ _
5 p _ _ _ 
4 P_ _ _q_
3 _ _ _ _R
2  _ k _ _
1 _ _q_ _ 

  abcdefgh
8  _ _ _ _
7 _ _ _ _K
6  p _ _ _
5 p _ _ _ 
4 P_ _ _q_
3 _ _ _ _R
2  _ k _ _
1 _ _ _ q 

  abcdefgh
8  _ _ _ _
7 _ _ _ _K
6  p _ _ _
5 p _ _ _ 
4 P_ _ _q_
3 _ _R_ _ 
2  _ k _ _
1 _ _ _ q 

  abcdefgh
8  _ _ _ _
7 _ _ _ _K
6  p _ _ _
5 p _ _ _ 
4 P_ _ _q_
3 _ _k_ _ 
2  _ _ _ _
1 _ _ _ q 

  abcdefgh
8  _ _ _ K
7 _ _ _ _ 
6  p _ _ _
5 p _ _ _ 
4 P_ _ _q_
3 _ _k_ _ 
2  _ _ _ _
1 _ _ _ q 

  abcdefgh
8  _ _ _ K
7 _ _ _ _ 
6  p _ _ _
5 p _ _ _ 
4 P_ _ _q_
3 _ _k_ _ 
2  _ _ _ _
1 _ _ _ _q

  abcdefgh
CTRL-D detected
