8 rnbqkbnr
7 pppppppp
6  _ _ _ _
5 _ _ _ _ 
4  _ _P_ _
3 _ _ _ _ 
2 PPPP PPP
1 RNBQKBNR

  abcdefgh
8 rnbqkbnr
7 pppp_ppp
6  _ _p_ _
5 _ _ _ _ 
4  _ _P_ _
3 _ _ _ _ 
2 PPPP PPP
1 RNBQKBNR

  abcdefgh
8 rnbqkbnr
7 pppp_ppp
6  _ _p_ _
5 _ _ _ _ 
4  _ PP_ _
3 _ _ _ _ 
2 PPP_ PPP
1 RNBQKBNR

  abcdefgh
8 rnbqkbnr
7 ppp _ppp
6  _ _p_ _
5 _ _p_ _ 
4  _ PP_ _
3 _ _ _ _ 
2 PPP_ PPP
1 RNBQKBNR

  abcdefgh
8 rnbqkbnr
7 ppp _ppp
6  _ _p_ _
5 _ _pP _ 
4  _ P _ _
3 _ _ _ _ 
2 PPP_ PPP
1 RNBQKBNR

  abcdefgh
8 rnbqkbnr
7 pp_ _ppp
6  _ _p_ _
5 _ ppP _ 
4  _ P _ _
3 _ _ _ _ 
2 PPP_ PPP
1 RNBQKBNR

  abcdefgh
8 rnbqkbnr
7 pp_ _ppp
6  _ _p_ _
5 _ ppP _ 
4  _ P _ _
3 _ _ _N_ 
2 PPP_ PPP
1 RNBQKB_R

  abcdefgh
8 r_bqkbnr
7 pp_ _ppp
6  _n_p_ _
5 _ ppP _ 
4  _ P _ _
3 _ _ _N_ 
2 PPP_ PPP
1 RNBQKB_R

  abcdefgh
8 r_bqkbnr
7 pp_ _ppp
6  _n_p_ _
5 _ ppP _ 
4  _ P _ _
3 _ P _N_ 
2 PP _ PPP
1 RNBQKB_R

  abcdefgh
8 r_ qkbnr
7 pp_b_ppp
6  _n_p_ _
5 _ ppP _ 
4  _ P _ _
3 _ P _N_ 
2 PP _ PPP
1 RNBQKB_R

  abcdefgh
8 r_ qkbnr
7 pp_b_ppp
6  _n_p_ _
5 _ ppP _ 
4  _ P _ _
3 _ P _N_ 
2 PP _BPPP
1 RNBQK _R

  abcdefgh
8 r_ qkbnr
7 pp_b_pp 
6  _n_p_ p
5 _ ppP _ 
4  _ P _ _
3 _ P _N_ 
2 PP _BPPP
1 RNBQK _R

  abcdefgh
was here
8 r_ qkbnr
7 pp_b_pp 
6  _n_p_ p
5 _ ppP _ 
4  _ P _ _
3 _ P _N_ 
2 PP _BPPP
1 RNBQ_RK 

  abcdefgh
8 r_ qkbnr
7 pp_b_pp 
6  _n_p_ p
5 _ _pP _ 
4  _ p _ _
3 _ P _N_ 
2 PP _BPPP
1 RNBQ_RK 

  abcdefgh
8 r_ qkbnr
7 pp_b_pp 
6  _n_p_ p
5 _ _pP _ 
4  _ P _ _
3 _ _ _N_ 
2 PP _BPPP
1 RNBQ_RK 

  abcdefgh
8 r_ qkb r
7 pp_bnpp 
6  _n_p_ p
5 _ _pP _ 
4  _ P _ _
3 _ _ _N_ 
2 PP _BPPP
1 RNBQ_RK 

  abcdefgh
8 r_ qkb r
7 pp_bnpp 
6  _n_p_ p
5 _ _pP _ 
4  _ P _ _
3 _ N _N_ 
2 PP _BPPP
1 R BQ_RK 

  abcdefgh
8  _rqkb r
7 pp_bnpp 
6  _n_p_ p
5 _ _pP _ 
4  _ P _ _
3 _ N _N_ 
2 PP _BPPP
1 R BQ_RK 

  abcdefgh
8  _rqkb r
7 pp_bnpp 
6  _n_p_ p
5 _ _pP _ 
4  _ P _ _
3 _ NB_N_ 
2 PP _ PPP
1 R BQ_RK 

  abcdefgh
8  _rqkb r
7 pp_bnpp 
6  _ _p_ p
5 _ _pP _ 
4  n P _ _
3 _ NB_N_ 
2 PP _ PPP
1 R BQ_RK 

  abcdefgh
8  _rqkb r
7 pp_bnpp 
6  _ _p_ p
5 _ _pP _ 
4  n P _ _
3 _ N _N_ 
2 PP _ PPP
1 RBBQ_RK 

  abcdefgh
8  _rqkb r
7 pp_bnpp 
6  _n_p_ p
5 _ _pP _ 
4  _ P _ _
3 _ N _N_ 
2 PP _ PPP
1 RBBQ_RK 

  abcdefgh
8  _rqkb r
7 pp_bnpp 
6  _n_p_ p
5 _ _pP _ 
4  _ P _ P
3 _ N _N_ 
2 PP _ PP_
1 RBBQ_RK 

  abcdefgh
8  _rqkb r
7 pp_bnpp 
6  _ _p_ p
5 n _pP _ 
4  _ P _ P
3 _ N _N_ 
2 PP _ PP_
1 RBBQ_RK 

  abcdefgh
8  _rqkb r
7 pp_bnpp 
6  _ _p_ p
5 n _pP _ 
4  _ P _ P
3 _ N _N_ 
2 PP _ PP_
1 RBBQR K 

  abcdefgh
8  _r_kb r
7 pp_bnpp 
6  q _p_ p
5 n _pP _ 
4  _ P _ P
3 _ N _N_ 
2 PP _ PP_
1 RBBQR K 

  abcdefgh
8  _r_kb r
7 pp_bnpp 
6  q _p_ p
5 n _pP _ 
4  _ P _ P
3 _ _ _N_ 
2 PP _NPP_
1 RBBQR K 

  abcdefgh
8  _r_kb r
7 pp_b_pp 
6  qn_p_ p
5 n _pP _ 
4  _ P _ P
3 _ _ _N_ 
2 PP _NPP_
1 RBBQR K 

  abcdefgh
8  _r_kb r
7 pp_b_pp 
6  qn_p_ p
5 n _pP _ 
4  _ P N P
3 _ _ _N_ 
2 PP _ PP_
1 RBBQR K 

  abcdefgh
8  _rk b r
7 pp_b_pp 
6  qn_p_ p
5 n _pP _ 
4  _ P N P
3 _ _ _N_ 
2 PP _ PP_
1 RBBQR K 

  abcdefgh
8  _rk b r
7 pp_b_pp 
6  qn_p_ p
5 n _pP _ 
4  _ P N P
3 _ _ RN_ 
2 PP _ PP_
1 RBBQ_ K 

  abcdefgh
8  _r_ b r
7 ppkb_pp 
6  qn_p_ p
5 n _pP _ 
4  _ P N P
3 _ _ RN_ 
2 PP _ PP_
1 RBBQ_ K 

  abcdefgh
8  _r_ b r
7 ppkb_pp 
6  qn_p_ p
5 n _pP _P
4  _ P N _
3 _ _ RN_ 
2 PP _ PP_
1 RBBQ_ K 

  abcdefgh
8  kr_ b r
7 pp_b_pp 
6  qn_p_ p
5 n _pP _P
4  _ P N _
3 _ _ RN_ 
2 PP _ PP_
1 RBBQ_ K 

  abcdefgh
8  kr_ b r
7 pp_b_pp 
6  qn_p_ p
5 n _pP _P
4  _ P N _
3 _ R _N_ 
2 PP _ PP_
1 RBBQ_ K 

  abcdefgh
8  kr_ _ r
7 pp_b_pp 
6  qn_p_ p
5 n _pP _P
4  b P N _
3 _ R _N_ 
2 PP _ PP_
1 RBBQ_ K 

  abcdefgh
8  kr_ _ r
7 pp_b_pp 
6  qn_p_ p
5 n _pP _P
4  b P N _
3 _ _R_N_ 
2 PP _ PP_
1 RBBQ_ K 

  abcdefgh
8  kr_ _ r
7 _p_b_pp 
6 pqn_p_ p
5 n _pP _P
4  b P N _
3 _ _R_N_ 
2 PP _ PP_
1 RBBQ_ K 

  abcdefgh
8  kr_ _ r
7 _p_b_pp 
6 pqn_p_ p
5 n _pP _P
4  b P N _
3 _ _R_N_ 
2 PPB_ PP_
1 R BQ_ K 

  abcdefgh
8  kr_ _ r
7 _p_bbpp 
6 pqn_p_ p
5 n _pP _P
4  _ P N _
3 _ _R_N_ 
2 PPB_ PP_
1 R BQ_ K 

  abcdefgh
8  kr_ _ r
7 _p_bbpp 
6 pqn_p_ p
5 n _pP _P
4  _ P N _
3 P _R_N_ 
2  PB_ PP_
1 R BQ_ K 

  abcdefgh
8  k _ _ r
7 _prbbpp 
6 pqn_p_ p
5 n _pP _P
4  _ P N _
3 P _R_N_ 
2  PB_ PP_
1 R BQ_ K 

  abcdefgh
8  k _ _ r
7 _prbbpp 
6 pqn_p_ p
5 n _pP _P
4 B_ P N _
3 P _R_N_ 
2  P _ PP_
1 R BQ_ K 

  abcdefgh
8  kr_ _ _
7 _prbbpp 
6 pqn_p_ p
5 n _pP _P
4 B_ P N _
3 P _R_N_ 
2  P _ PP_
1 R BQ_ K 

  abcdefgh
8  kr_ _ _
7 _prbbpp 
6 pqn_p_ p
5 n _pP _P
4 B_ P N _
3 PP_R_N_ 
2  _ _ PP_
1 R BQ_ K 

  abcdefgh
8  kr_ _ _
7 nprbbpp 
6 pq _p_ p
5 n _pP _P
4 B_ P N _
3 PP_R_N_ 
2  _ _ PP_
1 R BQ_ K 

  abcdefgh
8  kr_ _ _
7 nprBbpp 
6 pq _p_ p
5 n _pP _P
4  _ P N _
3 PP_R_N_ 
2  _ _ PP_
1 R BQ_ K 

  abcdefgh
8  kr_ _ _
7 np_rbpp 
6 pq _p_ p
5 n _pP _P
4  _ P N _
3 PP_R_N_ 
2  _ _ PP_
1 R BQ_ K 

  abcdefgh
8  kr_ _ _
7 np_rbpp 
6 pq _p_ p
5 n _pP _P
4  _ P N _
3 PP_R_ _ 
2  _ _ PP_
1 R BQN K 

  abcdefgh
8  kr_ _ _
7 npr bpp 
6 pq _p_ p
5 n _pP _P
4  _ P N _
3 PP_R_ _ 
2  _ _ PP_
1 R BQN K 

  abcdefgh
8  kr_ _ _
7 npr bpp 
6 pq _p_ p
5 n _pP _P
4  _ P _ _
3 PP_R_ _ 
2  _ _NPP_
1 R BQN K 

  abcdefgh
8  kr_ _ _
7 npr _pp 
6 pq _p_ p
5 n _pP bP
4  _ P _ _
3 PP_R_ _ 
2  _ _NPP_
1 R BQN K 

  abcdefgh
8  kr_ _ _
7 npr _pp 
6 pq _p_ p
5 n _pP bP
4  _ P _ _
3 PP_R_ _ 
2  B _NPP_
1 R _QN K 

  abcdefgh
8  kr_ _ _
7 npr bpp 
6 pq _p_ p
5 n _pP _P
4  _ P _ _
3 PP_R_ _ 
2  B _NPP_
1 R _QN K 

  abcdefgh
8  kr_ _ _
7 npr bpp 
6 pq _p_ p
5 n _pP _P
4  _ P _ _
3 PP_ _ R 
2  B _NPP_
1 R _QN K 

  abcdefgh
8  kr_ b _
7 npr _pp 
6 pq _p_ p
5 n _pP _P
4  _ P _ _
3 PP_ _ R 
2  B _NPP_
1 R _QN K 

  abcdefgh
8  kr_ b _
7 npr _pp 
6 pq _p_ p
5 n _pP _P
4  _ P _ _
3 PP_ _ R 
2  B _NPP_
1 _R_QN K 

  abcdefgh
8  kr_ b _
7 _pr _pp 
6 pq _p_ p
5 nn_pP _P
4  _ P _ _
3 PP_ _ R 
2  B _NPP_
1 _R_QN K 

  abcdefgh
8  kr_ b _
7 _pr _pp 
6 pq _p_ p
5 nn_pP _P
4 P_ P _ _
3 _P_ _ R 
2  B _NPP_
1 _R_QN K 

  abcdefgh
8  kr_ b _
7 npr _pp 
6 pq _p_ p
5 n _pP _P
4 P_ P _ _
3 _P_ _ R 
2  B _NPP_
1 _R_QN K 

  abcdefgh
8  kr_ b _
7 npr _pp 
6 pq _p_ p
5 n _pP _P
4 PP P _ _
3 _ _ _ R 
2  B _NPP_
1 _R_QN K 

  abcdefgh
8  kr_ b _
7 npr _pp 
6 pqn_p_ p
5 _ _pP _P
4 PP P _ _
3 _ _ _ R 
2  B _NPP_
1 _R_QN K 

  abcdefgh
8  kr_ b _
7 npr _pp 
6 pqn_p_ p
5 _ _pP _P
4 PP P _ _
3 _ B _ R 
2  _ _NPP_
1 _R_QN K 

  abcdefgh
8  kr_ b _
7 npr _pp 
6 pq _p_ p
5 _ _pP _P
4 Pn P _ _
3 _ B _ R 
2  _ _NPP_
1 _R_QN K 

  abcdefgh
8  kr_ b _
7 npr _pp 
6 pq _p_ p
5 _ _pP _P
4 PB P _ _
3 _ _ _ R 
2  _ _NPP_
1 _R_QN K 

  abcdefgh
8  kr_ _ _
7 npr _pp 
6 pq _p_ p
5 _ _pP _P
4 Pb P _ _
3 _ _ _ R 
2  _ _NPP_
1 _R_QN K 

  abcdefgh
8  kr_ _ _
7 npr _pp 
6 pq _p_ p
5 _ _pP _P
4 Pb P _ _
3 _ _N_ R 
2  _ _NPP_
1 _R_Q_ K 

  abcdefgh
8  kr_ _ _
7 npr _pp 
6  q _p_ p
5 p _pP _P
4 Pb P _ _
3 _ _N_ R 
2  _ _NPP_
1 _R_Q_ K 

  abcdefgh
8  kr_ _ _
7 npr _pR 
6  q _p_ p
5 p _pP _P
4 Pb P _ _
3 _ _N_ _ 
2  _ _NPP_
1 _R_Q_ K 

  abcdefgh
8  k _ _ r
7 npr _pR 
6  q _p_ p
5 p _pP _P
4 Pb P _ _
3 _ _N_ _ 
2  _ _NPP_
1 _R_Q_ K 

  abcdefgh
8  k _ _ r
7 npr _pR 
6  q _p_ p
5 p _pP _P
4 Pb P _ _
3 _ _N_ P 
2  _ _NP _
1 _R_Q_ K 

  abcdefgh
8  k _ _ r
7 _pr _pR 
6  qn_p_ p
5 p _pP _P
4 Pb P _ _
3 _ _N_ P 
2  _ _NP _
1 _R_Q_ K 

  abcdefgh
8  k _ _ r
7 _pr _pR 
6  qn_p_ p
5 p _pP _P
4 Pb P _ _
3 _ _N_ P 
2  _ _NP _
1 _R_Q_K_ 

  abcdefgh
8  k _ _ r
7 _pr _pR 
6 q_n_p_ p
5 p _pP _P
4 Pb P _ _
3 _ _N_ P 
2  _ _NP _
1 _R_Q_K_ 

  abcdefgh
8  k _ _ r
7 _pr _pR 
6 q_n_p_ p
5 p _pP _P
4 Pb P _ _
3 _ _N_ P 
2  _ _NPK_
1 _R_Q_ _ 

  abcdefgh
8  k _ b r
7 _pr _pR 
6 q_n_p_ p
5 p _pP _P
4 P_ P _ _
3 _ _N_ P 
2  _ _NPK_
1 _R_Q_ _ 

  abcdefgh
8  k _ b r
7 _pr _p_ 
6 q_n_p_ p
5 p _pP _P
4 P_ P _R_
3 _ _N_ P 
2  _ _NPK_
1 _R_Q_ _ 

  abcdefgh
8  k _ b r
7 _pr _p_ 
6 q_ _p_ p
5 p _pP _P
4 Pn P _R_
3 _ _N_ P 
2  _ _NPK_
1 _R_Q_ _ 

  abcdefgh
8  k _ b r
7 _pr _p_ 
6 q_ _p_ p
5 p _pP _P
4 Pn P _R_
3 _R_N_ P 
2  _ _NPK_
1 _ _Q_ _ 

  abcdefgh
8  k _ _ r
7 _pr bp_ 
6 q_ _p_ p
5 p _pP _P
4 Pn P _R_
3 _R_N_ P 
2  _ _NPK_
1 _ _Q_ _ 

  abcdefgh
8  k _ _ r
7 _pr bpR 
6 q_ _p_ p
5 p _pP _P
4 Pn P _ _
3 _R_N_ P 
2  _ _NPK_
1 _ _Q_ _ 

  abcdefgh
8  k _ b r
7 _pr _pR 
6 q_ _p_ p
5 p _pP _P
4 Pn P _ _
3 _R_N_ P 
2  _ _NPK_
1 _ _Q_ _ 

  abcdefgh
8  k _ b r
7 _pr _p_ 
6 q_ _p_ p
5 p _pP _P
4 Pn P _R_
3 _R_N_ P 
2  _ _NPK_
1 _ _Q_ _ 

  abcdefgh
8  k _ _ r
7 _pr bp_ 
6 q_ _p_ p
5 p _pP _P
4 Pn P _R_
3 _R_N_ P 
2  _ _NPK_
1 _ _Q_ _ 

  abcdefgh
8  k _ _ r
7 _pr bp_ 
6 q_ _p_ p
5 p _pP _P
4 Pn P R _
3 _R_N_ P 
2  _ _NPK_
1 _ _Q_ _ 

  abcdefgh
8  k _ r _
7 _pr bp_ 
6 q_ _p_ p
5 p _pP _P
4 Pn P R _
3 _R_N_ P 
2  _ _NPK_
1 _ _Q_ _ 

  abcdefgh
8  k _ r _
7 _pr bp_ 
6 q_ _p_ p
5 p _pP _P
4 Pn P _ _
3 _R_N_RP 
2  _ _NPK_
1 _ _Q_ _ 

  abcdefgh
8  k _ r _
7 _p_ bp_ 
6 q_ _p_ p
5 p _pP _P
4 PnrP _ _
3 _R_N_RP 
2  _ _NPK_
1 _ _Q_ _ 

  abcdefgh
8  k _ r _
7 _p_ bp_ 
6 q_ _p_ p
5 p _pP _P
4 PnrP _ _
3 _R_ _RP 
2  N _NPK_
1 _ _Q_ _ 

  abcdefgh
8  k _ r _
7 _p_ bp_ 
6 q_r_p_ p
5 p _pP _P
4 Pn P _ _
3 _R_ _RP 
2  N _NPK_
1 _ _Q_ _ 

  abcdefgh
8  k _ r _
7 _p_ bp_ 
6 q_r_p_ p
5 p _pP _P
4 Pn P _ _
3 _ R _RP 
2  N _NPK_
1 _ _Q_ _ 

  abcdefgh
8  k _ r _
7 _p_ bp_ 
6  qr_p_ p
5 p _pP _P
4 Pn P _ _
3 _ R _RP 
2  N _NPK_
1 _ _Q_ _ 

  abcdefgh
8  k _ r _
7 _p_ bp_ 
6  qr_p_ p
5 p _pP _P
4 Pn P _ _
3 _R_ _RP 
2  N _NPK_
1 _ _Q_ _ 

  abcdefgh
8  k _ r _
7 _pq bp_ 
6  _r_p_ p
5 p _pP _P
4 Pn P _ _
3 _R_ _RP 
2  N _NPK_
1 _ _Q_ _ 

  abcdefgh
8  k _ r _
7 _pq bp_ 
6  _r_p_ p
5 p _pP _P
4 Pn P _ _
3 _RN _RP 
2  N _ PK_
1 _ _Q_ _ 

  abcdefgh
8  kq_ r _
7 _p_ bp_ 
6  _r_p_ p
5 p _pP _P
4 Pn P _ _
3 _RN _RP 
2  N _ PK_
1 _ _Q_ _ 

  abcdefgh
8  kq_ r _
7 _p_ bp_ 
6  _r_p_ p
5 p _pP _P
4 Pn P _ _
3 _RN _RP 
2  N _ PK_
1 _Q_ _ _ 

  abcdefgh
8  kq_ r _
7 _p_ b _ 
6  _r_p_ p
5 p _pPp_P
4 Pn P _ _
3 _RN _RP 
2  N _ PK_
1 _Q_ _ _ 

  abcdefgh
was here
8  kq_ r _
7 _p_ b _ 
6  _r_pP p
5 p _p_ _P
4 Pn P _ _
3 _RN _RP 
2  N _ PK_
1 _Q_ _ _ 

  abcdefgh
8  kq_ _ _
7 _p_ b _ 
6  _r_pr p
5 p _p_ _P
4 Pn P _ _
3 _RN _RP 
2  N _ PK_
1 _Q_ _ _ 

  abcdefgh
8  kq_ _ _
7 _p_ b _ 
6  _r_pr p
5 pN_p_ _P
4 Pn P _ _
3 _R_ _RP 
2  N _ PK_
1 _Q_ _ _ 

  abcdefgh
8  kq_ _ _
7 _p_ b _ 
6  _r_pr p
5 pN_p_ _P
4 P_ P _ _
3 _R_ _RP 
2  Nn_ PK_
1 _Q_ _ _ 

  abcdefgh
8  kq_ _ _
7 _p_ b _ 
6  _r_pr p
5 pN_p_ _P
4 P_ P _ _
3 _R_ _RP 
2  Nn_ PK_
1 _ _Q_ _ 

  abcdefgh
8  k _ q _
7 _p_ b _ 
6  _r_pr p
5 pN_p_ _P
4 P_ P _ _
3 _R_ _RP 
2  Nn_ PK_
1 _ _Q_ _ 

  abcdefgh
8  k _ q _
7 _p_ b _ 
6  _r_pr p
5 pN_p_ _P
4 P_ P _ _
3 _R_ _RP 
2  Nn_QPK_
1 _ _ _ _ 

  abcdefgh
8 k_ _ q _
7 _p_ b _ 
6  _r_pr p
5 pN_p_ _P
4 P_ P _ _
3 _R_ _RP 
2  Nn_QPK_
1 _ _ _ _ 

  abcdefgh
8 k_ _ q _
7 _p_ b _ 
6  _r_pR p
5 pN_p_ _P
4 P_ P _ _
3 _R_ _ P 
2  Nn_QPK_
1 _ _ _ _ 

  abcdefgh
8 k_ _ _ _
7 _p_ b _ 
6  _r_pq p
5 pN_p_ _P
4 P_ P _ _
3 _R_ _ P 
2  Nn_QPK_
1 _ _ _ _ 

  abcdefgh
8 k_ _ _ _
7 _p_ b _ 
6  _r_pq p
5 pN_p_ _P
4 P_ P _ _
3 _ _ _RP 
2  Nn_QPK_
1 _ _ _ _ 

  abcdefgh
8 k_ _ _ _
7 _p_ b q 
6  _r_p_ p
5 pN_p_ _P
4 P_ P _ _
3 _ _ _RP 
2  Nn_QPK_
1 _ _ _ _ 

  abcdefgh
8 k_ _ _ _
7 _p_ b q 
6  _r_p_ p
5 pN_p_ _P
4 P_ P _ _
3 _ _N_RP 
2  _n_QPK_
1 _ _ _ _ 

  abcdefgh
8 k_ _ _ _
7 _p_ b q 
6  _r_p_ p
5 pN_p_ _P
4 P_ n _ _
3 _ _N_RP 
2  _ _QPK_
1 _ _ _ _ 

  abcdefgh
8 k_ _ _ _
7 _p_ b q 
6  _r_p_ p
5 pN_p_ _P
4 P_ n _ _
3 _ _NQRP 
2  _ _ PK_
1 _ _ _ _ 

  abcdefgh
8 k_ _ _ _
7 _p_ b q 
6  _r_p_ p
5 pn_p_ _P
4 P_ _ _ _
3 _ _NQRP 
2  _ _ PK_
1 _ _ _ _ 

  abcdefgh
8 k_ _ _ _
7 _p_ b q 
6  _r_p_ p
5 pP_p_ _P
4  _ _ _ _
3 _ _NQRP 
2  _ _ PK_
1 _ _ _ _ 

  abcdefgh
8 k_ _ _ _
7 _p_ b q 
6  _ rp_ p
5 pP_p_ _P
4  _ _ _ _
3 _ _NQRP 
2  _ _ PK_
1 _ _ _ _ 

  abcdefgh
8 k_ _ _ _
7 _p_ b q 
6  P rp_ p
5 p _p_ _P
4  _ _ _ _
3 _ _NQRP 
2  _ _ PK_
1 _ _ _ _ 

  abcdefgh
8 k_ _ _ _
7 _p_ b q 
6  P rp_ p
5 p _ _ _P
4  _ p _ _
3 _ _NQRP 
2  _ _ PK_
1 _ _ _ _ 

  abcdefgh
8 k_ _ _ _
7 _p_ b q 
6  P rp_ p
5 p _ _ _P
4  _ p _ _
3 _ _N_RP 
2  _ _ PK_
1 _ _ Q _ 

  abcdefgh
8 k_ _ _ _
7 _p_ b q 
6  r _p_ p
5 p _ _ _P
4  _ p _ _
3 _ _N_RP 
2  _ _ PK_
1 _ _ Q _ 

  abcdefgh
8 k_ _ _ _
7 _p_ b q 
6  r _p_ p
5 Q _ _ _P
4  _ p _ _
3 _ _N_RP 
2  _ _ PK_
1 _ _ _ _ 

  abcdefgh
8 k_ _ _ _
7 _p_ b q 
6 r_ _p_ p
5 Q _ _ _P
4  _ p _ _
3 _ _N_RP 
2  _ _ PK_
1 _ _ _ _ 

  abcdefgh
8 k_ _ _ _
7 _pQ b q 
6 r_ _p_ p
5 _ _ _ _P
4  _ p _ _
3 _ _N_RP 
2  _ _ PK_
1 _ _ _ _ 

  abcdefgh
8 k_ _ _ _
7 _pQ b q 
6  _r_p_ p
5 _ _ _ _P
4  _ p _ _
3 _ _N_RP 
2  _ _ PK_
1 _ _ _ _ 

  abcdefgh
8 k_ _ _ _
7 _p_Qb q 
6  _r_p_ p
5 _ _ _ _P
4  _ p _ _
3 _ _N_RP 
2  _ _ PK_
1 _ _ _ _ 

  abcdefgh
8  k _ _ _
7 _p_Qb q 
6  _r_p_ p
5 _ _ _ _P
4  _ p _ _
3 _ _N_RP 
2  _ _ PK_
1 _ _ _ _ 

  abcdefgh
8  k _Q_ _
7 _p_ b q 
6  _r_p_ p
5 _ _ _ _P
4  _ p _ _
3 _ _N_RP 
2  _ _ PK_
1 _ _ _ _ 

  abcdefgh
8  kr_Q_ _
7 _p_ b q 
6  _ _p_ p
5 _ _ _ _P
4  _ p _ _
3 _ _N_RP 
2  _ _ PK_
1 _ _ _ _ 

  abcdefgh
8  kr_ _ _
7 _p_ b q 
6  _ _p_Qp
5 _ _ _ _P
4  _ p _ _
3 _ _N_RP 
2  _ _ PK_
1 _ _ _ _ 

  abcdefgh
8  kr_ _ _
7 _p_ b _ 
6  _ _p_qp
5 _ _ _ _P
4  _ p _ _
3 _ _N_RP 
2  _ _ PK_
1 _ _ _ _ 

  abcdefgh
8  kr_ _ _
7 _p_ b _ 
6  _ _p_Pp
5 _ _ _ _ 
4  _ p _ _
3 _ _N_RP 
2  _ _ PK_
1 _ _ _ _ 

  abcdefgh
8  _r_ _ _
7 _pk b _ 
6  _ _p_Pp
5 _ _ _ _ 
4  _ p _ _
3 _ _N_RP 
2  _ _ PK_
1 _ _ _ _ 

  abcdefgh
8  _r_ _ _
7 _pk bR_ 
6  _ _p_Pp
5 _ _ _ _ 
4  _ p _ _
3 _ _N_ P 
2  _ _ PK_
1 _ _ _ _ 

  abcdefgh
8  _r_ _ _
7 _p_kbR_ 
6  _ _p_Pp
5 _ _ _ _ 
4  _ p _ _
3 _ _N_ P 
2  _ _ PK_
1 _ _ _ _ 

  abcdefgh
8  _r_ _ _
7 _p_kbR_ 
6  _ _p_Pp
5 _ _ N _ 
4  _ p _ _
3 _ _ _ P 
2  _ _ PK_
1 _ _ _ _ 

  abcdefgh
8  _r_ _ _
7 _p_ bR_ 
6  _ kp_Pp
5 _ _ N _ 
4  _ p _ _
3 _ _ _ P 
2  _ _ PK_
1 _ _ _ _ 

  abcdefgh
8  _r_ _ _
7 _p_ bR_ 
6  _ kp_Pp
5 _ _ N _ 
4  _ p P _
3 _ _ _ P 
2  _ _ _K_
1 _ _ _ _ 

  abcdefgh
8  _ _ _r_
7 _p_ bR_ 
6  _ kp_Pp
5 _ _ N _ 
4  _ p P _
3 _ _ _ P 
2  _ _ _K_
1 _ _ _ _ 

  abcdefgh
8  _ _ _r_
7 _p_ bR_ 
6  _ kp_Pp
5 _ _ N _ 
4  _ p P _
3 _ _ _KP 
2  _ _ _ _
1 _ _ _ _ 

  abcdefgh
8  _ _ _r_
7 _ _ bR_ 
6  _ kp_Pp
5 _p_ N _ 
4  _ p P _
3 _ _ _KP 
2  _ _ _ _
1 _ _ _ _ 

  abcdefgh
8  _ _ _r_
7 _ _ bR_ 
6  _ kp_Pp
5 _p_ N _ 
4  _ pKP _
3 _ _ _ P 
2  _ _ _ _
1 _ _ _ _ 

  abcdefgh
8  r _ _ _
7 _ _ bR_ 
6  _ kp_Pp
5 _p_ N _ 
4  _ pKP _
3 _ _ _ P 
2  _ _ _ _
1 _ _ _ _ 

  abcdefgh
8  r _ _ _
7 _ _ bR_ 
6  _ kp_Pp
5 _p_ N _ 
4  _ K P _
3 _ _ _ P 
2  _ _ _ _
1 _ _ _ _ 

  abcdefgh
8  r _ _ _
7 _ _ bR_ 
6  _ kp_Pp
5 _ _ N _ 
4  p K P _
3 _ _ _ P 
2  _ _ _ _
1 _ _ _ _ 

  abcdefgh
8  r _ _ _
7 _ _ bRP 
6  _ kp_ p
5 _ _ N _ 
4  p K P _
3 _ _ _ P 
2  _ _ _ _
1 _ _ _ _ 

  abcdefgh
8  r _ _ _
7 _ _ bRP 
6  _ kp_ p
5 _ _ N _ 
4  _ K P _
3 _p_ _ P 
2  _ _ _ _
1 _ _ _ _ 

  abcdefgh
8  r _ _ _
7 _ _ bRP 
6  _ kp_ p
5 _ _ _ _ 
4  _NK P _
3 _p_ _ P 
2  _ _ _ _
1 _ _ _ _ 

  abcdefgh
8  r _ _ _
7 _ _kbRP 
6  _ _p_ p
5 _ _ _ _ 
4  _NK P _
3 _p_ _ P 
2  _ _ _ _
1 _ _ _ _ 

  abcdefgh
8  r _ _ _
7 _ _kbRP 
6  _ _p_ p
5 _ _ K _ 
4  _N_ P _
3 _p_ _ P 
2  _ _ _ _
1 _ _ _ _ 

  abcdefgh
8  _ _ _ _
7 _ _kbRP 
6  _ _p_ p
5 _r_ K _ 
4  _N_ P _
3 _p_ _ P 
2  _ _ _ _
1 _ _ _ _ 

  abcdefgh
8  _ _ _ _
7 _ _kbRP 
6  _ _p_ p
5 _r_ _ _ 
4  _N_KP _
3 _p_ _ P 
2  _ _ _ _
1 _ _ _ _ 

  abcdefgh
8  r _ _ _
7 _ _kbRP 
6  _ _p_ p
5 _ _ _ _ 
4  _N_KP _
3 _p_ _ P 
2  _ _ _ _
1 _ _ _ _ 

  abcdefgh
8  r _ _ _
7 _ _kbRP 
6  _ _p_ p
5 _ _ _P_ 
4  _N_K_ _
3 _p_ _ P 
2  _ _ _ _
1 _ _ _ _ 

  abcdefgh
8  r _ _ _
7 _ _kbRP 
6  _ _p_ p
5 _ _ _P_ 
4  _N_K_ _
3 _ _ _ P 
2  p _ _ _
1 _ _ _ _ 

  abcdefgh
8  r _ _ _
7 _ _kbRP 
6  _ _p_ p
5 _ _ _P_ 
4  _ _K_ _
3 _ _ _ P 
2  N _ _ _
1 _ _ _ _ 

  abcdefgh
8  r _ _ _
7 _ _kbRP 
6  _ _ _ p
5 _ _ _p_ 
4  _ _K_ _
3 _ _ _ P 
2  N _ _ _
1 _ _ _ _ 

  abcdefgh
8  r _ _ _
7 _ _kbRP 
6  _ _ _ p
5 _ _ _K_ 
4  _ _ _ _
3 _ _ _ P 
2  N _ _ _
1 _ _ _ _ 

  abcdefgh
8  _ _ _ _
7 _ _kbRP 
6  _ _ _ p
5 _r_ _K_ 
4  _ _ _ _
3 _ _ _ P 
2  N _ _ _
1 _ _ _ _ 

  abcdefgh
8  _ _ _ _
7 _ _kbRP 
6  _ _ _Kp
5 _r_ _ _ 
4  _ _ _ _
3 _ _ _ P 
2  N _ _ _
1 _ _ _ _ 

  abcdefgh
8  _ _ _ _
7 _ _kbRP 
6  _ _ _Kp
5 _ _ _ r 
4  _ _ _ _
3 _ _ _ P 
2  N _ _ _
1 _ _ _ _ 

  abcdefgh
8  _ _ _ _
7 _ _kbRPK
6  _ _ _ p
5 _ _ _ r 
4  _ _ _ _
3 _ _ _ P 
2  N _ _ _
1 _ _ _ _ 

  abcdefgh
8  _ _ _ _
7 _ _kbRPK
6  _ _ _ p
5 _ _ _ _ 
4  _ _ _ _
3 _ _ _ r 
2  N _ _ _
1 _ _ _ _ 

  abcdefgh
8  _ _ _ _
7 _ _kb PK
6  _ _ _ p
5 _ _ _ _ 
4  _ _ _ _
3 _ _ _Rr 
2  N _ _ _
1 _ _ _ _ 

  abcdefgh
8  _ _ _ _
7 _ _kb PK
6  _ _ _ p
5 _ _ _ _ 
4  _ _ _ _
3 _ _ _R_ 
2  N _ _r_
1 _ _ _ _ 

  abcdefgh
8  _ _ _ _
7 _ _kb PK
6  _ _ _ p
5 _ _ _ _ 
4  _ _ _ _
3 _ _N_R_ 
2  _ _ _r_
1 _ _ _ _ 

  abcdefgh
8  _ _ _ _
7 _ _kb rK
6  _ _ _ p
5 _ _ _ _ 
4  _ _ _ _
3 _ _N_R_ 
2  _ _ _ _
1 _ _ _ _ 

  abcdefgh
8  _ _ _ _
7 _ _kb K 
6  _ _ _ p
5 _ _ _ _ 
4  _ _ _ _
3 _ _N_R_ 
2  _ _ _ _
1 _ _ _ _ 

  abcdefgh
8  _ _ _ _
7 _ _ b K 
6  _ _k_ p
5 _ _ _ _ 
4  _ _ _ _
3 _ _N_R_ 
2  _ _ _ _
1 _ _ _ _ 

  abcdefgh
8  _ _ _ _
7 _ _ b _ 
6  _ _k_Kp
5 _ _ _ _ 
4  _ _ _ _
3 _ _N_R_ 
2  _ _ _ _
1 _ _ _ _ 

  abcdefgh
8  _ _ _ _
7 _ _ b _ 
6  _ _ _Kp
5 _ _k_ _ 
4  _ _ _ _
3 _ _N_R_ 
2  _ _ _ _
1 _ _ _ _ 

  abcdefgh
8  _ _ _ _
7 _ _ b _ 
6  _ _ _ p
5 _ _k_K_ 
4  _ _ _ _
3 _ _N_R_ 
2  _ _ _ _
1 _ _ _ _ 

  abcdefgh
8  _ _ _ _
7 _ _ _ _ 
6  _ b _ p
5 _ _k_K_ 
4  _ _ _ _
3 _ _N_R_ 
2  _ _ _ _
1 _ _ _ _ 

  abcdefgh
8  _ _ _ _
7 _ _ _ _ 
6  _ b _ p
5 _ _k_K_ 
4  _ _ _ _
3 _ _ _R_ 
2  N _ _ _
1 _ _ _ _ 

  abcdefgh
8  _ _ _ _
7 _ _ _ _ 
6  _ b _ _
5 _ _k_K_p
4  _ _ _ _
3 _ _ _R_ 
2  N _ _ _
1 _ _ _ _ 

  abcdefgh
8  _ _ _ _
7 _ _ _ _ 
6  _ b _ _
5 _ _k_K_p
4  _ _ _ _
3 _ _R_ _ 
2  N _ _ _
1 _ _ _ _ 

  abcdefgh
8  _ _ _ _
7 _ _ _ _ 
6  _ b _ _
5 _ k _K_p
4  _ _ _ _
3 _ _R_ _ 
2  N _ _ _
1 _ _ _ _ 

  abcdefgh
8  _ _ _ _
7 _ _ _ _ 
6  _ b _ _
5 _ k _K_p
4 N_ _ _ _
3 _ _R_ _ 
2  _ _ _ _
1 _ _ _ _ 

  abcdefgh
8  _ _ _ _
7 _ _ _ _ 
6  _kb _ _
5 _ _ _K_p
4 N_ _ _ _
3 _ _R_ _ 
2  _ _ _ _
1 _ _ _ _ 

  abcdefgh
8  _ _ _ _
7 _ _ _ _ 
6  _kb _ _
5 _ _ _K_p
4 N_ _ _ _
3 _ _ _ _R
2  _ _ _ _
1 _ _ _ _ 

  abcdefgh
8  _ _ _ _
7 _ _ _ _ 
6  _kb _ _
5 _ _ _K_ 
4 N_ _ _ p
3 _ _ _ _R
2  _ _ _ _
1 _ _ _ _ 

  abcdefgh
8  _ _ _ _
7 _ _ _ _ 
6  _kb _ _
5 _ _ _K_ 
4 N_ _ _ R
3 _ _ _ _ 
2  _ _ _ _
1 _ _ _ _ 

  abcdefgh
8  _ _ _ _
7 _ _ _ _ 
6  _k_ _ _
5 _ _ _K_ 
4 N_ _ _ R
3 _ _ _ b 
2  _ _ _ _
1 _ _ _ _ 

  abcdefgh
8  _ _ _ _
7 _ _ _ _ 
6  _k_ _ _
5 _ _ _K_R
4 N_ _ _ _
3 _ _ _ b 
2  _ _ _ _
1 _ _ _ _ 

  abcdefgh
8  _ _ _ _
7 _ _ _ _ 
6  _ _ _ _
5 _ _k_K_R
4 N_ _ _ _
3 _ _ _ b 
2  _ _ _ _
1 _ _ _ _ 

  abcdefgh
8  _ _ _ _
7 _ _ _ _ 
6  _ _ _ _
5 _ _k_ _R
4 N_ _ _K_
3 _ _ _ b 
2  _ _ _ _
1 _ _ _ _ 

  abcdefgh
8  _ _ _ _
7 _ _ _ _ 
6  _ _ _ _
5 _ _kb _R
4 N_ _ _K_
3 _ _ _ _ 
2  _ _ _ _
1 _ _ _ _ 

  abcdefgh
8  _ _ _ _
7 _ _ _ _ 
6  _ _ _ _
5 _ Nkb _R
4  _ _ _K_
3 _ _ _ _ 
2  _ _ _ _
1 _ _ _ _ 

  abcdefgh
8  _ _ _ _
7 _ _ _ _ 
6  _ _ _ _
5 _ N b _R
4  _ k _K_
3 _ _ _ _ 
2  _ _ _ _
1 _ _ _ _ 

  abcdefgh
8  _ _ _ _
7 _ _ _ _ 
6  _ _ _ _
5 _ _ b _R
4  _ k _K_
3 _N_ _ _ 
2  _ _ _ _
1 _ _ _ _ 

  abcdefgh
8  _ _ _ _
7 _ _ _ _ 
6  _ _ _ _
5 _ _kb _R
4  _ _ _K_
3 _N_ _ _ 
2  _ _ _ _
1 _ _ _ _ 

  abcdefgh
8  _ _ _ _
7 _ _ _ _ 
6  _ _ _ _
5 _ _kb _R
4  _ _ _K_
3 _ _ _ _ 
2  _ N _ _
1 _ _ _ _ 

  abcdefgh
8  _ _ _ _
7 _ _ _ _ 
6  _ _k_ _
5 _ _ b _R
4  _ _ _K_
3 _ _ _ _ 
2  _ N _ _
1 _ _ _ _ 

  abcdefgh
8  _ _ _ _
7 _ _ _ _ 
6  _ _k_ _
5 _ _ b _R
4  _ _ _K_
3 _ _ _N_ 
2  _ _ _ _
1 _ _ _ _ 

  abcdefgh
8  _ _ _ _
7 _ _ _ _ 
6  _ _k_ _
5 _ _ _ _R
4  _ _ _K_
3 _ b _N_ 
2  _ _ _ _
1 _ _ _ _ 

  abcdefgh
8  _ _ _ _
7 _ _ _ _ 
6  _ _k_ _
5 _ _ _ _R
4  _ _ K _
3 _ b _N_ 
2  _ _ _ _
1 _ _ _ _ 

  abcdefgh
8  _ _ _ _
7 _ _ _ _ 
6  _ _k_ _
5 _ _ _ _R
4  b _ K _
3 _ _ _N_ 
2  _ _ _ _
1 _ _ _ _ 

  abcdefgh
8  _ _ _ _
7 _ _ _ _ 
6  _ _k_ _
5 _ _ _ _R
4  b N K _
3 _ _ _ _ 
2  _ _ _ _
1 _ _ _ _ 

  abcdefgh
8  _ _ _ _
7 _ _ _ _ 
6  _ k _ _
5 _ _ _ _R
4  b N K _
3 _ _ _ _ 
2  _ _ _ _
1 _ _ _ _ 

  abcdefgh
8  _ _ _ _
7 _ _ _ _ 
6  _ k _ _
5 _ _ _ _R
4  b NK_ _
3 _ _ _ _ 
2  _ _ _ _
1 _ _ _ _ 

  abcdefgh
8  _ _ _ _
7 _ _ _ _ 
6  _ k _ _
5 _ _ _ _R
4  _ NK_ _
3 _ _ _ _ 
2  _ _ _ _
1 _ _ b _ 

  abcdefgh
8  _ _ _ _
7 _ _ _ _ 
6  _ k _ R
5 _ _ _ _ 
4  _ NK_ _
3 _ _ _ _ 
2  _ _ _ _
1 _ _ b _ 

  abcdefgh
8  _ _ _ _
7 _ _k_ _ 
6  _ _ _ R
5 _ _ _ _ 
4  _ NK_ _
3 _ _ _ _ 
2  _ _ _ _
1 _ _ b _ 

  abcdefgh
8  _ _ _ _
7 _ _k_ _ 
6  _ _ _ R
5 _ _K_ _ 
4  _ N _ _
3 _ _ _ _ 
2  _ _ _ _
1 _ _ b _ 

  abcdefgh
8  _ _ _ _
7 _ k _ _ 
6  _ _ _ R
5 _ _K_ _ 
4  _ N _ _
3 _ _ _ _ 
2  _ _ _ _
1 _ _ b _ 

  abcdefgh
8  _ _ _ _
7 _ k _ _ 
6  _ _ _ R
5 _ K _ _ 
4  _ N _ _
3 _ _ _ _ 
2  _ _ _ _
1 _ _ b _ 

  abcdefgh
8  _ _ _ _
7 _k_ _ _ 
6  _ _ _ R
5 _ K _ _ 
4  _ N _ _
3 _ _ _ _ 
2  _ _ _ _
1 _ _ b _ 

  abcdefgh
8  _ _ _ _
7 _k_ _ _ 
6  _ _ R _
5 _ K _ _ 
4  _ N _ _
3 _ _ _ _ 
2  _ _ _ _
1 _ _ b _ 

  abcdefgh
8  _ _ _ _
7 _k_ _ _ 
6  _ _ R _
5 _ K _ _ 
4  _ N _ _
3 _ _ _ _ 
2  _ b _ _
1 _ _ _ _ 

  abcdefgh
8  _ _ _ _
7 _k_ _R_ 
6  _ _ _ _
5 _ K _ _ 
4  _ N _ _
3 _ _ _ _ 
2  _ b _ _
1 _ _ _ _ 

  abcdefgh
8  _ _ _ _
7 _ _ _R_ 
6 k_ _ _ _
5 _ K _ _ 
4  _ N _ _
3 _ _ _ _ 
2  _ b _ _
1 _ _ _ _ 

  abcdefgh
8  _ _ _ _
7 _ _ _R_ 
6 k_ _ _ _
5 _ K _ _ 
4  _ _ _ _
3 _ _ _ _ 
2  _Nb _ _
1 _ _ _ _ 

  abcdefgh
8  _ _ _ _
7 _ _ _R_ 
6 k_ _ _ _
5 b K _ _ 
4  _ _ _ _
3 _ _ _ _ 
2  _N_ _ _
1 _ _ _ _ 

  abcdefgh
8  _ _ _ _
7 _ _ _R_ 
6 k_ _ _ _
5 b K _ _ 
4  N _ _ _
3 _ _ _ _ 
2  _ _ _ _
1 _ _ _ _ 

  abcdefgh
8  _ _ _ _
7 _ _ _R_ 
6 k_ _ _ _
5 _ K _ _ 
4  b _ _ _
3 _ _ _ _ 
2  _ _ _ _
1 _ _ _ _ 

  abcdefgh
8  _ _ _ _
7 _ _ _R_ 
6 k_ _ _ _
5 _ _ _ _ 
4  K _ _ _
3 _ _ _ _ 
2  _ _ _ _
1 _ _ _ _ 

  abcdefgh
8  _ _ _ _
7 _ _ _R_ 
6  k _ _ _
5 _ _ _ _ 
4  K _ _ _
3 _ _ _ _ 
2  _ _ _ _
1 _ _ _ _ 

  abcdefgh
8  _ _ _ _
7 _ _R_ _ 
6  k _ _ _
5 _ _ _ _ 
4  K _ _ _
3 _ _ _ _ 
2  _ _ _ _
1 _ _ _ _ 

  abcdefgh
8  _ _ _ _
7 _ _R_ _ 
6  _k_ _ _
5 _ _ _ _ 
4  K _ _ _
3 _ _ _ _ 
2  _ _ _ _
1 _ _ _ _ 

  abcdefgh
8  _ _ _ _
7 _ _ _ _ 
6  _k_ _ _
5 _ _ _ _ 
4  K _ _ _
3 _ _ _ _ 
2  _ R _ _
1 _ _ _ _ 

  abcdefgh
8  _ _ _ _
7 _ _ _ _ 
6  k _ _ _
5 _ _ _ _ 
4  K _ _ _
3 _ _ _ _ 
2  _ R _ _
1 _ _ _ _ 

  abcdefgh
8  _ _ _ _
7 _ _ _ _ 
6  k _ _ _
5 _ _ _ _ 
4  K _ _ _
3 _ _ _ _ 
2  _R_ _ _
1 _ _ _ _ 

  abcdefgh
8  _ _ _ _
7 _ _ _ _ 
6 k_ _ _ _
5 _ _ _ _ 
4  K _ _ _
3 _ _ _ _ 
2  _R_ _ _
1 _ _ _ _ 

  abcdefgh
8  _ _ _ _
7 _ _ _ _ 
6 k_ _ _ _
5 _ K _ _ 
4  _ _ _ _
3 _ _ _ _ 
2  _R_ _ _
1 _ _ _ _ 

  abcdefgh
8  _ _ _ _
7 _k_ _ _ 
6  _ _ _ _
5 _ K _ _ 
4  _ _ _ _
3 _ _ _ _ 
2  _R_ _ _
1 _ _ _ _ 

  abcdefgh
8  _ _ _ _
7 _k_ _ _ 
6  _ _ _ _
5 _K_ _ _ 
4  _ _ _ _
3 _ _ _ _ 
2  _R_ _ _
1 _ _ _ _ 

  abcdefgh
8  _ _ _ _
7 k _ _ _ 
6  _ _ _ _
5 _K_ _ _ 
4  _ _ _ _
3 _ _ _ _ 
2  _R_ _ _
1 _ _ _ _ 

  abcdefgh
8  _ _ _ _
7 k _ _ _ 
6  _K_ _ _
5 _ _ _ _ 
4  _ _ _ _
3 _ _ _ _ 
2  _R_ _ _
1 _ _ _ _ 

  abcdefgh
8 k_ _ _ _
7 _ _ _ _ 
6  _K_ _ _
5 _ _ _ _ 
4  _ _ _ _
3 _ _ _ _ 
2  _R_ _ _
1 _ _ _ _ 

  abcdefgh
8 k_ _ _ _
7 _ K _ _ 
6  _ _ _ _
5 _ _ _ _ 
4  _ _ _ _
3 _ _ _ _ 
2  _R_ _ _
1 _ _ _ _ 

  abcdefgh
8  _ _ _ _
7 k K _ _ 
6  _ _ _ _
5 _ _ _ _ 
4  _ _ _ _
3 _ _ _ _ 
2  _R_ _ _
1 _ _ _ _ 

  abcdefgh
8  _ _ _ _
7 k K _ _ 
6  _ _ _ _
5 _ _ _ _ 
4  _ _ _ _
3 _ _ _ _ 
2 R_ _ _ _
1 _ _ _ _ 

  abcdefgh
CTRL-D detected
