8 rnbqkbnr
7 pppppppp
6  _ _ _ _
5 _ _ _ _ 
4  _ _P_ _
3 _ _ _ _ 
2 PPPP PPP
1 RNBQKBNR

  abcdefgh
8 rnbqkbnr
7 ppp pppp
6  _ p _ _
5 _ _ _ _ 
4  _ _P_ _
3 _ _ _ _ 
2 PPPP PPP
1 RNBQKBNR

  abcdefgh
8 rnbqkbnr
7 ppp pppp
6  _ p _ _
5 _ _ _ _ 
4  _ PP_ _
3 _ _ _ _ 
2 PPP_ PPP
1 RNBQKBNR

  abcdefgh
8 rnbqkb r
7 ppp pppp
6  _ p n _
5 _ _ _ _ 
4  _ PP_ _
3 _ _ _ _ 
2 PPP_ PPP
1 RNBQKBNR

  abcdefgh
8 rnbqkb r
7 ppp pppp
6  _ p n _
5 _ _ _ _ 
4  _ PP_ _
3 _ N _ _ 
2 PPP_ PPP
1 R BQKBNR

  abcdefgh
8 rnbqkb r
7 ppp _ppp
6  _ ppn _
5 _ _ _ _ 
4  _ PP_ _
3 _ N _ _ 
2 PPP_ PPP
1 R BQKBNR

  abcdefgh
8 rnbqkb r
7 ppp _ppp
6  _ ppn _
5 _ _ _ _ 
4  _ PP_ _
3 _ N _ P 
2 PPP_ P P
1 R BQKBNR

  abcdefgh
8 rnbqk_ r
7 ppp bppp
6  _ ppn _
5 _ _ _ _ 
4  _ PP_ _
3 _ N _ P 
2 PPP_ P P
1 R BQKBNR

  abcdefgh
8 rnbqk_ r
7 ppp bppp
6  _ ppn _
5 _ _ _ _ 
4  _ PP_ _
3 _ N _ P 
2 PPP_ PBP
1 R BQK NR

  abcdefgh
8 rnbqk_ r
7 ppp bppp
6  _ p n _
5 _ _ p _ 
4  _ PP_ _
3 _ N _ P 
2 PPP_ PBP
1 R BQK NR

  abcdefgh
8 rnbqk_ r
7 ppp bppp
6  _ p n _
5 _ _ p _ 
4  _ PP_ _
3 _ N _NP 
2 PPP_ PBP
1 R BQK _R

  abcdefgh
8 r_bqk_ r
7 pppnbppp
6  _ p n _
5 _ _ p _ 
4  _ PP_ _
3 _ N _NP 
2 PPP_ PBP
1 R BQK _R

  abcdefgh
8 r_bqk_ r
7 pppnbppp
6  _ p n _
5 _ _ p _ 
4  _ PP_ N
3 _ N _ P 
2 PPP_ PBP
1 R BQK _R

  abcdefgh
8 r_bqk_ r
7 ppp bppp
6  n p n _
5 _ _ p _ 
4  _ PP_ N
3 _ N _ P 
2 PPP_ PBP
1 R BQK _R

  abcdefgh
8 r_bqk_ r
7 ppp bppp
6  n p n _
5 _ _ p _ 
4 P_ PP_ N
3 _ N _ P 
2  PP_ PBP
1 R BQK _R

  abcdefgh
8 r_bqk_ r
7 _pp bppp
6  n p n _
5 p _ p _ 
4 P_ PP_ N
3 _ N _ P 
2  PP_ PBP
1 R BQK _R

  abcdefgh
8 r_bqk_ r
7 _pp bppp
6  n p n _
5 p _ p _ 
4 P_ PP_ _
3 _ N _NP 
2  PP_ PBP
1 R BQK _R

  abcdefgh
8 r_bqk_ r
7 _pp bppp
6  n p n _
5 p _ _ _ 
4 P_ pP_ _
3 _ N _NP 
2  PP_ PBP
1 R BQK _R

  abcdefgh
8 r_bqk_ r
7 _pp bppp
6  n p n _
5 p _ _ _ 
4 P_ QP_ _
3 _ N _NP 
2  PP_ PBP
1 R B K _R

  abcdefgh
was here
8 r_bq rk_
7 _pp bppp
6  n p n _
5 p _ _ _ 
4 P_ QP_ _
3 _ N _NP 
2  PP_ PBP
1 R B K _R

  abcdefgh
was here
8 r_bq rk_
7 _pp bppp
6  n p n _
5 p _ _ _ 
4 P_ QP_ _
3 _ N _NP 
2  PP_ PBP
1 R B _RK 

  abcdefgh
8 r_bq rk_
7 _ppnbppp
6  n p _ _
5 p _ _ _ 
4 P_ QP_ _
3 _ N _NP 
2  PP_ PBP
1 R B _RK 

  abcdefgh
8 r_bq rk_
7 _ppnbppp
6  n p _ _
5 p _ _ _ 
4 P_ QP_ _
3 _PN _NP 
2  _P_ PBP
1 R B _RK 

  abcdefgh
8 r_bq rk_
7 _pp bppp
6  n p _ _
5 p _ n _ 
4 P_ QP_ _
3 _PN _NP 
2  _P_ PBP
1 R B _RK 

  abcdefgh
8 r_bq rk_
7 _pp bppp
6  n p _ _
5 p _ n _ 
4 P_ QP_ _
3 _PN _ P 
2  _P_ PBP
1 R B NRK 

  abcdefgh
8 r_bq rk_
7 _pp b pp
6  n p _ _
5 p _ np_ 
4 P_ QP_ _
3 _PN _ P 
2  _P_ PBP
1 R B NRK 

  abcdefgh
8 r_bq rk_
7 _pp b pp
6  n p _ _
5 p _ np_ 
4 P_ QP_ _
3 _PN _ P 
2  BP_ PBP
1 R _ NRK 

  abcdefgh
8 r_bq rk_
7 _pp b pp
6  nnp _ _
5 p _ _p_ 
4 P_ QP_ _
3 _PN _ P 
2  BP_ PBP
1 R _ NRK 

  abcdefgh
8 r_bq rk_
7 _pp b pp
6  nnp _ _
5 p _ _p_ 
4 P_ _P_ _
3 _PN _ P 
2  BPQ PBP
1 R _ NRK 

  abcdefgh
8 r_bq rk_
7 _pp b pp
6  nnp _ _
5 p _ _ _ 
4 P_ _p_ _
3 _PN _ P 
2  BPQ PBP
1 R _ NRK 

  abcdefgh
8 r_bq rk_
7 _pp b pp
6  nnp _ _
5 p _ _ _ 
4 P_ _N_ _
3 _P_ _ P 
2  BPQ PBP
1 R _ NRK 

  abcdefgh
8 r_bq rk_
7 _pp b pp
6  nn_ _ _
5 p _p_ _ 
4 P_ _N_ _
3 _P_ _ P 
2  BPQ PBP
1 R _ NRK 

  abcdefgh
8 r_bq rk_
7 _pp b pp
6  nn_ _ _
5 p _p_ _ 
4 P_ _ _ _
3 _PN _ P 
2  BPQ PBP
1 R _ NRK 

  abcdefgh
8 r_bq rk_
7 _pp b pp
6  n _ _ _
5 p _p_ _ 
4 Pn _ _ _
3 _PN _ P 
2  BPQ PBP
1 R _ NRK 

  abcdefgh
8 r_bq rk_
7 _pp b pp
6  n _ _ _
5 pN_p_ _ 
4 Pn _ _ _
3 _P_ _ P 
2  BPQ PBP
1 R _ NRK 

  abcdefgh
8 r_bq rk_
7 _p_ b pp
6  np_ _ _
5 pN_p_ _ 
4 Pn _ _ _
3 _P_ _ P 
2  BPQ PBP
1 R _ NRK 

  abcdefgh
8 r_bq rk_
7 _p_ b pp
6  np_ _ _
5 p _p_ _ 
4 Pn N _ _
3 _P_ _ P 
2  BPQ PBP
1 R _ NRK 

  abcdefgh
8 r_bqr_k_
7 _p_ b pp
6  np_ _ _
5 p _p_ _ 
4 Pn N _ _
3 _P_ _ P 
2  BPQ PBP
1 R _ NRK 

  abcdefgh
8 r_bqr_k_
7 _p_ b pp
6  np_ _ _
5 p _p_ _ 
4 Pn N _ _
3 _P_ _NP 
2  BPQ PBP
1 R _ _RK 

  abcdefgh
8 r_bqr_k_
7 _p_ b pp
6  n _ _ _
5 p pp_ _ 
4 Pn N _ _
3 _P_ _NP 
2  BPQ PBP
1 R _ _RK 

  abcdefgh
8 r_bqr_k_
7 _p_ b pp
6  n _ _ _
5 p pp_ _ 
4 Pn N _ _
3 _PP _NP 
2  B Q PBP
1 R _ _RK 

  abcdefgh
8 r_bqr_k_
7 _p_ b pp
6  nn_ _ _
5 p pp_ _ 
4 P_ N _ _
3 _PP _NP 
2  B Q PBP
1 R _ _RK 

  abcdefgh
8 r_bqr_k_
7 _p_ b pp
6  nn_ _ _
5 pNpp_ _ 
4 P_ _ _ _
3 _PP _NP 
2  B Q PBP
1 R _ _RK 

  abcdefgh
8 r_bqr_k_
7 _p_ b pp
6  nn_ _ _
5 pN_p_ _ 
4 P_p_ _ _
3 _PP _NP 
2  B Q PBP
1 R _ _RK 

  abcdefgh
8 r_bqr_k_
7 _p_ b pp
6  nn_ _ _
5 pN_p_ _ 
4 P_p_ _ _
3 _PP _NP 
2  BQ_ PBP
1 R _ _RK 

  abcdefgh
8 r_bqr_k_
7 _p_ b pp
6  nn_ _ _
5 pN_p_ _ 
4 P_ _ _ _
3 _pP _NP 
2  BQ_ PBP
1 R _ _RK 

  abcdefgh
8 r_bqr_k_
7 _p_ b pp
6  nn_ _ _
5 pN_p_ _ 
4 P_ _ _ _
3 _QP _NP 
2  B _ PBP
1 R _ _RK 

  abcdefgh
8 r_ qr_k_
7 _p_ b pp
6  nn_ _ _
5 pN_p_ _ 
4 P_ _ _b_
3 _QP _NP 
2  B _ PBP
1 R _ _RK 

  abcdefgh
8 r_ qr_k_
7 _p_ b pp
6  nn_ _ _
5 pN_p_ _ 
4 P_ _ _b_
3 _QP _NP 
2  B _ PBP
1 _ _ RRK 

  abcdefgh
8  _rqr_k_
7 _p_ b pp
6  nn_ _ _
5 pN_p_ _ 
4 P_ _ _b_
3 _QP _NP 
2  B _ PBP
1 _ _ RRK 

  abcdefgh
8  _rqr_k_
7 _p_ b pp
6  nn_ _ _
5 pN_pN _ 
4 P_ _ _b_
3 _QP _ P 
2  B _ PBP
1 _ _ RRK 

  abcdefgh
8  _rqr_k_
7 _p_ b pp
6  nn_ _ _
5 pN_pN _b
4 P_ _ _ _
3 _QP _ P 
2  B _ PBP
1 _ _ RRK 

  abcdefgh
8  _rqr_k_
7 _p_ b pp
6  nn_ _ _
5 pN_p_ _b
4 P_ _ _ _
3 _QPN_ P 
2  B _ PBP
1 _ _ RRK 

  abcdefgh
8  _rqr_k_
7 _p_ bbpp
6  nn_ _ _
5 pN_p_ _ 
4 P_ _ _ _
3 _QPN_ P 
2  B _ PBP
1 _ _ RRK 

  abcdefgh
8  _rqr_k_
7 _p_ bbpp
6  nn_ _ _
5 pN_p_ _ 
4 P_ _ N _
3 _QP _ P 
2  B _ PBP
1 _ _ RRK 

  abcdefgh
8  _rqr_k_
7 _p_ _bpp
6  nn_ _ _
5 pNbp_ _ 
4 P_ _ N _
3 _QP _ P 
2  B _ PBP
1 _ _ RRK 

  abcdefgh
8  _rqR_k_
7 _p_ _bpp
6  nn_ _ _
5 pNbp_ _ 
4 P_ _ N _
3 _QP _ P 
2  B _ PBP
1 _ _ _RK 

  abcdefgh
8  _r_q_k_
7 _p_ _bpp
6  nn_ _ _
5 pNbp_ _ 
4 P_ _ N _
3 _QP _ P 
2  B _ PBP
1 _ _ _RK 

  abcdefgh
8  _r_q_k_
7 _p_ _bpp
6  nn_ _ _
5 pNbp_ _ 
4 P_ _ N _
3 _QP _ PB
2  B _ P P
1 _ _ _RK 

  abcdefgh
8  r _q_k_
7 _p_ _bpp
6  nn_ _ _
5 pNbp_ _ 
4 P_ _ N _
3 _QP _ PB
2  B _ P P
1 _ _ _RK 

  abcdefgh
8  r _q_k_
7 _p_ _bpp
6  nn_ _ _
5 pNbp_ _ 
4 P_ _ _ _
3 _QPN_ PB
2  B _ P P
1 _ _ _RK 

  abcdefgh
8  r _ _k_
7 _p_ qbpp
6  nn_ _ _
5 pNbp_ _ 
4 P_ _ _ _
3 _QPN_ PB
2  B _ P P
1 _ _ _RK 

  abcdefgh
8  r _ _k_
7 _p_ qbpp
6  nn_ _ _
5 pNbp_ _ 
4 P_ _ _ _
3 _QPN_ PB
2  B _ P P
1 _ _ R K 

  abcdefgh
8  r _ qk_
7 _p_ _bpp
6  nn_ _ _
5 pNbp_ _ 
4 P_ _ _ _
3 _QPN_ PB
2  B _ P P
1 _ _ R K 

  abcdefgh
8  r _ qk_
7 _p_ _bpp
6  nn_ _ _
5 pNbp_ _ 
4 P_ _ _ _
3 _QPN_ PB
2  _ _ P P
1 _ B R K 

  abcdefgh
8  _ _rqk_
7 _p_ _bpp
6  nn_ _ _
5 pNbp_ _ 
4 P_ _ _ _
3 _QPN_ PB
2  _ _ P P
1 _ B R K 

  abcdefgh
8  _ _Rqk_
7 _p_ _bpp
6  nn_ _ _
5 pNbp_ _ 
4 P_ _ _ _
3 _QPN_ PB
2  _ _ P P
1 _ B _ K 

  abcdefgh
8  _ _q_k_
7 _p_ _bpp
6  nn_ _ _
5 pNbp_ _ 
4 P_ _ _ _
3 _QPN_ PB
2  _ _ P P
1 _ B _ K 

  abcdefgh
8  _ _q_k_
7 _p_ _bpp
6  nn_ _ _
5 pNNp_ _ 
4 P_ _ _ _
3 _QP _ PB
2  _ _ P P
1 _ B _ K 

  abcdefgh
8  _ _ _k_
7 _p_ _bpp
6  nn_ _ _
5 pNNp_ _ 
4 P_ _ _ _
3 _QP _ PB
2  _ _ P P
1 _ B q K 

  abcdefgh
8  _ _ _k_
7 _p_ _bpp
6  nn_ _ _
5 pNNp_ _ 
4 P_ _ _ _
3 _QP _ P 
2  _ _ P P
1 _ B qBK 

  abcdefgh
8  _ _ _k_
7 _p_ _bpp
6  nn_ _ _
5 pNNp_ _ 
4 P_ _ _ _
3 _QP _ P 
2  _ _ P P
1 _ q _BK 

  abcdefgh
8  _ _ _k_
7 _p_ _bpp
6  nn_ _ _
5 p Np_ _ 
4 P_ N _ _
3 _QP _ P 
2  _ _ P P
1 _ q _BK 

  abcdefgh
8  _ _ _k_
7 _p_ _bpp
6  n _ _ _
5 p Np_ _ 
4 P_ n _ _
3 _QP _ P 
2  _ _ P P
1 _ q _BK 

  abcdefgh
8  _ _ _k_
7 _p_ _bpp
6  n _ _ _
5 p Np_ _ 
4 P_ P _ _
3 _Q_ _ P 
2  _ _ P P
1 _ q _BK 

  abcdefgh
8  _ _ _k_
7 _p_ _bpp
6  _ _ _ _
5 p Np_ _ 
4 P_nP _ _
3 _Q_ _ P 
2  _ _ P P
1 _ q _BK 

  abcdefgh
8  _ _ _k_
7 _Q_ _bpp
6  _ _ _ _
5 p Np_ _ 
4 P_nP _ _
3 _ _ _ P 
2  _ _ P P
1 _ q _BK 

  abcdefgh
8  _ _ _k_
7 _Q_ _b_p
6  _ _ _p_
5 p Np_ _ 
4 P_nP _ _
3 _ _ _ P 
2  _ _ P P
1 _ q _BK 

  abcdefgh
8  _Q_ _k_
7 _ _ _b_p
6  _ _ _p_
5 p Np_ _ 
4 P_nP _ _
3 _ _ _ P 
2  _ _ P P
1 _ q _BK 

  abcdefgh
8  _Q_ _ _
7 _ _ _bkp
6  _ _ _p_
5 p Np_ _ 
4 P_nP _ _
3 _ _ _ P 
2  _ _ P P
1 _ q _BK 

  abcdefgh
8  _Q_ _ _
7 _ _N_bkp
6  _ _ _p_
5 p _p_ _ 
4 P_nP _ _
3 _ _ _ P 
2  _ _ P P
1 _ q _BK 

  abcdefgh
8  _Q_ _ _
7 _ _N_bkp
6  _ _ _p_
5 p _p_ _ 
4 P_nP _ _
3 q _ _ P 
2  _ _ P P
1 _ _ _BK 

  abcdefgh
8  _ Q _ _
7 _ _N_bkp
6  _ _ _p_
5 p _p_ _ 
4 P_nP _ _
3 q _ _ P 
2  _ _ P P
1 _ _ _BK 

  abcdefgh
8  _ Q _ _
7 _ _N_bkp
6  _ q _p_
5 p _p_ _ 
4 P_nP _ _
3 _ _ _ P 
2  _ _ P P
1 _ _ _BK 

  abcdefgh
8  _ Q _ _
7 _ _N_bkp
6  _ q _p_
5 p _p_ _ 
4 P_nP _ _
3 _ _ _ P 
2  _ _BP P
1 _ _ _ K 

  abcdefgh
8  _ Q _ _
7 _ _N_bk 
6  _ q _p_
5 p _p_ _p
4 P_nP _ _
3 _ _ _ P 
2  _ _BP P
1 _ _ _ K 

  abcdefgh
8  _ Q _ _
7 _ _N_bk 
6  _ q _p_
5 p _p_ _p
4 P_nP _ _
3 _ _ _ P 
2  _ _BPKP
1 _ _ _ _ 

  abcdefgh
8  _ Q _ _
7 _ _N_bk 
6  _ _q_p_
5 p _p_ _p
4 P_nP _ _
3 _ _ _ P 
2  _ _BPKP
1 _ _ _ _ 

  abcdefgh
8  _ _ Q _
7 _ _N_bk 
6  _ _q_p_
5 p _p_ _p
4 P_nP _ _
3 _ _ _ P 
2  _ _BPKP
1 _ _ _ _ 

  abcdefgh
8  _ _ Q _
7 _ _N_b_k
6  _ _q_p_
5 p _p_ _p
4 P_nP _ _
3 _ _ _ P 
2  _ _BPKP
1 _ _ _ _ 

  abcdefgh
8  _ _ Q _
7 _ _ _b_k
6  _ _q_p_
5 p Np_ _p
4 P_nP _ _
3 _ _ _ P 
2  _ _BPKP
1 _ _ _ _ 

  abcdefgh
8  _ _qQ _
7 _ _ _b_k
6  _ _ _p_
5 p Np_ _p
4 P_nP _ _
3 _ _ _ P 
2  _ _BPKP
1 _ _ _ _ 

  abcdefgh
8  _ _Q_ _
7 _ _ _b_k
6  _ _ _p_
5 p Np_ _p
4 P_nP _ _
3 _ _ _ P 
2  _ _BPKP
1 _ _ _ _ 

  abcdefgh
8  _ _b_ _
7 _ _ _ _k
6  _ _ _p_
5 p Np_ _p
4 P_nP _ _
3 _ _ _ P 
2  _ _BPKP
1 _ _ _ _ 

  abcdefgh
8  _ _b_ _
7 _ _ _ _k
6  _ _ _p_
5 p Np_ _p
4 P_BP _ _
3 _ _ _ P 
2  _ _ PKP
1 _ _ _ _ 

  abcdefgh
8  _ _b_ _
7 _ _ _ _k
6  _ _ _p_
5 p N _ _p
4 P_pP _ _
3 _ _ _ P 
2  _ _ PKP
1 _ _ _ _ 

  abcdefgh
8  _ _b_ _
7 _ _ _ _k
6  _ _ _p_
5 p N _ _p
4 P_pP _ _
3 _ _ _KP 
2  _ _ P P
1 _ _ _ _ 

  abcdefgh
8  _ _ _ _
7 _ _ _ _k
6  _b_ _p_
5 p N _ _p
4 P_pP _ _
3 _ _ _KP 
2  _ _ P P
1 _ _ _ _ 

  abcdefgh
8  _ _ _ _
7 _ _ _ _k
6  _b_ _p_
5 p N _ _p
4 P_pP _ _
3 _ _ K P 
2  _ _ P P
1 _ _ _ _ 

  abcdefgh
8  _ _ _ _
7 _ _ _ _ 
6  _b_ _pk
5 p N _ _p
4 P_pP _ _
3 _ _ K P 
2  _ _ P P
1 _ _ _ _ 

  abcdefgh
8  _ _ _ _
7 _ _ _ _ 
6  _b_ _pk
5 p N _ _p
4 P_pP _ _
3 _ _ _ P 
2  _ K P P
1 _ _ _ _ 

  abcdefgh
8  _ _ _ _
7 _ _ _ _ 
6  _b_ _p_
5 p N _ kp
4 P_pP _ _
3 _ _ _ P 
2  _ K P P
1 _ _ _ _ 

  abcdefgh
8  _ _ _ _
7 _ _ _ _ 
6  _b_ _p_
5 p N _ kp
4 P_pP _ _
3 _ K _ P 
2  _ _ P P
1 _ _ _ _ 

  abcdefgh
8  _ _ _ _
7 _ _ _ _ 
6  _ _ _p_
5 p Nb_ kp
4 P_pP _ _
3 _ K _ P 
2  _ _ P P
1 _ _ _ _ 

  abcdefgh
8  _ _ _ _
7 _ _N_ _ 
6  _ _ _p_
5 p _b_ kp
4 P_pP _ _
3 _ K _ P 
2  _ _ P P
1 _ _ _ _ 

  abcdefgh
8  _ _ _ _
7 _ _N_ _ 
6  _b_ _p_
5 p _ _ kp
4 P_pP _ _
3 _ K _ P 
2  _ _ P P
1 _ _ _ _ 

  abcdefgh
8  _ _ _ _
7 _ _ _ _ 
6  Nb_ _p_
5 p _ _ kp
4 P_pP _ _
3 _ K _ P 
2  _ _ P P
1 _ _ _ _ 

  abcdefgh
8  _ _ _ _
7 _ _ _ _ 
6  Nb_ _p_
5 p _ _ _p
4 P_pP _k_
3 _ K _ P 
2  _ _ P P
1 _ _ _ _ 

  abcdefgh
8  _ _ _ _
7 _ _ _ _ 
6  Nb_ _p_
5 p _P_ _p
4 P_p_ _k_
3 _ K _ P 
2  _ _ P P
1 _ _ _ _ 

  abcdefgh
8  _ _b_ _
7 _ _ _ _ 
6  N _ _p_
5 p _P_ _p
4 P_p_ _k_
3 _ K _ P 
2  _ _ P P
1 _ _ _ _ 

  abcdefgh
8  _ _b_ _
7 _ _ _ _ 
6  N P _p_
5 p _ _ _p
4 P_p_ _k_
3 _ K _ P 
2  _ _ P P
1 _ _ _ _ 

  abcdefgh
8  _ _b_ _
7 _ _ _ _ 
6  N P _p_
5 p _ _ _p
4 P_p_ _ _
3 _ K _ Pk
2  _ _ P P
1 _ _ _ _ 

  abcdefgh
8  _ _b_ _
7 _ _ _ _ 
6  N P _p_
5 p _ _ _p
4 P_K_ _ _
3 _ _ _ Pk
2  _ _ P P
1 _ _ _ _ 

  abcdefgh
8  _ _b_ _
7 _ _ _ _ 
6  N P _ _
5 p _ _ pp
4 P_K_ _ _
3 _ _ _ Pk
2  _ _ P P
1 _ _ _ _ 

  abcdefgh
8  _ _b_ _
7 _ _P_ _ 
6  N _ _ _
5 p _ _ pp
4 P_K_ _ _
3 _ _ _ Pk
2  _ _ P P
1 _ _ _ _ 

  abcdefgh
8  _ _ _ _
7 _ _b_ _ 
6  N _ _ _
5 p _ _ pp
4 P_K_ _ _
3 _ _ _ Pk
2  _ _ P P
1 _ _ _ _ 

  abcdefgh
8  _ _ _ _
7 _ _N_ _ 
6  _ _ _ _
5 p _ _ pp
4 P_K_ _ _
3 _ _ _ Pk
2  _ _ P P
1 _ _ _ _ 

  abcdefgh
8  _ _ _ _
7 _ _N_ _ 
6  _ _ _ _
5 p _ _ p 
4 P_K_ _ p
3 _ _ _ Pk
2  _ _ P P
1 _ _ _ _ 

  abcdefgh
8  _ _ _ _
7 _ _ _ _ 
6  _ _ N _
5 p _ _ p 
4 P_K_ _ p
3 _ _ _ Pk
2  _ _ P P
1 _ _ _ _ 

  abcdefgh
8  _ _ _ _
7 _ _ _ _ 
6  _ _ N _
5 p _ _ p 
4 P_K_ _ p
3 _ _ _ P 
2  _ _ PkP
1 _ _ _ _ 

  abcdefgh
8  _ _ _ _
7 _ _ _ _ 
6  _ _ _ _
5 p _ _ p 
4 P_K_N_ p
3 _ _ _ P 
2  _ _ PkP
1 _ _ _ _ 

  abcdefgh
8  _ _ _ _
7 _ _ _ _ 
6  _ _ _ _
5 p _ _ p 
4 P_K_N_ _
3 _ _ _ p 
2  _ _ PkP
1 _ _ _ _ 

  abcdefgh
8  _ _ _ _
7 _ _ _ _ 
6  _ _ _ _
5 p _ _ p 
4 P_K_N_ _
3 _ _ _ P 
2  _ _ Pk_
1 _ _ _ _ 

  abcdefgh
8  _ _ _ _
7 _ _ _ _ 
6  _ _ _ _
5 p _ _ _ 
4 P_K_N_p_
3 _ _ _ P 
2  _ _ Pk_
1 _ _ _ _ 

  abcdefgh
8  _ _ _ _
7 _ _ _ _ 
6  _ _ _ _
5 pK_ _ _ 
4 P_ _N_p_
3 _ _ _ P 
2  _ _ Pk_
1 _ _ _ _ 

  abcdefgh
8  _ _ _ _
7 _ _ _ _ 
6  _ _ _ _
5 pK_ _ _ 
4 P_ _N_p_
3 _ _ _ P 
2  _ _ P k
1 _ _ _ _ 

  abcdefgh
8  _ _ _ _
7 _ _ _ _ 
6  _ _ N _
5 pK_ _ _ 
4 P_ _ _p_
3 _ _ _ P 
2  _ _ P k
1 _ _ _ _ 

  abcdefgh
8  _ _ _ _
7 _ _ _ _ 
6  _ _ N _
5 pK_ _ _ 
4 P_ _ _p_
3 _ _ _ P 
2  _ _ P _
1 _ _ _ k 

  abcdefgh
8  _ _ _ _
7 _ _ _ _ 
6  _ _ _ _
5 pK_ _ _ 
4 P_ _ _N_
3 _ _ _ P 
2  _ _ P _
1 _ _ _ k 

  abcdefgh
8  _ _ _ _
7 _ _ _ _ 
6  _ _ _ _
5 pK_ _ _ 
4 P_ _ _N_
3 _ _ _ P 
2  _ _ Pk_
1 _ _ _ _ 

  abcdefgh
8  _ _ _ _
7 _ _ _ _ 
6  _ _ _ _
5 pK_ _ _ 
4 P_ _ PN_
3 _ _ _ P 
2  _ _ _k_
1 _ _ _ _ 

  abcdefgh
8  _ _ _ _
7 _ _ _ _ 
6  _ _ _ _
5 pK_ _ _ 
4 P_ _ PN_
3 _ _ _kP 
2  _ _ _ _
1 _ _ _ _ 

  abcdefgh
8  _ _ _ _
7 _ _ _ _ 
6  _ _ _ _
5 pK_ _ _ 
4 P_ _ P _
3 _ _ NkP 
2  _ _ _ _
1 _ _ _ _ 

  abcdefgh
8  _ _ _ _
7 _ _ _ _ 
6  _ _ _ _
5 pK_ _ _ 
4 P_ _kP _
3 _ _ N P 
2  _ _ _ _
1 _ _ _ _ 

  abcdefgh
8  _ _ _ _
7 _ _ _ _ 
6  _ _ _ _
5 pK_ _P_ 
4 P_ _k_ _
3 _ _ N P 
2  _ _ _ _
1 _ _ _ _ 

  abcdefgh
8  _ _ _ _
7 _ _ _ _ 
6  _ _ _ _
5 pK_ _P_ 
4 P_ k _ _
3 _ _ N P 
2  _ _ _ _
1 _ _ _ _ 

  abcdefgh
8  _ _ _ _
7 _ _ _ _ 
6  _ _ P _
5 pK_ _ _ 
4 P_ k _ _
3 _ _ N P 
2  _ _ _ _
1 _ _ _ _ 

  abcdefgh
8  _ _ _ _
7 _ _ _ _ 
6  _ _ P _
5 pK_ _ _ 
4 P_ _ _ _
3 _ _ k P 
2  _ _ _ _
1 _ _ _ _ 

  abcdefgh
8  _ _ _ _
7 _ _ _P_ 
6  _ _ _ _
5 pK_ _ _ 
4 P_ _ _ _
3 _ _ k P 
2  _ _ _ _
1 _ _ _ _ 

  abcdefgh
8  _ _ _ _
7 _ _ _P_ 
6  _ _ _ _
5 pK_ _ _ 
4 P_ _ _ _
3 _ _ _kP 
2  _ _ _ _
1 _ _ _ _ 

  abcdefgh
8  _ _ _ _
7 _ _ _P_ 
6  _ _ _ _
5 K _ _ _ 
4 P_ _ _ _
3 _ _ _kP 
2  _ _ _ _
1 _ _ _ _ 

  abcdefgh
8  _ _ _ _
7 _ _ _P_ 
6  _ _ _ _
5 K _ _ _ 
4 P_ _ _ _
3 _ _ _ P 
2  _ _k_ _
1 _ _ _ _ 

  abcdefgh
8  _ _ _ _
7 _ _ _P_ 
6  _ _ _ _
5 _K_ _ _ 
4 P_ _ _ _
3 _ _ _ P 
2  _ _k_ _
1 _ _ _ _ 

  abcdefgh
8  _ _ _ _
7 _ _ _P_ 
6  _ _ _ _
5 _K_ _ _ 
4 P_ _ _ _
3 _ _ _ P 
2  _ _ _ _
1 _ _k_ _ 

  abcdefgh
8  _ _ _ _
7 _ _ _P_ 
6  _ _ _ _
5 PK_ _ _ 
4  _ _ _ _
3 _ _ _ P 
2  _ _ _ _
1 _ _k_ _ 

  abcdefgh
8  _ _ _ _
7 _ _ _P_ 
6  _ _ _ _
5 PK_ _ _ 
4  _ _ _ _
3 _ _ _ P 
2  _ _ _ _
1 _ k _ _ 

  abcdefgh
8  _ _ _ _
7 _ _ _P_ 
6 P_ _ _ _
5 _K_ _ _ 
4  _ _ _ _
3 _ _ _ P 
2  _ _ _ _
1 _ k _ _ 

  abcdefgh
8  _ _ _ _
7 _ _ _P_ 
6 P_ _ _ _
5 _K_ _ _ 
4  _ _ _ _
3 _ _ _ P 
2  _ _ _ _
1 _k_ _ _ 

  abcdefgh
8  _ _ Q _
7 _ _ _ _ 
6 P_ _ _ _
5 _K_ _ _ 
4  _ _ _ _
3 _ _ _ P 
2  _ _ _ _
1 _k_ _ _ 

  abcdefgh
8  _ _ Q _
7 _ _ _ _ 
6 P_ _ _ _
5 _K_ _ _ 
4  _ _ _ _
3 _ _ _ P 
2  _k_ _ _
1 _ _ _ _ 

  abcdefgh
8  _ _ Q _
7 _ _ _ _ 
6 P_ _ _ _
5 _ _ _ _ 
4  _K_ _ _
3 _ _ _ P 
2  _k_ _ _
1 _ _ _ _ 

  abcdefgh
8  _ _ Q _
7 _ _ _ _ 
6 P_ _ _ _
5 _ _ _ _ 
4  _K_ _ _
3 _ _ _ P 
2  _ _ _ _
1 _k_ _ _ 

  abcdefgh
8  _ _ _ _
7 _ _ _ _ 
6 P_ _ _ _
5 _ _ _ _ 
4  _K_ _ _
3 _ _ _ P 
2  _ _ Q _
1 _k_ _ _ 

  abcdefgh
8  _ _ _ _
7 _ _ _ _ 
6 P_ _ _ _
5 _ _ _ _ 
4  _K_ _ _
3 _ _ _ P 
2  _ _ Q _
1 k _ _ _ 

  abcdefgh
8  _ _ _ _
7 _ _ _ _ 
6 P_ _ _ _
5 _ _ _ _ 
4  _ _ _ _
3 _ K _ P 
2  _ _ Q _
1 k _ _ _ 

  abcdefgh
8  _ _ _ _
7 _ _ _ _ 
6 P_ _ _ _
5 _ _ _ _ 
4  _ _ _ _
3 _ K _ P 
2  _ _ Q _
1 _k_ _ _ 

  abcdefgh
8  _ _ _ _
7 _ _ _ _ 
6 P_ _ _ _
5 _ _ _ _ 
4  _ _ _ _
3 _ K _ P 
2  Q _ _ _
1 _k_ _ _ 

  abcdefgh
CTRL-D detected
