8 rnbqkbnr
7 pppppppp
6  _ _ _ _
5 _ _ _ _ 
4  _ _P_ _
3 _ _ _ _ 
2 PPPP PPP
1 RNBQKBNR

  abcdefgh
8 rnbqkbnr
7 pppp_ppp
6  _ _p_ _
5 _ _ _ _ 
4  _ _P_ _
3 _ _ _ _ 
2 PPPP PPP
1 RNBQKBNR

  abcdefgh
8 rnbqkbnr
7 pppp_ppp
6  _ _p_ _
5 _ _ _ _ 
4  _ PP_ _
3 _ _ _ _ 
2 PPP_ PPP
1 RNBQKBNR

  abcdefgh
8 rnbqkbnr
7 ppp _ppp
6  _ _p_ _
5 _ _p_ _ 
4  _ PP_ _
3 _ _ _ _ 
2 PPP_ PPP
1 RNBQKBNR

  abcdefgh
8 rnbqkbnr
7 ppp _ppp
6  _ _p_ _
5 _ _p_ _ 
4  _ PP_ _
3 _ N _ _ 
2 PPP_ PPP
1 R BQKBNR

  abcdefgh
8 rnbqk_nr
7 ppp _ppp
6  _ _p_ _
5 _ _p_ _ 
4  b PP_ _
3 _ N _ _ 
2 PPP_ PPP
1 R BQKBNR

  abcdefgh
8 rnbqk_nr
7 ppp _ppp
6  _ _p_ _
5 _ _pP _ 
4  b P _ _
3 _ N _ _ 
2 PPP_ PPP
1 R BQKBNR

  abcdefgh
8 rnbqk_nr
7 pp_ _ppp
6  _ _p_ _
5 _ ppP _ 
4  b P _ _
3 _ N _ _ 
2 PPP_ PPP
1 R BQKBNR

  abcdefgh
8 rnbqk_nr
7 pp_ _ppp
6  _ _p_ _
5 _ ppP _ 
4  b P _ _
3 P N _ _ 
2  PP_ PPP
1 R BQKBNR

  abcdefgh
8 rnbqk_nr
7 pp_ _ppp
6  _ _p_ _
5 _ _pP _ 
4  b p _ _
3 P N _ _ 
2  PP_ PPP
1 R BQKBNR

  abcdefgh
8 rnbqk_nr
7 pp_ _ppp
6  _ _p_ _
5 _ _pP _ 
4  P p _ _
3 _ N _ _ 
2  PP_ PPP
1 R BQKBNR

  abcdefgh
8 rnbqk_nr
7 pp_ _ppp
6  _ _p_ _
5 _ _pP _ 
4  P _ _ _
3 _ p _ _ 
2  PP_ PPP
1 R BQKBNR

  abcdefgh
8 rnbqk_nr
7 pp_ _ppp
6  _ _p_ _
5 _ _pP _ 
4  P _ _Q_
3 _ p _ _ 
2  PP_ PPP
1 R B KBNR

  abcdefgh
8 rnbq knr
7 pp_ _ppp
6  _ _p_ _
5 _ _pP _ 
4  P _ _Q_
3 _ p _ _ 
2  PP_ PPP
1 R B KBNR

  abcdefgh
8 rnbq knr
7 pp_ _ppp
6  _ _p_ _
5 _P_pP _ 
4  _ _ _Q_
3 _ p _ _ 
2  PP_ PPP
1 R B KBNR

  abcdefgh
8 rnb_ knr
7 ppq _ppp
6  _ _p_ _
5 _P_pP _ 
4  _ _ _Q_
3 _ p _ _ 
2  PP_ PPP
1 R B KBNR

  abcdefgh
8 rnb_ knr
7 ppq _ppp
6  _ _p_ _
5 _P_pP _ 
4  _ _ _Q_
3 _ p _N_ 
2  PP_ PPP
1 R B KB_R

  abcdefgh
8 r_b_ knr
7 ppqn_ppp
6  _ _p_ _
5 _P_pP _ 
4  _ _ _Q_
3 _ p _N_ 
2  PP_ PPP
1 R B KB_R

  abcdefgh
8 r_b_ knr
7 ppqn_ppp
6  _ _p_ _
5 _P_pP _ 
4  _ Q _ _
3 _ p _N_ 
2  PP_ PPP
1 R B KB_R

  abcdefgh
8 r_b_ knr
7 ppqn_ pp
6  _ _pp _
5 _P_pP _ 
4  _ Q _ _
3 _ p _N_ 
2  PP_ PPP
1 R B KB_R

  abcdefgh
8 r_b_ knr
7 ppqn_ pp
6  _ _pP _
5 _P_p_ _ 
4  _ Q _ _
3 _ p _N_ 
2  PP_ PPP
1 R B KB_R

  abcdefgh
8 r_b_ knr
7 ppqn_ _p
6  _ _pp _
5 _P_p_ _ 
4  _ Q _ _
3 _ p _N_ 
2  PP_ PPP
1 R B KB_R

  abcdefgh
8 r_b_ knr
7 ppqn_ _p
6  _ _pp _
5 _P_p_ _ 
4  _ Q _ _
3 R p _N_ 
2  PP_ PPP
1 _ B KB_R

  abcdefgh
8 r_b_ knr
7 ppqn_ _p
6  _ _ p _
5 _P_pp _ 
4  _ Q _ _
3 R p _N_ 
2  PP_ PPP
1 _ B KB_R

  abcdefgh
8 r_b_ knr
7 ppqn_ _p
6  _ _ p _
5 _P_Qp _ 
4  _ _ _ _
3 R p _N_ 
2  PP_ PPP
1 _ B KB_R

  abcdefgh
8 r_b_ knr
7 ppqn_ _p
6  _ _ p _
5 _P_Qp _ 
4  _ _ _ _
3 R _ _N_ 
2  pP_ PPP
1 _ B KB_R

  abcdefgh
8 r_b_ knr
7 ppqn_ _p
6  _ _ p _
5 _P_Qp _ 
4  _ _ _ _
3 R _ _N_ 
2  BP_ PPP
1 _ _ KB_R

  abcdefgh
8 r_b_ k r
7 ppqnn _p
6  _ _ p _
5 _P_Qp _ 
4  _ _ _ _
3 R _ _N_ 
2  BP_ PPP
1 _ _ KB_R

  abcdefgh
8 r_b_ k r
7 ppqnn _p
6  _ _ p _
5 _P_ p _ 
4  _ _ _ _
3 R _ _N_ 
2  BPQ PPP
1 _ _ KB_R

  abcdefgh
8 r_b_ _ r
7 ppqnn kp
6  _ _ p _
5 _P_ p _ 
4  _ _ _ _
3 R _ _N_ 
2  BPQ PPP
1 _ _ KB_R

  abcdefgh
8 r_b_ _ r
7 ppqnn kp
6  _ _ p _
5 _P_ p _ 
4  _ _ _P_
3 R _ _N_ 
2  BPQ P P
1 _ _ KB_R

  abcdefgh
8 r_b_r_ _
7 ppqnn kp
6  _ _ p _
5 _P_ p _ 
4  _ _ _P_
3 R _ _N_ 
2  BPQ P P
1 _ _ KB_R

  abcdefgh
8 r_b_r_ _
7 ppqnn kp
6  _ _ p _
5 _P_ p P 
4  _ _ _ _
3 R _ _N_ 
2  BPQ P P
1 _ _ KB_R

  abcdefgh
8 r_b_r_ _
7 ppqn_ kp
6  _ _ pn_
5 _P_ p P 
4  _ _ _ _
3 R _ _N_ 
2  BPQ P P
1 _ _ KB_R

  abcdefgh
8 r_b_r_ _
7 ppqn_ kp
6  _ _ pn_
5 _P_ p P 
4  _ _ _ P
3 R _ _N_ 
2  BPQ P _
1 _ _ KB_R

  abcdefgh
8 r_b_r_ k
7 ppqn_ _p
6  _ _ pn_
5 _P_ p P 
4  _ _ _ P
3 R _ _N_ 
2  BPQ P _
1 _ _ KB_R

  abcdefgh
8 r_b_r_ k
7 ppqn_ _p
6  _ _ pn_
5 _P_ p PP
4  _ _ _ _
3 R _ _N_ 
2  BPQ P _
1 _ _ KB_R

  abcdefgh
8 r_b_r_ k
7 ppqn_ _p
6  _ _ p _
5 _P_ p PP
4  _ _ n _
3 R _ _N_ 
2  BPQ P _
1 _ _ KB_R

  abcdefgh
8 r_b_r_ k
7 ppqn_ _p
6  _ _ p _
5 _P_ p PP
4  _ _ n _
3 R _ _N_ 
2  BPQ P _
1 _ _ KBR 

  abcdefgh
8 r_b_r_ k
7 ppqn_ _ 
6  _ _ p p
5 _P_ p PP
4  _ _ n _
3 R _ _N_ 
2  BPQ P _
1 _ _ KBR 

  abcdefgh
8 r_b_r_ k
7 ppqn_ _ 
6  _ _ P p
5 _P_ p _P
4  _ _ n _
3 R _ _N_ 
2  BPQ P _
1 _ _ KBR 

  abcdefgh
8 r_b_r_ k
7 ppq _ _ 
6  _ _ n p
5 _P_ p _P
4  _ _ n _
3 R _ _N_ 
2  BPQ P _
1 _ _ KBR 

  abcdefgh
8 r_b_r_ k
7 ppq _ _ 
6  _ _ n p
5 _P_ p _P
4  _ _ n _
3 _ _ RN_ 
2  BPQ P _
1 _ _ KBR 

  abcdefgh
8 r_ _r_ k
7 ppq _ _ 
6  _ _ n p
5 _P_ pb_P
4  _ _ n _
3 _ _ RN_ 
2  BPQ P _
1 _ _ KBR 

  abcdefgh
8 r_ _r_ k
7 ppq _ _ 
6  _ _ n p
5 _P_ Rb_P
4  _ _ n _
3 _ _ _N_ 
2  BPQ P _
1 _ _ KBR 

  abcdefgh
8 r_ _r_ _
7 ppq _ _k
6  _ _ n p
5 _P_ Rb_P
4  _ _ n _
3 _ _ _N_ 
2  BPQ P _
1 _ _ KBR 

  abcdefgh
8 r_ _r_ _
7 ppq _ _k
6  _ _ n p
5 _P_ Rb_P
4  _ _ Q _
3 _ _ _N_ 
2  BP_ P _
1 _ _ KBR 

  abcdefgh
8 r_ _r_ _
7 pp_ _ _k
6  _ _ n p
5 _P_ Rb_P
4  _ _ Q _
3 _ _ _N_ 
2  Bq_ P _
1 _ _ KBR 

  abcdefgh
8 r_ _r_ _
7 pp_ _ _k
6  _ _ n p
5 _P_ Rb_P
4  _ _ Q _
3 _ _ _N_ 
2  Bq_BP _
1 _ _ K R 

  abcdefgh
8 r_ _ _ _
7 pp_ _ _k
6  _ _ n p
5 _P_ rb_P
4  _ _ Q _
3 _ _ _N_ 
2  Bq_BP _
1 _ _ K R 

  abcdefgh
8 r_ _ _ _
7 pp_ _ _k
6  _ _ n p
5 _P_ Nb_P
4  _ _ Q _
3 _ _ _ _ 
2  Bq_BP _
1 _ _ K R 

  abcdefgh
8  _ _r_ _
7 pp_ _ _k
6  _ _ n p
5 _P_ Nb_P
4  _ _ Q _
3 _ _ _ _ 
2  Bq_BP _
1 _ _ K R 

  abcdefgh
8  _ _r_ _
7 pp_ _ _k
6  _ _ n p
5 _P_ Nb_P
4  _ _ Q _
3 _ _ _P_ 
2  Bq_B_ _
1 _ _ K R 

  abcdefgh
8  _ _r_ _
7 pp_ _ _k
6  _ _ _ p
5 _P_ Nb_n
4  _ _ Q _
3 _ _ _P_ 
2  Bq_B_ _
1 _ _ K R 

  abcdefgh
8  _ _r_ _
7 pp_ _ _k
6  _ _ _ p
5 _P_ Nb_n
4  _ Q _ _
3 _ _ _P_ 
2  Bq_B_ _
1 _ _ K R 

  abcdefgh
8  _ _r_ _
7 pp_ _ _k
6  _ _ n p
5 _P_ Nb_ 
4  _ Q _ _
3 _ _ _P_ 
2  Bq_B_ _
1 _ _ K R 

  abcdefgh
8  _ _r_ _
7 pp_ _ _k
6  _ _ n p
5 _P_ Nb_ 
4  _ Q _ _
3 _ _ _P_ 
2  Bq_BK _
1 _ _ _ R 

  abcdefgh
8  _r_ _ _
7 pp_ _ _k
6  _ _ n p
5 _P_ Nb_ 
4  _ Q _ _
3 _ _ _P_ 
2  Bq_BK _
1 _ _ _ R 

  abcdefgh
8  _r_ _ _
7 pp_N_ _k
6  _ _ n p
5 _P_ _b_ 
4  _ Q _ _
3 _ _ _P_ 
2  Bq_BK _
1 _ _ _ R 

  abcdefgh
8  _r_ _ _
7 pp_N_ _k
6  _ _ n p
5 _P_ _b_ 
4  _ Q _ _
3 _ _ _P_ 
2  B _qK _
1 _ _ _ R 

  abcdefgh
8  _r_ _ _
7 pp_N_ _k
6  _ _ n p
5 _P_ _b_ 
4  _ Q _ _
3 _ _ _P_ 
2  B _K_ _
1 _ _ _ R 

  abcdefgh
8  _ _ _ _
7 pp_N_ _k
6  _ _ n p
5 _P_ _b_ 
4  _ Q _ _
3 _ _ _P_ 
2  Br_K_ _
1 _ _ _ R 

  abcdefgh
8  _ _ _ _
7 pp_N_ _k
6  _ _ n p
5 _P_ _b_ 
4  _ Q _ _
3 _ _ KP_ 
2  Br_ _ _
1 _ _ _ R 

  abcdefgh
8  _ _ _ _
7 pp_N_ _k
6  _ _ n p
5 _P_ _b_ 
4  _ Q _ _
3 _ r KP_ 
2  B _ _ _
1 _ _ _ R 

  abcdefgh
8  _ _ _ _
7 pp_N_ _k
6  _ _ n p
5 _P_ _b_ 
4  _ Q _ _
3 _ B KP_ 
2  _ _ _ _
1 _ _ _ R 

  abcdefgh
8  _ _ _ _
7 pp_N_ _k
6  _ _ _ p
5 _P_n_b_ 
4  _ Q _ _
3 _ B KP_ 
2  _ _ _ _
1 _ _ _ R 

  abcdefgh
8  _ _ _ _
7 pp_N_ _k
6  _ _ _ p
5 _P_Q_b_ 
4  _ _ _ _
3 _ B KP_ 
2  _ _ _ _
1 _ _ _ R 

  abcdefgh
8  _ _ _ _
7 pp_N_ _k
6  _ _ _ _
5 _P_Q_b_p
4  _ _ _ _
3 _ B KP_ 
2  _ _ _ _
1 _ _ _ R 

  abcdefgh
8  _ _ _ _
7 pp_N_ _k
6  _ _ _ _
5 _P_ _Q_p
4  _ _ _ _
3 _ B KP_ 
2  _ _ _ _
1 _ _ _ R 

  abcdefgh
8  _ _ _ _
7 pp_N_ _ 
6  _ _ _ k
5 _P_ _Q_p
4  _ _ _ _
3 _ B KP_ 
2  _ _ _ _
1 _ _ _ R 

  abcdefgh
8  _ _ _ _
7 pp_N_ B 
6  _ _ _ k
5 _P_ _Q_p
4  _ _ _ _
3 _ _ KP_ 
2  _ _ _ _
1 _ _ _ R 

  abcdefgh
CTRL-D detected
