8 rnbqkbnr
7 pppppppp
6  _ _ _ _
5 _ _ _ _ 
4  _ _P_ _
3 _ _ _ _ 
2 PPPP PPP
1 RNBQKBNR

  abcdefgh
8 rnbqkbnr
7 pppp_ppp
6  _ _p_ _
5 _ _ _ _ 
4  _ _P_ _
3 _ _ _ _ 
2 PPPP PPP
1 RNBQKBNR

  abcdefgh
8 rnbqkbnr
7 pppp_ppp
6  _ _p_ _
5 _ _ _ _ 
4  _ PP_ _
3 _ _ _ _ 
2 PPP_ PPP
1 RNBQKBNR

  abcdefgh
8 rnbqkbnr
7 ppp _ppp
6  _ _p_ _
5 _ _p_ _ 
4  _ PP_ _
3 _ _ _ _ 
2 PPP_ PPP
1 RNBQKBNR

  abcdefgh
8 rnbqkbnr
7 ppp _ppp
6  _ _p_ _
5 _ _p_ _ 
4  _ PP_ _
3 _ N _ _ 
2 PPP_ PPP
1 R BQKBNR

  abcdefgh
8 rnbqkbnr
7 ppp _ppp
6  _ _p_ _
5 _ _ _ _ 
4  _ Pp_ _
3 _ N _ _ 
2 PPP_ PPP
1 R BQKBNR

  abcdefgh
8 rnbqkbnr
7 ppp _ppp
6  _ _p_ _
5 _ _ _ _ 
4  _ PN_ _
3 _ _ _ _ 
2 PPP_ PPP
1 R BQKBNR

  abcdefgh
8 rn qkbnr
7 pppb_ppp
6  _ _p_ _
5 _ _ _ _ 
4  _ PN_ _
3 _ _ _ _ 
2 PPP_ PPP
1 R BQKBNR

  abcdefgh
8 rn qkbnr
7 pppb_ppp
6  _ _p_ _
5 _ _ _ _ 
4  _ PN_ _
3 _ _ _N_ 
2 PPP_ PPP
1 R BQKB_R

  abcdefgh
8 rn qkbnr
7 ppp _ppp
6  _b_p_ _
5 _ _ _ _ 
4  _ PN_ _
3 _ _ _N_ 
2 PPP_ PPP
1 R BQKB_R

  abcdefgh
8 rn qkbnr
7 ppp _ppp
6  _b_p_ _
5 _ _ _ _ 
4  _ PN_ _
3 _ _B_N_ 
2 PPP_ PPP
1 R BQK _R

  abcdefgh
8 rn qk_nr
7 ppp bppp
6  _b_p_ _
5 _ _ _ _ 
4  _ PN_ _
3 _ _B_N_ 
2 PPP_ PPP
1 R BQK _R

  abcdefgh
8 rn qk_nr
7 ppp bppp
6  _b_p_ _
5 _ _ _ _ 
4  _ PN_ _
3 _ PB_N_ 
2 PP _ PPP
1 R BQK _R

  abcdefgh
8 rn qk_ r
7 ppp bppp
6  _b_pn _
5 _ _ _ _ 
4  _ PN_ _
3 _ PB_N_ 
2 PP _ PPP
1 R BQK _R

  abcdefgh
8 rn qk_ r
7 ppp bppp
6  _b_pN _
5 _ _ _ _ 
4  _ P _ _
3 _ PB_N_ 
2 PP _ PPP
1 R BQK _R

  abcdefgh
8 rn qk_ r
7 ppp _ppp
6  _b_pb _
5 _ _ _ _ 
4  _ P _ _
3 _ PB_N_ 
2 PP _ PPP
1 R BQK _R

  abcdefgh
8 rn qk_ r
7 ppp _ppp
6  _b_pb _
5 _ _ _ _ 
4  _ P B _
3 _ PB_N_ 
2 PP _ PPP
1 R _QK _R

  abcdefgh
8 r_ qk_ r
7 pppn_ppp
6  _b_pb _
5 _ _ _ _ 
4  _ P B _
3 _ PB_N_ 
2 PP _ PPP
1 R _QK _R

  abcdefgh
8 r_ qk_ r
7 pppn_ppp
6  _b_pb _
5 _ _ _ _ 
4  _ P B _
3 _ PB_N_ 
2 PP _QPPP
1 R _ K _R

  abcdefgh
8 r_ qk_ r
7 pppn_ppp
6  _ _pb _
5 _ _b_ _ 
4  _ P B _
3 _ PB_N_ 
2 PP _QPPP
1 R _ K _R

  abcdefgh
8 r_ qk_ r
7 pppn_ppp
6  _ _pb _
5 _ _b_ _ 
4  _ P B P
3 _ PB_N_ 
2 PP _QPP_
1 R _ K _R

  abcdefgh
8 r_ qk_ r
7 pp_n_ppp
6  _p_pb _
5 _ _b_ _ 
4  _ P B P
3 _ PB_N_ 
2 PP _QPP_
1 R _ K _R

  abcdefgh
8 r_ qk_ r
7 pp_n_ppp
6  _p_pb _
5 _ _b_ _P
4  _ P B _
3 _ PB_N_ 
2 PP _QPP_
1 R _ K _R

  abcdefgh
8 r_ qk_ r
7 pp_n_pp 
6  _p_pb p
5 _ _b_ _P
4  _ P B _
3 _ PB_N_ 
2 PP _QPP_
1 R _ K _R

  abcdefgh
8 r_ qk_ r
7 pp_n_pp 
6  _p_pb p
5 _ _b_ _P
4  _ P B _
3 _ PB_N_R
2 PP _QPP_
1 R _ K _ 

  abcdefgh
8  _rqk_ r
7 pp_n_pp 
6  _p_pb p
5 _ _b_ _P
4  _ P B _
3 _ PB_N_R
2 PP _QPP_
1 R _ K _ 

  abcdefgh
8  _rqk_ r
7 pp_n_pp 
6  _p_pb p
5 _ _b_ _P
4  _ P B _
3 _ PB_NR 
2 PP _QPP_
1 R _ K _ 

  abcdefgh
8  _rqk_ r
7 pp_n_pp 
6  _p_pb p
5 _ _ _ _P
4  _ P B _
3 _ PB_bR 
2 PP _QPP_
1 R _ K _ 

  abcdefgh
8  _rqk_ r
7 pp_n_pp 
6  _p_pb p
5 _ _ _ _P
4  _ P B _
3 _ PB_QR 
2 PP _ PP_
1 R _ K _ 

  abcdefgh
8  _rqk_ r
7 pp_n_pp 
6  _p_p_ p
5 _ _ _ bP
4  _ P B _
3 _ PB_QR 
2 PP _ PP_
1 R _ K _ 

  abcdefgh
8  _rqk_ r
7 pp_n_pp 
6  _p_p_ p
5 _ _ _ BP
4  _ P _ _
3 _ PB_QR 
2 PP _ PP_
1 R _ K _ 

  abcdefgh
8  _rqk_ r
7 pp_n_pp 
6  _p_p_ _
5 _ _ _ pP
4  _ P _ _
3 _ PB_QR 
2 PP _ PP_
1 R _ K _ 

  abcdefgh
8  _rqk_ r
7 pp_n_pp 
6  _p_p_ _
5 _ _ _ pP
4  _ P _ _
3 _ P _QR 
2 PP _BPP_
1 R _ K _ 

  abcdefgh
8  _rqkn r
7 pp_ _pp 
6  _p_p_ _
5 _ _ _ pP
4  _ P _ _
3 _ P _QR 
2 PP _BPP_
1 R _ K _ 

  abcdefgh
8  _rqkn r
7 pp_ _pp 
6  _p_p_ _
5 _ _ _ pP
4  _ P _ _
3 _ P Q R 
2 PP _BPP_
1 R _ K _ 

  abcdefgh
8  _rqk_ r
7 pp_ _ppn
6  _p_p_ _
5 _ _ _ pP
4  _ P _ _
3 _ P Q R 
2 PP _BPP_
1 R _ K _ 

  abcdefgh
was here
8  _rqk_ r
7 pp_ _ppn
6  _p_p_ _
5 _ _ _ pP
4  _ P _ _
3 _ P Q R 
2 PP _BPP_
1 _ KR_ _ 

  abcdefgh
8  _r_k_ r
7 pp_ _ppn
6  _pqp_ _
5 _ _ _ pP
4  _ P _ _
3 _ P Q R 
2 PP _BPP_
1 _ KR_ _ 

  abcdefgh
8  _r_k_ r
7 pp_ _ppn
6  _pqp_ _
5 _ _ _ pP
4  _ P _ _
3 _ PBQ R 
2 PP _ PP_
1 _ KR_ _ 

  abcdefgh
8  _r_k_ r
7 pp_ _ppn
6  _p_p_ _
5 _ _ _ pP
4  _ P q _
3 _ PBQ R 
2 PP _ PP_
1 _ KR_ _ 

  abcdefgh
8  _r_k_ r
7 pp_ _ppB
6  _p_p_ _
5 _ _ _ pP
4  _ P q _
3 _ P Q R 
2 PP _ PP_
1 _ KR_ _ 

  abcdefgh
8  _r_k_ _
7 pp_ _ppr
6  _p_p_ _
5 _ _ _ pP
4  _ P q _
3 _ P Q R 
2 PP _ PP_
1 _ KR_ _ 

  abcdefgh
8  _r_k_ _
7 pp_ _ppr
6  _p_p_ _
5 _ _ _ RP
4  _ P q _
3 _ P Q _ 
2 PP _ PP_
1 _ KR_ _ 

  abcdefgh
8  _r_k_ _
7 pp_ _ppr
6  _p_p_ _
5 _ _ _ RP
4  _ P _ _
3 _ P q _ 
2 PP _ PP_
1 _ KR_ _ 

  abcdefgh
8  _r_k_ _
7 pp_ _ppr
6  _p_p_ _
5 _ _ _ RP
4  _ P _ _
3 _ P P _ 
2 PP _ _P_
1 _ KR_ _ 

  abcdefgh
8  _r_ _ _
7 pp_ kppr
6  _p_p_ _
5 _ _ _ RP
4  _ P _ _
3 _ P P _ 
2 PP _ _P_
1 _ KR_ _ 

  abcdefgh
8  _r_ _ _
7 pp_ kppr
6  _p_p_ _
5 _ _ _ RP
4  _ PP_ _
3 _ P _ _ 
2 PP _ _P_
1 _ KR_ _ 

  abcdefgh
8  _r_ _ _
7 pp_ kppr
6  _ _p_ _
5 _ p _ RP
4  _ PP_ _
3 _ P _ _ 
2 PP _ _P_
1 _ KR_ _ 

  abcdefgh
8  _r_ _ _
7 pp_ kppr
6  _ _p_ _
5 _ p _ RP
4  _ PP_ _
3 _ P _ _ 
2 PPK_ _P_
1 _ _R_ _ 

  abcdefgh
8  _r_ _ _
7 p _ kppr
6  p _p_ _
5 _ p _ RP
4  _ PP_ _
3 _ P _ _ 
2 PPK_ _P_
1 _ _R_ _ 

  abcdefgh
8  _r_ _ _
7 p _ kppr
6  p _p_ _
5 _ p P RP
4  _ P _ _
3 _ P _ _ 
2 PPK_ _P_
1 _ _R_ _ 

  abcdefgh
8  _r_ _ _
7 p _ kppr
6  p _p_ _
5 _ _ P RP
4  _ p _ _
3 _ P _ _ 
2 PPK_ _P_
1 _ _R_ _ 

  abcdefgh
8  _r_ _ _
7 p _ kppr
6  p _p_ _
5 _ _ P RP
4  _ R _ _
3 _ P _ _ 
2 PPK_ _P_
1 _ _ _ _ 

  abcdefgh
8  _r_ _ _
7 p _ k pr
6  p _pp _
5 _ _ P RP
4  _ R _ _
3 _ P _ _ 
2 PPK_ _P_
1 _ _ _ _ 

  abcdefgh
8  _r_ _ _
7 p _ k pr
6  p _ppR_
5 _ _ P _P
4  _ R _ _
3 _ P _ _ 
2 PPK_ _P_
1 _ _ _ _ 

  abcdefgh
8  _r_ _ _
7 p _ k pr
6  p _p_R_
5 _ _ p _P
4  _ R _ _
3 _ P _ _ 
2 PPK_ _P_
1 _ _ _ _ 

  abcdefgh
8  _r_ _ _
7 p _ k pr
6  p _p_R_
5 _ _ p _P
4 R_ _ _ _
3 _ P _ _ 
2 PPK_ _P_
1 _ _ _ _ 

  abcdefgh
8  _r_ _ _
7 _ _ k pr
6  p _p_R_
5 p _ p _P
4 R_ _ _ _
3 _ P _ _ 
2 PPK_ _P_
1 _ _ _ _ 

  abcdefgh
8  _r_ _ _
7 _ _ k pr
6  p _p_R_
5 p _ p _P
4 R_ _ _P_
3 _ P _ _ 
2 PPK_ _ _
1 _ _ _ _ 

  abcdefgh
8  _ _ _ _
7 _ _ k pr
6  p _p_R_
5 p r p _P
4 R_ _ _P_
3 _ P _ _ 
2 PPK_ _ _
1 _ _ _ _ 

  abcdefgh
8  _ _ _ _
7 _ _ k pr
6  p _p_R_
5 p r p _P
4 R_ _ _P_
3 P P _ _ 
2  PK_ _ _
1 _ _ _ _ 

  abcdefgh
8  _ _ _ _
7 _ _ _kpr
6  p _p_R_
5 p r p _P
4 R_ _ _P_
3 P P _ _ 
2  PK_ _ _
1 _ _ _ _ 

  abcdefgh
8  _ _ _ _
7 _ _ _kpr
6  p _p_R_
5 p r p _P
4  _ _R_P_
3 P P _ _ 
2  PK_ _ _
1 _ _ _ _ 

  abcdefgh
8  _ _ _ _
7 _ _ _kp 
6  p _p_Rr
5 p r p _P
4  _ _R_P_
3 P P _ _ 
2  PK_ _ _
1 _ _ _ _ 

  abcdefgh
8  _ _ _ _
7 _ _ _kp 
6  p _p_ R
5 p r p _P
4  _ _R_P_
3 P P _ _ 
2  PK_ _ _
1 _ _ _ _ 

  abcdefgh
8  _ _ _ _
7 _ _ _k_ 
6  p _p_ p
5 p r p _P
4  _ _R_P_
3 P P _ _ 
2  PK_ _ _
1 _ _ _ _ 

  abcdefgh
8  _ _ _ _
7 _ _ _k_ 
6  p _p_ p
5 p r p _P
4  P _R_P_
3 P P _ _ 
2  _K_ _ _
1 _ _ _ _ 

  abcdefgh
8  _ _ _ _
7 _ _ _k_ 
6  p _p_ p
5 _ r p _P
4  p _R_P_
3 P P _ _ 
2  _K_ _ _
1 _ _ _ _ 

  abcdefgh
8  _ _ _ _
7 _ _ _k_ 
6  p _p_ p
5 _ r p _P
4  P _R_P_
3 _ P _ _ 
2  _K_ _ _
1 _ _ _ _ 

  abcdefgh
8  _ _ _ _
7 _ _ _k_ 
6  p _p_ p
5 _ _rp _P
4  P _R_P_
3 _ P _ _ 
2  _K_ _ _
1 _ _ _ _ 

  abcdefgh
8  _ _ _ _
7 _ _ _k_ 
6  p _p_ p
5 _ _rp _P
4  PP_R_P_
3 _ _ _ _ 
2  _K_ _ _
1 _ _ _ _ 

  abcdefgh
8  _ _ _ _
7 _ _r_k_ 
6  p _p_ p
5 _ _ p _P
4  PP_R_P_
3 _ _ _ _ 
2  _K_ _ _
1 _ _ _ _ 

  abcdefgh
8  _ _ _ _
7 _ _r_k_ 
6  p _p_ p
5 _ _ p _P
4  PP_R_P_
3 _K_ _ _ 
2  _ _ _ _
1 _ _ _ _ 

  abcdefgh
8  _ _ _ _
7 _ _r_ _ 
6  p _pk p
5 _ _ p _P
4  PP_R_P_
3 _K_ _ _ 
2  _ _ _ _
1 _ _ _ _ 

  abcdefgh
8  _ _ _ _
7 _ _r_ _ 
6  p _pk p
5 _ _ p _P
4 KPP_R_P_
3 _ _ _ _ 
2  _ _ _ _
1 _ _ _ _ 

  abcdefgh
8  _ r _ _
7 _ _ _ _ 
6  p _pk p
5 _ _ p _P
4 KPP_R_P_
3 _ _ _ _ 
2  _ _ _ _
1 _ _ _ _ 

  abcdefgh
8  _ r _ _
7 _ _ _ _ 
6  p _pk p
5 _ _ p _P
4 KPP_ _P_
3 _ _ _ _ 
2  _ _ _ _
1 _ _ R _ 

  abcdefgh
8  _ _ _ _
7 _ _ _ _ 
6  p _pk p
5 _ _ p _P
4 KPPr _P_
3 _ _ _ _ 
2  _ _ _ _
1 _ _ R _ 

  abcdefgh
8  _ _ _ _
7 _ _ _ _ 
6  p _pk p
5 _K_ p _P
4  PPr _P_
3 _ _ _ _ 
2  _ _ _ _
1 _ _ R _ 

  abcdefgh
8  _ _ _ _
7 _ _ _ _ 
6  p _pk p
5 _K_ _ _P
4  PPrp_P_
3 _ _ _ _ 
2  _ _ _ _
1 _ _ R _ 

  abcdefgh
8  _ _ _ _
7 _ _ _ _ 
6  p _pk p
5 _KP _ _P
4  P rp_P_
3 _ _ _ _ 
2  _ _ _ _
1 _ _ R _ 

  abcdefgh
8  _ _ _ _
7 _ _ _ _ 
6  _ _pk p
5 _Kp _ _P
4  P rp_P_
3 _ _ _ _ 
2  _ _ _ _
1 _ _ R _ 

  abcdefgh
8  _ _ _ _
7 _ _ _ _ 
6  _ _pk p
5 _KP _ _P
4  _ rp_P_
3 _ _ _ _ 
2  _ _ _ _
1 _ _ R _ 

  abcdefgh
8  _ _ _ _
7 _ _ _ _ 
6  _ _p_ p
5 _KP k _P
4  _ rp_P_
3 _ _ _ _ 
2  _ _ _ _
1 _ _ R _ 

  abcdefgh
8  _ _ _ _
7 _ _ _ _ 
6  _ _p_ p
5 _KP k PP
4  _ rp_ _
3 _ _ _ _ 
2  _ _ _ _
1 _ _ R _ 

  abcdefgh
8  _ _ _ _
7 _ _ _ _ 
6  _ _p_ _
5 _KP k pP
4  _ rp_ _
3 _ _ _ _ 
2  _ _ _ _
1 _ _ R _ 

  abcdefgh
8  _ _ _ _
7 _ _ _ _ 
6  _ _p_ _
5 _KP k pP
4  _ rp_ _
3 _ _ _ _ 
2  _ _ _ _
1 _ _ _ _R

  abcdefgh
8  _ _ _ _
7 _ _ _ _ 
6  _ _p_ _
5 _KP k pP
4  _ r _ _
3 _ _ p _ 
2  _ _ _ _
1 _ _ _ _R

  abcdefgh
8  _ _ _ _
7 _ _ _ _ 
6  _P_p_ _
5 _K_ k pP
4  _ r _ _
3 _ _ p _ 
2  _ _ _ _
1 _ _ _ _R

  abcdefgh
8  _ _ _ _
7 _ _ _ _ 
6  _P_p_ _
5 _K_ k pP
4  _ _ _ r
3 _ _ p _ 
2  _ _ _ _
1 _ _ _ _R

  abcdefgh
8  _ _ _ _
7 _ _ _ _ 
6  _P_p_ _
5 _K_ k pP
4  _ _ _ R
3 _ _ p _ 
2  _ _ _ _
1 _ _ _ _ 

  abcdefgh
8  _ _ _ _
7 _ _ _ _ 
6  _P_p_ _
5 _K_ k _P
4  _ _ _ p
3 _ _ p _ 
2  _ _ _ _
1 _ _ _ _ 

  abcdefgh
8  _ _ _ _
7 _ _ _ _ 
6  _P_p_ P
5 _K_ k _ 
4  _ _ _ p
3 _ _ p _ 
2  _ _ _ _
1 _ _ _ _ 

  abcdefgh
8  _ _ _ _
7 _ _ _ _ 
6  _P_p_ P
5 _K_ k _ 
4  _ _ _ p
3 _ _ _ _ 
2  _ _p_ _
1 _ _ _ _ 

  abcdefgh
8  _ _ _ _
7 _ _ _ _P
6  _P_p_ _
5 _K_ k _ 
4  _ _ _ p
3 _ _ _ _ 
2  _ _p_ _
1 _ _ _ _ 

  abcdefgh
8  _ _ _ _
7 _ _ _ _P
6  _P_p_ _
5 _K_ _ _ 
4  _ _ k p
3 _ _ _ _ 
2  _ _p_ _
1 _ _ _ _ 

  abcdefgh
8  _ _ _ Q
7 _ _ _ _ 
6  _P_p_ _
5 _K_ _ _ 
4  _ _ k p
3 _ _ _ _ 
2  _ _p_ _
1 _ _ _ _ 

  abcdefgh
8  _ _ _ Q
7 _ _ _ _ 
6  _P_p_ _
5 _K_ _ _ 
4  _ _ k p
3 _ _ _ _ 
2  _ _ _ _
1 _ _ q _ 

  abcdefgh
8  _ _ _ _
7 _ _ _ _ 
6  _P_p_ _
5 _K_ _ _ 
4  _ Q k p
3 _ _ _ _ 
2  _ _ _ _
1 _ _ q _ 

  abcdefgh
8  _ _ _ _
7 _ _ _ _ 
6  _P_p_ _
5 _K_ _ _ 
4  _ Q _ p
3 _ _ _ k 
2  _ _ _ _
1 _ _ q _ 

  abcdefgh
8  _ _ _ _
7 _ P _ _ 
6  _ _p_ _
5 _K_ _ _ 
4  _ Q _ p
3 _ _ _ k 
2  _ _ _ _
1 _ _ q _ 

  abcdefgh
8  _ _ _ _
7 _ P _ _ 
6  _ _p_ _
5 _K_ _ _ 
4  _ Q _ p
3 _ _ _ k 
2  _ _ _ _
1 _q_ _ _ 

  abcdefgh
8  _ _ _ _
7 _ P _ _ 
6  _ _p_ _
5 _K_ _ _ 
4  Q _ _ p
3 _ _ _ k 
2  _ _ _ _
1 _q_ _ _ 

  abcdefgh
8  _ _ _ _
7 _ P _ _ 
6  _ _p_ _
5 _K_ _q_ 
4  Q _ _ p
3 _ _ _ k 
2  _ _ _ _
1 _ _ _ _ 

  abcdefgh
8  _ _ _ _
7 _ P _ _ 
6  K _p_ _
5 _ _ _q_ 
4  Q _ _ p
3 _ _ _ k 
2  _ _ _ _
1 _ _ _ _ 

  abcdefgh
8  _ _ _ _
7 _ P _ _ 
6  K _p_ _
5 _ _ _ _ 
4  Q _ _ p
3 _ _ _ k 
2  _q_ _ _
1 _ _ _ _ 

  abcdefgh
8  _ _ _ _
7 _ P _ _ 
6  K _p_ _
5 _ _ _ _ 
4  _ _ _ p
3 Q _ _ k 
2  _q_ _ _
1 _ _ _ _ 

  abcdefgh
8  _ _ _ _
7 _ P _ _ 
6  K _p_ _
5 _ _ _ _ 
4  _ _ _ p
3 Q _ _ _ 
2  _q_ _ k
1 _ _ _ _ 

  abcdefgh
8  _ _ _ _
7 _ P _ _ 
6  K _p_ _
5 _ Q _ _ 
4  _ _ _ p
3 _ _ _ _ 
2  _q_ _ k
1 _ _ _ _ 

  abcdefgh
8  _ _ _ _
7 _ P _ _ 
6  K _p_ _
5 _ Q _ _ 
4  _ _ _ p
3 _ _ _ _ 
2  q _ _ k
1 _ _ _ _ 

  abcdefgh
8  _ _ _ _
7 _ P _ _ 
6  _K_p_ _
5 _ Q _ _ 
4  _ _ _ p
3 _ _ _ _ 
2  q _ _ k
1 _ _ _ _ 

  abcdefgh
8  _ _ _ q
7 _ P _ _ 
6  _K_p_ _
5 _ Q _ _ 
4  _ _ _ p
3 _ _ _ _ 
2  _ _ _ k
1 _ _ _ _ 

  abcdefgh
8  _ _ _ q
7 _ PK_ _ 
6  _ _p_ _
5 _ Q _ _ 
4  _ _ _ p
3 _ _ _ _ 
2  _ _ _ k
1 _ _ _ _ 

  abcdefgh
8  _ _ _ q
7 _ PK_ _ 
6  _ _p_ _
5 _ Q _ _ 
4  _ _ _ p
3 _ _ _ _ 
2  _ _ _k_
1 _ _ _ _ 

  abcdefgh
8  _Q_ _ q
7 _ _K_ _ 
6  _ _p_ _
5 _ Q _ _ 
4  _ _ _ p
3 _ _ _ _ 
2  _ _ _k_
1 _ _ _ _ 

  abcdefgh
8  _Q_ _ _
7 _ _K_ _q
6  _ _p_ _
5 _ Q _ _ 
4  _ _ _ p
3 _ _ _ _ 
2  _ _ _k_
1 _ _ _ _ 

  abcdefgh
8  _Q_ _ _
7 _ _ _ _q
6  _ Kp_ _
5 _ Q _ _ 
4  _ _ _ p
3 _ _ _ _ 
2  _ _ _k_
1 _ _ _ _ 

  abcdefgh
8  _Q_ _ _
7 _ _ _ _ 
6  _ Kp_ _
5 _ Q _ _ 
4  _ _ _ p
3 _ _q_ _ 
2  _ _ _k_
1 _ _ _ _ 

  abcdefgh
8  _Q_ _ _
7 _ _ _ _ 
6  _ _K_ _
5 _ Q _ _ 
4  _ _ _ p
3 _ _q_ _ 
2  _ _ _k_
1 _ _ _ _ 

  abcdefgh
8  _Q_ _ _
7 _ _ _ _ 
6  _ _K_q_
5 _ Q _ _ 
4  _ _ _ p
3 _ _ _ _ 
2  _ _ _k_
1 _ _ _ _ 

  abcdefgh
8  _Q_ _ _
7 _ _ _ _ 
6  _ _ _q_
5 _ Q K _ 
4  _ _ _ p
3 _ _ _ _ 
2  _ _ _k_
1 _ _ _ _ 

  abcdefgh
8  _Q_ _ _
7 _ _ _ _ 
6  _ _ _ _
5 _ Q K _q
4  _ _ _ p
3 _ _ _ _ 
2  _ _ _k_
1 _ _ _ _ 

  abcdefgh
8  _ _ _ _
7 _ _ _ _ 
6  _ _ _ _
5 _ Q KQ_q
4  _ _ _ p
3 _ _ _ _ 
2  _ _ _k_
1 _ _ _ _ 

  abcdefgh
8  _ _ _ q
7 _ _ _ _ 
6  _ _ _ _
5 _ Q KQ_ 
4  _ _ _ p
3 _ _ _ _ 
2  _ _ _k_
1 _ _ _ _ 

  abcdefgh
8  _ _ _ q
7 _ _ _ _ 
6  _ _ _ _
5 _ Q _Q_ 
4  _ _K_ p
3 _ _ _ _ 
2  _ _ _k_
1 _ _ _ _ 

  abcdefgh
8 q_ _ _ _
7 _ _ _ _ 
6  _ _ _ _
5 _ Q _Q_ 
4  _ _K_ p
3 _ _ _ _ 
2  _ _ _k_
1 _ _ _ _ 

  abcdefgh
8 q_ _ _ _
7 _ _ _ _ 
6  _ _ _ _
5 _ Q _Q_ 
4  _ _ _ p
3 _ _ K _ 
2  _ _ _k_
1 _ _ _ _ 

  abcdefgh
8  _ _q_ _
7 _ _ _ _ 
6  _ _ _ _
5 _ Q _Q_ 
4  _ _ _ p
3 _ _ K _ 
2  _ _ _k_
1 _ _ _ _ 

  abcdefgh
8  _ _q_ _
7 _ _ _ _ 
6  _ _ _ _
5 _ Q _Q_ 
4  _ _ _ p
3 _ _K_ _ 
2  _ _ _k_
1 _ _ _ _ 

  abcdefgh
8  _ q _ _
7 _ _ _ _ 
6  _ _ _ _
5 _ Q _Q_ 
4  _ _ _ p
3 _ _K_ _ 
2  _ _ _k_
1 _ _ _ _ 

  abcdefgh
8  _ q _ _
7 _ _ _ _ 
6  _ _ _ _
5 _ _Q_Q_ 
4  _ _ _ p
3 _ _K_ _ 
2  _ _ _k_
1 _ _ _ _ 

  abcdefgh
8  _ _ _ _
7 _ _ _ _ 
6  _ _ _ _
5 _ _q_Q_ 
4  _ _ _ p
3 _ _K_ _ 
2  _ _ _k_
1 _ _ _ _ 

  abcdefgh
8  _ _ _ _
7 _ _ _ _ 
6  _ _ _ _
5 _ _Q_ _ 
4  _ _ _ p
3 _ _K_ _ 
2  _ _ _k_
1 _ _ _ _ 

  abcdefgh
8  _ _ _ _
7 _ _ _ _ 
6  _ _ _ _
5 _ _Q_ _ 
4  _ _ _ p
3 _ _K_ k 
2  _ _ _ _
1 _ _ _ _ 

  abcdefgh
8  _ _ _ _
7 _ _ _ _ 
6  _ _ _ _
5 _ _ _Q_ 
4  _ _ _ p
3 _ _K_ k 
2  _ _ _ _
1 _ _ _ _ 

  abcdefgh
8  _ _ _ _
7 _ _ _ _ 
6  _ _ _ _
5 _ _ _Q_ 
4  _ _ _ _
3 _ _K_ kp
2  _ _ _ _
1 _ _ _ _ 

  abcdefgh
8  _ _ _ _
7 _ _ _ _ 
6  _ _ _ _
5 _ _ _Q_ 
4  _ _ _ _
3 _ _ K kp
2  _ _ _ _
1 _ _ _ _ 

  abcdefgh
8  _ _ _ _
7 _ _ _ _ 
6  _ _ _ _
5 _ _ _Q_ 
4  _ _ _ _
3 _ _ K k 
2  _ _ _ p
1 _ _ _ _ 

  abcdefgh
8  _ _ _ _
7 _ _ _ _ 
6  _ _ _ _
5 _ _ _ _ 
4  _ _ _ _
3 _ _ KQk 
2  _ _ _ p
1 _ _ _ _ 

  abcdefgh
8  _ _ _ _
7 _ _ _ _ 
6  _ _ _ _
5 _ _ _ _ 
4  _ _ _ k
3 _ _ KQ_ 
2  _ _ _ p
1 _ _ _ _ 

  abcdefgh
8  _ _ _ _
7 _ _ _ _ 
6  _ _ _ _
5 _ _ _ _ 
4  _ _ K k
3 _ _ _Q_ 
2  _ _ _ p
1 _ _ _ _ 

  abcdefgh
8  _ _ _ _
7 _ _ _ _ 
6  _ _ _ _
5 _ _ _ _ 
4  _ _ K k
3 _ _ _Q_ 
2  _ _ _ _
1 _ _ _ _q

  abcdefgh
8  _ _ _ _
7 _ _ _ _ 
6  _ _ _ _
5 _ _ _ _ 
4  _ _ K k
3 _ _ _ _ 
2  _ _ _ _
1 _ _ _ _Q

  abcdefgh
CTRL-D detected
