8 rnbqkbnr
7 pppppppp
6  _ _ _ _
5 _ _ _ _ 
4  _ _P_ _
3 _ _ _ _ 
2 PPPP PPP
1 RNBQKBNR

  abcdefgh
8 rnbqkbnr
7 pppp_ppp
6  _ _ _ _
5 _ _ p _ 
4  _ _P_ _
3 _ _ _ _ 
2 PPPP PPP
1 RNBQKBNR

  abcdefgh
8 rnbqkbnr
7 pppp_ppp
6  _ _ _ _
5 _ _ p _ 
4  _B_P_ _
3 _ _ _ _ 
2 PPPP PPP
1 RNBQK NR

  abcdefgh
8 rnbqk_nr
7 pppp_ppp
6  _ _ _ _
5 _ b p _ 
4  _B_P_ _
3 _ _ _ _ 
2 PPPP PPP
1 RNBQK NR

  abcdefgh
8 rnbqk_nr
7 pppp_ppp
6  _ _ _ _
5 _ b p _ 
4  _B_P_ _
3 _ _ _N_ 
2 PPPP PPP
1 RNBQK _R

  abcdefgh
8 rnbqk_nr
7 ppp _ppp
6  _ p _ _
5 _ b p _ 
4  _B_P_ _
3 _ _ _N_ 
2 PPPP PPP
1 RNBQK _R

  abcdefgh
8 rnbqk_nr
7 ppp _ppp
6  _ p _ _
5 _ b p _ 
4  _BPP_ _
3 _ _ _N_ 
2 PPP_ PPP
1 RNBQK _R

  abcdefgh
8 rnbqk_nr
7 ppp _ppp
6  _ p _ _
5 _ _ p _ 
4  _BbP_ _
3 _ _ _N_ 
2 PPP_ PPP
1 RNBQK _R

  abcdefgh
8 rnbqk_nr
7 ppp _ppp
6  _ p _ _
5 _ _ p _ 
4  _BNP_ _
3 _ _ _ _ 
2 PPP_ PPP
1 RNBQK _R

  abcdefgh
8 rnbqk_nr
7 ppp _ppp
6  _ p _ _
5 _ _ _ _ 
4  _BpP_ _
3 _ _ _ _ 
2 PPP_ PPP
1 RNBQK _R

  abcdefgh
8 rnbqk_nr
7 ppp _ppp
6  _ p _ _
5 _ _ _ _ 
4  _BQP_ _
3 _ _ _ _ 
2 PPP_ PPP
1 RNB K _R

  abcdefgh
8 rnbqk_ r
7 ppp _ppp
6  _ p n _
5 _ _ _ _ 
4  _BQP_ _
3 _ _ _ _ 
2 PPP_ PPP
1 RNB K _R

  abcdefgh
8 rnbqk_ r
7 ppp _ppp
6  _ p n _
5 _ _ _ _ 
4  _BQP_ _
3 _ N _ _ 
2 PPP_ PPP
1 R B K _R

  abcdefgh
8 r_bqk_ r
7 ppp _ppp
6  _np n _
5 _ _ _ _ 
4  _BQP_ _
3 _ N _ _ 
2 PPP_ PPP
1 R B K _R

  abcdefgh
8 r_bqk_ r
7 ppp _ppp
6  _np n _
5 _B_ _ _ 
4  _ QP_ _
3 _ N _ _ 
2 PPP_ PPP
1 R B K _R

  abcdefgh
8 r_bqk_ r
7 ppp _pp 
6  _np n p
5 _B_ _ _ 
4  _ QP_ _
3 _ N _ _ 
2 PPP_ PPP
1 R B K _R

  abcdefgh
8 r_bqk_ r
7 ppp _pp 
6  _np n p
5 _B_ _ _ 
4  _ QPB _
3 _ N _ _ 
2 PPP_ PPP
1 R _ K _R

  abcdefgh
was here
was here after all these checks
was here after all these checks
8 r_bq rk_
7 ppp _pp 
6  _np n p
5 _B_ _ _ 
4  _ QPB _
3 _ N _ _ 
2 PPP_ PPP
1 R _ K _R

  abcdefgh
8 r_bq rk_
7 ppp _pp 
6  _np n p
5 _B_ _ _ 
4  _ _PB _
3 _ N _ _ 
2 PPPQ PPP
1 R _ K _R

  abcdefgh
8 r_bq rk_
7 ppp _pp 
6  _np _ p
5 _B_ _ _ 
4  _ _nB _
3 _ N _ _ 
2 PPPQ PPP
1 R _ K _R

  abcdefgh
8 r_bq rk_
7 ppp _pp 
6  _np _ p
5 _B_ _ _ 
4  _ _NB _
3 _ _ _ _ 
2 PPPQ PPP
1 R _ K _R

  abcdefgh
8 r_bqr_k_
7 ppp _pp 
6  _np _ p
5 _B_ _ _ 
4  _ _NB _
3 _ _ _ _ 
2 PPPQ PPP
1 R _ K _R

  abcdefgh
8 r_bqr_k_
7 ppp _pp 
6  _np _ p
5 _B_ _ _ 
4  _ _NB _
3 _ _ _P_ 
2 PPPQ _PP
1 R _ K _R

  abcdefgh
8 r_bqr_k_
7 ppp _ p 
6  _np _ p
5 _B_ _p_ 
4  _ _NB _
3 _ _ _P_ 
2 PPPQ _PP
1 R _ K _R

  abcdefgh
was here
was here after all these checks
was here after all these checks
8 r_bqr_k_
7 ppp _ p 
6  _np _ p
5 _B_ _p_ 
4  _ _NB _
3 _ _ _P_ 
2 PPPQ _PP
1 _ KR_ _R

  abcdefgh
8 r_bqr_k_
7 ppp _ p 
6  _np _ p
5 _B_ _ _ 
4  _ _pB _
3 _ _ _P_ 
2 PPPQ _PP
1 _ KR_ _R

  abcdefgh
8 r_bqr_k_
7 ppp _ p 
6  _np _ B
5 _B_ _ _ 
4  _ _p_ _
3 _ _ _P_ 
2 PPPQ _PP
1 _ KR_ _R

  abcdefgh
8 r_b_r_k_
7 ppp _ p 
6  _np q B
5 _B_ _ _ 
4  _ _p_ _
3 _ _ _P_ 
2 PPPQ _PP
1 _ KR_ _R

  abcdefgh
8 r_b_r_k_
7 ppp _ p 
6  _np q _
5 _B_ _ B 
4  _ _p_ _
3 _ _ _P_ 
2 PPPQ _PP
1 _ KR_ _R

  abcdefgh
8 r_b_r_k_
7 ppp _ p 
6  _np _ _
5 _B_ _qB 
4  _ _p_ _
3 _ _ _P_ 
2 PPPQ _PP
1 _ KR_ _R

  abcdefgh
8 r_b_r_k_
7 ppp _ p 
6  _np _ _
5 _ _ _qB 
4  _ _p_ _
3 _ _ _P_ 
2 PPPQB_PP
1 _ KR_ _R

  abcdefgh
8 r_b_r_k_
7 ppp _qp 
6  _np _ _
5 _ _ _ B 
4  _ _p_ _
3 _ _ _P_ 
2 PPPQB_PP
1 _ KR_ _R

  abcdefgh
8 r_b_r_k_
7 ppp _qp 
6  _np _ _
5 _ _ _ B 
4  _ _p_ _
3 _P_ _P_ 
2 P_PQB_PP
1 _ KR_ _R

  abcdefgh
8 r_b_r_k_
7 _pp _qp 
6  _np _ _
5 p _ _ B 
4  _ _p_ _
3 _P_ _P_ 
2 P_PQB_PP
1 _ KR_ _R

  abcdefgh
8 r_b_r_k_
7 _pp _qp 
6  _np _ _
5 p _ _ B 
4 P_ _p_ _
3 _P_ _P_ 
2  _PQB_PP
1 _ KR_ _R

  abcdefgh
8 r_b_r_k_
7 _pp _qp 
6  _ p _ _
5 p _ _ B 
4 Pn _p_ _
3 _P_ _P_ 
2  _PQB_PP
1 _ KR_ _R

  abcdefgh
8 r_b_r_k_
7 _pp _qp 
6  _ p _ _
5 p _ _ B 
4 Pn _p_ _
3 _P_ _P_ 
2  KPQB_PP
1 _ _R_ _R

  abcdefgh
8 r_b_r_k_
7 _pp _qp 
6  _ p _ _
5 p _ _ B 
4 Pn _ _ _
3 _P_ _p_ 
2  KPQB_PP
1 _ _R_ _R

  abcdefgh
8 r_b_r_k_
7 _pp _qp 
6  _ p _ _
5 p _ _ B 
4 Pn _ _ _
3 _P_ _P_ 
2  KPQB_ P
1 _ _R_ _R

  abcdefgh
8 r_ _r_k_
7 _pp _qp 
6  _ p _ _
5 p _ _bB 
4 Pn _ _ _
3 _P_ _P_ 
2  KPQB_ P
1 _ _R_ _R

  abcdefgh
8 r_ _r_k_
7 _pp _qp 
6  _ p _ _
5 p _ _bB 
4 PnB_ _ _
3 _P_ _P_ 
2  KPQ _ P
1 _ _R_ _R

  abcdefgh
8 r_ _r_k_
7 _pp _qp 
6  _ _ _ _
5 p _p_bB 
4 PnB_ _ _
3 _P_ _P_ 
2  KPQ _ P
1 _ _R_ _R

  abcdefgh
8 r_ _r_k_
7 _pp _qp 
6  _ _ _ _
5 p _B_bB 
4 Pn _ _ _
3 _P_ _P_ 
2  KPQ _ P
1 _ _R_ _R

  abcdefgh
8 r_ _r_k_
7 _pp _qp 
6  _ _ _ _
5 p _n_bB 
4 P_ _ _ _
3 _P_ _P_ 
2  KPQ _ P
1 _ _R_ _R

  abcdefgh
8 r_ _r_k_
7 _pp _qp 
6  _ _ _ _
5 p _Q_bB 
4 P_ _ _ _
3 _P_ _P_ 
2  KP_ _ P
1 _ _R_ _R

  abcdefgh
8 r_ _ _k_
7 _pp _qp 
6  _ _ _ _
5 p _Q_bB 
4 P_ _ _ _
3 _P_ _P_ 
2  KP_r_ P
1 _ _R_ _R

  abcdefgh
8 r_ _ _k_
7 _pp _Qp 
6  _ _ _ _
5 p _ _bB 
4 P_ _ _ _
3 _P_ _P_ 
2  KP_r_ P
1 _ _R_ _R

  abcdefgh
8 r_ _ _ _
7 _pp _kp 
6  _ _ _ _
5 p _ _bB 
4 P_ _ _ _
3 _P_ _P_ 
2  KP_r_ P
1 _ _R_ _R

  abcdefgh
8 r_ _ _ _
7 _pp _kp 
6  _ _ _ _
5 p _ _bB 
4 P_ _ _ _
3 _P_ _P_ 
2  KPRr_ P
1 _ _ _ _R

  abcdefgh
8 r_ _ _ _
7 _pp _kp 
6  _ _ _ _
5 p _ _bB 
4 P_ _ _ _
3 _P_ _P_ 
2  KPr _ P
1 _ _ _ _R

  abcdefgh
8 r_ _ _ _
7 _pp _kp 
6  _ _ _ _
5 p _ _b_ 
4 P_ _ _ _
3 _P_ _P_ 
2  KPB _ P
1 _ _ _ _R

  abcdefgh
8 r_ _ _ _
7 _p_ _kp 
6  _ _ _ _
5 p p _b_ 
4 P_ _ _ _
3 _P_ _P_ 
2  KPB _ P
1 _ _ _ _R

  abcdefgh
8 r_ _ _ _
7 _p_ _kp 
6  _ _ _ _
5 p p _b_ 
4 P_ _ _ P
3 _P_ _P_ 
2  KPB _ _
1 _ _ _ _R

  abcdefgh
8 r_ _ _ _
7 _p_ _kp 
6  _ _ _ _
5 p _ _b_ 
4 P_p_ _ P
3 _P_ _P_ 
2  KPB _ _
1 _ _ _ _R

  abcdefgh
8 r_ _ _ _
7 _p_ _kp 
6  _ _ _ _
5 p _ _b_ 
4 P_p_ _ P
3 _PB _P_ 
2  KP_ _ _
1 _ _ _ _R

  abcdefgh
8 r_ _ _ _
7 _p_ _kp 
6  _ _ _ _
5 p _ _b_ 
4 P_ _ _ P
3 _pB _P_ 
2  KP_ _ _
1 _ _ _ _R

  abcdefgh
8 r_ _ _ _
7 _p_ _kp 
6  _ _ _ _
5 p _ _b_ 
4 P_ _ _ P
3 _PB _P_ 
2  K _ _ _
1 _ _ _ _R

  abcdefgh
8 r_ _ _ _
7 _p_ _k_ 
6  _ _ _p_
5 p _ _b_ 
4 P_ _ _ P
3 _PB _P_ 
2  K _ _ _
1 _ _ _ _R

  abcdefgh
8 r_ _ _ _
7 _p_ _k_ 
6  _ _ _p_
5 p _ _b_ 
4 P_ _ P P
3 _PB _ _ 
2  K _ _ _
1 _ _ _ _R

  abcdefgh
8  _ _ _ _
7 _p_ _k_ 
6 r_ _ _p_
5 p _ _b_ 
4 P_ _ P P
3 _PB _ _ 
2  K _ _ _
1 _ _ _ _R

  abcdefgh
8  _ _ _ _
7 _p_ _k_ 
6 r_ _ _p_
5 p _ _b_P
4 P_ _ P _
3 _PB _ _ 
2  K _ _ _
1 _ _ _ _R

  abcdefgh
8  _ _ _ _
7 _p_ _k_ 
6 r_ _ _ _
5 p _ _b_p
4 P_ _ P _
3 _PB _ _ 
2  K _ _ _
1 _ _ _ _R

  abcdefgh
8  _ _ _ _
7 _p_ _k_ 
6 r_ _ _ _
5 p _ _b_R
4 P_ _ P _
3 _PB _ _ 
2  K _ _ _
1 _ _ _ _ 

  abcdefgh
8  _ _ _ _
7 _p_ _ _ 
6 r_ _k_ _
5 p _ _b_R
4 P_ _ P _
3 _PB _ _ 
2  K _ _ _
1 _ _ _ _ 

  abcdefgh
8  _ _ _ _
7 _p_ _ _ 
6 r_ _k_ _
5 p _ _b_R
4 P_ _ P _
3 KPB _ _ 
2  _ _ _ _
1 _ _ _ _ 

  abcdefgh
8  _ _ _ _
7 rp_ _ _ 
6  _ _k_ _
5 p _ _b_R
4 P_ _ P _
3 KPB _ _ 
2  _ _ _ _
1 _ _ _ _ 

  abcdefgh
8  _ _ _ R
7 rp_ _ _ 
6  _ _k_ _
5 p _ _b_ 
4 P_ _ P _
3 KPB _ _ 
2  _ _ _ _
1 _ _ _ _ 

  abcdefgh
8  _ _ _ R
7 rp_ _ _ 
6  _ k _ _
5 p _ _b_ 
4 P_ _ P _
3 KPB _ _ 
2  _ _ _ _
1 _ _ _ _ 

  abcdefgh
8  R _ _ _
7 rp_ _ _ 
6  _ k _ _
5 p _ _b_ 
4 P_ _ P _
3 KPB _ _ 
2  _ _ _ _
1 _ _ _ _ 

  abcdefgh
8  R _ _ _
7 rp_ _ _ 
6  _k_ _ _
5 p _ _b_ 
4 P_ _ P _
3 KPB _ _ 
2  _ _ _ _
1 _ _ _ _ 

  abcdefgh
8  _ _ R _
7 rp_ _ _ 
6  _k_ _ _
5 p _ _b_ 
4 P_ _ P _
3 KPB _ _ 
2  _ _ _ _
1 _ _ _ _ 

  abcdefgh
8  _ _ R _
7 rp_ _ _ 
6  _k_ _ _
5 p _ _ _ 
4 P_ _bP _
3 KPB _ _ 
2  _ _ _ _
1 _ _ _ _ 

  abcdefgh
8  _ _R_ _
7 rp_ _ _ 
6  _k_ _ _
5 p _ _ _ 
4 P_ _bP _
3 KPB _ _ 
2  _ _ _ _
1 _ _ _ _ 

  abcdefgh
8  _ _R_ _
7 rp_ _ _ 
6  _k_ _ _
5 p _ _ _ 
4 P_ _ P _
3 KPB _b_ 
2  _ _ _ _
1 _ _ _ _ 

  abcdefgh
8  _ _R_ _
7 rp_ _ _ 
6  _k_ _ _
5 p _ _P_ 
4 P_ _ _ _
3 KPB _b_ 
2  _ _ _ _
1 _ _ _ _ 

  abcdefgh
8  _ _R_ _
7 rp_ _ _ 
6  _k_ _ _
5 p _b_P_ 
4 P_ _ _ _
3 KPB _ _ 
2  _ _ _ _
1 _ _ _ _ 

  abcdefgh
8  _ _ _ R
7 rp_ _ _ 
6  _k_ _ _
5 p _b_P_ 
4 P_ _ _ _
3 KPB _ _ 
2  _ _ _ _
1 _ _ _ _ 

  abcdefgh
8  _ _ _ R
7 _p_ _ _ 
6 r_k_ _ _
5 p _b_P_ 
4 P_ _ _ _
3 KPB _ _ 
2  _ _ _ _
1 _ _ _ _ 

  abcdefgh
8  _ _ _ R
7 _p_ _ _ 
6 r_k_ _ _
5 p _b_P_ 
4 P_ _ _ _
3 _PB _ _ 
2  K _ _ _
1 _ _ _ _ 

  abcdefgh
8  _ _ _ R
7 _p_k_ _ 
6 r_ _ _ _
5 p _b_P_ 
4 P_ _ _ _
3 _PB _ _ 
2  K _ _ _
1 _ _ _ _ 

  abcdefgh
8  _ _ _ _
7 _p_k_ _R
6 r_ _ _ _
5 p _b_P_ 
4 P_ _ _ _
3 _PB _ _ 
2  K _ _ _
1 _ _ _ _ 

  abcdefgh
8  _ _ _ _
7 _p_ _ _R
6 r_ k _ _
5 p _b_P_ 
4 P_ _ _ _
3 _PB _ _ 
2  K _ _ _
1 _ _ _ _ 

  abcdefgh
8  _ _ _ _
7 _p_ _ _ 
6 r_ k _ _
5 p _b_P_R
4 P_ _ _ _
3 _PB _ _ 
2  K _ _ _
1 _ _ _ _ 

  abcdefgh
8  _ _ _ _
7 _p_ _b_ 
6 r_ k _ _
5 p _ _P_R
4 P_ _ _ _
3 _PB _ _ 
2  K _ _ _
1 _ _ _ _ 

  abcdefgh
8  _ _ _ _
7 _p_ _b_ 
6 r_ k _ _
5 p _ _P_ 
4 P_ _ _ _
3 _PB _ _R
2  K _ _ _
1 _ _ _ _ 

  abcdefgh
8  _ _ _ _
7 _p_ kb_ 
6 r_ _ _ _
5 p _ _P_ 
4 P_ _ _ _
3 _PB _ _R
2  K _ _ _
1 _ _ _ _ 

  abcdefgh
8  _ _ _ _
7 _p_ kb_ 
6 r_ _ _ _
5 p _ _P_ 
4 P_ _ _ _
3 _PB R _ 
2  K _ _ _
1 _ _ _ _ 

  abcdefgh
8  _ _ _ _
7 _p_k_b_ 
6 r_ _ _ _
5 p _ _P_ 
4 P_ _ _ _
3 _PB R _ 
2  K _ _ _
1 _ _ _ _ 

  abcdefgh
8  _ _ _ _
7 _p_k_b_ 
6 r_ _ _ _
5 p _ _P_ 
4 P_ _ _ _
3 _PB _ _R
2  K _ _ _
1 _ _ _ _ 

  abcdefgh
8  _ _ _ _
7 _p_k_ _ 
6 r_ _ _ _
5 p _b_P_ 
4 P_ _ _ _
3 _PB _ _R
2  K _ _ _
1 _ _ _ _ 

  abcdefgh
8  _ _ _ _
7 _p_k_ _ 
6 r_ _ P _
5 p _b_ _ 
4 P_ _ _ _
3 _PB _ _R
2  K _ _ _
1 _ _ _ _ 

  abcdefgh
8  _ _ _ _
7 _p_k_b_ 
6 r_ _ P _
5 p _ _ _ 
4 P_ _ _ _
3 _PB _ _R
2  K _ _ _
1 _ _ _ _ 

  abcdefgh
8  _ _ _ _
7 _p_k_b_ 
6 r_ _ P _
5 p _ _ _ 
4 P_ _ _ _
3 _PB _R_ 
2  K _ _ _
1 _ _ _ _ 

  abcdefgh
8  _ _ _ _
7 _p_ _b_ 
6 r_k_ P _
5 p _ _ _ 
4 P_ _ _ _
3 _PB _R_ 
2  K _ _ _
1 _ _ _ _ 

  abcdefgh
8  _ _ _ _
7 _p_ _b_ 
6 r_k_ P _
5 p _ _ _ 
4 P_ _ _ _
3 _PB R _ 
2  K _ _ _
1 _ _ _ _ 

  abcdefgh
8 r_ _ _ _
7 _p_ _b_ 
6  _k_ P _
5 p _ _ _ 
4 P_ _ _ _
3 _PB R _ 
2  K _ _ _
1 _ _ _ _ 

  abcdefgh
8 r_ _ _ _
7 _p_ _b_ 
6  _k_ P _
5 p _ _ _ 
4 P_ B _ _
3 _P_ R _ 
2  K _ _ _
1 _ _ _ _ 

  abcdefgh
8  _ _r_ _
7 _p_ _b_ 
6  _k_ P _
5 p _ _ _ 
4 P_ B _ _
3 _P_ R _ 
2  K _ _ _
1 _ _ _ _ 

  abcdefgh
8  _ _r_ _
7 _p_ _b_ 
6  _k_ P _
5 p _ _ _ 
4 P_ B _ _
3 _PR _ _ 
2  K _ _ _
1 _ _ _ _ 

  abcdefgh
8  _ _r_ _
7 _p_ _b_ 
6  _ k P _
5 p _ _ _ 
4 P_ B _ _
3 _PR _ _ 
2  K _ _ _
1 _ _ _ _ 

  abcdefgh
8  _ _r_ _
7 _p_ _b_ 
6  _ k P _
5 p B _ _ 
4 P_ _ _ _
3 _PR _ _ 
2  K _ _ _
1 _ _ _ _ 

  abcdefgh
8  _ _r_ _
7 _p_ _b_ 
6  _ _kP _
5 p B _ _ 
4 P_ _ _ _
3 _PR _ _ 
2  K _ _ _
1 _ _ _ _ 

  abcdefgh
8  _ _r_ _
7 _p_ _b_ 
6  _ _kP _
5 p _ _ _ 
4 P_ B _ _
3 _PR _ _ 
2  K _ _ _
1 _ _ _ _ 

  abcdefgh
8  _ r _ _
7 _p_ _b_ 
6  _ _kP _
5 p _ _ _ 
4 P_ B _ _
3 _PR _ _ 
2  K _ _ _
1 _ _ _ _ 

  abcdefgh
8  _ r _ _
7 _p_ _b_ 
6  _ _kP _
5 p _ _ _ 
4 P_ B _ _
3 _P_ R _ 
2  K _ _ _
1 _ _ _ _ 

  abcdefgh
8  _ r _ _
7 _p_ _b_ 
6  _ _ P _
5 p _ _k_ 
4 P_ B _ _
3 _P_ R _ 
2  K _ _ _
1 _ _ _ _ 

  abcdefgh
8  _ r _ _
7 _p_ _b_ 
6  _ _ P _
5 p _ Rk_ 
4 P_ B _ _
3 _P_ _ _ 
2  K _ _ _
1 _ _ _ _ 

  abcdefgh
8  _ r _ _
7 _p_ _b_ 
6  _ _ Pk_
5 p _ R _ 
4 P_ B _ _
3 _P_ _ _ 
2  K _ _ _
1 _ _ _ _ 

  abcdefgh
8  _ r _ _
7 _p_ _b_ 
6  _ _ Pk_
5 p _ R _ 
4 P_ B _ _
3 _PK _ _ 
2  _ _ _ _
1 _ _ _ _ 

  abcdefgh
8  _ r _ _
7 _p_ _ _ 
6  _ _ Pk_
5 p _ R _ 
4 P_ B _ _
3 _bK _ _ 
2  _ _ _ _
1 _ _ _ _ 

  abcdefgh
8  _ r _ _
7 _p_ _ _ 
6  _ _ Pk_
5 R _ _ _ 
4 P_ B _ _
3 _bK _ _ 
2  _ _ _ _
1 _ _ _ _ 

  abcdefgh
8  _ _ _ _
7 _p_r_ _ 
6  _ _ Pk_
5 R _ _ _ 
4 P_ B _ _
3 _bK _ _ 
2  _ _ _ _
1 _ _ _ _ 

  abcdefgh
8 R_ _ _ _
7 _p_r_ _ 
6  _ _ Pk_
5 _ _ _ _ 
4 P_ B _ _
3 _bK _ _ 
2  _ _ _ _
1 _ _ _ _ 

  abcdefgh
8 R_ _ _ _
7 _p_r_b_ 
6  _ _ Pk_
5 _ _ _ _ 
4 P_ B _ _
3 _ K _ _ 
2  _ _ _ _
1 _ _ _ _ 

  abcdefgh
8  _ _ _ _
7 Rp_r_b_ 
6  _ _ Pk_
5 _ _ _ _ 
4 P_ B _ _
3 _ K _ _ 
2  _ _ _ _
1 _ _ _ _ 

  abcdefgh
8  _ _ _ _
7 Rp_r_ _ 
6  _ _ Pk_
5 _ _b_ _ 
4 P_ B _ _
3 _ K _ _ 
2  _ _ _ _
1 _ _ _ _ 

  abcdefgh
8  _ _ _ _
7 Rp_r_ _ 
6  _ _ Pk_
5 _ _b_ _ 
4 PK B _ _
3 _ _ _ _ 
2  _ _ _ _
1 _ _ _ _ 

  abcdefgh
8  _ _ _ _
7 Rp_r_ _ 
6  _ _ Pk_
5 _ _ _ _ 
4 PK B _ _
3 _ _ _ _ 
2  _ _ _ _
1 _ _ _ _b

  abcdefgh
8  _ _ _ _
7 Rp_r_ _ 
6  _ _ Pk_
5 _ _ _ _ 
4 PK _ _ _
3 _ _ _ _ 
2  B _ _ _
1 _ _ _ _b

  abcdefgh
8  _ _ _ _
7 Rp_r_k_ 
6  _ _ P _
5 _ _ _ _ 
4 PK _ _ _
3 _ _ _ _ 
2  B _ _ _
1 _ _ _ _b

  abcdefgh
8  _ _ _ _
7 Rp_r_k_ 
6  _ _ P _
5 P _ _ _ 
4  K _ _ _
3 _ _ _ _ 
2  B _ _ _
1 _ _ _ _b

  abcdefgh
8  _ _ _ _
7 Rp_ _k_ 
6  _ _ P _
5 P _ _ _ 
4  K _ _ _
3 _ _ _ _ 
2  B r _ _
1 _ _ _ _b

  abcdefgh
8  _ _ _ _
7 Rp_ _k_ 
6  _ _ P _
5 P _ B _ 
4  K _ _ _
3 _ _ _ _ 
2  _ r _ _
1 _ _ _ _b

  abcdefgh
8  _ r _ _
7 Rp_ _k_ 
6  _ _ P _
5 P _ B _ 
4  K _ _ _
3 _ _ _ _ 
2  _ _ _ _
1 _ _ _ _b

  abcdefgh
8  _ r _ _
7 Rp_ _k_ 
6  _ _ P _
5 P _ B _ 
4  _K_ _ _
3 _ _ _ _ 
2  _ _ _ _
1 _ _ _ _b

  abcdefgh
8  _ r _ _
7 Rp_ _k_ 
6  _b_ P _
5 P _ B _ 
4  _K_ _ _
3 _ _ _ _ 
2  _ _ _ _
1 _ _ _ _ 

  abcdefgh
8  _ r _ _
7 Rp_ _k_ 
6  _b_ P _
5 P _ _ _ 
4  _K_ _ _
3 _ _ _ _ 
2  B _ _ _
1 _ _ _ _ 

  abcdefgh
8  _ _ _ _
7 Rp_ _k_ 
6  _b_ P _
5 P _r_ _ 
4  _K_ _ _
3 _ _ _ _ 
2  B _ _ _
1 _ _ _ _ 

  abcdefgh
8  _ _ _ _
7 Rp_ _k_ 
6  _b_ P _
5 P _r_ _ 
4  _KB _ _
3 _ _ _ _ 
2  _ _ _ _
1 _ _ _ _ 

  abcdefgh
8  _ _ _ _
7 Rp_ _ _ 
6  _b_kP _
5 P _r_ _ 
4  _KB _ _
3 _ _ _ _ 
2  _ _ _ _
1 _ _ _ _ 

  abcdefgh
8  _ _ _ _
7 Rp_ _ _ 
6  _b_kP _
5 P _r_ _ 
4  _ B _ _
3 _ K _ _ 
2  _ _ _ _
1 _ _ _ _ 

  abcdefgh
8  _ _ _ _
7 Rp_ _ _ 
6  _b_kP _
5 P _ _r_ 
4  _ B _ _
3 _ K _ _ 
2  _ _ _ _
1 _ _ _ _ 

  abcdefgh
8  _ _ _ _
7 Rp_ _ _ 
6 P_b_kP _
5 _ _ _r_ 
4  _ B _ _
3 _ K _ _ 
2  _ _ _ _
1 _ _ _ _ 

  abcdefgh
8  _ _ _ _
7 R _ _ _ 
6 p_b_kP _
5 _ _ _r_ 
4  _ B _ _
3 _ K _ _ 
2  _ _ _ _
1 _ _ _ _ 

  abcdefgh
8  _ _ _ _
7 R _ _ _ 
6 p_b_kP _
5 _ _ Br_ 
4  _ _ _ _
3 _ K _ _ 
2  _ _ _ _
1 _ _ _ _ 

  abcdefgh
8  _ _ _ _
7 R _ _ _ 
6 p_b_ P _
5 _ _kBr_ 
4  _ _ _ _
3 _ K _ _ 
2  _ _ _ _
1 _ _ _ _ 

  abcdefgh
8  _ _ _ _
7 _ _ _ _ 
6 R_b_ P _
5 _ _kBr_ 
4  _ _ _ _
3 _ K _ _ 
2  _ _ _ _
1 _ _ _ _ 

  abcdefgh
8  _ _ _ _
7 _ _ _ _ 
6 R_b_ P _
5 _ k Br_ 
4  _ _ _ _
3 _ K _ _ 
2  _ _ _ _
1 _ _ _ _ 

  abcdefgh
8  _ _ _ _
7 _ _ _ _ 
6  _b_ P _
5 R k Br_ 
4  _ _ _ _
3 _ K _ _ 
2  _ _ _ _
1 _ _ _ _ 

  abcdefgh
8  _ _ _ _
7 _ _ _ _ 
6  _ _ P _
5 Rbk Br_ 
4  _ _ _ _
3 _ K _ _ 
2  _ _ _ _
1 _ _ _ _ 

  abcdefgh
8  _ _ _ _
7 _ _ _ _ 
6  _ _ P _
5 Rbk _r_ 
4  _ B _ _
3 _ K _ _ 
2  _ _ _ _
1 _ _ _ _ 

  abcdefgh
8  _ _ _ _
7 _ _ _ _ 
6  _ k P _
5 Rb_ _r_ 
4  _ B _ _
3 _ K _ _ 
2  _ _ _ _
1 _ _ _ _ 

  abcdefgh
8  _ _ _ _
7 _ _ _ _ 
6  _ k P _
5 Rb_ _r_ 
4  _ B _ _
3 _ _ _ _ 
2  _ K _ _
1 _ _ _ _ 

  abcdefgh
8  _ _ _ _
7 _ _ _ _ 
6  _ _kP _
5 Rb_ _r_ 
4  _ B _ _
3 _ _ _ _ 
2  _ K _ _
1 _ _ _ _ 

  abcdefgh
8 R_ _ _ _
7 _ _ _ _ 
6  _ _kP _
5 _b_ _r_ 
4  _ B _ _
3 _ _ _ _ 
2  _ K _ _
1 _ _ _ _ 

  abcdefgh
8 R_ _ _ _
7 _ _ _ _ 
6  _b_kP _
5 _ _ _r_ 
4  _ B _ _
3 _ _ _ _ 
2  _ K _ _
1 _ _ _ _ 

  abcdefgh
8  _ _ _ _
7 R _ _ _ 
6  _b_kP _
5 _ _ _r_ 
4  _ B _ _
3 _ _ _ _ 
2  _ K _ _
1 _ _ _ _ 

  abcdefgh
8  _ _ _ _
7 R _b_ _ 
6  _ _kP _
5 _ _ _r_ 
4  _ B _ _
3 _ _ _ _ 
2  _ K _ _
1 _ _ _ _ 

  abcdefgh
8  _ _ _ _
7 R _b_ _ 
6  _ _kP _
5 _ _ _r_ 
4  _ B _ _
3 _ _ K _ 
2  _ _ _ _
1 _ _ _ _ 

  abcdefgh
8  _ _ _ _
7 R _b_ _ 
6  _ _kP _
5 _ _ _ _ 
4  _ B _ _
3 _ _ K _ 
2  _ _ _ _
1 _ _ _r_ 

  abcdefgh
8  _ _ _ _
7 _ _b_ _ 
6 R_ _kP _
5 _ _ _ _ 
4  _ B _ _
3 _ _ K _ 
2  _ _ _ _
1 _ _ _r_ 

  abcdefgh
8  _ _ _ _
7 _ _b_ _ 
6 R_ _ P _
5 _ _k_ _ 
4  _ B _ _
3 _ _ K _ 
2  _ _ _ _
1 _ _ _r_ 

  abcdefgh
8  _ _ _ _
7 _ _b_ _ 
6  _ _ P _
5 R _k_ _ 
4  _ B _ _
3 _ _ K _ 
2  _ _ _ _
1 _ _ _r_ 

  abcdefgh
8  _ _ _ _
7 _ _b_ _ 
6  _ _kP _
5 R _ _ _ 
4  _ B _ _
3 _ _ K _ 
2  _ _ _ _
1 _ _ _r_ 

  abcdefgh
8  _ _ _ _
7 _ _b_ _ 
6  _ _kP _
5 R _ _ _ 
4  _ B _ _
3 _ _ _ _ 
2  _ _K_ _
1 _ _ _r_ 

  abcdefgh
8  _ _ _ _
7 _ _b_ _ 
6  _ _kP _
5 R _ _ _ 
4  _ B r _
3 _ _ _ _ 
2  _ _K_ _
1 _ _ _ _ 

  abcdefgh
8  _ _ _ _
7 _ _b_ _ 
6  _ _kP _
5 R _ _ _ 
4  _ B r _
3 _ _K_ _ 
2  _ _ _ _
1 _ _ _ _ 

  abcdefgh
8  _ _b_ _
7 _ _ _ _ 
6  _ _kP _
5 R _ _ _ 
4  _ B r _
3 _ _K_ _ 
2  _ _ _ _
1 _ _ _ _ 

  abcdefgh
8  _ _b_ _
7 _ _ _ _ 
6  _ _kP _
5 R _ _ _ 
4  _ B r _
3 _ K _ _ 
2  _ _ _ _
1 _ _ _ _ 

  abcdefgh
8  _ _ _ _
7 _ _ _ _ 
6  _ _kPb_
5 R _ _ _ 
4  _ B r _
3 _ K _ _ 
2  _ _ _ _
1 _ _ _ _ 

  abcdefgh
8  _ _ _ _
7 _ _ _ _ 
6  _ _kPb_
5 R _ _ _ 
4  _KB r _
3 _ _ _ _ 
2  _ _ _ _
1 _ _ _ _ 

  abcdefgh
8  _ _ _ _
7 _ _ _ _ 
6  _ _kPb_
5 R _ _ _ 
4  _KB _ _
3 _ _ _ _ 
2  _ _ _ _
1 _ _ _r_ 

  abcdefgh
8  _ _ _ _
7 R _ _ _ 
6  _ _kPb_
5 _ _ _ _ 
4  _KB _ _
3 _ _ _ _ 
2  _ _ _ _
1 _ _ _r_ 

  abcdefgh
8  _ _ _ _
7 R _ _ _ 
6  _ _kPb_
5 _ _ _ _ 
4  _KB _ _
3 _ _ _ _ 
2  _ _ _ _
1 _ r _ _ 

  abcdefgh
8  _ _ _ _
7 R _ _ _ 
6  _ _kPb_
5 _K_ _ _ 
4  _ B _ _
3 _ _ _ _ 
2  _ _ _ _
1 _ r _ _ 

  abcdefgh
8  _r_ _ _
7 R _ _ _ 
6  _ _kPb_
5 _K_ _ _ 
4  _ B _ _
3 _ _ _ _ 
2  _ _ _ _
1 _ _ _ _ 

  abcdefgh
8  _r_ _ _
7 R _ _ _ 
6  _ _kPb_
5 _K_ B _ 
4  _ _ _ _
3 _ _ _ _ 
2  _ _ _ _
1 _ _ _ _ 

  abcdefgh
8  _r_ _ _
7 R _ _ _ 
6  _ _ Pb_
5 _K_ Bk_ 
4  _ _ _ _
3 _ _ _ _ 
2  _ _ _ _
1 _ _ _ _ 

  abcdefgh
8  _r_ _ _
7 R _ _ _ 
6  K _ Pb_
5 _ _ Bk_ 
4  _ _ _ _
3 _ _ _ _ 
2  _ _ _ _
1 _ _ _ _ 

  abcdefgh
8  _r_ _ _
7 R _ _b_ 
6  K _ P _
5 _ _ Bk_ 
4  _ _ _ _
3 _ _ _ _ 
2  _ _ _ _
1 _ _ _ _ 

  abcdefgh
8  _r_ _ _
7 _ _R_b_ 
6  K _ P _
5 _ _ Bk_ 
4  _ _ _ _
3 _ _ _ _ 
2  _ _ _ _
1 _ _ _ _ 

  abcdefgh
8  _r_ _ _
7 _ _R_ _ 
6  K _bP _
5 _ _ Bk_ 
4  _ _ _ _
3 _ _ _ _ 
2  _ _ _ _
1 _ _ _ _ 

  abcdefgh
8  _r_ _ _
7 _ _ R _ 
6  K _bP _
5 _ _ Bk_ 
4  _ _ _ _
3 _ _ _ _ 
2  _ _ _ _
1 _ _ _ _ 

  abcdefgh
8  _ _ r _
7 _ _ R _ 
6  K _bP _
5 _ _ Bk_ 
4  _ _ _ _
3 _ _ _ _ 
2  _ _ _ _
1 _ _ _ _ 

  abcdefgh
8  _ _ r _
7 _ _ _ R 
6  K _bP _
5 _ _ Bk_ 
4  _ _ _ _
3 _ _ _ _ 
2  _ _ _ _
1 _ _ _ _ 

  abcdefgh
8  _ _ _r_
7 _ _ _ R 
6  K _bP _
5 _ _ Bk_ 
4  _ _ _ _
3 _ _ _ _ 
2  _ _ _ _
1 _ _ _ _ 

  abcdefgh
8  _ _ _R_
7 _ _ _ _ 
6  K _bP _
5 _ _ Bk_ 
4  _ _ _ _
3 _ _ _ _ 
2  _ _ _ _
1 _ _ _ _ 

  abcdefgh
8  _ _ _b_
7 _ _ _ _ 
6  K _ P _
5 _ _ Bk_ 
4  _ _ _ _
3 _ _ _ _ 
2  _ _ _ _
1 _ _ _ _ 

  abcdefgh
8  _ _ _b_
7 _ _ _P_ 
6  K _ _ _
5 _ _ Bk_ 
4  _ _ _ _
3 _ _ _ _ 
2  _ _ _ _
1 _ _ _ _ 

  abcdefgh
8  _ _ _ _
7 _ _ _b_ 
6  K _ _ _
5 _ _ Bk_ 
4  _ _ _ _
3 _ _ _ _ 
2  _ _ _ _
1 _ _ _ _ 

  abcdefgh
8  _ _ _ _
7 _ _ _b_ 
6  K _ B _
5 _ _ _k_ 
4  _ _ _ _
3 _ _ _ _ 
2  _ _ _ _
1 _ _ _ _ 

  abcdefgh
8  _ _ _ _
7 _ _ _b_ 
6  K _ B _
5 _ _ _ _ 
4  _ _ _k_
3 _ _ _ _ 
2  _ _ _ _
1 _ _ _ _ 

  abcdefgh
8  _ _ _ _
7 _ _ _b_ 
6  K _ _ _
5 _ _ _ _ 
4  _ _ _kB
3 _ _ _ _ 
2  _ _ _ _
1 _ _ _ _ 

  abcdefgh
8  _ _ _ _
7 _ _ _b_ 
6  K _ _ _
5 _ _ _ _ 
4  _ _ k B
3 _ _ _ _ 
2  _ _ _ _
1 _ _ _ _ 

  abcdefgh
8  _ _ _ _
7 _ _ _b_ 
6  _ _ _ _
5 _ K _ _ 
4  _ _ k B
3 _ _ _ _ 
2  _ _ _ _
1 _ _ _ _ 

  abcdefgh
8  _ _ _ _
7 _ _ _ _ 
6  _ _ _ _
5 _ Kb_ _ 
4  _ _ k B
3 _ _ _ _ 
2  _ _ _ _
1 _ _ _ _ 

  abcdefgh
8  _ _ _ _
7 _ _ _ _ 
6  _ _ _ _
5 _ _b_ _ 
4  _ K k B
3 _ _ _ _ 
2  _ _ _ _
1 _ _ _ _ 

  abcdefgh
8  _ _ _ _
7 _ _ _ _ 
6  _ _ _ _
5 _ _b_k_ 
4  _ K _ B
3 _ _ _ _ 
2  _ _ _ _
1 _ _ _ _ 

  abcdefgh
8  _ _ _ _
7 _ _ _ _ 
6  _ _ _ _
5 _ _b_k_ 
4  _ K _ _
3 _ _ _ B 
2  _ _ _ _
1 _ _ _ _ 

  abcdefgh
8  _ _ _ _
7 _ _ _b_ 
6  _ _ _ _
5 _ _ _k_ 
4  _ K _ _
3 _ _ _ B 
2  _ _ _ _
1 _ _ _ _ 

  abcdefgh
8  _ _ _ _
7 _ _ _b_ 
6  _ _ _ _
5 _ _ _k_ 
4  _ K _ _
3 _ _ _ _ 
2  _ _ _ B
1 _ _ _ _ 

  abcdefgh
8  _ _ _ _
7 _ _ _ _ 
6  _ _ _ _
5 _ _ _k_ 
4  _ K _ _
3 _ _ _ _ 
2 b_ _ _ B
1 _ _ _ _ 

  abcdefgh
8  _ _ _ _
7 _ _ _ _ 
6  _ _ _ _
5 _ _ _k_ 
4  _ K B _
3 _ _ _ _ 
2 b_ _ _ _
1 _ _ _ _ 

  abcdefgh
8  _ _ _b_
7 _ _ _ _ 
6  _ _ _ _
5 _ _ _k_ 
4  _ K B _
3 _ _ _ _ 
2  _ _ _ _
1 _ _ _ _ 

  abcdefgh
8  _ _ _b_
7 _ _ _ _ 
6  _ _ _ _
5 _ _ _k_ 
4  _ _ B _
3 _ _K_ _ 
2  _ _ _ _
1 _ _ _ _ 

  abcdefgh
8  _ _ _ _
7 _ _ _ _ 
6  _ _ _ _
5 _ _ _k_ 
4  _b_ B _
3 _ _K_ _ 
2  _ _ _ _
1 _ _ _ _ 

  abcdefgh
8  _ _ _ _
7 _ _ _ _ 
6  _ _ _ _
5 _ _ _k_ 
4  _bK B _
3 _ _ _ _ 
2  _ _ _ _
1 _ _ _ _ 

  abcdefgh
8  _ _ _ _
7 _ _ _ _ 
6  _ _ _ _
5 _ _ _k_ 
4  _ K B _
3 _ _ _ _ 
2 b_ _ _ _
1 _ _ _ _ 

  abcdefgh
8  _ _ _ _
7 _ _ _ _ 
6  _ _ _ _
5 _ _ _k_ 
4  _ K _ _
3 _ _ _ B 
2 b_ _ _ _
1 _ _ _ _ 

  abcdefgh
8  _ _ _ _
7 _ _ _b_ 
6  _ _ _ _
5 _ _ _k_ 
4  _ K _ _
3 _ _ _ B 
2  _ _ _ _
1 _ _ _ _ 

  abcdefgh
8  _ _ _ _
7 _ _ _b_ 
6  _ _ _ _
5 _ _ Bk_ 
4  _ K _ _
3 _ _ _ _ 
2  _ _ _ _
1 _ _ _ _ 

  abcdefgh
8  _ _ _ _
7 _ _ _ _ 
6  _ _ _ _
5 _ _ Bk_ 
4  _ K _ _
3 _ _ _ _ 
2 b_ _ _ _
1 _ _ _ _ 

  abcdefgh
8  _ _ _ _
7 _ _ _ _ 
6  _ _ _ _
5 _ _ Bk_ 
4  _ _ _ _
3 _ _K_ _ 
2 b_ _ _ _
1 _ _ _ _ 

  abcdefgh
8  _ _ _ _
7 _ _ _ _ 
6  _ _ _ _
5 _ _ Bk_ 
4  _b_ _ _
3 _ _K_ _ 
2  _ _ _ _
1 _ _ _ _ 

  abcdefgh
8  _ _ _ _
7 _ _ _ _ 
6  _ _ _ _
5 _ _ Bk_ 
4  _b_ _ _
3 _ _ K _ 
2  _ _ _ _
1 _ _ _ _ 

  abcdefgh
8  _ _ _ _
7 _ _ _ _ 
6  _ _ _ _
5 _ _ Bk_ 
4  _ _ _ _
3 _b_ K _ 
2  _ _ _ _
1 _ _ _ _ 

  abcdefgh
8  _ _ _ _
7 _ _ _ _ 
6  _ _ B _
5 _ _ _k_ 
4  _ _ _ _
3 _b_ K _ 
2  _ _ _ _
1 _ _ _ _ 

  abcdefgh
8  _ _ _ _
7 _ _ _b_ 
6  _ _ B _
5 _ _ _k_ 
4  _ _ _ _
3 _ _ K _ 
2  _ _ _ _
1 _ _ _ _ 

  abcdefgh
8  _ _ _ _
7 _ _ _b_ 
6  _ _ B _
5 _ _ _k_ 
4  _ K _ _
3 _ _ _ _ 
2  _ _ _ _
1 _ _ _ _ 

  abcdefgh
8  _ _ _ _
7 _ _ _ _ 
6  _ _ B _
5 _ _ _k_ 
4  _bK _ _
3 _ _ _ _ 
2  _ _ _ _
1 _ _ _ _ 

  abcdefgh
8  _ _ _ _
7 _ _ _ _ 
6  _ _ _ _
5 _ _ Bk_ 
4  _bK _ _
3 _ _ _ _ 
2  _ _ _ _
1 _ _ _ _ 

  abcdefgh
8  _ _ _ _
7 _ _ _ _ 
6  _ _ _ _
5 _ _ Bk_ 
4  _ K _ _
3 _ _ _ _ 
2 b_ _ _ _
1 _ _ _ _ 

  abcdefgh
8  _ _ _ _
7 _ _ _ _ 
6  _ _ _ _
5 _ _ Bk_ 
4  _ _ _ _
3 _ _ K _ 
2 b_ _ _ _
1 _ _ _ _ 

  abcdefgh
8  _ _ _ _
7 _ _ _b_ 
6  _ _ _ _
5 _ _ Bk_ 
4  _ _ _ _
3 _ _ K _ 
2  _ _ _ _
1 _ _ _ _ 

  abcdefgh
8  _ _ _ _
7 _ _ _b_ 
6  _ _ _ _
5 _ _ _k_ 
4  _ _ _ _
3 _ _ K B 
2  _ _ _ _
1 _ _ _ _ 

  abcdefgh
8  _ _ _ _
7 _ _ _ _ 
6  _ _b_ _
5 _ _ _k_ 
4  _ _ _ _
3 _ _ K B 
2  _ _ _ _
1 _ _ _ _ 

  abcdefgh
8  _ _ _ _
7 _ _ _ _ 
6  _ _b_ _
5 _ _ Bk_ 
4  _ _ _ _
3 _ _ K _ 
2  _ _ _ _
1 _ _ _ _ 

  abcdefgh
8  _ _ _ _
7 _ _ _b_ 
6  _ _ _ _
5 _ _ Bk_ 
4  _ _ _ _
3 _ _ K _ 
2  _ _ _ _
1 _ _ _ _ 

  abcdefgh
8  _ _ _ _
7 _ _ _b_ 
6  _ _ _ _
5 _ _ Bk_ 
4  _ K _ _
3 _ _ _ _ 
2  _ _ _ _
1 _ _ _ _ 

  abcdefgh
8  _ _ _ _
7 _ _ _ _ 
6  _ _ _ _
5 _ _ Bk_ 
4  _ K _ _
3 _b_ _ _ 
2  _ _ _ _
1 _ _ _ _ 

  abcdefgh
8  _ _ _ _
7 _ _ _ _ 
6  _ _ _ _
5 _ _ Bk_ 
4  _ _ _ _
3 _b_ K _ 
2  _ _ _ _
1 _ _ _ _ 

  abcdefgh
8  _ _ _ _
7 _ _ _ _ 
6  _ _b_ _
5 _ _ Bk_ 
4  _ _ _ _
3 _ _ K _ 
2  _ _ _ _
1 _ _ _ _ 

  abcdefgh
8  _ _ _ _
7 _ _ _ _ 
6  _ _b_ _
5 _ _ _k_ 
4  _ _ B _
3 _ _ K _ 
2  _ _ _ _
1 _ _ _ _ 

  abcdefgh
8  _ _ _b_
7 _ _ _ _ 
6  _ _ _ _
5 _ _ _k_ 
4  _ _ B _
3 _ _ K _ 
2  _ _ _ _
1 _ _ _ _ 

  abcdefgh
8  _ _ _b_
7 _ _ _ _ 
6  _ _ _ _
5 _ _ Bk_ 
4  _ _ _ _
3 _ _ K _ 
2  _ _ _ _
1 _ _ _ _ 

  abcdefgh
8  _ _ _ _
7 _ _ _ _ 
6  _ _ _ _
5 _ _ Bk_ 
4  _ _ _ _
3 _b_ K _ 
2  _ _ _ _
1 _ _ _ _ 

  abcdefgh
8  _ _ _ _
7 _ _ _ _ 
6  _ _ _ _
5 _ _ Bk_ 
4  _ K _ _
3 _b_ _ _ 
2  _ _ _ _
1 _ _ _ _ 

  abcdefgh
8  _ _ _ _
7 _ _ _ _ 
6  _ _ _ _
5 _ _ Bk_ 
4  _ K _ _
3 _ _ _ _ 
2 b_ _ _ _
1 _ _ _ _ 

  abcdefgh
8  _ _ _ _
7 _ _ _ _ 
6  _ B _ _
5 _ _ _k_ 
4  _ K _ _
3 _ _ _ _ 
2 b_ _ _ _
1 _ _ _ _ 

  abcdefgh
8  _ _ _ _
7 _ _ _ _ 
6  _ B _ _
5 _ _ _k_ 
4  _ K _ _
3 _b_ _ _ 
2  _ _ _ _
1 _ _ _ _ 

  abcdefgh
8  _ _ _ _
7 _ _ _ _ 
6  _ B _ _
5 _ _ _k_ 
4  _ _ _ _
3 _b_K_ _ 
2  _ _ _ _
1 _ _ _ _ 

  abcdefgh
8  _ _ _ _
7 _ _ _ _ 
6  _ B _ _
5 _ _ _k_ 
4  _b_ _ _
3 _ _K_ _ 
2  _ _ _ _
1 _ _ _ _ 

  abcdefgh
8  _ _ _ _
7 _ _ _ _ 
6  _ B _ _
5 _ _ _k_ 
4  _b_ _ _
3 _ _ K _ 
2  _ _ _ _
1 _ _ _ _ 

  abcdefgh
8  _ _ _b_
7 _ _ _ _ 
6  _ B _ _
5 _ _ _k_ 
4  _ _ _ _
3 _ _ K _ 
2  _ _ _ _
1 _ _ _ _ 

  abcdefgh
8  _ _ _b_
7 _ _ _ _ 
6  _ _ _ _
5 _ _ _k_ 
4  _ _ B _
3 _ _ K _ 
2  _ _ _ _
1 _ _ _ _ 

  abcdefgh
8  _ _ _ _
7 _ _ _ _ 
6  _ _ _ _
5 _ _ _k_ 
4  _b_ B _
3 _ _ K _ 
2  _ _ _ _
1 _ _ _ _ 

  abcdefgh
8  _ _ _ _
7 _ _ _ _ 
6  _ _ _ _
5 _ _ _k_ 
4  _bK B _
3 _ _ _ _ 
2  _ _ _ _
1 _ _ _ _ 

  abcdefgh
8  _ _ _ _
7 _ _ _ _ 
6  _ _ _ _
5 _ _ _k_ 
4  _ K B _
3 _b_ _ _ 
2  _ _ _ _
1 _ _ _ _ 

  abcdefgh
8  _ _ _ _
7 _ _ _ _ 
6  _ _ _ _
5 _ _ _k_ 
4  _ _ B _
3 _b_ K _ 
2  _ _ _ _
1 _ _ _ _ 

  abcdefgh
8  _ _ _ _
7 _ _ _b_ 
6  _ _ _ _
5 _ _ _k_ 
4  _ _ B _
3 _ _ K _ 
2  _ _ _ _
1 _ _ _ _ 

  abcdefgh
8  _ _ _ _
7 _ _ _b_ 
6  _ _ _ _
5 _ _ _k_ 
4  _ K B _
3 _ _ _ _ 
2  _ _ _ _
1 _ _ _ _ 

  abcdefgh
8  _ _ _ _
7 _ _ _ _ 
6  _ _ _ _
5 _ _ _k_ 
4  _ K B _
3 _b_ _ _ 
2  _ _ _ _
1 _ _ _ _ 

  abcdefgh
8  _ _ _ _
7 _ _ _ _ 
6  _ _ _ _
5 _ _ _k_ 
4  _ _ B _
3 _b_ K _ 
2  _ _ _ _
1 _ _ _ _ 

  abcdefgh
8  _ _ _b_
7 _ _ _ _ 
6  _ _ _ _
5 _ _ _k_ 
4  _ _ B _
3 _ _ K _ 
2  _ _ _ _
1 _ _ _ _ 

  abcdefgh
8  _ _ _b_
7 _ _ _ _ 
6  _ _ _ _
5 _ _ _k_ 
4  _ _ _ _
3 _ _ K B 
2  _ _ _ _
1 _ _ _ _ 

  abcdefgh
8  _ _ _ _
7 _ _ _ _ 
6  _ _ _ _
5 _ _ _k_ 
4  _b_ _ _
3 _ _ K B 
2  _ _ _ _
1 _ _ _ _ 

  abcdefgh
8  _ _ _ _
7 _ _ _ _ 
6  _ B _ _
5 _ _ _k_ 
4  _b_ _ _
3 _ _ K _ 
2  _ _ _ _
1 _ _ _ _ 

  abcdefgh
8  _ _ _ _
7 _ _ _ _ 
6  _ B _ _
5 _ _ _k_ 
4  _ _ _ _
3 _ _ K _ 
2 b_ _ _ _
1 _ _ _ _ 

  abcdefgh
8  _ _ _ _
7 _ _ _ _ 
6  _ _ _ _
5 _ _ _k_ 
4  _ _ _ _
3 _ _ K _ 
2 b_ _ _ B
1 _ _ _ _ 

  abcdefgh
8  _ _ _ _
7 _ _ _ _ 
6  _ _ _ _
5 _ _ _k_ 
4  _b_ _ _
3 _ _ K _ 
2  _ _ _ B
1 _ _ _ _ 

  abcdefgh
8  _ _ _ _
7 _ _ _ _ 
6  _ _ _ _
5 _ _ _k_ 
4  _bK _ _
3 _ _ _ _ 
2  _ _ _ B
1 _ _ _ _ 

  abcdefgh
8  _ _ _ _
7 _ _ _ _ 
6  _ _ _ _
5 _ _ _k_ 
4  _ K _ _
3 _b_ _ _ 
2  _ _ _ B
1 _ _ _ _ 

  abcdefgh
8  _ _ _ _
7 _ _ _ _ 
6  _ B _ _
5 _ _ _k_ 
4  _ K _ _
3 _b_ _ _ 
2  _ _ _ _
1 _ _ _ _ 

  abcdefgh
8  _ _ _ _
7 _ _ _ _ 
6  _ B _ _
5 _ _ _k_ 
4  _ K _ _
3 _ _ _ _ 
2 b_ _ _ _
1 _ _ _ _ 

  abcdefgh
8  _ _ _ _
7 _ _ _ _ 
6  _ B _ _
5 _ _ _k_ 
4  _ _ _ _
3 _ _ K _ 
2 b_ _ _ _
1 _ _ _ _ 

  abcdefgh
8  _ _ _ _
7 _ _ _ _ 
6  _ B _ _
5 _ _ _k_ 
4  _ _ _ _
3 _b_ K _ 
2  _ _ _ _
1 _ _ _ _ 

  abcdefgh
8  _ _ _ _
7 _ _ _ _ 
6  _ _ _ _
5 _ _ _k_ 
4  _ _ _ _
3 _b_ K _ 
2  _ _ _ B
1 _ _ _ _ 

  abcdefgh
8  _ _ _ _
7 _ _ _b_ 
6  _ _ _ _
5 _ _ _k_ 
4  _ _ _ _
3 _ _ K _ 
2  _ _ _ B
1 _ _ _ _ 

  abcdefgh
8  _ _ _ _
7 _ _ _b_ 
6  _ B _ _
5 _ _ _k_ 
4  _ _ _ _
3 _ _ K _ 
2  _ _ _ _
1 _ _ _ _ 

  abcdefgh
8  _ _ _ _
7 _ _ _ _ 
6  _ B _ _
5 _ _ _k_ 
4  _ _ _ _
3 _ _ K _ 
2 b_ _ _ _
1 _ _ _ _ 

  abcdefgh
8  _ _ _ _
7 _ _ _ _ 
6  _ _ _ _
5 _ _ _k_ 
4  _ _ _ _
3 _ _ K _ 
2 b_ _ _ B
1 _ _ _ _ 

  abcdefgh
8  _ _ _ _
7 _ _ _b_ 
6  _ _ _ _
5 _ _ _k_ 
4  _ _ _ _
3 _ _ K _ 
2  _ _ _ B
1 _ _ _ _ 

  abcdefgh
8  _ _ _ _
7 _ B _b_ 
6  _ _ _ _
5 _ _ _k_ 
4  _ _ _ _
3 _ _ K _ 
2  _ _ _ _
1 _ _ _ _ 

  abcdefgh
8  _ _ _ _
7 _ B _ _ 
6  _ _ _ _
5 _ _ _k_ 
4  _ _ _ _
3 _b_ K _ 
2  _ _ _ _
1 _ _ _ _ 

  abcdefgh
8  _ _ _ _
7 _ _ _ _ 
6  _ _ _ _
5 _ _ _k_ 
4  _ _ B _
3 _b_ K _ 
2  _ _ _ _
1 _ _ _ _ 

  abcdefgh
8  _ _ _b_
7 _ _ _ _ 
6  _ _ _ _
5 _ _ _k_ 
4  _ _ B _
3 _ _ K _ 
2  _ _ _ _
1 _ _ _ _ 

  abcdefgh
8  _ _ _b_
7 _ _ _ _ 
6  _ _ _ _
5 _ _ _k_ 
4  _ _ _ _
3 _ _ K B 
2  _ _ _ _
1 _ _ _ _ 

  abcdefgh
8  _ _ _ _
7 _ _ _b_ 
6  _ _ _ _
5 _ _ _k_ 
4  _ _ _ _
3 _ _ K B 
2  _ _ _ _
1 _ _ _ _ 

  abcdefgh
8  B _ _ _
7 _ _ _b_ 
6  _ _ _ _
5 _ _ _k_ 
4  _ _ _ _
3 _ _ K _ 
2  _ _ _ _
1 _ _ _ _ 

  abcdefgh
8  B _ _ _
7 _ _ _b_ 
6  _ _ _k_
5 _ _ _ _ 
4  _ _ _ _
3 _ _ K _ 
2  _ _ _ _
1 _ _ _ _ 

  abcdefgh
8  _ _ _ _
7 _ _ _b_ 
6  _ _ _k_
5 _ _ _ _ 
4  _ _ _ _
3 _ _ K B 
2  _ _ _ _
1 _ _ _ _ 

  abcdefgh
8  _ _ _ _
7 _ _ _ _ 
6  _ _ _k_
5 _ _ _ _ 
4  _ _ _ _
3 _ _ K B 
2 b_ _ _ _
1 _ _ _ _ 

  abcdefgh
8  _ _ _ _
7 _ _ _ _ 
6  _ _ _k_
5 _ _ _ _ 
4  _ _K_ _
3 _ _ _ B 
2 b_ _ _ _
1 _ _ _ _ 

  abcdefgh
8  _ _ _b_
7 _ _ _ _ 
6  _ _ _k_
5 _ _ _ _ 
4  _ _K_ _
3 _ _ _ B 
2  _ _ _ _
1 _ _ _ _ 

  abcdefgh
8  B _ _b_
7 _ _ _ _ 
6  _ _ _k_
5 _ _ _ _ 
4  _ _K_ _
3 _ _ _ _ 
2  _ _ _ _
1 _ _ _ _ 

  abcdefgh
8  B _ _ _
7 _ _ _ _ 
6  _ _b_k_
5 _ _ _ _ 
4  _ _K_ _
3 _ _ _ _ 
2  _ _ _ _
1 _ _ _ _ 

  abcdefgh
8  _ _ _ _
7 _ _ _ _ 
6  _ _b_k_
5 _ _ _ _ 
4  _ _K_ _
3 _ _ _ B 
2  _ _ _ _
1 _ _ _ _ 

  abcdefgh
8  _ _ _b_
7 _ _ _ _ 
6  _ _ _k_
5 _ _ _ _ 
4  _ _K_ _
3 _ _ _ B 
2  _ _ _ _
1 _ _ _ _ 

  abcdefgh
8  _ _ _b_
7 _ _ _ _ 
6  _ _ _k_
5 _ _ K _ 
4  _ _ _ _
3 _ _ _ B 
2  _ _ _ _
1 _ _ _ _ 

  abcdefgh
8  _ _ _ _
7 _ _ _ _ 
6  _ _ _k_
5 _ _ K _ 
4  _ _ _ _
3 _ _ _ B 
2 b_ _ _ _
1 _ _ _ _ 

  abcdefgh
8  _ _ _ _
7 _ _ _ _ 
6  _ _ _k_
5 _ _ K _ 
4  _ _ _ _
3 _ _ _ _ 
2 b_ _ _ _
1 _ _ B _ 

  abcdefgh
8  _ _ _ _
7 _ _ _ _ 
6  _ _ _k_
5 _ _ K _ 
4  _ _ _ _
3 _ _ _ _ 
2  _ _ _ _
1 _b_ B _ 

  abcdefgh
8  _ _ _ _
7 _ _ _ _ 
6  _ _ _k_
5 _ _ K _ 
4  _ _ _ _
3 _ _ _ _ 
2  _ B _ _
1 _b_ _ _ 

  abcdefgh
8  _ _ _ _
7 _ _ _ _ 
6  _ _ _k_
5 _ _ K _ 
4  _ _ _ _
3 _ _ _ _ 
2 b_ B _ _
1 _ _ _ _ 

  abcdefgh
8  _ _ _ _
7 _ _ _ _ 
6  _ _ _k_
5 _ _ K _ 
4  _ _ _ _
3 _ _ _ _ 
2 b_ _ _ _
1 _ B _ _ 

  abcdefgh
8  _ _ _ _
7 _ _ _b_ 
6  _ _ _k_
5 _ _ K _ 
4  _ _ _ _
3 _ _ _ _ 
2  _ _ _ _
1 _ B _ _ 

  abcdefgh
8  _ _ _ _
7 _ _ _b_ 
6  _ _ _k_
5 _ _ K _ 
4  _ _ _ _
3 _ _ _ _ 
2  _ B _ _
1 _ _ _ _ 

  abcdefgh
8  _ _ _ _
7 _ _ _ _ 
6  _ _ _k_
5 _ _ K _ 
4  _ _ _ _
3 _ _ _ _ 
2 b_ B _ _
1 _ _ _ _ 

  abcdefgh
8  _ _ _ _
7 _ _ _ _ 
6  _ _ _k_
5 _ _ K _ 
4  _ _ _ _
3 _ _ _ _ 
2 b_ _ _ _
1 _ B _ _ 

  abcdefgh
8  _ _ _ _
7 _ _ _ _ 
6  _ _ _k_
5 _ _ K _ 
4  _b_ _ _
3 _ _ _ _ 
2  _ _ _ _
1 _ B _ _ 

  abcdefgh
8  _ _ _ _
7 _ _ _ _ 
6  _ _ _kB
5 _ _ K _ 
4  _b_ _ _
3 _ _ _ _ 
2  _ _ _ _
1 _ _ _ _ 

  abcdefgh
8  _ _ _ _
7 _ _ _ _ 
6  _ _ _kB
5 _ _ K _ 
4  _ _ _ _
3 _ _ _ _ 
2  _ _ _ _
1 _ _ _b_ 

  abcdefgh
8  _ _ _ _
7 _ _ _ _ 
6  _ _ _k_
5 _ _ K _ 
4  _ _ _ _
3 _ _ _ _ 
2  _ _ _ _
1 _ B _b_ 

  abcdefgh
8  _ _ _ _
7 _ _ _ _ 
6  _ _ _k_
5 _ _ K _ 
4  _ _ _ _
3 _ _ _ _b
2  _ _ _ _
1 _ B _ _ 

  abcdefgh
8  _ _ _ _
7 _ _ _ _ 
6  _ _ _k_
5 _ _ K _ 
4  _ _ _ _
3 _ _ _ _b
2  B _ _ _
1 _ _ _ _ 

  abcdefgh
8  _ _ _ _
7 _ _ _ _ 
6  _ _ _k_
5 _ _ K _ 
4  _ _ _ _
3 _ _ _ _ 
2  B _ _ _
1 _ _ _b_ 

  abcdefgh
8  _ _ _ _
7 _ _ _ _ 
6  _ _ _k_
5 _ _ K _ 
4  _ _ _ _
3 B _ _ _ 
2  _ _ _ _
1 _ _ _b_ 

  abcdefgh
8  _ _ _ _
7 _ _ _ _ 
6  _ _ _k_
5 _ _ K _ 
4  _ _ _ _
3 B _ _ _ 
2  _ _b_ _
1 _ _ _ _ 

  abcdefgh
8  _ _ _ _
7 _ _ _ _ 
6  _ _ _k_
5 _ _ K _ 
4  _ _ _ _
3 _ _ _ _ 
2  _ _b_ _
1 _ B _ _ 

  abcdefgh
8  _ _ _ _
7 _ _ _ _ 
6  _ _ _k_
5 _ _ K _ 
4  _ _ _ _
3 _ _ _ _ 
2  _ _ _ _
1 _ Bb_ _ 

  abcdefgh
8  _ _ _ _
7 _ _ _ _ 
6  _ _ _k_
5 _ _ K _ 
4  _ _ _ _
3 _ _ _ _ 
2  B _ _ _
1 _ _b_ _ 

  abcdefgh
8  _ _ _ _
7 _ _ _ _ 
6  _ _ _k_
5 _ _ K _ 
4  _ _ _ _
3 _ _ _ _ 
2  Bb_ _ _
1 _ _ _ _ 

  abcdefgh
8  _ _ _ _
7 _ _ _ _ 
6  _ _ _k_
5 _ _ K _ 
4  _ _ _ _
3 _ _ _ _ 
2  _b_ _ _
1 B _ _ _ 

  abcdefgh
8  _ _ _ _
7 _ _ _ _ 
6  _ _ _k_
5 _ _ K _ 
4  _ _ _ _
3 _ _ _ _ 
2  _ _ _ _
1 Bb_ _ _ 

  abcdefgh
8  _ _ _ _
7 _ _ _ _ 
6  _ _ _k_
5 _ _ K _ 
4  _ _ _ _
3 _ _ _ _ 
2  B _ _ _
1 _b_ _ _ 

  abcdefgh
8  _ _ _ _
7 _ _ _ _ 
6  _ _ _k_
5 _ _ K _ 
4  _ _b_ _
3 _ _ _ _ 
2  B _ _ _
1 _ _ _ _ 

  abcdefgh
8  _ _ _ _
7 _ _ _ _ 
6  _ _ _k_
5 _ _ K _ 
4  _ _b_ _
3 B _ _ _ 
2  _ _ _ _
1 _ _ _ _ 

  abcdefgh
8  _ _ _ _
7 _ _ _ _ 
6  _ _ _k_
5 _ _ K _ 
4  _ _ _ _
3 B _ _ _ 
2  _ _ _ _
1 _b_ _ _ 

  abcdefgh
8  _ _ _ _
7 _ _ _ _ 
6  _ _ _k_
5 _ _ K _ 
4  _ _ _ _
3 _ _ _ _ 
2  _ _ _ _
1 _bB _ _ 

  abcdefgh
8  _ _ _ _
7 _ _ _ _ 
6  _ _ _k_
5 _ _ K _ 
4  _ _ _ _
3 _ _ _ _ 
2 b_ _ _ _
1 _ B _ _ 

  abcdefgh
8  _ _ _ _
7 _ _ _ _ 
6  _ _ _k_
5 _ _ K _ 
4  _ _ _ _
3 B _ _ _ 
2 b_ _ _ _
1 _ _ _ _ 

  abcdefgh
8  _ _ _ _
7 _ _ _ _ 
6  _ _ _k_
5 _ _ K _ 
4  _ _ _ _
3 B _ _ _ 
2  _ _ _ _
1 _b_ _ _ 

  abcdefgh
8  _ _ _ _
7 _ _ _ _ 
6  _ _ _k_
5 _ _ K _ 
4  _ _ _ _
3 _ _ _ _ 
2  _ _ _ _
1 _bB _ _ 

  abcdefgh
8  _ _ _ _
7 _ _ _ _ 
6  _ _ _k_
5 _ _ K _ 
4  _ _ _ _
3 _ _ _ _ 
2 b_ _ _ _
1 _ B _ _ 

  abcdefgh
8  _ _ _ _
7 _ _ _ _ 
6  _ _ _k_
5 _ _ _ _ 
4  _ _K_ _
3 _ _ _ _ 
2 b_ _ _ _
1 _ B _ _ 

  abcdefgh
8  _ _ _ _
7 _ _ _ _ 
6  _ _ _k_
5 _ _ _ _ 
4  _ _K_ _
3 _ _ _ _ 
2  _ _ _ _
1 _bB _ _ 

  abcdefgh
8  _ _ _ _
7 _ _ _ _ 
6  _ _ _k_
5 _ _K_ _ 
4  _ _ _ _
3 _ _ _ _ 
2  _ _ _ _
1 _bB _ _ 

  abcdefgh
8  _ _ _ _
7 _ _ _ _ 
6  _ _ _k_
5 _ _K_ _ 
4  _ _b_ _
3 _ _ _ _ 
2  _ _ _ _
1 _ B _ _ 

  abcdefgh
8  _ _ _ _
7 _ _ _ _ 
6  _ _ _k_
5 _ _ K _ 
4  _ _b_ _
3 _ _ _ _ 
2  _ _ _ _
1 _ B _ _ 

  abcdefgh
8  _ _ _ _
7 _ _ _k_ 
6  _ _ _ _
5 _ _ K _ 
4  _ _b_ _
3 _ _ _ _ 
2  _ _ _ _
1 _ B _ _ 

  abcdefgh
8  _ _ _ _
7 _ _ _k_ 
6  _ _ _ _
5 _ _ K _ 
4  _ _b_ _
3 _ _ B _ 
2  _ _ _ _
1 _ _ _ _ 

  abcdefgh
8  _ _ _ _
7 _ _ _ _ 
6  _ _ _k_
5 _ _ K _ 
4  _ _b_ _
3 _ _ B _ 
2  _ _ _ _
1 _ _ _ _ 

  abcdefgh
8  _ _ _ _
7 B _ _ _ 
6  _ _ _k_
5 _ _ K _ 
4  _ _b_ _
3 _ _ _ _ 
2  _ _ _ _
1 _ _ _ _ 

  abcdefgh
8  _ _ _ _
7 B _ _ _ 
6  _ _ _k_
5 _ _ K _ 
4  _ _ _ _
3 _ _ _ _ 
2  _ _ _ _
1 _b_ _ _ 

  abcdefgh
8  _ _ _ _
7 _ _ _ _ 
6  _ _ _k_
5 _ _ K _ 
4  _ _ _ _
3 _ _ _ _ 
2  _ _ _ _
1 _b_ _ B 

  abcdefgh
8  _ _ _ _
7 _ _ _ k 
6  _ _ _ _
5 _ _ K _ 
4  _ _ _ _
3 _ _ _ _ 
2  _ _ _ _
1 _b_ _ B 

  abcdefgh
8  _ _ _ _
7 _ _ _ k 
6  _ _ _ _
5 _ _ K _ 
4  _ _ _ _
3 _ _ _ _ 
2  _ _ B _
1 _b_ _ _ 

  abcdefgh
8  _ _ _ _
7 _ _ _ k 
6  _ _ _ _
5 _ _ K _ 
4  _ _ _ _
3 _ _ _ _ 
2 b_ _ B _
1 _ _ _ _ 

  abcdefgh
8  _ _ _ _
7 _ _ _ k 
6  _ _ _ _
5 _ _ K _ 
4  _ _ _ _
3 _ _ _ _ 
2 b_ _ _ _
1 _ _ B _ 

  abcdefgh
8  _ _ _ _
7 _ _ _ k 
6  _ _ _ _
5 _ _ K _ 
4  _ _ _ _
3 _ _ _ _ 
2  _ _ _ _
1 _b_ B _ 

  abcdefgh
CTRL-D detected
